  姝ｅ湪纭畾瑕佽繕鍘熺殑椤圭洰鈥?
  鎵€鏈夐」鐩潎鏄渶鏂扮殑锛屾棤娉曡繕鍘熴€?
d:\Work\WellTool\src\WellTool.Core\Convert\impl\CollectionConverter.cs(4,7): warning CS0105: 鈥淲ellTool.Core.Convert鈥濈殑 using 鎸囦护浠ュ墠鍦ㄦ鍛藉悕绌洪棿涓嚭鐜拌繃 [d:\Work\WellTool\src\WellTool.Core\WellTool.Core.csproj::TargetFramework=netstandard2.1]
d:\Work\WellTool\src\WellTool.Core\Convert\impl\CollectionConverter.cs(6,7): warning CS0105: 鈥淲ellTool.Core.Convert鈥濈殑 using 鎸囦护浠ュ墠鍦ㄦ鍛藉悕绌洪棿涓嚭鐜拌繃 [d:\Work\WellTool\src\WellTool.Core\WellTool.Core.csproj::TargetFramework=netstandard2.1]
d:\Work\WellTool\src\WellTool.Core\Convert\impl\CollectionConverter.cs(8,7): warning CS0105: 鈥淲ellTool.Core.Convert鈥濈殑 using 鎸囦护浠ュ墠鍦ㄦ鍛藉悕绌洪棿涓嚭鐜拌繃 [d:\Work\WellTool\src\WellTool.Core\WellTool.Core.csproj::TargetFramework=netstandard2.1]
d:\Work\WellTool\src\WellTool.Core\Convert\impl\EnumConverter.cs(4,7): warning CS0105: 鈥淲ellTool.Core.Convert鈥濈殑 using 鎸囦护浠ュ墠鍦ㄦ鍛藉悕绌洪棿涓嚭鐜拌繃 [d:\Work\WellTool\src\WellTool.Core\WellTool.Core.csproj::TargetFramework=netstandard2.1]
d:\Work\WellTool\src\WellTool.Core\Convert\impl\MapConverter.cs(4,7): warning CS0105: 鈥淲ellTool.Core.Convert鈥濈殑 using 鎸囦护浠ュ墠鍦ㄦ鍛藉悕绌洪棿涓嚭鐜拌繃 [d:\Work\WellTool\src\WellTool.Core\WellTool.Core.csproj::TargetFramework=netstandard2.1]
d:\Work\WellTool\src\WellTool.Core\Convert\impl\MapConverter.cs(6,7): warning CS0105: 鈥淲ellTool.Core.Convert鈥濈殑 using 鎸囦护浠ュ墠鍦ㄦ鍛藉悕绌洪棿涓嚭鐜拌繃 [d:\Work\WellTool\src\WellTool.Core\WellTool.Core.csproj::TargetFramework=netstandard2.1]
d:\Work\WellTool\src\WellTool.Core\Convert\impl\NumberConverter.cs(4,7): warning CS0105: 鈥淲ellTool.Core.Convert鈥濈殑 using 鎸囦护浠ュ墠鍦ㄦ鍛藉悕绌洪棿涓嚭鐜拌繃 [d:\Work\WellTool\src\WellTool.Core\WellTool.Core.csproj::TargetFramework=netstandard2.1]
d:\Work\WellTool\src\WellTool.Core\Builder\GenericBuilder.cs(63,44): warning CS0693: 绫诲瀷鍙傛暟鈥淭鈥濅笌澶栭儴绫诲瀷鈥淕enericBuilder<T>鈥濅腑鐨勭被鍨嬪弬鏁板悓鍚?[d:\Work\WellTool\src\WellTool.Core\WellTool.Core.csproj::TargetFramework=netstandard2.1]
d:\Work\WellTool\src\WellTool.Core\Builder\GenericBuilder.cs(76,44): warning CS0693: 绫诲瀷鍙傛暟鈥淭鈥濅笌澶栭儴绫诲瀷鈥淕enericBuilder<T>鈥濅腑鐨勭被鍨嬪弬鏁板悓鍚?[d:\Work\WellTool\src\WellTool.Core\WellTool.Core.csproj::TargetFramework=netstandard2.1]
d:\Work\WellTool\src\WellTool.Core\Builder\GenericBuilder.cs(91,44): warning CS0693: 绫诲瀷鍙傛暟鈥淭鈥濅笌澶栭儴绫诲瀷鈥淕enericBuilder<T>鈥濅腑鐨勭被鍨嬪弬鏁板悓鍚?[d:\Work\WellTool\src\WellTool.Core\WellTool.Core.csproj::TargetFramework=netstandard2.1]
d:\Work\WellTool\src\WellTool.Core\Builder\GenericBuilder.cs(108,44): warning CS0693: 绫诲瀷鍙傛暟鈥淭鈥濅笌澶栭儴绫诲瀷鈥淕enericBuilder<T>鈥濅腑鐨勭被鍨嬪弬鏁板悓鍚?[d:\Work\WellTool\src\WellTool.Core\WellTool.Core.csproj::TargetFramework=netstandard2.1]
d:\Work\WellTool\src\WellTool.Core\Builder\GenericBuilder.cs(127,44): warning CS0693: 绫诲瀷鍙傛暟鈥淭鈥濅笌澶栭儴绫诲瀷鈥淕enericBuilder<T>鈥濅腑鐨勭被鍨嬪弬鏁板悓鍚?[d:\Work\WellTool\src\WellTool.Core\WellTool.Core.csproj::TargetFramework=netstandard2.1]
d:\Work\WellTool\src\WellTool.Core\Builder\GenericBuilder.cs(148,44): warning CS0693: 绫诲瀷鍙傛暟鈥淭鈥濅笌澶栭儴绫诲瀷鈥淕enericBuilder<T>鈥濅腑鐨勭被鍨嬪弬鏁板悓鍚?[d:\Work\WellTool\src\WellTool.Core\WellTool.Core.csproj::TargetFramework=netstandard2.1]
d:\Work\WellTool\src\WellTool.Core\Compress\ZipReader.cs(17,71): warning CS8625: 鏃犳硶灏?null 瀛楅潰閲忚浆鎹负闈?null 鐨勫紩鐢ㄧ被鍨嬨€?[d:\Work\WellTool\src\WellTool.Core\WellTool.Core.csproj::TargetFramework=netstandard2.1]
d:\Work\WellTool\src\WellTool.Core\Compress\ZipReader.cs(22,70): warning CS8625: 鏃犳硶灏?null 瀛楅潰閲忚浆鎹负闈?null 鐨勫紩鐢ㄧ被鍨嬨€?[d:\Work\WellTool\src\WellTool.Core\WellTool.Core.csproj::TargetFramework=netstandard2.1]
d:\Work\WellTool\src\WellTool.Core\Compress\ZipReader.cs(27,61): warning CS8625: 鏃犳硶灏?null 瀛楅潰閲忚浆鎹负闈?null 鐨勫紩鐢ㄧ被鍨嬨€?[d:\Work\WellTool\src\WellTool.Core\WellTool.Core.csproj::TargetFramework=netstandard2.1]
d:\Work\WellTool\src\WellTool.Core\Compress\ZipReader.cs(33,60): warning CS8625: 鏃犳硶灏?null 瀛楅潰閲忚浆鎹负闈?null 鐨勫紩鐢ㄧ被鍨嬨€?[d:\Work\WellTool\src\WellTool.Core\WellTool.Core.csproj::TargetFramework=netstandard2.1]
d:\Work\WellTool\src\WellTool.Core\Clone\CloneSupport.cs(31,26): warning CS0108: 鈥淐loneSupport<T>.MemberwiseClone()鈥濋殣钘忕户鎵跨殑鎴愬憳鈥渙bject.MemberwiseClone()鈥濄€傚鏋滄槸鏈夋剰闅愯棌锛岃浣跨敤鍏抽敭瀛?new銆?[d:\Work\WellTool\src\WellTool.Core\WellTool.Core.csproj::TargetFramework=netstandard2.1]
d:\Work\WellTool\src\WellTool.Core\Compress\ZipWriter.cs(15,71): warning CS8625: 鏃犳硶灏?null 瀛楅潰閲忚浆鎹负闈?null 鐨勫紩鐢ㄧ被鍨嬨€?[d:\Work\WellTool\src\WellTool.Core\WellTool.Core.csproj::TargetFramework=netstandard2.1]
d:\Work\WellTool\src\WellTool.Core\Compress\ZipWriter.cs(20,70): warning CS8625: 鏃犳硶灏?null 瀛楅潰閲忚浆鎹负闈?null 鐨勫紩鐢ㄧ被鍨嬨€?[d:\Work\WellTool\src\WellTool.Core\WellTool.Core.csproj::TargetFramework=netstandard2.1]
d:\Work\WellTool\src\WellTool.Core\Compress\ZipWriter.cs(25,61): warning CS8625: 鏃犳硶灏?null 瀛楅潰閲忚浆鎹负闈?null 鐨勫紩鐢ㄧ被鍨嬨€?[d:\Work\WellTool\src\WellTool.Core\WellTool.Core.csproj::TargetFramework=netstandard2.1]
d:\Work\WellTool\src\WellTool.Core\Compress\ZipWriter.cs(32,60): warning CS8625: 鏃犳硶灏?null 瀛楅潰閲忚浆鎹负闈?null 鐨勫紩鐢ㄧ被鍨嬨€?[d:\Work\WellTool\src\WellTool.Core\WellTool.Core.csproj::TargetFramework=netstandard2.1]
d:\Work\WellTool\src\WellTool.Core\Annotation\Hierarchical.cs(49,7): warning CS0108: 鈥淗ierarchical.CompareTo(Hierarchical)鈥濋殣钘忕户鎵跨殑鎴愬憳鈥淚Comparable<Hierarchical>.CompareTo(Hierarchical)鈥濄€傚鏋滄槸鏈夋剰闅愯棌锛岃浣跨敤鍏抽敭瀛?new銆?[d:\Work\WellTool\src\WellTool.Core\WellTool.Core.csproj::TargetFramework=netstandard2.1]
d:\Work\WellTool\src\WellTool.Core\Getter\ArrayTypeGetter.cs(9,63): warning CS8625: 鏃犳硶灏?null 瀛楅潰閲忚浆鎹负闈?null 鐨勫紩鐢ㄧ被鍨嬨€?[d:\Work\WellTool\src\WellTool.Core\WellTool.Core.csproj::TargetFramework=netstandard2.1]
d:\Work\WellTool\src\WellTool.Core\Getter\ArrayTypeGetter.cs(10,63): warning CS8625: 鏃犳硶灏?null 瀛楅潰閲忚浆鎹负闈?null 鐨勫紩鐢ㄧ被鍨嬨€?[d:\Work\WellTool\src\WellTool.Core\WellTool.Core.csproj::TargetFramework=netstandard2.1]
d:\Work\WellTool\src\WellTool.Core\Getter\ArrayTypeGetter.cs(11,63): warning CS8625: 鏃犳硶灏?null 瀛楅潰閲忚浆鎹负闈?null 鐨勫紩鐢ㄧ被鍨嬨€?[d:\Work\WellTool\src\WellTool.Core\WellTool.Core.csproj::TargetFramework=netstandard2.1]
d:\Work\WellTool\src\WellTool.Core\Getter\ArrayTypeGetter.cs(12,66): warning CS8625: 鏃犳硶灏?null 瀛楅潰閲忚浆鎹负闈?null 鐨勫紩鐢ㄧ被鍨嬨€?[d:\Work\WellTool\src\WellTool.Core\WellTool.Core.csproj::TargetFramework=netstandard2.1]
d:\Work\WellTool\src\WellTool.Core\Getter\ArrayTypeGetter.cs(13,60): warning CS8625: 鏃犳硶灏?null 瀛楅潰閲忚浆鎹负闈?null 鐨勫紩鐢ㄧ被鍨嬨€?[d:\Work\WellTool\src\WellTool.Core\WellTool.Core.csproj::TargetFramework=netstandard2.1]
d:\Work\WellTool\src\WellTool.Core\Getter\ArrayTypeGetter.cs(14,63): warning CS8625: 鏃犳硶灏?null 瀛楅潰閲忚浆鎹负闈?null 鐨勫紩鐢ㄧ被鍨嬨€?[d:\Work\WellTool\src\WellTool.Core\WellTool.Core.csproj::TargetFramework=netstandard2.1]
d:\Work\WellTool\src\WellTool.Core\Getter\ArrayTypeGetter.cs(15,66): warning CS8625: 鏃犳硶灏?null 瀛楅潰閲忚浆鎹负闈?null 鐨勫紩鐢ㄧ被鍨嬨€?[d:\Work\WellTool\src\WellTool.Core\WellTool.Core.csproj::TargetFramework=netstandard2.1]
d:\Work\WellTool\src\WellTool.Core\Getter\ArrayTypeGetter.cs(16,69): warning CS8625: 鏃犳硶灏?null 瀛楅潰閲忚浆鎹负闈?null 鐨勫紩鐢ㄧ被鍨嬨€?[d:\Work\WellTool\src\WellTool.Core\WellTool.Core.csproj::TargetFramework=netstandard2.1]
d:\Work\WellTool\src\WellTool.Core\Getter\ArrayTypeGetter.cs(17,69): warning CS8625: 鏃犳硶灏?null 瀛楅潰閲忚浆鎹负闈?null 鐨勫紩鐢ㄧ被鍨嬨€?[d:\Work\WellTool\src\WellTool.Core\WellTool.Core.csproj::TargetFramework=netstandard2.1]
d:\Work\WellTool\src\WellTool.Core\Getter\ArrayTypeGetter.cs(18,60): warning CS8625: 鏃犳硶灏?null 瀛楅潰閲忚浆鎹负闈?null 鐨勫紩鐢ㄧ被鍨嬨€?[d:\Work\WellTool\src\WellTool.Core\WellTool.Core.csproj::TargetFramework=netstandard2.1]
d:\Work\WellTool\src\WellTool.Core\Getter\BasicTypeGetter.cs(15,60): warning CS8625: 鏃犳硶灏?null 瀛楅潰閲忚浆鎹负闈?null 鐨勫紩鐢ㄧ被鍨嬨€?[d:\Work\WellTool\src\WellTool.Core\WellTool.Core.csproj::TargetFramework=netstandard2.1]
d:\Work\WellTool\src\WellTool.Core\Getter\BasicTypeGetter.cs(16,51): warning CS8601: 鍙兘鐨?null 寮曠敤璧嬪€笺€?[d:\Work\WellTool\src\WellTool.Core\WellTool.Core.csproj::TargetFramework=netstandard2.1]
d:\Work\WellTool\src\WellTool.Core\Getter\ArrayTypeGetter.cs(25,70): warning CS8625: 鏃犳硶灏?null 瀛楅潰閲忚浆鎹负闈?null 鐨勫紩鐢ㄧ被鍨嬨€?[d:\Work\WellTool\src\WellTool.Core\WellTool.Core.csproj::TargetFramework=netstandard2.1]
d:\Work\WellTool\src\WellTool.Core\Getter\ArrayTypeGetter.cs(30,70): warning CS8625: 鏃犳硶灏?null 瀛楅潰閲忚浆鎹负闈?null 鐨勫紩鐢ㄧ被鍨嬨€?[d:\Work\WellTool\src\WellTool.Core\WellTool.Core.csproj::TargetFramework=netstandard2.1]
d:\Work\WellTool\src\WellTool.Core\Getter\ArrayTypeGetter.cs(35,70): warning CS8625: 鏃犳硶灏?null 瀛楅潰閲忚浆鎹负闈?null 鐨勫紩鐢ㄧ被鍨嬨€?[d:\Work\WellTool\src\WellTool.Core\WellTool.Core.csproj::TargetFramework=netstandard2.1]
d:\Work\WellTool\src\WellTool.Core\Getter\ArrayTypeGetter.cs(40,73): warning CS8625: 鏃犳硶灏?null 瀛楅潰閲忚浆鎹负闈?null 鐨勫紩鐢ㄧ被鍨嬨€?[d:\Work\WellTool\src\WellTool.Core\WellTool.Core.csproj::TargetFramework=netstandard2.1]
d:\Work\WellTool\src\WellTool.Core\Getter\ArrayTypeGetter.cs(45,67): warning CS8625: 鏃犳硶灏?null 瀛楅潰閲忚浆鎹负闈?null 鐨勫紩鐢ㄧ被鍨嬨€?[d:\Work\WellTool\src\WellTool.Core\WellTool.Core.csproj::TargetFramework=netstandard2.1]
d:\Work\WellTool\src\WellTool.Core\Getter\ArrayTypeGetter.cs(50,70): warning CS8625: 鏃犳硶灏?null 瀛楅潰閲忚浆鎹负闈?null 鐨勫紩鐢ㄧ被鍨嬨€?[d:\Work\WellTool\src\WellTool.Core\WellTool.Core.csproj::TargetFramework=netstandard2.1]
d:\Work\WellTool\src\WellTool.Core\Getter\ArrayTypeGetter.cs(55,73): warning CS8625: 鏃犳硶灏?null 瀛楅潰閲忚浆鎹负闈?null 鐨勫紩鐢ㄧ被鍨嬨€?[d:\Work\WellTool\src\WellTool.Core\WellTool.Core.csproj::TargetFramework=netstandard2.1]
d:\Work\WellTool\src\WellTool.Core\Getter\ArrayTypeGetter.cs(60,76): warning CS8625: 鏃犳硶灏?null 瀛楅潰閲忚浆鎹负闈?null 鐨勫紩鐢ㄧ被鍨嬨€?[d:\Work\WellTool\src\WellTool.Core\WellTool.Core.csproj::TargetFramework=netstandard2.1]
d:\Work\WellTool\src\WellTool.Core\Getter\ArrayTypeGetter.cs(65,76): warning CS8625: 鏃犳硶灏?null 瀛楅潰閲忚浆鎹负闈?null 鐨勫紩鐢ㄧ被鍨嬨€?[d:\Work\WellTool\src\WellTool.Core\WellTool.Core.csproj::TargetFramework=netstandard2.1]
d:\Work\WellTool\src\WellTool.Core\Getter\ArrayTypeGetter.cs(70,67): warning CS8625: 鏃犳硶灏?null 瀛楅潰閲忚浆鎹负闈?null 鐨勫紩鐢ㄧ被鍨嬨€?[d:\Work\WellTool\src\WellTool.Core\WellTool.Core.csproj::TargetFramework=netstandard2.1]
d:\Work\WellTool\src\WellTool.Core\Getter\ArrayTypeGetter.cs(75,74): warning CS8625: 鏃犳硶灏?null 瀛楅潰閲忚浆鎹负闈?null 鐨勫紩鐢ㄧ被鍨嬨€?[d:\Work\WellTool\src\WellTool.Core\WellTool.Core.csproj::TargetFramework=netstandard2.1]
d:\Work\WellTool\src\WellTool.Core\Getter\BasicTypeGetter.cs(71,67): warning CS8625: 鏃犳硶灏?null 瀛楅潰閲忚浆鎹负闈?null 鐨勫紩鐢ㄧ被鍨嬨€?[d:\Work\WellTool\src\WellTool.Core\WellTool.Core.csproj::TargetFramework=netstandard2.1]
d:\Work\WellTool\src\WellTool.Core\Getter\BasicTypeGetter.cs(77,58): warning CS8601: 鍙兘鐨?null 寮曠敤璧嬪€笺€?[d:\Work\WellTool\src\WellTool.Core\WellTool.Core.csproj::TargetFramework=netstandard2.1]
d:\Work\WellTool\src\WellTool.Core\Getter\ListTypeGetter.cs(9,70): warning CS8625: 鏃犳硶灏?null 瀛楅潰閲忚浆鎹负闈?null 鐨勫紩鐢ㄧ被鍨嬨€?[d:\Work\WellTool\src\WellTool.Core\WellTool.Core.csproj::TargetFramework=netstandard2.1]
d:\Work\WellTool\src\WellTool.Core\Getter\ListTypeGetter.cs(10,70): warning CS8625: 鏃犳硶灏?null 瀛楅潰閲忚浆鎹负闈?null 鐨勫紩鐢ㄧ被鍨嬨€?[d:\Work\WellTool\src\WellTool.Core\WellTool.Core.csproj::TargetFramework=netstandard2.1]
d:\Work\WellTool\src\WellTool.Core\Getter\ListTypeGetter.cs(11,70): warning CS8625: 鏃犳硶灏?null 瀛楅潰閲忚浆鎹负闈?null 鐨勫紩鐢ㄧ被鍨嬨€?[d:\Work\WellTool\src\WellTool.Core\WellTool.Core.csproj::TargetFramework=netstandard2.1]
d:\Work\WellTool\src\WellTool.Core\Getter\ListTypeGetter.cs(12,73): warning CS8625: 鏃犳硶灏?null 瀛楅潰閲忚浆鎹负闈?null 鐨勫紩鐢ㄧ被鍨嬨€?[d:\Work\WellTool\src\WellTool.Core\WellTool.Core.csproj::TargetFramework=netstandard2.1]
d:\Work\WellTool\src\WellTool.Core\Getter\ListTypeGetter.cs(13,67): warning CS8625: 鏃犳硶灏?null 瀛楅潰閲忚浆鎹负闈?null 鐨勫紩鐢ㄧ被鍨嬨€?[d:\Work\WellTool\src\WellTool.Core\WellTool.Core.csproj::TargetFramework=netstandard2.1]
d:\Work\WellTool\src\WellTool.Core\Getter\ListTypeGetter.cs(14,70): warning CS8625: 鏃犳硶灏?null 瀛楅潰閲忚浆鎹负闈?null 鐨勫紩鐢ㄧ被鍨嬨€?[d:\Work\WellTool\src\WellTool.Core\WellTool.Core.csproj::TargetFramework=netstandard2.1]
d:\Work\WellTool\src\WellTool.Core\Getter\ListTypeGetter.cs(15,73): warning CS8625: 鏃犳硶灏?null 瀛楅潰閲忚浆鎹负闈?null 鐨勫紩鐢ㄧ被鍨嬨€?[d:\Work\WellTool\src\WellTool.Core\WellTool.Core.csproj::TargetFramework=netstandard2.1]
d:\Work\WellTool\src\WellTool.Core\Getter\ListTypeGetter.cs(16,76): warning CS8625: 鏃犳硶灏?null 瀛楅潰閲忚浆鎹负闈?null 鐨勫紩鐢ㄧ被鍨嬨€?[d:\Work\WellTool\src\WellTool.Core\WellTool.Core.csproj::TargetFramework=netstandard2.1]
d:\Work\WellTool\src\WellTool.Core\Getter\ListTypeGetter.cs(17,76): warning CS8625: 鏃犳硶灏?null 瀛楅潰閲忚浆鎹负闈?null 鐨勫紩鐢ㄧ被鍨嬨€?[d:\Work\WellTool\src\WellTool.Core\WellTool.Core.csproj::TargetFramework=netstandard2.1]
d:\Work\WellTool\src\WellTool.Core\Getter\ListTypeGetter.cs(18,67): warning CS8625: 鏃犳硶灏?null 瀛楅潰閲忚浆鎹负闈?null 鐨勫紩鐢ㄧ被鍨嬨€?[d:\Work\WellTool\src\WellTool.Core\WellTool.Core.csproj::TargetFramework=netstandard2.1]
d:\Work\WellTool\src\WellTool.Core\Getter\ListTypeGetter.cs(25,77): warning CS8625: 鏃犳硶灏?null 瀛楅潰閲忚浆鎹负闈?null 鐨勫紩鐢ㄧ被鍨嬨€?[d:\Work\WellTool\src\WellTool.Core\WellTool.Core.csproj::TargetFramework=netstandard2.1]
d:\Work\WellTool\src\WellTool.Core\Getter\ListTypeGetter.cs(30,77): warning CS8625: 鏃犳硶灏?null 瀛楅潰閲忚浆鎹负闈?null 鐨勫紩鐢ㄧ被鍨嬨€?[d:\Work\WellTool\src\WellTool.Core\WellTool.Core.csproj::TargetFramework=netstandard2.1]
d:\Work\WellTool\src\WellTool.Core\Getter\ListTypeGetter.cs(35,77): warning CS8625: 鏃犳硶灏?null 瀛楅潰閲忚浆鎹负闈?null 鐨勫紩鐢ㄧ被鍨嬨€?[d:\Work\WellTool\src\WellTool.Core\WellTool.Core.csproj::TargetFramework=netstandard2.1]
d:\Work\WellTool\src\WellTool.Core\Convert\impl\DateConverter.cs(17,46): warning CS8625: 鏃犳硶灏?null 瀛楅潰閲忚浆鎹负闈?null 鐨勫紩鐢ㄧ被鍨嬨€?[d:\Work\WellTool\src\WellTool.Core\WellTool.Core.csproj::TargetFramework=netstandard2.1]
d:\Work\WellTool\src\WellTool.Core\Getter\ListTypeGetter.cs(40,80): warning CS8625: 鏃犳硶灏?null 瀛楅潰閲忚浆鎹负闈?null 鐨勫紩鐢ㄧ被鍨嬨€?[d:\Work\WellTool\src\WellTool.Core\WellTool.Core.csproj::TargetFramework=netstandard2.1]
d:\Work\WellTool\src\WellTool.Core\Getter\ListTypeGetter.cs(45,74): warning CS8625: 鏃犳硶灏?null 瀛楅潰閲忚浆鎹负闈?null 鐨勫紩鐢ㄧ被鍨嬨€?[d:\Work\WellTool\src\WellTool.Core\WellTool.Core.csproj::TargetFramework=netstandard2.1]
d:\Work\WellTool\src\WellTool.Core\Getter\ListTypeGetter.cs(50,77): warning CS8625: 鏃犳硶灏?null 瀛楅潰閲忚浆鎹负闈?null 鐨勫紩鐢ㄧ被鍨嬨€?[d:\Work\WellTool\src\WellTool.Core\WellTool.Core.csproj::TargetFramework=netstandard2.1]
d:\Work\WellTool\src\WellTool.Core\Getter\ListTypeGetter.cs(55,80): warning CS8625: 鏃犳硶灏?null 瀛楅潰閲忚浆鎹负闈?null 鐨勫紩鐢ㄧ被鍨嬨€?[d:\Work\WellTool\src\WellTool.Core\WellTool.Core.csproj::TargetFramework=netstandard2.1]
d:\Work\WellTool\src\WellTool.Core\Getter\ListTypeGetter.cs(60,83): warning CS8625: 鏃犳硶灏?null 瀛楅潰閲忚浆鎹负闈?null 鐨勫紩鐢ㄧ被鍨嬨€?[d:\Work\WellTool\src\WellTool.Core\WellTool.Core.csproj::TargetFramework=netstandard2.1]
d:\Work\WellTool\src\WellTool.Core\Getter\ListTypeGetter.cs(65,83): warning CS8625: 鏃犳硶灏?null 瀛楅潰閲忚浆鎹负闈?null 鐨勫紩鐢ㄧ被鍨嬨€?[d:\Work\WellTool\src\WellTool.Core\WellTool.Core.csproj::TargetFramework=netstandard2.1]
d:\Work\WellTool\src\WellTool.Core\Getter\ListTypeGetter.cs(70,74): warning CS8625: 鏃犳硶灏?null 瀛楅潰閲忚浆鎹负闈?null 鐨勫紩鐢ㄧ被鍨嬨€?[d:\Work\WellTool\src\WellTool.Core\WellTool.Core.csproj::TargetFramework=netstandard2.1]
d:\Work\WellTool\src\WellTool.Core\Getter\ListTypeGetter.cs(75,81): warning CS8625: 鏃犳硶灏?null 瀛楅潰閲忚浆鎹负闈?null 鐨勫紩鐢ㄧ被鍨嬨€?[d:\Work\WellTool\src\WellTool.Core\WellTool.Core.csproj::TargetFramework=netstandard2.1]
d:\Work\WellTool\src\WellTool.Core\Getter\OptNullBasicTypeFromObjectGetter.cs(32,13): warning CS0108: 鈥淥ptNullBasicTypeFromObjectGetter<K>.GetStr(K, string?)鈥濋殣钘忕户鎵跨殑鎴愬憳鈥淥ptBasicTypeGetter<K>.GetStr(K, string?)鈥濄€傚鏋滄槸鏈夋剰闅愯棌锛岃浣跨敤鍏抽敭瀛?new銆?[d:\Work\WellTool\src\WellTool.Core\WellTool.Core.csproj::TargetFramework=netstandard2.1]
d:\Work\WellTool\src\WellTool.Core\Getter\OptNullBasicTypeFromObjectGetter.cs(40,10): warning CS0108: 鈥淥ptNullBasicTypeFromObjectGetter<K>.GetInt(K, int?)鈥濋殣钘忕户鎵跨殑鎴愬憳鈥淥ptBasicTypeGetter<K>.GetInt(K, int?)鈥濄€傚鏋滄槸鏈夋剰闅愯棌锛岃浣跨敤鍏抽敭瀛?new銆?[d:\Work\WellTool\src\WellTool.Core\WellTool.Core.csproj::TargetFramework=netstandard2.1]
d:\Work\WellTool\src\WellTool.Core\Getter\OptNullBasicTypeFromObjectGetter.cs(48,12): warning CS0108: 鈥淥ptNullBasicTypeFromObjectGetter<K>.GetShort(K, short?)鈥濋殣钘忕户鎵跨殑鎴愬憳鈥淥ptBasicTypeGetter<K>.GetShort(K, short?)鈥濄€傚鏋滄槸鏈夋剰闅愯棌锛岃浣跨敤鍏抽敭瀛?new銆?[d:\Work\WellTool\src\WellTool.Core\WellTool.Core.csproj::TargetFramework=netstandard2.1]
d:\Work\WellTool\src\WellTool.Core\Getter\OptNullBasicTypeFromObjectGetter.cs(56,11): warning CS0108: 鈥淥ptNullBasicTypeFromObjectGetter<K>.GetBool(K, bool?)鈥濋殣钘忕户鎵跨殑鎴愬憳鈥淥ptBasicTypeGetter<K>.GetBool(K, bool?)鈥濄€傚鏋滄槸鏈夋剰闅愯棌锛岃浣跨敤鍏抽敭瀛?new銆?[d:\Work\WellTool\src\WellTool.Core\WellTool.Core.csproj::TargetFramework=netstandard2.1]
d:\Work\WellTool\src\WellTool.Core\Getter\OptNullBasicTypeFromObjectGetter.cs(64,11): warning CS0108: 鈥淥ptNullBasicTypeFromObjectGetter<K>.GetLong(K, long?)鈥濋殣钘忕户鎵跨殑鎴愬憳鈥淥ptBasicTypeGetter<K>.GetLong(K, long?)鈥濄€傚鏋滄槸鏈夋剰闅愯棌锛岃浣跨敤鍏抽敭瀛?new銆?[d:\Work\WellTool\src\WellTool.Core\WellTool.Core.csproj::TargetFramework=netstandard2.1]
d:\Work\WellTool\src\WellTool.Core\Getter\OptNullBasicTypeFromObjectGetter.cs(72,11): warning CS0108: 鈥淥ptNullBasicTypeFromObjectGetter<K>.GetChar(K, char?)鈥濋殣钘忕户鎵跨殑鎴愬憳鈥淥ptBasicTypeGetter<K>.GetChar(K, char?)鈥濄€傚鏋滄槸鏈夋剰闅愯棌锛岃浣跨敤鍏抽敭瀛?new銆?[d:\Work\WellTool\src\WellTool.Core\WellTool.Core.csproj::TargetFramework=netstandard2.1]
d:\Work\WellTool\src\WellTool.Core\Getter\OptNullBasicTypeFromObjectGetter.cs(80,12): warning CS0108: 鈥淥ptNullBasicTypeFromObjectGetter<K>.GetFloat(K, float?)鈥濋殣钘忕户鎵跨殑鎴愬憳鈥淥ptBasicTypeGetter<K>.GetFloat(K, float?)鈥濄€傚鏋滄槸鏈夋剰闅愯棌锛岃浣跨敤鍏抽敭瀛?new銆?[d:\Work\WellTool\src\WellTool.Core\WellTool.Core.csproj::TargetFramework=netstandard2.1]
d:\Work\WellTool\src\WellTool.Core\Getter\OptNullBasicTypeFromObjectGetter.cs(88,13): warning CS0108: 鈥淥ptNullBasicTypeFromObjectGetter<K>.GetDouble(K, double?)鈥濋殣钘忕户鎵跨殑鎴愬憳鈥淥ptBasicTypeGetter<K>.GetDouble(K, double?)鈥濄€傚鏋滄槸鏈夋剰闅愯棌锛岃浣跨敤鍏抽敭瀛?new銆?[d:\Work\WellTool\src\WellTool.Core\WellTool.Core.csproj::TargetFramework=netstandard2.1]
d:\Work\WellTool\src\WellTool.Core\Getter\OptNullBasicTypeFromObjectGetter.cs(96,11): warning CS0108: 鈥淥ptNullBasicTypeFromObjectGetter<K>.GetByte(K, byte?)鈥濋殣钘忕户鎵跨殑鎴愬憳鈥淥ptBasicTypeGetter<K>.GetByte(K, byte?)鈥濄€傚鏋滄槸鏈夋剰闅愯棌锛岃浣跨敤鍏抽敭瀛?new銆?[d:\Work\WellTool\src\WellTool.Core\WellTool.Core.csproj::TargetFramework=netstandard2.1]
d:\Work\WellTool\src\WellTool.Core\Getter\OptNullBasicTypeFromObjectGetter.cs(104,14): warning CS0108: 鈥淥ptNullBasicTypeFromObjectGetter<K>.GetBigDecimal(K, decimal?)鈥濋殣钘忕户鎵跨殑鎴愬憳鈥淥ptBasicTypeGetter<K>.GetBigDecimal(K, decimal?)鈥濄€傚鏋滄槸鏈夋剰闅愯棌锛岃浣跨敤鍏抽敭瀛?new銆?[d:\Work\WellTool\src\WellTool.Core\WellTool.Core.csproj::TargetFramework=netstandard2.1]
d:\Work\WellTool\src\WellTool.Core\Getter\OptNullBasicTypeFromObjectGetter.cs(112,17): warning CS0108: 鈥淥ptNullBasicTypeFromObjectGetter<K>.GetBigInteger(K, BigInteger?)鈥濋殣钘忕户鎵跨殑鎴愬憳鈥淥ptBasicTypeGetter<K>.GetBigInteger(K, BigInteger?)鈥濄€傚鏋滄槸鏈夋剰闅愯棌锛岃浣跨敤鍏抽敭瀛?new銆?[d:\Work\WellTool\src\WellTool.Core\WellTool.Core.csproj::TargetFramework=netstandard2.1]
d:\Work\WellTool\src\WellTool.Core\Getter\OptNullBasicTypeFromObjectGetter.cs(122,8): warning CS0108: 鈥淥ptNullBasicTypeFromObjectGetter<K>.GetEnum<E>(Type, K, E?)鈥濋殣钘忕户鎵跨殑鎴愬憳鈥淥ptBasicTypeGetter<K>.GetEnum<E>(Type, K, E?)鈥濄€傚鏋滄槸鏈夋剰闅愯棌锛岃浣跨敤鍏抽敭瀛?new銆?[d:\Work\WellTool\src\WellTool.Core\WellTool.Core.csproj::TargetFramework=netstandard2.1]
d:\Work\WellTool\src\WellTool.Core\Getter\OptNullBasicTypeFromObjectGetter.cs(130,15): warning CS0108: 鈥淥ptNullBasicTypeFromObjectGetter<K>.GetDate(K, DateTime?)鈥濋殣钘忕户鎵跨殑鎴愬憳鈥淥ptBasicTypeGetter<K>.GetDate(K, DateTime?)鈥濄€傚鏋滄槸鏈夋剰闅愯棌锛岃浣跨敤鍏抽敭瀛?new銆?[d:\Work\WellTool\src\WellTool.Core\WellTool.Core.csproj::TargetFramework=netstandard2.1]
d:\Work\WellTool\src\WellTool.Core\Annotation\Scanner\MethodAnnotationScanner.cs(60,21): warning CS0108: 鈥淢ethodAnnotationScanner.Support(object)鈥濋殣钘忕户鎵跨殑鎴愬憳鈥淎bstractTypeAnnotationScanner<MethodAnnotationScanner>.Support(object)鈥濄€傚鏋滄槸鏈夋剰闅愯棌锛岃浣跨敤鍏抽敭瀛?new銆?[d:\Work\WellTool\src\WellTool.Core\WellTool.Core.csproj::TargetFramework=netstandard2.1]
d:\Work\WellTool\src\WellTool.Core\Annotation\Scanner\MethodAnnotationScanner.cs(70,32): warning CS0108: 鈥淢ethodAnnotationScanner.GetAnnotations(object)鈥濋殣钘忕户鎵跨殑鎴愬憳鈥淎bstractTypeAnnotationScanner<MethodAnnotationScanner>.GetAnnotations(object)鈥濄€傚鏋滄槸鏈夋剰闅愯棌锛岃浣跨敤鍏抽敭瀛?new銆?[d:\Work\WellTool\src\WellTool.Core\WellTool.Core.csproj::TargetFramework=netstandard2.1]
d:\Work\WellTool\src\WellTool.Core\Annotation\Scanner\MethodAnnotationScanner.cs(83,32): warning CS0108: 鈥淢ethodAnnotationScanner.GetAnnotationsIfSupport(object)鈥濋殣钘忕户鎵跨殑鎴愬憳鈥淎bstractTypeAnnotationScanner<MethodAnnotationScanner>.GetAnnotationsIfSupport(object)鈥濄€傚鏋滄槸鏈夋剰闅愯棌锛岃浣跨敤鍏抽敭瀛?new銆?[d:\Work\WellTool\src\WellTool.Core\WellTool.Core.csproj::TargetFramework=netstandard2.1]
d:\Work\WellTool\src\WellTool.Core\Annotation\Scanner\MethodAnnotationScanner.cs(98,21): warning CS0108: 鈥淢ethodAnnotationScanner.ScanIfSupport(Action<int, Attribute>, object, Func<Attribute, bool>)鈥濋殣钘忕户鎵跨殑鎴愬憳鈥淎bstractTypeAnnotationScanner<MethodAnnotationScanner>.ScanIfSupport(Action<int, Attribute>, object, Func<Attribute, bool>)鈥濄€傚鏋滄槸鏈夋剰闅愯棌锛岃浣跨敤鍏抽敭瀛?new銆?[d:\Work\WellTool\src\WellTool.Core\WellTool.Core.csproj::TargetFramework=netstandard2.1]
d:\Work\WellTool\src\WellTool.Core\Annotation\Scanner\TypeAnnotationScanner.cs(38,21): warning CS0108: 鈥淭ypeAnnotationScanner.Support(object)鈥濋殣钘忕户鎵跨殑鎴愬憳鈥淎bstractTypeAnnotationScanner<TypeAnnotationScanner>.Support(object)鈥濄€傚鏋滄槸鏈夋剰闅愯棌锛岃浣跨敤鍏抽敭瀛?new銆?[d:\Work\WellTool\src\WellTool.Core\WellTool.Core.csproj::TargetFramework=netstandard2.1]
d:\Work\WellTool\src\WellTool.Core\Annotation\Scanner\TypeAnnotationScanner.cs(48,32): warning CS0108: 鈥淭ypeAnnotationScanner.GetAnnotations(object)鈥濋殣钘忕户鎵跨殑鎴愬憳鈥淎bstractTypeAnnotationScanner<TypeAnnotationScanner>.GetAnnotations(object)鈥濄€傚鏋滄槸鏈夋剰闅愯棌锛岃浣跨敤鍏抽敭瀛?new銆?[d:\Work\WellTool\src\WellTool.Core\WellTool.Core.csproj::TargetFramework=netstandard2.1]
d:\Work\WellTool\src\WellTool.Core\Annotation\Scanner\TypeAnnotationScanner.cs(61,32): warning CS0108: 鈥淭ypeAnnotationScanner.GetAnnotationsIfSupport(object)鈥濋殣钘忕户鎵跨殑鎴愬憳鈥淎bstractTypeAnnotationScanner<TypeAnnotationScanner>.GetAnnotationsIfSupport(object)鈥濄€傚鏋滄槸鏈夋剰闅愯棌锛岃浣跨敤鍏抽敭瀛?new銆?[d:\Work\WellTool\src\WellTool.Core\WellTool.Core.csproj::TargetFramework=netstandard2.1]
d:\Work\WellTool\src\WellTool.Core\Annotation\Scanner\TypeAnnotationScanner.cs(76,21): warning CS0108: 鈥淭ypeAnnotationScanner.ScanIfSupport(Action<int, Attribute>, object, Func<Attribute, bool>)鈥濋殣钘忕户鎵跨殑鎴愬憳鈥淎bstractTypeAnnotationScanner<TypeAnnotationScanner>.ScanIfSupport(Action<int, Attribute>, object, Func<Attribute, bool>)鈥濄€傚鏋滄槸鏈夋剰闅愯棌锛岃浣跨敤鍏抽敭瀛?new銆?[d:\Work\WellTool\src\WellTool.Core\WellTool.Core.csproj::TargetFramework=netstandard2.1]
d:\Work\WellTool\src\WellTool.Core\Annotation\Scanner\TypeAnnotationScanner.cs(129,47): warning CS0108: 鈥淭ypeAnnotationScanner.JdkProxyClassConverter鈥濋殣钘忕户鎵跨殑鎴愬憳鈥淎bstractTypeAnnotationScanner<TypeAnnotationScanner>.JdkProxyClassConverter鈥濄€傚鏋滄槸鏈夋剰闅愯棌锛岃浣跨敤鍏抽敭瀛?new銆?[d:\Work\WellTool\src\WellTool.Core\WellTool.Core.csproj::TargetFramework=netstandard2.1]
d:\Work\WellTool\src\WellTool.Core\Getter\OptNullBasicTypeFromStringGetter.cs(31,13): warning CS0108: 鈥淥ptNullBasicTypeFromStringGetter<K>.GetObj(K, object?)鈥濋殣钘忕户鎵跨殑鎴愬憳鈥淥ptBasicTypeGetter<K>.GetObj(K, object?)鈥濄€傚鏋滄槸鏈夋剰闅愯棌锛岃浣跨敤鍏抽敭瀛?new銆?[d:\Work\WellTool\src\WellTool.Core\WellTool.Core.csproj::TargetFramework=netstandard2.1]
d:\Work\WellTool\src\WellTool.Core\Getter\OptNullBasicTypeFromStringGetter.cs(39,10): warning CS0108: 鈥淥ptNullBasicTypeFromStringGetter<K>.GetInt(K, int?)鈥濋殣钘忕户鎵跨殑鎴愬憳鈥淥ptBasicTypeGetter<K>.GetInt(K, int?)鈥濄€傚鏋滄槸鏈夋剰闅愯棌锛岃浣跨敤鍏抽敭瀛?new銆?[d:\Work\WellTool\src\WellTool.Core\WellTool.Core.csproj::TargetFramework=netstandard2.1]
d:\Work\WellTool\src\WellTool.Core\Getter\OptNullBasicTypeFromStringGetter.cs(47,12): warning CS0108: 鈥淥ptNullBasicTypeFromStringGetter<K>.GetShort(K, short?)鈥濋殣钘忕户鎵跨殑鎴愬憳鈥淥ptBasicTypeGetter<K>.GetShort(K, short?)鈥濄€傚鏋滄槸鏈夋剰闅愯棌锛岃浣跨敤鍏抽敭瀛?new銆?[d:\Work\WellTool\src\WellTool.Core\WellTool.Core.csproj::TargetFramework=netstandard2.1]
d:\Work\WellTool\src\WellTool.Core\Getter\OptNullBasicTypeFromStringGetter.cs(55,11): warning CS0108: 鈥淥ptNullBasicTypeFromStringGetter<K>.GetBool(K, bool?)鈥濋殣钘忕户鎵跨殑鎴愬憳鈥淥ptBasicTypeGetter<K>.GetBool(K, bool?)鈥濄€傚鏋滄槸鏈夋剰闅愯棌锛岃浣跨敤鍏抽敭瀛?new銆?[d:\Work\WellTool\src\WellTool.Core\WellTool.Core.csproj::TargetFramework=netstandard2.1]
d:\Work\WellTool\src\WellTool.Core\Getter\OptNullBasicTypeFromStringGetter.cs(63,11): warning CS0108: 鈥淥ptNullBasicTypeFromStringGetter<K>.GetLong(K, long?)鈥濋殣钘忕户鎵跨殑鎴愬憳鈥淥ptBasicTypeGetter<K>.GetLong(K, long?)鈥濄€傚鏋滄槸鏈夋剰闅愯棌锛岃浣跨敤鍏抽敭瀛?new銆?[d:\Work\WellTool\src\WellTool.Core\WellTool.Core.csproj::TargetFramework=netstandard2.1]
d:\Work\WellTool\src\WellTool.Core\Getter\OptNullBasicTypeFromStringGetter.cs(71,11): warning CS0108: 鈥淥ptNullBasicTypeFromStringGetter<K>.GetChar(K, char?)鈥濋殣钘忕户鎵跨殑鎴愬憳鈥淥ptBasicTypeGetter<K>.GetChar(K, char?)鈥濄€傚鏋滄槸鏈夋剰闅愯棌锛岃浣跨敤鍏抽敭瀛?new銆?[d:\Work\WellTool\src\WellTool.Core\WellTool.Core.csproj::TargetFramework=netstandard2.1]
d:\Work\WellTool\src\WellTool.Core\Getter\OptNullBasicTypeFromStringGetter.cs(79,12): warning CS0108: 鈥淥ptNullBasicTypeFromStringGetter<K>.GetFloat(K, float?)鈥濋殣钘忕户鎵跨殑鎴愬憳鈥淥ptBasicTypeGetter<K>.GetFloat(K, float?)鈥濄€傚鏋滄槸鏈夋剰闅愯棌锛岃浣跨敤鍏抽敭瀛?new銆?[d:\Work\WellTool\src\WellTool.Core\WellTool.Core.csproj::TargetFramework=netstandard2.1]
d:\Work\WellTool\src\WellTool.Core\Getter\OptNullBasicTypeFromStringGetter.cs(87,13): warning CS0108: 鈥淥ptNullBasicTypeFromStringGetter<K>.GetDouble(K, double?)鈥濋殣钘忕户鎵跨殑鎴愬憳鈥淥ptBasicTypeGetter<K>.GetDouble(K, double?)鈥濄€傚鏋滄槸鏈夋剰闅愯棌锛岃浣跨敤鍏抽敭瀛?new銆?[d:\Work\WellTool\src\WellTool.Core\WellTool.Core.csproj::TargetFramework=netstandard2.1]
d:\Work\WellTool\src\WellTool.Core\Getter\OptNullBasicTypeFromStringGetter.cs(95,11): warning CS0108: 鈥淥ptNullBasicTypeFromStringGetter<K>.GetByte(K, byte?)鈥濋殣钘忕户鎵跨殑鎴愬憳鈥淥ptBasicTypeGetter<K>.GetByte(K, byte?)鈥濄€傚鏋滄槸鏈夋剰闅愯棌锛岃浣跨敤鍏抽敭瀛?new銆?[d:\Work\WellTool\src\WellTool.Core\WellTool.Core.csproj::TargetFramework=netstandard2.1]
d:\Work\WellTool\src\WellTool.Core\Getter\OptNullBasicTypeFromStringGetter.cs(103,14): warning CS0108: 鈥淥ptNullBasicTypeFromStringGetter<K>.GetBigDecimal(K, decimal?)鈥濋殣钘忕户鎵跨殑鎴愬憳鈥淥ptBasicTypeGetter<K>.GetBigDecimal(K, decimal?)鈥濄€傚鏋滄槸鏈夋剰闅愯棌锛岃浣跨敤鍏抽敭瀛?new銆?[d:\Work\WellTool\src\WellTool.Core\WellTool.Core.csproj::TargetFramework=netstandard2.1]
d:\Work\WellTool\src\WellTool.Core\Getter\OptNullBasicTypeFromStringGetter.cs(111,17): warning CS0108: 鈥淥ptNullBasicTypeFromStringGetter<K>.GetBigInteger(K, BigInteger?)鈥濋殣钘忕户鎵跨殑鎴愬憳鈥淥ptBasicTypeGetter<K>.GetBigInteger(K, BigInteger?)鈥濄€傚鏋滄槸鏈夋剰闅愯棌锛岃浣跨敤鍏抽敭瀛?new銆?[d:\Work\WellTool\src\WellTool.Core\WellTool.Core.csproj::TargetFramework=netstandard2.1]
d:\Work\WellTool\src\WellTool.Core\Getter\OptNullBasicTypeFromStringGetter.cs(121,8): warning CS0108: 鈥淥ptNullBasicTypeFromStringGetter<K>.GetEnum<E>(Type, K, E?)鈥濋殣钘忕户鎵跨殑鎴愬憳鈥淥ptBasicTypeGetter<K>.GetEnum<E>(Type, K, E?)鈥濄€傚鏋滄槸鏈夋剰闅愯棌锛岃浣跨敤鍏抽敭瀛?new銆?[d:\Work\WellTool\src\WellTool.Core\WellTool.Core.csproj::TargetFramework=netstandard2.1]
d:\Work\WellTool\src\WellTool.Core\Getter\OptNullBasicTypeFromStringGetter.cs(129,15): warning CS0108: 鈥淥ptNullBasicTypeFromStringGetter<K>.GetDate(K, DateTime?)鈥濋殣钘忕户鎵跨殑鎴愬憳鈥淥ptBasicTypeGetter<K>.GetDate(K, DateTime?)鈥濄€傚鏋滄槸鏈夋剰闅愯棌锛岃浣跨敤鍏抽敭瀛?new銆?[d:\Work\WellTool\src\WellTool.Core\WellTool.Core.csproj::TargetFramework=netstandard2.1]
d:\Work\WellTool\src\WellTool.Core\Date\TimeZoneUtil.cs(55,83): warning CS8625: 鏃犳硶灏?null 瀛楅潰閲忚浆鎹负闈?null 鐨勫紩鐢ㄧ被鍨嬨€?[d:\Work\WellTool\src\WellTool.Core\WellTool.Core.csproj::TargetFramework=netstandard2.1]
d:\Work\WellTool\src\WellTool.Core\Date\Format\AbstractDateBasic.cs(54,9): warning CS0618: 鈥淭imeZone鈥濆凡杩囨椂:鈥淪ystem.TimeZone has been deprecated.  Please investigate the use of System.TimeZoneInfo instead.鈥?[d:\Work\WellTool\src\WellTool.Core\WellTool.Core.csproj::TargetFramework=netstandard2.1]
d:\Work\WellTool\src\WellTool.Core\Date\TimeZoneUtil.cs(67,88): warning CS8625: 鏃犳硶灏?null 瀛楅潰閲忚浆鎹负闈?null 鐨勫紩鐢ㄧ被鍨嬨€?[d:\Work\WellTool\src\WellTool.Core\WellTool.Core.csproj::TargetFramework=netstandard2.1]
d:\Work\WellTool\src\WellTool.Core\Date\Format\DateBasic.cs(21,2): warning CS0618: 鈥淭imeZone鈥濆凡杩囨椂:鈥淪ystem.TimeZone has been deprecated.  Please investigate the use of System.TimeZoneInfo instead.鈥?[d:\Work\WellTool\src\WellTool.Core\WellTool.Core.csproj::TargetFramework=netstandard2.1]
d:\Work\WellTool\src\WellTool.Core\Date\Format\AbstractDateBasic.cs(24,21): warning CS0618: 鈥淭imeZone鈥濆凡杩囨椂:鈥淪ystem.TimeZone has been deprecated.  Please investigate the use of System.TimeZoneInfo instead.鈥?[d:\Work\WellTool\src\WellTool.Core\WellTool.Core.csproj::TargetFramework=netstandard2.1]
d:\Work\WellTool\src\WellTool.Core\Date\Format\AbstractDateBasic.cs(37,46): warning CS0618: 鈥淭imeZone鈥濆凡杩囨椂:鈥淪ystem.TimeZone has been deprecated.  Please investigate the use of System.TimeZoneInfo instead.鈥?[d:\Work\WellTool\src\WellTool.Core\WellTool.Core.csproj::TargetFramework=netstandard2.1]
d:\Work\WellTool\src\WellTool.Core\Date\Format\FastDateFormat.cs(74,59): warning CS0618: 鈥淭imeZone鈥濆凡杩囨椂:鈥淪ystem.TimeZone has been deprecated.  Please investigate the use of System.TimeZoneInfo instead.鈥?[d:\Work\WellTool\src\WellTool.Core\WellTool.Core.csproj::TargetFramework=netstandard2.1]
d:\Work\WellTool\src\WellTool.Core\Date\Format\FastDateFormat.cs(97,59): warning CS0618: 鈥淭imeZone鈥濆凡杩囨椂:鈥淪ystem.TimeZone has been deprecated.  Please investigate the use of System.TimeZoneInfo instead.鈥?[d:\Work\WellTool\src\WellTool.Core\WellTool.Core.csproj::TargetFramework=netstandard2.1]
d:\Work\WellTool\src\WellTool.Core\Date\Format\FastDateFormat.cs(129,58): warning CS0618: 鈥淭imeZone鈥濆凡杩囨椂:鈥淪ystem.TimeZone has been deprecated.  Please investigate the use of System.TimeZoneInfo instead.鈥?[d:\Work\WellTool\src\WellTool.Core\WellTool.Core.csproj::TargetFramework=netstandard2.1]
d:\Work\WellTool\src\WellTool.Core\Date\Format\FastDateFormat.cs(141,58): warning CS0618: 鈥淭imeZone鈥濆凡杩囨椂:鈥淪ystem.TimeZone has been deprecated.  Please investigate the use of System.TimeZoneInfo instead.鈥?[d:\Work\WellTool\src\WellTool.Core\WellTool.Core.csproj::TargetFramework=netstandard2.1]
d:\Work\WellTool\src\WellTool.Core\Date\Format\FastDateFormat.cs(173,58): warning CS0618: 鈥淭imeZone鈥濆凡杩囨椂:鈥淪ystem.TimeZone has been deprecated.  Please investigate the use of System.TimeZoneInfo instead.鈥?[d:\Work\WellTool\src\WellTool.Core\WellTool.Core.csproj::TargetFramework=netstandard2.1]
d:\Work\WellTool\src\WellTool.Core\Date\Format\FastDateFormat.cs(185,58): warning CS0618: 鈥淭imeZone鈥濆凡杩囨椂:鈥淪ystem.TimeZone has been deprecated.  Please investigate the use of System.TimeZoneInfo instead.鈥?[d:\Work\WellTool\src\WellTool.Core\WellTool.Core.csproj::TargetFramework=netstandard2.1]
d:\Work\WellTool\src\WellTool.Core\Date\Format\FastDateFormat.cs(220,81): warning CS0618: 鈥淭imeZone鈥濆凡杩囨椂:鈥淪ystem.TimeZone has been deprecated.  Please investigate the use of System.TimeZoneInfo instead.鈥?[d:\Work\WellTool\src\WellTool.Core\WellTool.Core.csproj::TargetFramework=netstandard2.1]
d:\Work\WellTool\src\WellTool.Core\Date\Format\FastDateFormat.cs(233,81): warning CS0618: 鈥淭imeZone鈥濆凡杩囨椂:鈥淪ystem.TimeZone has been deprecated.  Please investigate the use of System.TimeZoneInfo instead.鈥?[d:\Work\WellTool\src\WellTool.Core\WellTool.Core.csproj::TargetFramework=netstandard2.1]
d:\Work\WellTool\src\WellTool.Core\Date\Format\FastDateFormat.cs(399,9): warning CS0618: 鈥淭imeZone鈥濆凡杩囨椂:鈥淪ystem.TimeZone has been deprecated.  Please investigate the use of System.TimeZoneInfo instead.鈥?[d:\Work\WellTool\src\WellTool.Core\WellTool.Core.csproj::TargetFramework=netstandard2.1]
d:\Work\WellTool\src\WellTool.Core\Date\Format\FastDateFormat.cs(394,16): warning CS0108: 鈥淔astDateFormat.GetPattern()鈥濋殣钘忕户鎵跨殑鎴愬憳鈥淎bstractDateBasic.GetPattern()鈥濄€傚鏋滄槸鏈夋剰闅愯棌锛岃浣跨敤鍏抽敭瀛?new銆?[d:\Work\WellTool\src\WellTool.Core\WellTool.Core.csproj::TargetFramework=netstandard2.1]
d:\Work\WellTool\src\WellTool.Core\Date\Format\FastDateFormat.cs(399,24): warning CS0108: 鈥淔astDateFormat.GetTimeZone()鈥濋殣钘忕户鎵跨殑鎴愬憳鈥淎bstractDateBasic.GetTimeZone()鈥濄€傚鏋滄槸鏈夋剰闅愯棌锛岃浣跨敤鍏抽敭瀛?new銆?[d:\Work\WellTool\src\WellTool.Core\WellTool.Core.csproj::TargetFramework=netstandard2.1]
d:\Work\WellTool\src\WellTool.Core\Date\Format\FastDateFormat.cs(404,21): warning CS0108: 鈥淔astDateFormat.GetLocale()鈥濋殣钘忕户鎵跨殑鎴愬憳鈥淎bstractDateBasic.GetLocale()鈥濄€傚鏋滄槸鏈夋剰闅愯棌锛岃浣跨敤鍏抽敭瀛?new銆?[d:\Work\WellTool\src\WellTool.Core\WellTool.Core.csproj::TargetFramework=netstandard2.1]
d:\Work\WellTool\src\WellTool.Core\Date\Format\FastDateFormat.cs(244,46): warning CS0618: 鈥淭imeZone鈥濆凡杩囨椂:鈥淪ystem.TimeZone has been deprecated.  Please investigate the use of System.TimeZoneInfo instead.鈥?[d:\Work\WellTool\src\WellTool.Core\WellTool.Core.csproj::TargetFramework=netstandard2.1]
d:\Work\WellTool\src\WellTool.Core\Thread\AsyncUtil.cs(165,89): warning CS8601: 鍙兘鐨?null 寮曠敤璧嬪€笺€?[d:\Work\WellTool\src\WellTool.Core\WellTool.Core.csproj::TargetFramework=netstandard2.1]
d:\Work\WellTool\src\WellTool.Core\Date\Format\FormatCache.cs(24,54): warning CS0618: 鈥淭imeZone鈥濆凡杩囨椂:鈥淪ystem.TimeZone has been deprecated.  Please investigate the use of System.TimeZoneInfo instead.鈥?[d:\Work\WellTool\src\WellTool.Core\WellTool.Core.csproj::TargetFramework=netstandard2.1]
d:\Work\WellTool\src\WellTool.Core\Date\Format\FastDateFormat.cs(40,68): warning CS0618: 鈥淭imeZone鈥濆凡杩囨椂:鈥淪ystem.TimeZone has been deprecated.  Please investigate the use of System.TimeZoneInfo instead.鈥?[d:\Work\WellTool\src\WellTool.Core\WellTool.Core.csproj::TargetFramework=netstandard2.1]
d:\Work\WellTool\src\WellTool.Core\Date\Format\FastDateParser.cs(36,40): warning CS0618: 鈥淭imeZone鈥濆凡杩囨椂:鈥淪ystem.TimeZone has been deprecated.  Please investigate the use of System.TimeZoneInfo instead.鈥?[d:\Work\WellTool\src\WellTool.Core\WellTool.Core.csproj::TargetFramework=netstandard2.1]
d:\Work\WellTool\src\WellTool.Core\Text\CharPool.cs(160,23): warning CS0108: 鈥淐harPool.Equals鈥濋殣钘忕户鎵跨殑鎴愬憳鈥渙bject.Equals(object)鈥濄€傚鏋滄槸鏈夋剰闅愯棌锛岃浣跨敤鍏抽敭瀛?new銆?[d:\Work\WellTool\src\WellTool.Core\WellTool.Core.csproj::TargetFramework=netstandard2.1]
d:\Work\WellTool\src\WellTool.Core\Date\Format\FastDatePrinter.cs(33,41): warning CS0618: 鈥淭imeZone鈥濆凡杩囨椂:鈥淪ystem.TimeZone has been deprecated.  Please investigate the use of System.TimeZoneInfo instead.鈥?[d:\Work\WellTool\src\WellTool.Core\WellTool.Core.csproj::TargetFramework=netstandard2.1]
d:\Work\WellTool\src\WellTool.Core\Date\Format\FastDatePrinter.cs(383,20): warning CS0618: 鈥淭imeZone鈥濆凡杩囨椂:鈥淪ystem.TimeZone has been deprecated.  Please investigate the use of System.TimeZoneInfo instead.鈥?[d:\Work\WellTool\src\WellTool.Core\WellTool.Core.csproj::TargetFramework=netstandard2.1]
d:\Work\WellTool\src\WellTool.Core\Date\Format\FastDatePrinter.cs(385,23): warning CS0618: 鈥淭imeZone鈥濆凡杩囨椂:鈥淪ystem.TimeZone has been deprecated.  Please investigate the use of System.TimeZoneInfo instead.鈥?[d:\Work\WellTool\src\WellTool.Core\WellTool.Core.csproj::TargetFramework=netstandard2.1]
d:\Work\WellTool\src\WellTool.Core\Date\Format\FormatCache.cs(51,39): warning CS0618: 鈥淭imeZone鈥濆凡杩囨椂:鈥淪ystem.TimeZone has been deprecated.  Please investigate the use of System.TimeZoneInfo instead.鈥?[d:\Work\WellTool\src\WellTool.Core\WellTool.Core.csproj::TargetFramework=netstandard2.1]
d:\Work\WellTool\src\WellTool.Core\Date\Format\FormatCache.cs(74,39): warning CS0618: 鈥淭imeZone鈥濆凡杩囨椂:鈥淪ystem.TimeZone has been deprecated.  Please investigate the use of System.TimeZoneInfo instead.鈥?[d:\Work\WellTool\src\WellTool.Core\WellTool.Core.csproj::TargetFramework=netstandard2.1]
d:\Work\WellTool\src\WellTool.Core\Date\Format\FormatCache.cs(110,38): warning CS0618: 鈥淭imeZone鈥濆凡杩囨椂:鈥淪ystem.TimeZone has been deprecated.  Please investigate the use of System.TimeZoneInfo instead.鈥?[d:\Work\WellTool\src\WellTool.Core\WellTool.Core.csproj::TargetFramework=netstandard2.1]
d:\Work\WellTool\src\WellTool.Core\Date\Format\FormatCache.cs(122,38): warning CS0618: 鈥淭imeZone鈥濆凡杩囨椂:鈥淪ystem.TimeZone has been deprecated.  Please investigate the use of System.TimeZoneInfo instead.鈥?[d:\Work\WellTool\src\WellTool.Core\WellTool.Core.csproj::TargetFramework=netstandard2.1]
d:\Work\WellTool\src\WellTool.Core\Date\Format\FormatCache.cs(154,38): warning CS0618: 鈥淭imeZone鈥濆凡杩囨椂:鈥淪ystem.TimeZone has been deprecated.  Please investigate the use of System.TimeZoneInfo instead.鈥?[d:\Work\WellTool\src\WellTool.Core\WellTool.Core.csproj::TargetFramework=netstandard2.1]
d:\Work\WellTool\src\WellTool.Core\Date\Format\FormatCache.cs(166,38): warning CS0618: 鈥淭imeZone鈥濆凡杩囨椂:鈥淪ystem.TimeZone has been deprecated.  Please investigate the use of System.TimeZoneInfo instead.鈥?[d:\Work\WellTool\src\WellTool.Core\WellTool.Core.csproj::TargetFramework=netstandard2.1]
d:\Work\WellTool\src\WellTool.Core\Date\Format\FormatCache.cs(201,61): warning CS0618: 鈥淭imeZone鈥濆凡杩囨椂:鈥淪ystem.TimeZone has been deprecated.  Please investigate the use of System.TimeZoneInfo instead.鈥?[d:\Work\WellTool\src\WellTool.Core\WellTool.Core.csproj::TargetFramework=netstandard2.1]
d:\Work\WellTool\src\WellTool.Core\Date\Format\FormatCache.cs(214,61): warning CS0618: 鈥淭imeZone鈥濆凡杩囨椂:鈥淪ystem.TimeZone has been deprecated.  Please investigate the use of System.TimeZoneInfo instead.鈥?[d:\Work\WellTool\src\WellTool.Core\WellTool.Core.csproj::TargetFramework=netstandard2.1]
d:\Work\WellTool\src\WellTool.Core\Text\Csv\CsvReader.cs(20,64): warning CS8625: 鏃犳硶灏?null 瀛楅潰閲忚浆鎹负闈?null 鐨勫紩鐢ㄧ被鍨嬨€?[d:\Work\WellTool\src\WellTool.Core\WellTool.Core.csproj::TargetFramework=netstandard2.1]
d:\Work\WellTool\src\WellTool.Core\Thread\Lock\SegmentLock.cs(119,45): warning CS0693: 绫诲瀷鍙傛暟鈥淟鈥濅笌澶栭儴绫诲瀷鈥淪egmentLock<L>鈥濅腑鐨勭被鍨嬪弬鏁板悓鍚?[d:\Work\WellTool\src\WellTool.Core\WellTool.Core.csproj::TargetFramework=netstandard2.1]
d:\Work\WellTool\src\WellTool.Core\Thread\Lock\SegmentLock.cs(127,54): warning CS0693: 绫诲瀷鍙傛暟鈥淟鈥濅笌澶栭儴绫诲瀷鈥淪egmentLock<L>鈥濅腑鐨勭被鍨嬪弬鏁板悓鍚?[d:\Work\WellTool\src\WellTool.Core\WellTool.Core.csproj::TargetFramework=netstandard2.1]
d:\Work\WellTool\src\WellTool.Core\Thread\Lock\SegmentLock.cs(181,42): warning CS0693: 绫诲瀷鍙傛暟鈥淟鈥濅笌澶栭儴绫诲瀷鈥淪egmentLock<L>鈥濅腑鐨勭被鍨嬪弬鏁板悓鍚?[d:\Work\WellTool\src\WellTool.Core\WellTool.Core.csproj::TargetFramework=netstandard2.1]
d:\Work\WellTool\src\WellTool.Core\Text\Csv\CsvWriter.cs(19,64): warning CS8625: 鏃犳硶灏?null 瀛楅潰閲忚浆鎹负闈?null 鐨勫紩鐢ㄧ被鍨嬨€?[d:\Work\WellTool\src\WellTool.Core\WellTool.Core.csproj::TargetFramework=netstandard2.1]
d:\Work\WellTool\src\WellTool.Core\Thread\Lock\SegmentLock.cs(218,44): warning CS0693: 绫诲瀷鍙傛暟鈥淟鈥濅笌澶栭儴绫诲瀷鈥淪egmentLock<L>鈥濅腑鐨勭被鍨嬪弬鏁板悓鍚?[d:\Work\WellTool\src\WellTool.Core\WellTool.Core.csproj::TargetFramework=netstandard2.1]
d:\Work\WellTool\src\WellTool.Core\Thread\Lock\SegmentLock.cs(253,44): warning CS0693: 绫诲瀷鍙傛暟鈥淟鈥濅笌澶栭儴绫诲瀷鈥淪egmentLock<L>鈥濅腑鐨勭被鍨嬪弬鏁板悓鍚?[d:\Work\WellTool\src\WellTool.Core\WellTool.Core.csproj::TargetFramework=netstandard2.1]
d:\Work\WellTool\src\WellTool.Core\Lang\ClassScanner.cs(27,82): warning CS8625: 鏃犳硶灏?null 瀛楅潰閲忚浆鎹负闈?null 鐨勫紩鐢ㄧ被鍨嬨€?[d:\Work\WellTool\src\WellTool.Core\WellTool.Core.csproj::TargetFramework=netstandard2.1]
d:\Work\WellTool\src\WellTool.Core\IO\FileUtil.cs(29,78): warning CS8625: 鏃犳硶灏?null 瀛楅潰閲忚浆鎹负闈?null 鐨勫紩鐢ㄧ被鍨嬨€?[d:\Work\WellTool\src\WellTool.Core\WellTool.Core.csproj::TargetFramework=netstandard2.1]
d:\Work\WellTool\src\WellTool.Core\IO\FileUtil.cs(51,89): warning CS8625: 鏃犳硶灏?null 瀛楅潰閲忚浆鎹负闈?null 鐨勫紩鐢ㄧ被鍨嬨€?[d:\Work\WellTool\src\WellTool.Core\WellTool.Core.csproj::TargetFramework=netstandard2.1]
d:\Work\WellTool\src\WellTool.Core\IO\FileUtil.cs(63,90): warning CS8625: 鏃犳硶灏?null 瀛楅潰閲忚浆鎹负闈?null 鐨勫紩鐢ㄧ被鍨嬨€?[d:\Work\WellTool\src\WellTool.Core\WellTool.Core.csproj::TargetFramework=netstandard2.1]
d:\Work\WellTool\src\WellTool.Core\IO\IoUtil.cs(37,76): warning CS8625: 鏃犳硶灏?null 瀛楅潰閲忚浆鎹负闈?null 鐨勫紩鐢ㄧ被鍨嬨€?[d:\Work\WellTool\src\WellTool.Core\WellTool.Core.csproj::TargetFramework=netstandard2.1]
d:\Work\WellTool\src\WellTool.Core\IO\IoUtil.cs(62,87): warning CS8625: 鏃犳硶灏?null 瀛楅潰閲忚浆鎹负闈?null 鐨勫紩鐢ㄧ被鍨嬨€?[d:\Work\WellTool\src\WellTool.Core\WellTool.Core.csproj::TargetFramework=netstandard2.1]
d:\Work\WellTool\src\WellTool.Core\Lang\Dict.cs(213,18): warning CS0109: 鎴愬憳鈥淒ict.ContainsKey(object)鈥濅笉浼氶殣钘忓彲璁块棶鎴愬憳銆備笉闇€瑕佸叧閿瓧 new銆?[d:\Work\WellTool\src\WellTool.Core\WellTool.Core.csproj::TargetFramework=netstandard2.1]
d:\Work\WellTool\src\WellTool.Core\IO\NullOutputStream.cs(27,49): warning CS0108: 鈥淣ullOutputStream.Null鈥濋殣钘忕户鎵跨殑鎴愬憳鈥淪tream.Null鈥濄€傚鏋滄槸鏈夋剰闅愯棌锛岃浣跨敤鍏抽敭瀛?new銆?[d:\Work\WellTool\src\WellTool.Core\WellTool.Core.csproj::TargetFramework=netstandard2.1]
d:\Work\WellTool\src\WellTool.Core\Text\StrBuilder.cs(100,51): warning CS8625: 鏃犳硶灏?null 瀛楅潰閲忚浆鎹负闈?null 鐨勫紩鐢ㄧ被鍨嬨€?[d:\Work\WellTool\src\WellTool.Core\WellTool.Core.csproj::TargetFramework=netstandard2.1]
d:\Work\WellTool\src\WellTool.Core\Text\StrPool.cs(165,25): warning CS0108: 鈥淪trPool.Equals鈥濋殣钘忕户鎵跨殑鎴愬憳鈥渙bject.Equals(object)鈥濄€傚鏋滄槸鏈夋剰闅愯棌锛岃浣跨敤鍏抽敭瀛?new銆?[d:\Work\WellTool\src\WellTool.Core\WellTool.Core.csproj::TargetFramework=netstandard2.1]
d:\Work\WellTool\src\WellTool.Core\Collection\RandomAccessAvgPartition.cs(24,17): warning CS0108: 鈥淩andomAccessAvgPartition<T>.IsReadOnly鈥濋殣钘忕户鎵跨殑鎴愬憳鈥淧artition<T>.IsReadOnly鈥濄€傚鏋滄槸鏈夋剰闅愯棌锛岃浣跨敤鍏抽敭瀛?new銆?[d:\Work\WellTool\src\WellTool.Core\WellTool.Core.csproj::TargetFramework=netstandard2.1]
d:\Work\WellTool\src\WellTool.Core\Collection\RandomAccessAvgPartition.cs(25,19): warning CS0108: 鈥淩andomAccessAvgPartition<T>.this[int]鈥濋殣钘忕户鎵跨殑鎴愬憳鈥淧artition<T>.this[int]鈥濄€傚鏋滄槸鏈夋剰闅愯棌锛岃浣跨敤鍏抽敭瀛?new銆?[d:\Work\WellTool\src\WellTool.Core\WellTool.Core.csproj::TargetFramework=netstandard2.1]
d:\Work\WellTool\src\WellTool.Core\Collection\RandomAccessAvgPartition.cs(27,24): warning CS0108: 鈥淩andomAccessAvgPartition<T>.GetEnumerator()鈥濋殣钘忕户鎵跨殑鎴愬憳鈥淧artition<T>.GetEnumerator()鈥濄€傚鏋滄槸鏈夋剰闅愯棌锛岃浣跨敤鍏抽敭瀛?new銆?[d:\Work\WellTool\src\WellTool.Core\WellTool.Core.csproj::TargetFramework=netstandard2.1]
d:\Work\WellTool\src\WellTool.Core\Collection\RandomAccessAvgPartition.cs(29,17): warning CS0108: 鈥淩andomAccessAvgPartition<T>.Clear()鈥濋殣钘忕户鎵跨殑鎴愬憳鈥淧artition<T>.Clear()鈥濄€傚鏋滄槸鏈夋剰闅愯棌锛岃浣跨敤鍏抽敭瀛?new銆?[d:\Work\WellTool\src\WellTool.Core\WellTool.Core.csproj::TargetFramework=netstandard2.1]
d:\Work\WellTool\src\WellTool.Core\Collection\RandomAccessAvgPartition.cs(34,17): warning CS0108: 鈥淩andomAccessAvgPartition<T>.RemoveAt(int)鈥濋殣钘忕户鎵跨殑鎴愬憳鈥淧artition<T>.RemoveAt(int)鈥濄€傚鏋滄槸鏈夋剰闅愯棌锛岃浣跨敤鍏抽敭瀛?new銆?[d:\Work\WellTool\src\WellTool.Core\WellTool.Core.csproj::TargetFramework=netstandard2.1]
d:\Work\WellTool\src\WellTool.Core\Collection\RandomAccessAvgPartition.cs(39,16): warning CS0108: 鈥淩andomAccessAvgPartition<T>.Count鈥濋殣钘忕户鎵跨殑鎴愬憳鈥淧artition<T>.Count鈥濄€傚鏋滄槸鏈夋剰闅愯棌锛岃浣跨敤鍏抽敭瀛?new銆?[d:\Work\WellTool\src\WellTool.Core\WellTool.Core.csproj::TargetFramework=netstandard2.1]
d:\Work\WellTool\src\WellTool.Core\Map\ForestMap.cs(77,55): warning CS8601: 鍙兘鐨?null 寮曠敤璧嬪€笺€?[d:\Work\WellTool\src\WellTool.Core\WellTool.Core.csproj::TargetFramework=netstandard2.1]
d:\Work\WellTool\src\WellTool.Core\Collection\RandomAccessPartition.cs(24,17): warning CS0108: 鈥淩andomAccessPartition<T>.IsReadOnly鈥濋殣钘忕户鎵跨殑鎴愬憳鈥淧artition<T>.IsReadOnly鈥濄€傚鏋滄槸鏈夋剰闅愯棌锛岃浣跨敤鍏抽敭瀛?new銆?[d:\Work\WellTool\src\WellTool.Core\WellTool.Core.csproj::TargetFramework=netstandard2.1]
d:\Work\WellTool\src\WellTool.Core\Collection\RandomAccessPartition.cs(25,19): warning CS0108: 鈥淩andomAccessPartition<T>.this[int]鈥濋殣钘忕户鎵跨殑鎴愬憳鈥淧artition<T>.this[int]鈥濄€傚鏋滄槸鏈夋剰闅愯棌锛岃浣跨敤鍏抽敭瀛?new銆?[d:\Work\WellTool\src\WellTool.Core\WellTool.Core.csproj::TargetFramework=netstandard2.1]
d:\Work\WellTool\src\WellTool.Core\Collection\RandomAccessPartition.cs(27,24): warning CS0108: 鈥淩andomAccessPartition<T>.GetEnumerator()鈥濋殣钘忕户鎵跨殑鎴愬憳鈥淧artition<T>.GetEnumerator()鈥濄€傚鏋滄槸鏈夋剰闅愯棌锛岃浣跨敤鍏抽敭瀛?new銆?[d:\Work\WellTool\src\WellTool.Core\WellTool.Core.csproj::TargetFramework=netstandard2.1]
d:\Work\WellTool\src\WellTool.Core\Collection\RandomAccessPartition.cs(29,17): warning CS0108: 鈥淩andomAccessPartition<T>.Clear()鈥濋殣钘忕户鎵跨殑鎴愬憳鈥淧artition<T>.Clear()鈥濄€傚鏋滄槸鏈夋剰闅愯棌锛岃浣跨敤鍏抽敭瀛?new銆?[d:\Work\WellTool\src\WellTool.Core\WellTool.Core.csproj::TargetFramework=netstandard2.1]
d:\Work\WellTool\src\WellTool.Core\Collection\RandomAccessPartition.cs(34,17): warning CS0108: 鈥淩andomAccessPartition<T>.RemoveAt(int)鈥濋殣钘忕户鎵跨殑鎴愬憳鈥淧artition<T>.RemoveAt(int)鈥濄€傚鏋滄槸鏈夋剰闅愯棌锛岃浣跨敤鍏抽敭瀛?new銆?[d:\Work\WellTool\src\WellTool.Core\WellTool.Core.csproj::TargetFramework=netstandard2.1]
d:\Work\WellTool\src\WellTool.Core\Text\Csv\CsvUtil.cs(36,74): warning CS8625: 鏃犳硶灏?null 瀛楅潰閲忚浆鎹负闈?null 鐨勫紩鐢ㄧ被鍨嬨€?[d:\Work\WellTool\src\WellTool.Core\WellTool.Core.csproj::TargetFramework=netstandard2.1]
d:\Work\WellTool\src\WellTool.Core\Text\Csv\CsvUtil.cs(92,92): warning CS8625: 鏃犳硶灏?null 瀛楅潰閲忚浆鎹负闈?null 鐨勫紩鐢ㄧ被鍨嬨€?[d:\Work\WellTool\src\WellTool.Core\WellTool.Core.csproj::TargetFramework=netstandard2.1]
d:\Work\WellTool\src\WellTool.Core\Lang\Ref\Reference.cs(62,92): warning CS8625: 鏃犳硶灏?null 瀛楅潰閲忚浆鎹负闈?null 鐨勫紩鐢ㄧ被鍨嬨€?[d:\Work\WellTool\src\WellTool.Core\WellTool.Core.csproj::TargetFramework=netstandard2.1]
d:\Work\WellTool\src\WellTool.Core\Lang\Pair.cs(61,46): warning CS8601: 鍙兘鐨?null 寮曠敤璧嬪€笺€?[d:\Work\WellTool\src\WellTool.Core\WellTool.Core.csproj::TargetFramework=netstandard2.1]
d:\Work\WellTool\src\WellTool.Core\IO\File\PathUtil.cs(46,95): warning CS8625: 鏃犳硶灏?null 瀛楅潰閲忚浆鎹负闈?null 鐨勫紩鐢ㄧ被鍨嬨€?[d:\Work\WellTool\src\WellTool.Core\WellTool.Core.csproj::TargetFramework=netstandard2.1]
d:\Work\WellTool\src\WellTool.Core\IO\File\PathUtil.cs(59,109): warning CS8625: 鏃犳硶灏?null 瀛楅潰閲忚浆鎹负闈?null 鐨勫紩鐢ㄧ被鍨嬨€?[d:\Work\WellTool\src\WellTool.Core\WellTool.Core.csproj::TargetFramework=netstandard2.1]
d:\Work\WellTool\src\WellTool.Core\IO\File\PathUtil.cs(73,129): warning CS8625: 鏃犳硶灏?null 瀛楅潰閲忚浆鎹负闈?null 鐨勫紩鐢ㄧ被鍨嬨€?[d:\Work\WellTool\src\WellTool.Core\WellTool.Core.csproj::TargetFramework=netstandard2.1]
d:\Work\WellTool\src\WellTool.Core\IO\File\PathUtil.cs(781,76): warning CS8625: 鏃犳硶灏?null 瀛楅潰閲忚浆鎹负闈?null 鐨勫紩鐢ㄧ被鍨嬨€?[d:\Work\WellTool\src\WellTool.Core\WellTool.Core.csproj::TargetFramework=netstandard2.1]
d:\Work\WellTool\src\WellTool.Core\IO\File\PathUtil.cs(781,95): warning CS8625: 鏃犳硶灏?null 瀛楅潰閲忚浆鎹负闈?null 鐨勫紩鐢ㄧ被鍨嬨€?[d:\Work\WellTool\src\WellTool.Core\WellTool.Core.csproj::TargetFramework=netstandard2.1]
d:\Work\WellTool\src\WellTool.Core\Lang\Func\Func.cs(416,85): warning CS8601: 鍙兘鐨?null 寮曠敤璧嬪€笺€?[d:\Work\WellTool\src\WellTool.Core\WellTool.Core.csproj::TargetFramework=netstandard2.1]
d:\Work\WellTool\src\WellTool.Core\Map\LinkedForestMap.cs(98,68): warning CS8625: 鏃犳硶灏?null 瀛楅潰閲忚浆鎹负闈?null 鐨勫紩鐢ㄧ被鍨嬨€?[d:\Work\WellTool\src\WellTool.Core\WellTool.Core.csproj::TargetFramework=netstandard2.1]
d:\Work\WellTool\src\WellTool.Core\Map\LinkedForestMap.cs(105,68): warning CS8625: 鏃犳硶灏?null 瀛楅潰閲忚浆鎹负闈?null 鐨勫紩鐢ㄧ被鍨嬨€?[d:\Work\WellTool\src\WellTool.Core\WellTool.Core.csproj::TargetFramework=netstandard2.1]
d:\Work\WellTool\src\WellTool.Core\Lang\Func\Func.cs(460,69): error CS0305: 浣跨敤娉涘瀷 绫诲瀷鈥淪upplier3<T1, T2, T3>鈥濋渶瑕?3 涓被鍨嬪弬鏁?[d:\Work\WellTool\src\WellTool.Core\WellTool.Core.csproj::TargetFramework=netstandard2.1]
d:\Work\WellTool\src\WellTool.Core\Lang\Func\Func.cs(488,77): error CS0305: 浣跨敤娉涘瀷 绫诲瀷鈥淪upplier5<T1, T2, T3, T4, T5>鈥濋渶瑕?5 涓被鍨嬪弬鏁?[d:\Work\WellTool\src\WellTool.Core\WellTool.Core.csproj::TargetFramework=netstandard2.1]
d:\Work\WellTool\src\WellTool.Core\Lang\Func\Func.cs(474,73): error CS0305: 浣跨敤娉涘瀷 绫诲瀷鈥淪upplier4<T1, T2, T3, T4>鈥濋渶瑕?4 涓被鍨嬪弬鏁?[d:\Work\WellTool\src\WellTool.Core\WellTool.Core.csproj::TargetFramework=netstandard2.1]
d:\Work\WellTool\src\WellTool.Core\Map\MapBuilder.cs(181,40): warning CS8714: 绫诲瀷鈥淜鈥濅笉鑳界敤浣滄硾鍨嬬被鍨嬫垨鏂规硶鈥淢apBuilder<K, V>鈥濅腑鐨勭被鍨嬪弬鏁扳€淜鈥濄€傜被鍨嬪弬鏁扳€淜鈥濈殑涓?Null 鎬т笌 "notnull" 绾︽潫涓嶅尮閰嶃€?[d:\Work\WellTool\src\WellTool.Core\WellTool.Core.csproj::TargetFramework=netstandard2.1]
d:\Work\WellTool\src\WellTool.Core\Util\CollUtil.cs(26,77): warning CS8601: 鍙兘鐨?null 寮曠敤璧嬪€笺€?[d:\Work\WellTool\src\WellTool.Core\WellTool.Core.csproj::TargetFramework=netstandard2.1]
d:\Work\WellTool\src\WellTool.Core\Map\SafeConcurrentHashMap.cs(41,18): warning CS0109: 鎴愬憳鈥淪afeConcurrentHashMap<K, V>.ComputeIfAbsent(K, Func<K, V>)鈥濅笉浼氶殣钘忓彲璁块棶鎴愬憳銆備笉闇€瑕佸叧閿瓧 new銆?[d:\Work\WellTool\src\WellTool.Core\WellTool.Core.csproj::TargetFramework=netstandard2.1]
d:\Work\WellTool\src\WellTool.Core\Util\IOUtil.cs(38,86): warning CS8625: 鏃犳硶灏?null 瀛楅潰閲忚浆鎹负闈?null 鐨勫紩鐢ㄧ被鍨嬨€?[d:\Work\WellTool\src\WellTool.Core\WellTool.Core.csproj::TargetFramework=netstandard2.1]
d:\Work\WellTool\src\WellTool.Core\Util\IOUtil.cs(73,101): warning CS8625: 鏃犳硶灏?null 瀛楅潰閲忚浆鎹负闈?null 鐨勫紩鐢ㄧ被鍨嬨€?[d:\Work\WellTool\src\WellTool.Core\WellTool.Core.csproj::TargetFramework=netstandard2.1]
d:\Work\WellTool\src\WellTool.Core\Util\ObjUtil.cs(46,21): warning CS0108: 鈥淥bjUtil.Equals(object, object)鈥濋殣钘忕户鎵跨殑鎴愬憳鈥渙bject.Equals(object, object)鈥濄€傚鏋滄槸鏈夋剰闅愯棌锛岃浣跨敤鍏抽敭瀛?new銆?[d:\Work\WellTool\src\WellTool.Core\WellTool.Core.csproj::TargetFramework=netstandard2.1]
d:\Work\WellTool\src\WellTool.Core\Util\IOUtil.cs(211,76): warning CS8625: 鏃犳硶灏?null 瀛楅潰閲忚浆鎹负闈?null 鐨勫紩鐢ㄧ被鍨嬨€?[d:\Work\WellTool\src\WellTool.Core\WellTool.Core.csproj::TargetFramework=netstandard2.1]
d:\Work\WellTool\src\WellTool.Core\Util\IOUtil.cs(243,91): warning CS8625: 鏃犳硶灏?null 瀛楅潰閲忚浆鎹负闈?null 鐨勫紩鐢ㄧ被鍨嬨€?[d:\Work\WellTool\src\WellTool.Core\WellTool.Core.csproj::TargetFramework=netstandard2.1]
d:\Work\WellTool\src\WellTool.Core\Util\IOUtil.cs(265,92): warning CS8625: 鏃犳硶灏?null 瀛楅潰閲忚浆鎹负闈?null 鐨勫紩鐢ㄧ被鍨嬨€?[d:\Work\WellTool\src\WellTool.Core\WellTool.Core.csproj::TargetFramework=netstandard2.1]
d:\Work\WellTool\src\WellTool.Core\Map\TolerantMap.cs(44,18): warning CS0109: 鎴愬憳鈥淭olerantMap<K, V>.Get(K)鈥濅笉浼氶殣钘忓彲璁块棶鎴愬憳銆備笉闇€瑕佸叧閿瓧 new銆?[d:\Work\WellTool\src\WellTool.Core\WellTool.Core.csproj::TargetFramework=netstandard2.1]
d:\Work\WellTool\src\WellTool.Core\Map\TransMap.cs(37,70): warning CS8601: 鍙兘鐨?null 寮曠敤璧嬪€笺€?[d:\Work\WellTool\src\WellTool.Core\WellTool.Core.csproj::TargetFramework=netstandard2.1]
d:\Work\WellTool\src\WellTool.Core\Map\Multi\AbsTable.cs(25,15): warning CS0114: 鈥淎bsTable<R, C, V>.Equals(object)鈥濋殣钘忕户鎵跨殑鎴愬憳鈥渙bject.Equals(object)鈥濄€傝嫢瑕佷娇褰撳墠鎴愬憳閲嶅啓璇ュ疄鐜帮紝璇锋坊鍔犲叧閿瓧 override銆傚惁鍒欙紝娣诲姞鍏抽敭瀛?new銆?[d:\Work\WellTool\src\WellTool.Core\WellTool.Core.csproj::TargetFramework=netstandard2.1]
d:\Work\WellTool\src\WellTool.Core\Map\Multi\AbsTable.cs(41,14): warning CS0114: 鈥淎bsTable<R, C, V>.GetHashCode()鈥濋殣钘忕户鎵跨殑鎴愬憳鈥渙bject.GetHashCode()鈥濄€傝嫢瑕佷娇褰撳墠鎴愬憳閲嶅啓璇ュ疄鐜帮紝璇锋坊鍔犲叧閿瓧 override銆傚惁鍒欙紝娣诲姞鍏抽敭瀛?new銆?[d:\Work\WellTool\src\WellTool.Core\WellTool.Core.csproj::TargetFramework=netstandard2.1]
d:\Work\WellTool\src\WellTool.Core\Map\Multi\AbsTable.cs(46,17): warning CS0114: 鈥淎bsTable<R, C, V>.ToString()鈥濋殣钘忕户鎵跨殑鎴愬憳鈥渙bject.ToString()鈥濄€傝嫢瑕佷娇褰撳墠鎴愬憳閲嶅啓璇ュ疄鐜帮紝璇锋坊鍔犲叧閿瓧 override銆傚惁鍒欙紝娣诲姞鍏抽敭瀛?new銆?[d:\Work\WellTool\src\WellTool.Core\WellTool.Core.csproj::TargetFramework=netstandard2.1]
d:\Work\WellTool\src\WellTool.Core\Util\ObjectUtil.cs(50,21): warning CS0108: 鈥淥bjectUtil.Equals(object, object)鈥濋殣钘忕户鎵跨殑鎴愬憳鈥渙bject.Equals(object, object)鈥濄€傚鏋滄槸鏈夋剰闅愯棌锛岃浣跨敤鍏抽敭瀛?new銆?[d:\Work\WellTool\src\WellTool.Core\WellTool.Core.csproj::TargetFramework=netstandard2.1]
d:\Work\WellTool\src\WellTool.Core\Map\Multi\AbsTable.cs(337,28): warning CS0693: 绫诲瀷鍙傛暟鈥淩鈥濅笌澶栭儴绫诲瀷鈥淎bsTable<R, C, V>鈥濅腑鐨勭被鍨嬪弬鏁板悓鍚?[d:\Work\WellTool\src\WellTool.Core\WellTool.Core.csproj::TargetFramework=netstandard2.1]
d:\Work\WellTool\src\WellTool.Core\Map\Multi\AbsTable.cs(337,31): warning CS0693: 绫诲瀷鍙傛暟鈥淐鈥濅笌澶栭儴绫诲瀷鈥淎bsTable<R, C, V>鈥濅腑鐨勭被鍨嬪弬鏁板悓鍚?[d:\Work\WellTool\src\WellTool.Core\WellTool.Core.csproj::TargetFramework=netstandard2.1]
d:\Work\WellTool\src\WellTool.Core\Map\Multi\AbsTable.cs(337,34): warning CS0693: 绫诲瀷鍙傛暟鈥淰鈥濅笌澶栭儴绫诲瀷鈥淎bsTable<R, C, V>鈥濅腑鐨勭被鍨嬪弬鏁板悓鍚?[d:\Work\WellTool\src\WellTool.Core\WellTool.Core.csproj::TargetFramework=netstandard2.1]
d:\Work\WellTool\src\WellTool.Core\Map\MapUtil.cs(1855,81): warning CS8601: 鍙兘鐨?null 寮曠敤璧嬪€笺€?[d:\Work\WellTool\src\WellTool.Core\WellTool.Core.csproj::TargetFramework=netstandard2.1]
d:\Work\WellTool\src\WellTool.Core\Convert\impl\CollectionConverter.cs(4,7): warning CS0105: 鈥淲ellTool.Core.Convert鈥濈殑 using 鎸囦护浠ュ墠鍦ㄦ鍛藉悕绌洪棿涓嚭鐜拌繃 [d:\Work\WellTool\src\WellTool.Core\WellTool.Core.csproj::TargetFramework=net6.0]
d:\Work\WellTool\src\WellTool.Core\Convert\impl\CollectionConverter.cs(6,7): warning CS0105: 鈥淲ellTool.Core.Convert鈥濈殑 using 鎸囦护浠ュ墠鍦ㄦ鍛藉悕绌洪棿涓嚭鐜拌繃 [d:\Work\WellTool\src\WellTool.Core\WellTool.Core.csproj::TargetFramework=net6.0]
d:\Work\WellTool\src\WellTool.Core\Convert\impl\CollectionConverter.cs(8,7): warning CS0105: 鈥淲ellTool.Core.Convert鈥濈殑 using 鎸囦护浠ュ墠鍦ㄦ鍛藉悕绌洪棿涓嚭鐜拌繃 [d:\Work\WellTool\src\WellTool.Core\WellTool.Core.csproj::TargetFramework=net6.0]
d:\Work\WellTool\src\WellTool.Core\Convert\impl\EnumConverter.cs(4,7): warning CS0105: 鈥淲ellTool.Core.Convert鈥濈殑 using 鎸囦护浠ュ墠鍦ㄦ鍛藉悕绌洪棿涓嚭鐜拌繃 [d:\Work\WellTool\src\WellTool.Core\WellTool.Core.csproj::TargetFramework=net6.0]
d:\Work\WellTool\src\WellTool.Core\Convert\impl\MapConverter.cs(4,7): warning CS0105: 鈥淲ellTool.Core.Convert鈥濈殑 using 鎸囦护浠ュ墠鍦ㄦ鍛藉悕绌洪棿涓嚭鐜拌繃 [d:\Work\WellTool\src\WellTool.Core\WellTool.Core.csproj::TargetFramework=net6.0]
d:\Work\WellTool\src\WellTool.Core\Convert\impl\MapConverter.cs(6,7): warning CS0105: 鈥淲ellTool.Core.Convert鈥濈殑 using 鎸囦护浠ュ墠鍦ㄦ鍛藉悕绌洪棿涓嚭鐜拌繃 [d:\Work\WellTool\src\WellTool.Core\WellTool.Core.csproj::TargetFramework=net6.0]
d:\Work\WellTool\src\WellTool.Core\Convert\impl\NumberConverter.cs(4,7): warning CS0105: 鈥淲ellTool.Core.Convert鈥濈殑 using 鎸囦护浠ュ墠鍦ㄦ鍛藉悕绌洪棿涓嚭鐜拌繃 [d:\Work\WellTool\src\WellTool.Core\WellTool.Core.csproj::TargetFramework=net6.0]
d:\Work\WellTool\src\WellTool.Core\Collection\Concurrent\ConcurrentUtil.cs(54,46): warning CS8714: 绫诲瀷鈥淜鈥濅笉鑳界敤浣滄硾鍨嬬被鍨嬫垨鏂规硶鈥淐oncurrentDictionary<TKey, TValue>鈥濅腑鐨勭被鍨嬪弬鏁扳€淭Key鈥濄€傜被鍨嬪弬鏁扳€淜鈥濈殑涓?Null 鎬т笌 "notnull" 绾︽潫涓嶅尮閰嶃€?[d:\Work\WellTool\src\WellTool.Core\WellTool.Core.csproj::TargetFramework=net6.0]
d:\Work\WellTool\src\WellTool.Core\Collection\Concurrent\ConcurrentUtil.cs(100,61): warning CS8714: 绫诲瀷鈥淜鈥濅笉鑳界敤浣滄硾鍨嬬被鍨嬫垨鏂规硶鈥淐oncurrentDictionary<TKey, TValue>鈥濅腑鐨勭被鍨嬪弬鏁扳€淭Key鈥濄€傜被鍨嬪弬鏁扳€淜鈥濈殑涓?Null 鎬т笌 "notnull" 绾︽潫涓嶅尮閰嶃€?[d:\Work\WellTool\src\WellTool.Core\WellTool.Core.csproj::TargetFramework=net6.0]
d:\Work\WellTool\src\WellTool.Core\Builder\GenericBuilder.cs(63,44): warning CS0693: 绫诲瀷鍙傛暟鈥淭鈥濅笌澶栭儴绫诲瀷鈥淕enericBuilder<T>鈥濅腑鐨勭被鍨嬪弬鏁板悓鍚?[d:\Work\WellTool\src\WellTool.Core\WellTool.Core.csproj::TargetFramework=net6.0]
d:\Work\WellTool\src\WellTool.Core\Builder\GenericBuilder.cs(76,44): warning CS0693: 绫诲瀷鍙傛暟鈥淭鈥濅笌澶栭儴绫诲瀷鈥淕enericBuilder<T>鈥濅腑鐨勭被鍨嬪弬鏁板悓鍚?[d:\Work\WellTool\src\WellTool.Core\WellTool.Core.csproj::TargetFramework=net6.0]
d:\Work\WellTool\src\WellTool.Core\Builder\GenericBuilder.cs(91,44): warning CS0693: 绫诲瀷鍙傛暟鈥淭鈥濅笌澶栭儴绫诲瀷鈥淕enericBuilder<T>鈥濅腑鐨勭被鍨嬪弬鏁板悓鍚?[d:\Work\WellTool\src\WellTool.Core\WellTool.Core.csproj::TargetFramework=net6.0]
d:\Work\WellTool\src\WellTool.Core\Builder\GenericBuilder.cs(108,44): warning CS0693: 绫诲瀷鍙傛暟鈥淭鈥濅笌澶栭儴绫诲瀷鈥淕enericBuilder<T>鈥濅腑鐨勭被鍨嬪弬鏁板悓鍚?[d:\Work\WellTool\src\WellTool.Core\WellTool.Core.csproj::TargetFramework=net6.0]
d:\Work\WellTool\src\WellTool.Core\Builder\GenericBuilder.cs(127,44): warning CS0693: 绫诲瀷鍙傛暟鈥淭鈥濅笌澶栭儴绫诲瀷鈥淕enericBuilder<T>鈥濅腑鐨勭被鍨嬪弬鏁板悓鍚?[d:\Work\WellTool\src\WellTool.Core\WellTool.Core.csproj::TargetFramework=net6.0]
d:\Work\WellTool\src\WellTool.Core\Builder\GenericBuilder.cs(148,44): warning CS0693: 绫诲瀷鍙傛暟鈥淭鈥濅笌澶栭儴绫诲瀷鈥淕enericBuilder<T>鈥濅腑鐨勭被鍨嬪弬鏁板悓鍚?[d:\Work\WellTool\src\WellTool.Core\WellTool.Core.csproj::TargetFramework=net6.0]
d:\Work\WellTool\src\WellTool.Core\Builder\IDKey.cs(44,30): warning CS8765: 鍙傛暟鈥渙ther鈥濈被鍨嬬殑涓?Null 鎬т笌閲嶅啓鎴愬憳涓嶅尮閰?鍙兘鏄敱浜庝负 Null 鎬х壒鎬?銆?[d:\Work\WellTool\src\WellTool.Core\WellTool.Core.csproj::TargetFramework=net6.0]
d:\Work\WellTool\src\WellTool.Core\Builder\IDKey.cs(54,21): warning CS8767: 鈥渂ool IDKey.Equals(IDKey other)鈥濈殑鍙傛暟鈥渙ther鈥濈被鍨嬩腑寮曠敤绫诲瀷鐨勪负 Null 鎬т笌闅愬紡瀹炵幇鐨勬垚鍛樷€渂ool IEquatable<IDKey>.Equals(IDKey? other)鈥濅笉鍖归厤(鍙兘鏄敱浜庝负 Null 鎬х壒鎬?銆?[d:\Work\WellTool\src\WellTool.Core\WellTool.Core.csproj::TargetFramework=net6.0]
d:\Work\WellTool\src\WellTool.Core\Clone\CloneSupport.cs(31,26): warning CS0108: 鈥淐loneSupport<T>.MemberwiseClone()鈥濋殣钘忕户鎵跨殑鎴愬憳鈥渙bject.MemberwiseClone()鈥濄€傚鏋滄槸鏈夋剰闅愯棌锛岃浣跨敤鍏抽敭瀛?new銆?[d:\Work\WellTool\src\WellTool.Core\WellTool.Core.csproj::TargetFramework=net6.0]
d:\Work\WellTool\src\WellTool.Core\Annotation\Hierarchical.cs(49,7): warning CS0108: 鈥淗ierarchical.CompareTo(Hierarchical)鈥濋殣钘忕户鎵跨殑鎴愬憳鈥淚Comparable<Hierarchical>.CompareTo(Hierarchical?)鈥濄€傚鏋滄槸鏈夋剰闅愯棌锛岃浣跨敤鍏抽敭瀛?new銆?[d:\Work\WellTool\src\WellTool.Core\WellTool.Core.csproj::TargetFramework=net6.0]
d:\Work\WellTool\src\WellTool.Core\Comparator\BaseFieldComparator.cs(70,29): warning CS8767: 鈥渋nt BaseFieldComparator<T>.Compare(T x, T y)鈥濈殑鍙傛暟鈥渪鈥濈被鍨嬩腑寮曠敤绫诲瀷鐨勪负 Null 鎬т笌闅愬紡瀹炵幇鐨勬垚鍛樷€渋nt IComparer<T>.Compare(T? x, T? y)鈥濅笉鍖归厤(鍙兘鏄敱浜庝负 Null 鎬х壒鎬?銆?[d:\Work\WellTool\src\WellTool.Core\WellTool.Core.csproj::TargetFramework=net6.0]
d:\Work\WellTool\src\WellTool.Core\Comparator\BaseFieldComparator.cs(70,29): warning CS8767: 鈥渋nt BaseFieldComparator<T>.Compare(T x, T y)鈥濈殑鍙傛暟鈥測鈥濈被鍨嬩腑寮曠敤绫诲瀷鐨勪负 Null 鎬т笌闅愬紡瀹炵幇鐨勬垚鍛樷€渋nt IComparer<T>.Compare(T? x, T? y)鈥濅笉鍖归厤(鍙兘鏄敱浜庝负 Null 鎬х壒鎬?銆?[d:\Work\WellTool\src\WellTool.Core\WellTool.Core.csproj::TargetFramework=net6.0]
d:\Work\WellTool\src\WellTool.Core\Compress\ZipReader.cs(17,71): warning CS8625: 鏃犳硶灏?null 瀛楅潰閲忚浆鎹负闈?null 鐨勫紩鐢ㄧ被鍨嬨€?[d:\Work\WellTool\src\WellTool.Core\WellTool.Core.csproj::TargetFramework=net6.0]
d:\Work\WellTool\src\WellTool.Core\Compress\ZipReader.cs(22,70): warning CS8625: 鏃犳硶灏?null 瀛楅潰閲忚浆鎹负闈?null 鐨勫紩鐢ㄧ被鍨嬨€?[d:\Work\WellTool\src\WellTool.Core\WellTool.Core.csproj::TargetFramework=net6.0]
d:\Work\WellTool\src\WellTool.Core\Compress\ZipReader.cs(27,61): warning CS8625: 鏃犳硶灏?null 瀛楅潰閲忚浆鎹负闈?null 鐨勫紩鐢ㄧ被鍨嬨€?[d:\Work\WellTool\src\WellTool.Core\WellTool.Core.csproj::TargetFramework=net6.0]
d:\Work\WellTool\src\WellTool.Core\Compress\ZipReader.cs(33,60): warning CS8625: 鏃犳硶灏?null 瀛楅潰閲忚浆鎹负闈?null 鐨勫紩鐢ㄧ被鍨嬨€?[d:\Work\WellTool\src\WellTool.Core\WellTool.Core.csproj::TargetFramework=net6.0]
d:\Work\WellTool\src\WellTool.Core\Comparator\ComparableComparator.cs(33,20): warning CS8767: 鈥渋nt ComparableComparator<E>.Compare(E x, E y)鈥濈殑鍙傛暟鈥渪鈥濈被鍨嬩腑寮曠敤绫诲瀷鐨勪负 Null 鎬т笌闅愬紡瀹炵幇鐨勬垚鍛樷€渋nt IComparer<E>.Compare(E? x, E? y)鈥濅笉鍖归厤(鍙兘鏄敱浜庝负 Null 鎬х壒鎬?銆?[d:\Work\WellTool\src\WellTool.Core\WellTool.Core.csproj::TargetFramework=net6.0]
d:\Work\WellTool\src\WellTool.Core\Comparator\ComparableComparator.cs(33,20): warning CS8767: 鈥渋nt ComparableComparator<E>.Compare(E x, E y)鈥濈殑鍙傛暟鈥測鈥濈被鍨嬩腑寮曠敤绫诲瀷鐨勪负 Null 鎬т笌闅愬紡瀹炵幇鐨勬垚鍛樷€渋nt IComparer<E>.Compare(E? x, E? y)鈥濅笉鍖归厤(鍙兘鏄敱浜庝负 Null 鎬х壒鎬?銆?[d:\Work\WellTool\src\WellTool.Core\WellTool.Core.csproj::TargetFramework=net6.0]
d:\Work\WellTool\src\WellTool.Core\Comparator\ComparatorChain.cs(101,20): warning CS8767: 鈥渋nt ComparatorChain<E>.Compare(E x, E y)鈥濈殑鍙傛暟鈥渪鈥濈被鍨嬩腑寮曠敤绫诲瀷鐨勪负 Null 鎬т笌闅愬紡瀹炵幇鐨勬垚鍛樷€渋nt IComparer<E>.Compare(E? x, E? y)鈥濅笉鍖归厤(鍙兘鏄敱浜庝负 Null 鎬х壒鎬?銆?[d:\Work\WellTool\src\WellTool.Core\WellTool.Core.csproj::TargetFramework=net6.0]
d:\Work\WellTool\src\WellTool.Core\Comparator\ComparatorChain.cs(101,20): warning CS8767: 鈥渋nt ComparatorChain<E>.Compare(E x, E y)鈥濈殑鍙傛暟鈥測鈥濈被鍨嬩腑寮曠敤绫诲瀷鐨勪负 Null 鎬т笌闅愬紡瀹炵幇鐨勬垚鍛樷€渋nt IComparer<E>.Compare(E? x, E? y)鈥濅笉鍖归厤(鍙兘鏄敱浜庝负 Null 鎬х壒鎬?銆?[d:\Work\WellTool\src\WellTool.Core\WellTool.Core.csproj::TargetFramework=net6.0]
d:\Work\WellTool\src\WellTool.Core\Compress\ZipWriter.cs(15,71): warning CS8625: 鏃犳硶灏?null 瀛楅潰閲忚浆鎹负闈?null 鐨勫紩鐢ㄧ被鍨嬨€?[d:\Work\WellTool\src\WellTool.Core\WellTool.Core.csproj::TargetFramework=net6.0]
d:\Work\WellTool\src\WellTool.Core\Compress\ZipWriter.cs(20,70): warning CS8625: 鏃犳硶灏?null 瀛楅潰閲忚浆鎹负闈?null 鐨勫紩鐢ㄧ被鍨嬨€?[d:\Work\WellTool\src\WellTool.Core\WellTool.Core.csproj::TargetFramework=net6.0]
d:\Work\WellTool\src\WellTool.Core\Compress\ZipWriter.cs(25,61): warning CS8625: 鏃犳硶灏?null 瀛楅潰閲忚浆鎹负闈?null 鐨勫紩鐢ㄧ被鍨嬨€?[d:\Work\WellTool\src\WellTool.Core\WellTool.Core.csproj::TargetFramework=net6.0]
d:\Work\WellTool\src\WellTool.Core\Compress\ZipWriter.cs(32,60): warning CS8625: 鏃犳硶灏?null 瀛楅潰閲忚浆鎹负闈?null 鐨勫紩鐢ㄧ被鍨嬨€?[d:\Work\WellTool\src\WellTool.Core\WellTool.Core.csproj::TargetFramework=net6.0]
d:\Work\WellTool\src\WellTool.Core\Annotation\Scanner\MethodAnnotationScanner.cs(60,21): warning CS0108: 鈥淢ethodAnnotationScanner.Support(object)鈥濋殣钘忕户鎵跨殑鎴愬憳鈥淎bstractTypeAnnotationScanner<MethodAnnotationScanner>.Support(object)鈥濄€傚鏋滄槸鏈夋剰闅愯棌锛岃浣跨敤鍏抽敭瀛?new銆?[d:\Work\WellTool\src\WellTool.Core\WellTool.Core.csproj::TargetFramework=net6.0]
d:\Work\WellTool\src\WellTool.Core\Annotation\Scanner\MethodAnnotationScanner.cs(70,32): warning CS0108: 鈥淢ethodAnnotationScanner.GetAnnotations(object)鈥濋殣钘忕户鎵跨殑鎴愬憳鈥淎bstractTypeAnnotationScanner<MethodAnnotationScanner>.GetAnnotations(object)鈥濄€傚鏋滄槸鏈夋剰闅愯棌锛岃浣跨敤鍏抽敭瀛?new銆?[d:\Work\WellTool\src\WellTool.Core\WellTool.Core.csproj::TargetFramework=net6.0]
d:\Work\WellTool\src\WellTool.Core\Annotation\Scanner\MethodAnnotationScanner.cs(83,32): warning CS0108: 鈥淢ethodAnnotationScanner.GetAnnotationsIfSupport(object)鈥濋殣钘忕户鎵跨殑鎴愬憳鈥淎bstractTypeAnnotationScanner<MethodAnnotationScanner>.GetAnnotationsIfSupport(object)鈥濄€傚鏋滄槸鏈夋剰闅愯棌锛岃浣跨敤鍏抽敭瀛?new銆?[d:\Work\WellTool\src\WellTool.Core\WellTool.Core.csproj::TargetFramework=net6.0]
d:\Work\WellTool\src\WellTool.Core\Annotation\Scanner\MethodAnnotationScanner.cs(98,21): warning CS0108: 鈥淢ethodAnnotationScanner.ScanIfSupport(Action<int, Attribute>, object, Func<Attribute, bool>)鈥濋殣钘忕户鎵跨殑鎴愬憳鈥淎bstractTypeAnnotationScanner<MethodAnnotationScanner>.ScanIfSupport(Action<int, Attribute>, object, Func<Attribute, bool>)鈥濄€傚鏋滄槸鏈夋剰闅愯棌锛岃浣跨敤鍏抽敭瀛?new銆?[d:\Work\WellTool\src\WellTool.Core\WellTool.Core.csproj::TargetFramework=net6.0]
d:\Work\WellTool\src\WellTool.Core\Annotation\Scanner\TypeAnnotationScanner.cs(38,21): warning CS0108: 鈥淭ypeAnnotationScanner.Support(object)鈥濋殣钘忕户鎵跨殑鎴愬憳鈥淎bstractTypeAnnotationScanner<TypeAnnotationScanner>.Support(object)鈥濄€傚鏋滄槸鏈夋剰闅愯棌锛岃浣跨敤鍏抽敭瀛?new銆?[d:\Work\WellTool\src\WellTool.Core\WellTool.Core.csproj::TargetFramework=net6.0]
d:\Work\WellTool\src\WellTool.Core\Annotation\Scanner\TypeAnnotationScanner.cs(48,32): warning CS0108: 鈥淭ypeAnnotationScanner.GetAnnotations(object)鈥濋殣钘忕户鎵跨殑鎴愬憳鈥淎bstractTypeAnnotationScanner<TypeAnnotationScanner>.GetAnnotations(object)鈥濄€傚鏋滄槸鏈夋剰闅愯棌锛岃浣跨敤鍏抽敭瀛?new銆?[d:\Work\WellTool\src\WellTool.Core\WellTool.Core.csproj::TargetFramework=net6.0]
d:\Work\WellTool\src\WellTool.Core\Annotation\Scanner\TypeAnnotationScanner.cs(61,32): warning CS0108: 鈥淭ypeAnnotationScanner.GetAnnotationsIfSupport(object)鈥濋殣钘忕户鎵跨殑鎴愬憳鈥淎bstractTypeAnnotationScanner<TypeAnnotationScanner>.GetAnnotationsIfSupport(object)鈥濄€傚鏋滄槸鏈夋剰闅愯棌锛岃浣跨敤鍏抽敭瀛?new銆?[d:\Work\WellTool\src\WellTool.Core\WellTool.Core.csproj::TargetFramework=net6.0]
d:\Work\WellTool\src\WellTool.Core\Annotation\Scanner\TypeAnnotationScanner.cs(76,21): warning CS0108: 鈥淭ypeAnnotationScanner.ScanIfSupport(Action<int, Attribute>, object, Func<Attribute, bool>)鈥濋殣钘忕户鎵跨殑鎴愬憳鈥淎bstractTypeAnnotationScanner<TypeAnnotationScanner>.ScanIfSupport(Action<int, Attribute>, object, Func<Attribute, bool>)鈥濄€傚鏋滄槸鏈夋剰闅愯棌锛岃浣跨敤鍏抽敭瀛?new銆?[d:\Work\WellTool\src\WellTool.Core\WellTool.Core.csproj::TargetFramework=net6.0]
d:\Work\WellTool\src\WellTool.Core\Annotation\Scanner\TypeAnnotationScanner.cs(129,47): warning CS0108: 鈥淭ypeAnnotationScanner.JdkProxyClassConverter鈥濋殣钘忕户鎵跨殑鎴愬憳鈥淎bstractTypeAnnotationScanner<TypeAnnotationScanner>.JdkProxyClassConverter鈥濄€傚鏋滄槸鏈夋剰闅愯棌锛岃浣跨敤鍏抽敭瀛?new銆?[d:\Work\WellTool\src\WellTool.Core\WellTool.Core.csproj::TargetFramework=net6.0]
d:\Work\WellTool\src\WellTool.Core\Comparator\FuncComparator.cs(44,20): warning CS8767: 鈥渋nt FuncComparator<T>.Compare(T a, T b)鈥濈殑鍙傛暟鈥渁鈥濈被鍨嬩腑寮曠敤绫诲瀷鐨勪负 Null 鎬т笌闅愬紡瀹炵幇鐨勬垚鍛樷€渋nt IComparer<T>.Compare(T? x, T? y)鈥濅笉鍖归厤(鍙兘鏄敱浜庝负 Null 鎬х壒鎬?銆?[d:\Work\WellTool\src\WellTool.Core\WellTool.Core.csproj::TargetFramework=net6.0]
d:\Work\WellTool\src\WellTool.Core\Comparator\FuncComparator.cs(44,20): warning CS8767: 鈥渋nt FuncComparator<T>.Compare(T a, T b)鈥濈殑鍙傛暟鈥渂鈥濈被鍨嬩腑寮曠敤绫诲瀷鐨勪负 Null 鎬т笌闅愬紡瀹炵幇鐨勬垚鍛樷€渋nt IComparer<T>.Compare(T? x, T? y)鈥濅笉鍖归厤(鍙兘鏄敱浜庝负 Null 鎬х壒鎬?銆?[d:\Work\WellTool\src\WellTool.Core\WellTool.Core.csproj::TargetFramework=net6.0]
d:\Work\WellTool\src\WellTool.Core\Getter\ArrayTypeGetter.cs(9,63): warning CS8625: 鏃犳硶灏?null 瀛楅潰閲忚浆鎹负闈?null 鐨勫紩鐢ㄧ被鍨嬨€?[d:\Work\WellTool\src\WellTool.Core\WellTool.Core.csproj::TargetFramework=net6.0]
d:\Work\WellTool\src\WellTool.Core\Getter\ArrayTypeGetter.cs(10,63): warning CS8625: 鏃犳硶灏?null 瀛楅潰閲忚浆鎹负闈?null 鐨勫紩鐢ㄧ被鍨嬨€?[d:\Work\WellTool\src\WellTool.Core\WellTool.Core.csproj::TargetFramework=net6.0]
d:\Work\WellTool\src\WellTool.Core\Getter\ArrayTypeGetter.cs(11,63): warning CS8625: 鏃犳硶灏?null 瀛楅潰閲忚浆鎹负闈?null 鐨勫紩鐢ㄧ被鍨嬨€?[d:\Work\WellTool\src\WellTool.Core\WellTool.Core.csproj::TargetFramework=net6.0]
d:\Work\WellTool\src\WellTool.Core\Getter\ArrayTypeGetter.cs(12,66): warning CS8625: 鏃犳硶灏?null 瀛楅潰閲忚浆鎹负闈?null 鐨勫紩鐢ㄧ被鍨嬨€?[d:\Work\WellTool\src\WellTool.Core\WellTool.Core.csproj::TargetFramework=net6.0]
d:\Work\WellTool\src\WellTool.Core\Getter\ArrayTypeGetter.cs(13,60): warning CS8625: 鏃犳硶灏?null 瀛楅潰閲忚浆鎹负闈?null 鐨勫紩鐢ㄧ被鍨嬨€?[d:\Work\WellTool\src\WellTool.Core\WellTool.Core.csproj::TargetFramework=net6.0]
d:\Work\WellTool\src\WellTool.Core\Getter\ArrayTypeGetter.cs(14,63): warning CS8625: 鏃犳硶灏?null 瀛楅潰閲忚浆鎹负闈?null 鐨勫紩鐢ㄧ被鍨嬨€?[d:\Work\WellTool\src\WellTool.Core\WellTool.Core.csproj::TargetFramework=net6.0]
d:\Work\WellTool\src\WellTool.Core\Getter\ArrayTypeGetter.cs(15,66): warning CS8625: 鏃犳硶灏?null 瀛楅潰閲忚浆鎹负闈?null 鐨勫紩鐢ㄧ被鍨嬨€?[d:\Work\WellTool\src\WellTool.Core\WellTool.Core.csproj::TargetFramework=net6.0]
d:\Work\WellTool\src\WellTool.Core\Getter\ArrayTypeGetter.cs(16,69): warning CS8625: 鏃犳硶灏?null 瀛楅潰閲忚浆鎹负闈?null 鐨勫紩鐢ㄧ被鍨嬨€?[d:\Work\WellTool\src\WellTool.Core\WellTool.Core.csproj::TargetFramework=net6.0]
d:\Work\WellTool\src\WellTool.Core\Comparator\IndexedComparator.cs(47,20): warning CS8767: 鈥渋nt IndexedComparator<T>.Compare(T x, T y)鈥濈殑鍙傛暟鈥渪鈥濈被鍨嬩腑寮曠敤绫诲瀷鐨勪负 Null 鎬т笌闅愬紡瀹炵幇鐨勬垚鍛樷€渋nt IComparer<T>.Compare(T? x, T? y)鈥濅笉鍖归厤(鍙兘鏄敱浜庝负 Null 鎬х壒鎬?銆?[d:\Work\WellTool\src\WellTool.Core\WellTool.Core.csproj::TargetFramework=net6.0]
d:\Work\WellTool\src\WellTool.Core\Comparator\IndexedComparator.cs(47,20): warning CS8767: 鈥渋nt IndexedComparator<T>.Compare(T x, T y)鈥濈殑鍙傛暟鈥測鈥濈被鍨嬩腑寮曠敤绫诲瀷鐨勪负 Null 鎬т笌闅愬紡瀹炵幇鐨勬垚鍛樷€渋nt IComparer<T>.Compare(T? x, T? y)鈥濅笉鍖归厤(鍙兘鏄敱浜庝负 Null 鎬х壒鎬?銆?[d:\Work\WellTool\src\WellTool.Core\WellTool.Core.csproj::TargetFramework=net6.0]
d:\Work\WellTool\src\WellTool.Core\Getter\ArrayTypeGetter.cs(17,69): warning CS8625: 鏃犳硶灏?null 瀛楅潰閲忚浆鎹负闈?null 鐨勫紩鐢ㄧ被鍨嬨€?[d:\Work\WellTool\src\WellTool.Core\WellTool.Core.csproj::TargetFramework=net6.0]
d:\Work\WellTool\src\WellTool.Core\Getter\ArrayTypeGetter.cs(18,60): warning CS8625: 鏃犳硶灏?null 瀛楅潰閲忚浆鎹负闈?null 鐨勫紩鐢ㄧ被鍨嬨€?[d:\Work\WellTool\src\WellTool.Core\WellTool.Core.csproj::TargetFramework=net6.0]
d:\Work\WellTool\src\WellTool.Core\Comparator\IndexedComparator.cs(14,45): warning CS8714: 绫诲瀷鈥淭鈥濅笉鑳界敤浣滄硾鍨嬬被鍨嬫垨鏂规硶鈥淒ictionary<TKey, TValue>鈥濅腑鐨勭被鍨嬪弬鏁扳€淭Key鈥濄€傜被鍨嬪弬鏁扳€淭鈥濈殑涓?Null 鎬т笌 "notnull" 绾︽潫涓嶅尮閰嶃€?[d:\Work\WellTool\src\WellTool.Core\WellTool.Core.csproj::TargetFramework=net6.0]
d:\Work\WellTool\src\WellTool.Core\Comparator\InstanceComparator.cs(43,20): warning CS8767: 鈥渋nt InstanceComparator<T>.Compare(T x, T y)鈥濈殑鍙傛暟鈥渪鈥濈被鍨嬩腑寮曠敤绫诲瀷鐨勪负 Null 鎬т笌闅愬紡瀹炵幇鐨勬垚鍛樷€渋nt IComparer<T>.Compare(T? x, T? y)鈥濅笉鍖归厤(鍙兘鏄敱浜庝负 Null 鎬х壒鎬?銆?[d:\Work\WellTool\src\WellTool.Core\WellTool.Core.csproj::TargetFramework=net6.0]
d:\Work\WellTool\src\WellTool.Core\Comparator\InstanceComparator.cs(43,20): warning CS8767: 鈥渋nt InstanceComparator<T>.Compare(T x, T y)鈥濈殑鍙傛暟鈥測鈥濈被鍨嬩腑寮曠敤绫诲瀷鐨勪负 Null 鎬т笌闅愬紡瀹炵幇鐨勬垚鍛樷€渋nt IComparer<T>.Compare(T? x, T? y)鈥濅笉鍖归厤(鍙兘鏄敱浜庝负 Null 鎬х壒鎬?銆?[d:\Work\WellTool\src\WellTool.Core\WellTool.Core.csproj::TargetFramework=net6.0]
d:\Work\WellTool\src\WellTool.Core\Comparator\LengthComparator.cs(19,20): warning CS8767: 鈥渋nt LengthComparator.Compare(string x, string y)鈥濈殑鍙傛暟鈥渪鈥濈被鍨嬩腑寮曠敤绫诲瀷鐨勪负 Null 鎬т笌闅愬紡瀹炵幇鐨勬垚鍛樷€渋nt IComparer<string>.Compare(string? x, string? y)鈥濅笉鍖归厤(鍙兘鏄敱浜庝负 Null 鎬х壒鎬?銆?[d:\Work\WellTool\src\WellTool.Core\WellTool.Core.csproj::TargetFramework=net6.0]
d:\Work\WellTool\src\WellTool.Core\Comparator\LengthComparator.cs(19,20): warning CS8767: 鈥渋nt LengthComparator.Compare(string x, string y)鈥濈殑鍙傛暟鈥測鈥濈被鍨嬩腑寮曠敤绫诲瀷鐨勪负 Null 鎬т笌闅愬紡瀹炵幇鐨勬垚鍛樷€渋nt IComparer<string>.Compare(string? x, string? y)鈥濅笉鍖归厤(鍙兘鏄敱浜庝负 Null 鎬х壒鎬?銆?[d:\Work\WellTool\src\WellTool.Core\WellTool.Core.csproj::TargetFramework=net6.0]
d:\Work\WellTool\src\WellTool.Core\Convert\impl\DateConverter.cs(17,46): warning CS8625: 鏃犳硶灏?null 瀛楅潰閲忚浆鎹负闈?null 鐨勫紩鐢ㄧ被鍨嬨€?[d:\Work\WellTool\src\WellTool.Core\WellTool.Core.csproj::TargetFramework=net6.0]
d:\Work\WellTool\src\WellTool.Core\Comparator\NullComparator.cs(34,20): warning CS8767: 鈥渋nt NullComparator<T>.Compare(T x, T y)鈥濈殑鍙傛暟鈥渪鈥濈被鍨嬩腑寮曠敤绫诲瀷鐨勪负 Null 鎬т笌闅愬紡瀹炵幇鐨勬垚鍛樷€渋nt IComparer<T>.Compare(T? x, T? y)鈥濅笉鍖归厤(鍙兘鏄敱浜庝负 Null 鎬х壒鎬?銆?[d:\Work\WellTool\src\WellTool.Core\WellTool.Core.csproj::TargetFramework=net6.0]
d:\Work\WellTool\src\WellTool.Core\Comparator\NullComparator.cs(34,20): warning CS8767: 鈥渋nt NullComparator<T>.Compare(T x, T y)鈥濈殑鍙傛暟鈥測鈥濈被鍨嬩腑寮曠敤绫诲瀷鐨勪负 Null 鎬т笌闅愬紡瀹炵幇鐨勬垚鍛樷€渋nt IComparer<T>.Compare(T? x, T? y)鈥濅笉鍖归厤(鍙兘鏄敱浜庝负 Null 鎬х壒鎬?銆?[d:\Work\WellTool\src\WellTool.Core\WellTool.Core.csproj::TargetFramework=net6.0]
d:\Work\WellTool\src\WellTool.Core\Comparator\PinyinComparator.cs(28,20): warning CS8767: 鈥渋nt PinyinComparator.Compare(string x, string y)鈥濈殑鍙傛暟鈥渪鈥濈被鍨嬩腑寮曠敤绫诲瀷鐨勪负 Null 鎬т笌闅愬紡瀹炵幇鐨勬垚鍛樷€渋nt IComparer<string>.Compare(string? x, string? y)鈥濅笉鍖归厤(鍙兘鏄敱浜庝负 Null 鎬х壒鎬?銆?[d:\Work\WellTool\src\WellTool.Core\WellTool.Core.csproj::TargetFramework=net6.0]
d:\Work\WellTool\src\WellTool.Core\Comparator\PinyinComparator.cs(28,20): warning CS8767: 鈥渋nt PinyinComparator.Compare(string x, string y)鈥濈殑鍙傛暟鈥測鈥濈被鍨嬩腑寮曠敤绫诲瀷鐨勪负 Null 鎬т笌闅愬紡瀹炵幇鐨勬垚鍛樷€渋nt IComparer<string>.Compare(string? x, string? y)鈥濅笉鍖归厤(鍙兘鏄敱浜庝负 Null 鎬х壒鎬?銆?[d:\Work\WellTool\src\WellTool.Core\WellTool.Core.csproj::TargetFramework=net6.0]
d:\Work\WellTool\src\WellTool.Core\Getter\ArrayTypeGetter.cs(25,70): warning CS8625: 鏃犳硶灏?null 瀛楅潰閲忚浆鎹负闈?null 鐨勫紩鐢ㄧ被鍨嬨€?[d:\Work\WellTool\src\WellTool.Core\WellTool.Core.csproj::TargetFramework=net6.0]
d:\Work\WellTool\src\WellTool.Core\Getter\ArrayTypeGetter.cs(30,70): warning CS8625: 鏃犳硶灏?null 瀛楅潰閲忚浆鎹负闈?null 鐨勫紩鐢ㄧ被鍨嬨€?[d:\Work\WellTool\src\WellTool.Core\WellTool.Core.csproj::TargetFramework=net6.0]
d:\Work\WellTool\src\WellTool.Core\Getter\ArrayTypeGetter.cs(35,70): warning CS8625: 鏃犳硶灏?null 瀛楅潰閲忚浆鎹负闈?null 鐨勫紩鐢ㄧ被鍨嬨€?[d:\Work\WellTool\src\WellTool.Core\WellTool.Core.csproj::TargetFramework=net6.0]
d:\Work\WellTool\src\WellTool.Core\Getter\ArrayTypeGetter.cs(40,73): warning CS8625: 鏃犳硶灏?null 瀛楅潰閲忚浆鎹负闈?null 鐨勫紩鐢ㄧ被鍨嬨€?[d:\Work\WellTool\src\WellTool.Core\WellTool.Core.csproj::TargetFramework=net6.0]
d:\Work\WellTool\src\WellTool.Core\Getter\ArrayTypeGetter.cs(45,67): warning CS8625: 鏃犳硶灏?null 瀛楅潰閲忚浆鎹负闈?null 鐨勫紩鐢ㄧ被鍨嬨€?[d:\Work\WellTool\src\WellTool.Core\WellTool.Core.csproj::TargetFramework=net6.0]
d:\Work\WellTool\src\WellTool.Core\Getter\ArrayTypeGetter.cs(50,70): warning CS8625: 鏃犳硶灏?null 瀛楅潰閲忚浆鎹负闈?null 鐨勫紩鐢ㄧ被鍨嬨€?[d:\Work\WellTool\src\WellTool.Core\WellTool.Core.csproj::TargetFramework=net6.0]
d:\Work\WellTool\src\WellTool.Core\Getter\ArrayTypeGetter.cs(55,73): warning CS8625: 鏃犳硶灏?null 瀛楅潰閲忚浆鎹负闈?null 鐨勫紩鐢ㄧ被鍨嬨€?[d:\Work\WellTool\src\WellTool.Core\WellTool.Core.csproj::TargetFramework=net6.0]
d:\Work\WellTool\src\WellTool.Core\Getter\ArrayTypeGetter.cs(60,76): warning CS8625: 鏃犳硶灏?null 瀛楅潰閲忚浆鎹负闈?null 鐨勫紩鐢ㄧ被鍨嬨€?[d:\Work\WellTool\src\WellTool.Core\WellTool.Core.csproj::TargetFramework=net6.0]
d:\Work\WellTool\src\WellTool.Core\Comparator\PropertyComparator.cs(34,20): warning CS8767: 鈥渋nt PropertyComparator<T>.Compare(T x, T y)鈥濈殑鍙傛暟鈥渪鈥濈被鍨嬩腑寮曠敤绫诲瀷鐨勪负 Null 鎬т笌闅愬紡瀹炵幇鐨勬垚鍛樷€渋nt IComparer<T>.Compare(T? x, T? y)鈥濅笉鍖归厤(鍙兘鏄敱浜庝负 Null 鎬х壒鎬?銆?[d:\Work\WellTool\src\WellTool.Core\WellTool.Core.csproj::TargetFramework=net6.0]
d:\Work\WellTool\src\WellTool.Core\Comparator\PropertyComparator.cs(34,20): warning CS8767: 鈥渋nt PropertyComparator<T>.Compare(T x, T y)鈥濈殑鍙傛暟鈥測鈥濈被鍨嬩腑寮曠敤绫诲瀷鐨勪负 Null 鎬т笌闅愬紡瀹炵幇鐨勬垚鍛樷€渋nt IComparer<T>.Compare(T? x, T? y)鈥濅笉鍖归厤(鍙兘鏄敱浜庝负 Null 鎬х壒鎬?銆?[d:\Work\WellTool\src\WellTool.Core\WellTool.Core.csproj::TargetFramework=net6.0]
d:\Work\WellTool\src\WellTool.Core\Getter\ArrayTypeGetter.cs(65,76): warning CS8625: 鏃犳硶灏?null 瀛楅潰閲忚浆鎹负闈?null 鐨勫紩鐢ㄧ被鍨嬨€?[d:\Work\WellTool\src\WellTool.Core\WellTool.Core.csproj::TargetFramework=net6.0]
d:\Work\WellTool\src\WellTool.Core\Getter\ArrayTypeGetter.cs(70,67): warning CS8625: 鏃犳硶灏?null 瀛楅潰閲忚浆鎹负闈?null 鐨勫紩鐢ㄧ被鍨嬨€?[d:\Work\WellTool\src\WellTool.Core\WellTool.Core.csproj::TargetFramework=net6.0]
d:\Work\WellTool\src\WellTool.Core\Getter\ArrayTypeGetter.cs(75,74): warning CS8625: 鏃犳硶灏?null 瀛楅潰閲忚浆鎹负闈?null 鐨勫紩鐢ㄧ被鍨嬨€?[d:\Work\WellTool\src\WellTool.Core\WellTool.Core.csproj::TargetFramework=net6.0]
d:\Work\WellTool\src\WellTool.Core\Comparator\VersionComparator.cs(19,20): warning CS8767: 鈥渋nt VersionComparator.Compare(string x, string y)鈥濈殑鍙傛暟鈥渪鈥濈被鍨嬩腑寮曠敤绫诲瀷鐨勪负 Null 鎬т笌闅愬紡瀹炵幇鐨勬垚鍛樷€渋nt IComparer<string>.Compare(string? x, string? y)鈥濅笉鍖归厤(鍙兘鏄敱浜庝负 Null 鎬х壒鎬?銆?[d:\Work\WellTool\src\WellTool.Core\WellTool.Core.csproj::TargetFramework=net6.0]
d:\Work\WellTool\src\WellTool.Core\Comparator\VersionComparator.cs(19,20): warning CS8767: 鈥渋nt VersionComparator.Compare(string x, string y)鈥濈殑鍙傛暟鈥測鈥濈被鍨嬩腑寮曠敤绫诲瀷鐨勪负 Null 鎬т笌闅愬紡瀹炵幇鐨勬垚鍛樷€渋nt IComparer<string>.Compare(string? x, string? y)鈥濅笉鍖归厤(鍙兘鏄敱浜庝负 Null 鎬х壒鎬?銆?[d:\Work\WellTool\src\WellTool.Core\WellTool.Core.csproj::TargetFramework=net6.0]
d:\Work\WellTool\src\WellTool.Core\Comparator\ReverseComparator.cs(29,20): warning CS8767: 鈥渋nt ReverseComparator<E>.Compare(E x, E y)鈥濈殑鍙傛暟鈥渪鈥濈被鍨嬩腑寮曠敤绫诲瀷鐨勪负 Null 鎬т笌闅愬紡瀹炵幇鐨勬垚鍛樷€渋nt IComparer<E>.Compare(E? x, E? y)鈥濅笉鍖归厤(鍙兘鏄敱浜庝负 Null 鎬х壒鎬?銆?[d:\Work\WellTool\src\WellTool.Core\WellTool.Core.csproj::TargetFramework=net6.0]
d:\Work\WellTool\src\WellTool.Core\Comparator\ReverseComparator.cs(29,20): warning CS8767: 鈥渋nt ReverseComparator<E>.Compare(E x, E y)鈥濈殑鍙傛暟鈥測鈥濈被鍨嬩腑寮曠敤绫诲瀷鐨勪负 Null 鎬т笌闅愬紡瀹炵幇鐨勬垚鍛樷€渋nt IComparer<E>.Compare(E? x, E? y)鈥濅笉鍖归厤(鍙兘鏄敱浜庝负 Null 鎬х壒鎬?銆?[d:\Work\WellTool\src\WellTool.Core\WellTool.Core.csproj::TargetFramework=net6.0]
d:\Work\WellTool\src\WellTool.Core\Lang\Map\ActualTypeMapperPool.cs(59,104): warning CS8714: 绫诲瀷鈥淭Key鈥濅笉鑳界敤浣滄硾鍨嬬被鍨嬫垨鏂规硶鈥淒ictionary<TKey, TValue>鈥濅腑鐨勭被鍨嬪弬鏁扳€淭Key鈥濄€傜被鍨嬪弬鏁扳€淭Key鈥濈殑涓?Null 鎬т笌 "notnull" 绾︽潫涓嶅尮閰嶃€?[d:\Work\WellTool\src\WellTool.Core\WellTool.Core.csproj::TargetFramework=net6.0]
d:\Work\WellTool\src\WellTool.Core\Comparator\WindowsExplorerStringComparator.cs(20,20): warning CS8767: 鈥渋nt WindowsExplorerStringComparator.Compare(string x, string y)鈥濈殑鍙傛暟鈥渪鈥濈被鍨嬩腑寮曠敤绫诲瀷鐨勪负 Null 鎬т笌闅愬紡瀹炵幇鐨勬垚鍛樷€渋nt IComparer<string>.Compare(string? x, string? y)鈥濅笉鍖归厤(鍙兘鏄敱浜庝负 Null 鎬х壒鎬?銆?[d:\Work\WellTool\src\WellTool.Core\WellTool.Core.csproj::TargetFramework=net6.0]
d:\Work\WellTool\src\WellTool.Core\Comparator\WindowsExplorerStringComparator.cs(20,20): warning CS8767: 鈥渋nt WindowsExplorerStringComparator.Compare(string x, string y)鈥濈殑鍙傛暟鈥測鈥濈被鍨嬩腑寮曠敤绫诲瀷鐨勪负 Null 鎬т笌闅愬紡瀹炵幇鐨勬垚鍛樷€渋nt IComparer<string>.Compare(string? x, string? y)鈥濅笉鍖归厤(鍙兘鏄敱浜庝负 Null 鎬х壒鎬?銆?[d:\Work\WellTool\src\WellTool.Core\WellTool.Core.csproj::TargetFramework=net6.0]
d:\Work\WellTool\src\WellTool.Core\Comparator\ReverseComparator.cs(39,24): warning CS8767: 鈥渋nt DefaultComparer<T>.Compare(T x, T y)鈥濈殑鍙傛暟鈥渪鈥濈被鍨嬩腑寮曠敤绫诲瀷鐨勪负 Null 鎬т笌闅愬紡瀹炵幇鐨勬垚鍛樷€渋nt IComparer<T>.Compare(T? x, T? y)鈥濅笉鍖归厤(鍙兘鏄敱浜庝负 Null 鎬х壒鎬?銆?[d:\Work\WellTool\src\WellTool.Core\WellTool.Core.csproj::TargetFramework=net6.0]
d:\Work\WellTool\src\WellTool.Core\Comparator\ReverseComparator.cs(39,24): warning CS8767: 鈥渋nt DefaultComparer<T>.Compare(T x, T y)鈥濈殑鍙傛暟鈥測鈥濈被鍨嬩腑寮曠敤绫诲瀷鐨勪负 Null 鎬т笌闅愬紡瀹炵幇鐨勬垚鍛樷€渋nt IComparer<T>.Compare(T? x, T? y)鈥濅笉鍖归厤(鍙兘鏄敱浜庝负 Null 鎬х壒鎬?銆?[d:\Work\WellTool\src\WellTool.Core\WellTool.Core.csproj::TargetFramework=net6.0]
d:\Work\WellTool\src\WellTool.Core\Comparator\FieldsComparator.cs(49,24): warning CS8767: 鈥渋nt FieldsComparer.Compare(T a, T b)鈥濈殑鍙傛暟鈥渁鈥濈被鍨嬩腑寮曠敤绫诲瀷鐨勪负 Null 鎬т笌闅愬紡瀹炵幇鐨勬垚鍛樷€渋nt IComparer<T>.Compare(T? x, T? y)鈥濅笉鍖归厤(鍙兘鏄敱浜庝负 Null 鎬х壒鎬?銆?[d:\Work\WellTool\src\WellTool.Core\WellTool.Core.csproj::TargetFramework=net6.0]
d:\Work\WellTool\src\WellTool.Core\Comparator\FieldsComparator.cs(49,24): warning CS8767: 鈥渋nt FieldsComparer.Compare(T a, T b)鈥濈殑鍙傛暟鈥渂鈥濈被鍨嬩腑寮曠敤绫诲瀷鐨勪负 Null 鎬т笌闅愬紡瀹炵幇鐨勬垚鍛樷€渋nt IComparer<T>.Compare(T? x, T? y)鈥濅笉鍖归厤(鍙兘鏄敱浜庝负 Null 鎬х壒鎬?銆?[d:\Work\WellTool\src\WellTool.Core\WellTool.Core.csproj::TargetFramework=net6.0]
d:\Work\WellTool\src\WellTool.Core\Getter\BasicTypeGetter.cs(15,60): warning CS8625: 鏃犳硶灏?null 瀛楅潰閲忚浆鎹负闈?null 鐨勫紩鐢ㄧ被鍨嬨€?[d:\Work\WellTool\src\WellTool.Core\WellTool.Core.csproj::TargetFramework=net6.0]
d:\Work\WellTool\src\WellTool.Core\Getter\BasicTypeGetter.cs(16,51): warning CS8601: 鍙兘鐨?null 寮曠敤璧嬪€笺€?[d:\Work\WellTool\src\WellTool.Core\WellTool.Core.csproj::TargetFramework=net6.0]
d:\Work\WellTool\src\WellTool.Core\Map\AbsEntry.cs(45,30): warning CS8765: 鍙傛暟鈥渙bj鈥濈被鍨嬬殑涓?Null 鎬т笌閲嶅啓鎴愬憳涓嶅尮閰?鍙兘鏄敱浜庝负 Null 鎬х壒鎬?銆?[d:\Work\WellTool\src\WellTool.Core\WellTool.Core.csproj::TargetFramework=net6.0]
d:\Work\WellTool\src\WellTool.Core\Collection\ConcurrentHashSet.cs(14,56): warning CS8714: 绫诲瀷鈥淭鈥濅笉鑳界敤浣滄硾鍨嬬被鍨嬫垨鏂规硶鈥淐oncurrentDictionary<TKey, TValue>鈥濅腑鐨勭被鍨嬪弬鏁扳€淭Key鈥濄€傜被鍨嬪弬鏁扳€淭鈥濈殑涓?Null 鎬т笌 "notnull" 绾︽潫涓嶅尮閰嶃€?[d:\Work\WellTool\src\WellTool.Core\WellTool.Core.csproj::TargetFramework=net6.0]
d:\Work\WellTool\src\WellTool.Core\Getter\ListTypeGetter.cs(9,70): warning CS8625: 鏃犳硶灏?null 瀛楅潰閲忚浆鎹负闈?null 鐨勫紩鐢ㄧ被鍨嬨€?[d:\Work\WellTool\src\WellTool.Core\WellTool.Core.csproj::TargetFramework=net6.0]
d:\Work\WellTool\src\WellTool.Core\Getter\ListTypeGetter.cs(10,70): warning CS8625: 鏃犳硶灏?null 瀛楅潰閲忚浆鎹负闈?null 鐨勫紩鐢ㄧ被鍨嬨€?[d:\Work\WellTool\src\WellTool.Core\WellTool.Core.csproj::TargetFramework=net6.0]
d:\Work\WellTool\src\WellTool.Core\Getter\ListTypeGetter.cs(11,70): warning CS8625: 鏃犳硶灏?null 瀛楅潰閲忚浆鎹负闈?null 鐨勫紩鐢ㄧ被鍨嬨€?[d:\Work\WellTool\src\WellTool.Core\WellTool.Core.csproj::TargetFramework=net6.0]
d:\Work\WellTool\src\WellTool.Core\Getter\ListTypeGetter.cs(12,73): warning CS8625: 鏃犳硶灏?null 瀛楅潰閲忚浆鎹负闈?null 鐨勫紩鐢ㄧ被鍨嬨€?[d:\Work\WellTool\src\WellTool.Core\WellTool.Core.csproj::TargetFramework=net6.0]
d:\Work\WellTool\src\WellTool.Core\Map\BiMap.cs(9,43): warning CS8714: 绫诲瀷鈥淜鈥濅笉鑳界敤浣滄硾鍨嬬被鍨嬫垨鏂规硶鈥淒ictionary<TKey, TValue>鈥濅腑鐨勭被鍨嬪弬鏁扳€淭Key鈥濄€傜被鍨嬪弬鏁扳€淜鈥濈殑涓?Null 鎬т笌 "notnull" 绾︽潫涓嶅尮閰嶃€?[d:\Work\WellTool\src\WellTool.Core\WellTool.Core.csproj::TargetFramework=net6.0]
d:\Work\WellTool\src\WellTool.Core\Map\BiMap.cs(10,43): warning CS8714: 绫诲瀷鈥淰鈥濅笉鑳界敤浣滄硾鍨嬬被鍨嬫垨鏂规硶鈥淒ictionary<TKey, TValue>鈥濅腑鐨勭被鍨嬪弬鏁扳€淭Key鈥濄€傜被鍨嬪弬鏁扳€淰鈥濈殑涓?Null 鎬т笌 "notnull" 绾︽潫涓嶅尮閰嶃€?[d:\Work\WellTool\src\WellTool.Core\WellTool.Core.csproj::TargetFramework=net6.0]
d:\Work\WellTool\src\WellTool.Core\Getter\ListTypeGetter.cs(13,67): warning CS8625: 鏃犳硶灏?null 瀛楅潰閲忚浆鎹负闈?null 鐨勫紩鐢ㄧ被鍨嬨€?[d:\Work\WellTool\src\WellTool.Core\WellTool.Core.csproj::TargetFramework=net6.0]
d:\Work\WellTool\src\WellTool.Core\Getter\ListTypeGetter.cs(14,70): warning CS8625: 鏃犳硶灏?null 瀛楅潰閲忚浆鎹负闈?null 鐨勫紩鐢ㄧ被鍨嬨€?[d:\Work\WellTool\src\WellTool.Core\WellTool.Core.csproj::TargetFramework=net6.0]
d:\Work\WellTool\src\WellTool.Core\Getter\ListTypeGetter.cs(15,73): warning CS8625: 鏃犳硶灏?null 瀛楅潰閲忚浆鎹负闈?null 鐨勫紩鐢ㄧ被鍨嬨€?[d:\Work\WellTool\src\WellTool.Core\WellTool.Core.csproj::TargetFramework=net6.0]
d:\Work\WellTool\src\WellTool.Core\Getter\ListTypeGetter.cs(16,76): warning CS8625: 鏃犳硶灏?null 瀛楅潰閲忚浆鎹负闈?null 鐨勫紩鐢ㄧ被鍨嬨€?[d:\Work\WellTool\src\WellTool.Core\WellTool.Core.csproj::TargetFramework=net6.0]
d:\Work\WellTool\src\WellTool.Core\Getter\ListTypeGetter.cs(17,76): warning CS8625: 鏃犳硶灏?null 瀛楅潰閲忚浆鎹负闈?null 鐨勫紩鐢ㄧ被鍨嬨€?[d:\Work\WellTool\src\WellTool.Core\WellTool.Core.csproj::TargetFramework=net6.0]
d:\Work\WellTool\src\WellTool.Core\Getter\ListTypeGetter.cs(25,77): warning CS8625: 鏃犳硶灏?null 瀛楅潰閲忚浆鎹负闈?null 鐨勫紩鐢ㄧ被鍨嬨€?[d:\Work\WellTool\src\WellTool.Core\WellTool.Core.csproj::TargetFramework=net6.0]
d:\Work\WellTool\src\WellTool.Core\Getter\ListTypeGetter.cs(18,67): warning CS8625: 鏃犳硶灏?null 瀛楅潰閲忚浆鎹负闈?null 鐨勫紩鐢ㄧ被鍨嬨€?[d:\Work\WellTool\src\WellTool.Core\WellTool.Core.csproj::TargetFramework=net6.0]
d:\Work\WellTool\src\WellTool.Core\Getter\ListTypeGetter.cs(30,77): warning CS8625: 鏃犳硶灏?null 瀛楅潰閲忚浆鎹负闈?null 鐨勫紩鐢ㄧ被鍨嬨€?[d:\Work\WellTool\src\WellTool.Core\WellTool.Core.csproj::TargetFramework=net6.0]
d:\Work\WellTool\src\WellTool.Core\Getter\ListTypeGetter.cs(35,77): warning CS8625: 鏃犳硶灏?null 瀛楅潰閲忚浆鎹负闈?null 鐨勫紩鐢ㄧ被鍨嬨€?[d:\Work\WellTool\src\WellTool.Core\WellTool.Core.csproj::TargetFramework=net6.0]
d:\Work\WellTool\src\WellTool.Core\Getter\ListTypeGetter.cs(40,80): warning CS8625: 鏃犳硶灏?null 瀛楅潰閲忚浆鎹负闈?null 鐨勫紩鐢ㄧ被鍨嬨€?[d:\Work\WellTool\src\WellTool.Core\WellTool.Core.csproj::TargetFramework=net6.0]
d:\Work\WellTool\src\WellTool.Core\Getter\ListTypeGetter.cs(45,74): warning CS8625: 鏃犳硶灏?null 瀛楅潰閲忚浆鎹负闈?null 鐨勫紩鐢ㄧ被鍨嬨€?[d:\Work\WellTool\src\WellTool.Core\WellTool.Core.csproj::TargetFramework=net6.0]
d:\Work\WellTool\src\WellTool.Core\Getter\ListTypeGetter.cs(50,77): warning CS8625: 鏃犳硶灏?null 瀛楅潰閲忚浆鎹负闈?null 鐨勫紩鐢ㄧ被鍨嬨€?[d:\Work\WellTool\src\WellTool.Core\WellTool.Core.csproj::TargetFramework=net6.0]
d:\Work\WellTool\src\WellTool.Core\Getter\ListTypeGetter.cs(55,80): warning CS8625: 鏃犳硶灏?null 瀛楅潰閲忚浆鎹负闈?null 鐨勫紩鐢ㄧ被鍨嬨€?[d:\Work\WellTool\src\WellTool.Core\WellTool.Core.csproj::TargetFramework=net6.0]
d:\Work\WellTool\src\WellTool.Core\Getter\ListTypeGetter.cs(60,83): warning CS8625: 鏃犳硶灏?null 瀛楅潰閲忚浆鎹负闈?null 鐨勫紩鐢ㄧ被鍨嬨€?[d:\Work\WellTool\src\WellTool.Core\WellTool.Core.csproj::TargetFramework=net6.0]
d:\Work\WellTool\src\WellTool.Core\Getter\ListTypeGetter.cs(65,83): warning CS8625: 鏃犳硶灏?null 瀛楅潰閲忚浆鎹负闈?null 鐨勫紩鐢ㄧ被鍨嬨€?[d:\Work\WellTool\src\WellTool.Core\WellTool.Core.csproj::TargetFramework=net6.0]
d:\Work\WellTool\src\WellTool.Core\Getter\ListTypeGetter.cs(70,74): warning CS8625: 鏃犳硶灏?null 瀛楅潰閲忚浆鎹负闈?null 鐨勫紩鐢ㄧ被鍨嬨€?[d:\Work\WellTool\src\WellTool.Core\WellTool.Core.csproj::TargetFramework=net6.0]
d:\Work\WellTool\src\WellTool.Core\Getter\ListTypeGetter.cs(75,81): warning CS8625: 鏃犳硶灏?null 瀛楅潰閲忚浆鎹负闈?null 鐨勫紩鐢ㄧ被鍨嬨€?[d:\Work\WellTool\src\WellTool.Core\WellTool.Core.csproj::TargetFramework=net6.0]
d:\Work\WellTool\src\WellTool.Core\Bean\DynaBean.cs(200,30): warning CS8765: 鍙傛暟鈥渙bj鈥濈被鍨嬬殑涓?Null 鎬т笌閲嶅啓鎴愬憳涓嶅尮閰?鍙兘鏄敱浜庝负 Null 鎬х壒鎬?銆?[d:\Work\WellTool\src\WellTool.Core\WellTool.Core.csproj::TargetFramework=net6.0]
d:\Work\WellTool\src\WellTool.Core\Getter\BasicTypeGetter.cs(71,67): warning CS8625: 鏃犳硶灏?null 瀛楅潰閲忚浆鎹负闈?null 鐨勫紩鐢ㄧ被鍨嬨€?[d:\Work\WellTool\src\WellTool.Core\WellTool.Core.csproj::TargetFramework=net6.0]
d:\Work\WellTool\src\WellTool.Core\Getter\BasicTypeGetter.cs(77,58): warning CS8601: 鍙兘鐨?null 寮曠敤璧嬪€笺€?[d:\Work\WellTool\src\WellTool.Core\WellTool.Core.csproj::TargetFramework=net6.0]
d:\Work\WellTool\src\WellTool.Core\Getter\OptNullBasicTypeFromObjectGetter.cs(32,13): warning CS0108: 鈥淥ptNullBasicTypeFromObjectGetter<K>.GetStr(K, string?)鈥濋殣钘忕户鎵跨殑鎴愬憳鈥淥ptBasicTypeGetter<K>.GetStr(K, string?)鈥濄€傚鏋滄槸鏈夋剰闅愯棌锛岃浣跨敤鍏抽敭瀛?new銆?[d:\Work\WellTool\src\WellTool.Core\WellTool.Core.csproj::TargetFramework=net6.0]
d:\Work\WellTool\src\WellTool.Core\Getter\OptNullBasicTypeFromObjectGetter.cs(40,10): warning CS0108: 鈥淥ptNullBasicTypeFromObjectGetter<K>.GetInt(K, int?)鈥濋殣钘忕户鎵跨殑鎴愬憳鈥淥ptBasicTypeGetter<K>.GetInt(K, int?)鈥濄€傚鏋滄槸鏈夋剰闅愯棌锛岃浣跨敤鍏抽敭瀛?new銆?[d:\Work\WellTool\src\WellTool.Core\WellTool.Core.csproj::TargetFramework=net6.0]
d:\Work\WellTool\src\WellTool.Core\Getter\OptNullBasicTypeFromObjectGetter.cs(48,12): warning CS0108: 鈥淥ptNullBasicTypeFromObjectGetter<K>.GetShort(K, short?)鈥濋殣钘忕户鎵跨殑鎴愬憳鈥淥ptBasicTypeGetter<K>.GetShort(K, short?)鈥濄€傚鏋滄槸鏈夋剰闅愯棌锛岃浣跨敤鍏抽敭瀛?new銆?[d:\Work\WellTool\src\WellTool.Core\WellTool.Core.csproj::TargetFramework=net6.0]
d:\Work\WellTool\src\WellTool.Core\Getter\OptNullBasicTypeFromObjectGetter.cs(56,11): warning CS0108: 鈥淥ptNullBasicTypeFromObjectGetter<K>.GetBool(K, bool?)鈥濋殣钘忕户鎵跨殑鎴愬憳鈥淥ptBasicTypeGetter<K>.GetBool(K, bool?)鈥濄€傚鏋滄槸鏈夋剰闅愯棌锛岃浣跨敤鍏抽敭瀛?new銆?[d:\Work\WellTool\src\WellTool.Core\WellTool.Core.csproj::TargetFramework=net6.0]
d:\Work\WellTool\src\WellTool.Core\Getter\OptNullBasicTypeFromObjectGetter.cs(64,11): warning CS0108: 鈥淥ptNullBasicTypeFromObjectGetter<K>.GetLong(K, long?)鈥濋殣钘忕户鎵跨殑鎴愬憳鈥淥ptBasicTypeGetter<K>.GetLong(K, long?)鈥濄€傚鏋滄槸鏈夋剰闅愯棌锛岃浣跨敤鍏抽敭瀛?new銆?[d:\Work\WellTool\src\WellTool.Core\WellTool.Core.csproj::TargetFramework=net6.0]
d:\Work\WellTool\src\WellTool.Core\Getter\OptNullBasicTypeFromObjectGetter.cs(72,11): warning CS0108: 鈥淥ptNullBasicTypeFromObjectGetter<K>.GetChar(K, char?)鈥濋殣钘忕户鎵跨殑鎴愬憳鈥淥ptBasicTypeGetter<K>.GetChar(K, char?)鈥濄€傚鏋滄槸鏈夋剰闅愯棌锛岃浣跨敤鍏抽敭瀛?new銆?[d:\Work\WellTool\src\WellTool.Core\WellTool.Core.csproj::TargetFramework=net6.0]
d:\Work\WellTool\src\WellTool.Core\Getter\OptNullBasicTypeFromObjectGetter.cs(80,12): warning CS0108: 鈥淥ptNullBasicTypeFromObjectGetter<K>.GetFloat(K, float?)鈥濋殣钘忕户鎵跨殑鎴愬憳鈥淥ptBasicTypeGetter<K>.GetFloat(K, float?)鈥濄€傚鏋滄槸鏈夋剰闅愯棌锛岃浣跨敤鍏抽敭瀛?new銆?[d:\Work\WellTool\src\WellTool.Core\WellTool.Core.csproj::TargetFramework=net6.0]
d:\Work\WellTool\src\WellTool.Core\Getter\OptNullBasicTypeFromObjectGetter.cs(88,13): warning CS0108: 鈥淥ptNullBasicTypeFromObjectGetter<K>.GetDouble(K, double?)鈥濋殣钘忕户鎵跨殑鎴愬憳鈥淥ptBasicTypeGetter<K>.GetDouble(K, double?)鈥濄€傚鏋滄槸鏈夋剰闅愯棌锛岃浣跨敤鍏抽敭瀛?new銆?[d:\Work\WellTool\src\WellTool.Core\WellTool.Core.csproj::TargetFramework=net6.0]
d:\Work\WellTool\src\WellTool.Core\Getter\OptNullBasicTypeFromObjectGetter.cs(96,11): warning CS0108: 鈥淥ptNullBasicTypeFromObjectGetter<K>.GetByte(K, byte?)鈥濋殣钘忕户鎵跨殑鎴愬憳鈥淥ptBasicTypeGetter<K>.GetByte(K, byte?)鈥濄€傚鏋滄槸鏈夋剰闅愯棌锛岃浣跨敤鍏抽敭瀛?new銆?[d:\Work\WellTool\src\WellTool.Core\WellTool.Core.csproj::TargetFramework=net6.0]
d:\Work\WellTool\src\WellTool.Core\Getter\OptNullBasicTypeFromObjectGetter.cs(104,14): warning CS0108: 鈥淥ptNullBasicTypeFromObjectGetter<K>.GetBigDecimal(K, decimal?)鈥濋殣钘忕户鎵跨殑鎴愬憳鈥淥ptBasicTypeGetter<K>.GetBigDecimal(K, decimal?)鈥濄€傚鏋滄槸鏈夋剰闅愯棌锛岃浣跨敤鍏抽敭瀛?new銆?[d:\Work\WellTool\src\WellTool.Core\WellTool.Core.csproj::TargetFramework=net6.0]
d:\Work\WellTool\src\WellTool.Core\Getter\OptNullBasicTypeFromObjectGetter.cs(112,17): warning CS0108: 鈥淥ptNullBasicTypeFromObjectGetter<K>.GetBigInteger(K, BigInteger?)鈥濋殣钘忕户鎵跨殑鎴愬憳鈥淥ptBasicTypeGetter<K>.GetBigInteger(K, BigInteger?)鈥濄€傚鏋滄槸鏈夋剰闅愯棌锛岃浣跨敤鍏抽敭瀛?new銆?[d:\Work\WellTool\src\WellTool.Core\WellTool.Core.csproj::TargetFramework=net6.0]
d:\Work\WellTool\src\WellTool.Core\Getter\OptNullBasicTypeFromObjectGetter.cs(122,8): warning CS0108: 鈥淥ptNullBasicTypeFromObjectGetter<K>.GetEnum<E>(Type, K, E?)鈥濋殣钘忕户鎵跨殑鎴愬憳鈥淥ptBasicTypeGetter<K>.GetEnum<E>(Type, K, E?)鈥濄€傚鏋滄槸鏈夋剰闅愯棌锛岃浣跨敤鍏抽敭瀛?new銆?[d:\Work\WellTool\src\WellTool.Core\WellTool.Core.csproj::TargetFramework=net6.0]
d:\Work\WellTool\src\WellTool.Core\Getter\OptNullBasicTypeFromObjectGetter.cs(130,15): warning CS0108: 鈥淥ptNullBasicTypeFromObjectGetter<K>.GetDate(K, DateTime?)鈥濋殣钘忕户鎵跨殑鎴愬憳鈥淥ptBasicTypeGetter<K>.GetDate(K, DateTime?)鈥濄€傚鏋滄槸鏈夋剰闅愯棌锛岃浣跨敤鍏抽敭瀛?new銆?[d:\Work\WellTool\src\WellTool.Core\WellTool.Core.csproj::TargetFramework=net6.0]
d:\Work\WellTool\src\WellTool.Core\Getter\OptNullBasicTypeFromStringGetter.cs(31,13): warning CS0108: 鈥淥ptNullBasicTypeFromStringGetter<K>.GetObj(K, object?)鈥濋殣钘忕户鎵跨殑鎴愬憳鈥淥ptBasicTypeGetter<K>.GetObj(K, object?)鈥濄€傚鏋滄槸鏈夋剰闅愯棌锛岃浣跨敤鍏抽敭瀛?new銆?[d:\Work\WellTool\src\WellTool.Core\WellTool.Core.csproj::TargetFramework=net6.0]
d:\Work\WellTool\src\WellTool.Core\Getter\OptNullBasicTypeFromStringGetter.cs(39,10): warning CS0108: 鈥淥ptNullBasicTypeFromStringGetter<K>.GetInt(K, int?)鈥濋殣钘忕户鎵跨殑鎴愬憳鈥淥ptBasicTypeGetter<K>.GetInt(K, int?)鈥濄€傚鏋滄槸鏈夋剰闅愯棌锛岃浣跨敤鍏抽敭瀛?new銆?[d:\Work\WellTool\src\WellTool.Core\WellTool.Core.csproj::TargetFramework=net6.0]
d:\Work\WellTool\src\WellTool.Core\Getter\OptNullBasicTypeFromStringGetter.cs(47,12): warning CS0108: 鈥淥ptNullBasicTypeFromStringGetter<K>.GetShort(K, short?)鈥濋殣钘忕户鎵跨殑鎴愬憳鈥淥ptBasicTypeGetter<K>.GetShort(K, short?)鈥濄€傚鏋滄槸鏈夋剰闅愯棌锛岃浣跨敤鍏抽敭瀛?new銆?[d:\Work\WellTool\src\WellTool.Core\WellTool.Core.csproj::TargetFramework=net6.0]
d:\Work\WellTool\src\WellTool.Core\Getter\OptNullBasicTypeFromStringGetter.cs(55,11): warning CS0108: 鈥淥ptNullBasicTypeFromStringGetter<K>.GetBool(K, bool?)鈥濋殣钘忕户鎵跨殑鎴愬憳鈥淥ptBasicTypeGetter<K>.GetBool(K, bool?)鈥濄€傚鏋滄槸鏈夋剰闅愯棌锛岃浣跨敤鍏抽敭瀛?new銆?[d:\Work\WellTool\src\WellTool.Core\WellTool.Core.csproj::TargetFramework=net6.0]
d:\Work\WellTool\src\WellTool.Core\Getter\OptNullBasicTypeFromStringGetter.cs(63,11): warning CS0108: 鈥淥ptNullBasicTypeFromStringGetter<K>.GetLong(K, long?)鈥濋殣钘忕户鎵跨殑鎴愬憳鈥淥ptBasicTypeGetter<K>.GetLong(K, long?)鈥濄€傚鏋滄槸鏈夋剰闅愯棌锛岃浣跨敤鍏抽敭瀛?new銆?[d:\Work\WellTool\src\WellTool.Core\WellTool.Core.csproj::TargetFramework=net6.0]
d:\Work\WellTool\src\WellTool.Core\Getter\OptNullBasicTypeFromStringGetter.cs(71,11): warning CS0108: 鈥淥ptNullBasicTypeFromStringGetter<K>.GetChar(K, char?)鈥濋殣钘忕户鎵跨殑鎴愬憳鈥淥ptBasicTypeGetter<K>.GetChar(K, char?)鈥濄€傚鏋滄槸鏈夋剰闅愯棌锛岃浣跨敤鍏抽敭瀛?new銆?[d:\Work\WellTool\src\WellTool.Core\WellTool.Core.csproj::TargetFramework=net6.0]
d:\Work\WellTool\src\WellTool.Core\Getter\OptNullBasicTypeFromStringGetter.cs(79,12): warning CS0108: 鈥淥ptNullBasicTypeFromStringGetter<K>.GetFloat(K, float?)鈥濋殣钘忕户鎵跨殑鎴愬憳鈥淥ptBasicTypeGetter<K>.GetFloat(K, float?)鈥濄€傚鏋滄槸鏈夋剰闅愯棌锛岃浣跨敤鍏抽敭瀛?new銆?[d:\Work\WellTool\src\WellTool.Core\WellTool.Core.csproj::TargetFramework=net6.0]
d:\Work\WellTool\src\WellTool.Core\Getter\OptNullBasicTypeFromStringGetter.cs(87,13): warning CS0108: 鈥淥ptNullBasicTypeFromStringGetter<K>.GetDouble(K, double?)鈥濋殣钘忕户鎵跨殑鎴愬憳鈥淥ptBasicTypeGetter<K>.GetDouble(K, double?)鈥濄€傚鏋滄槸鏈夋剰闅愯棌锛岃浣跨敤鍏抽敭瀛?new銆?[d:\Work\WellTool\src\WellTool.Core\WellTool.Core.csproj::TargetFramework=net6.0]
d:\Work\WellTool\src\WellTool.Core\Getter\OptNullBasicTypeFromStringGetter.cs(95,11): warning CS0108: 鈥淥ptNullBasicTypeFromStringGetter<K>.GetByte(K, byte?)鈥濋殣钘忕户鎵跨殑鎴愬憳鈥淥ptBasicTypeGetter<K>.GetByte(K, byte?)鈥濄€傚鏋滄槸鏈夋剰闅愯棌锛岃浣跨敤鍏抽敭瀛?new銆?[d:\Work\WellTool\src\WellTool.Core\WellTool.Core.csproj::TargetFramework=net6.0]
d:\Work\WellTool\src\WellTool.Core\Getter\OptNullBasicTypeFromStringGetter.cs(103,14): warning CS0108: 鈥淥ptNullBasicTypeFromStringGetter<K>.GetBigDecimal(K, decimal?)鈥濋殣钘忕户鎵跨殑鎴愬憳鈥淥ptBasicTypeGetter<K>.GetBigDecimal(K, decimal?)鈥濄€傚鏋滄槸鏈夋剰闅愯棌锛岃浣跨敤鍏抽敭瀛?new銆?[d:\Work\WellTool\src\WellTool.Core\WellTool.Core.csproj::TargetFramework=net6.0]
d:\Work\WellTool\src\WellTool.Core\Getter\OptNullBasicTypeFromStringGetter.cs(111,17): warning CS0108: 鈥淥ptNullBasicTypeFromStringGetter<K>.GetBigInteger(K, BigInteger?)鈥濋殣钘忕户鎵跨殑鎴愬憳鈥淥ptBasicTypeGetter<K>.GetBigInteger(K, BigInteger?)鈥濄€傚鏋滄槸鏈夋剰闅愯棌锛岃浣跨敤鍏抽敭瀛?new銆?[d:\Work\WellTool\src\WellTool.Core\WellTool.Core.csproj::TargetFramework=net6.0]
d:\Work\WellTool\src\WellTool.Core\Getter\OptNullBasicTypeFromStringGetter.cs(121,8): warning CS0108: 鈥淥ptNullBasicTypeFromStringGetter<K>.GetEnum<E>(Type, K, E?)鈥濋殣钘忕户鎵跨殑鎴愬憳鈥淥ptBasicTypeGetter<K>.GetEnum<E>(Type, K, E?)鈥濄€傚鏋滄槸鏈夋剰闅愯棌锛岃浣跨敤鍏抽敭瀛?new銆?[d:\Work\WellTool\src\WellTool.Core\WellTool.Core.csproj::TargetFramework=net6.0]
d:\Work\WellTool\src\WellTool.Core\Getter\OptNullBasicTypeFromStringGetter.cs(129,15): warning CS0108: 鈥淥ptNullBasicTypeFromStringGetter<K>.GetDate(K, DateTime?)鈥濋殣钘忕户鎵跨殑鎴愬憳鈥淥ptBasicTypeGetter<K>.GetDate(K, DateTime?)鈥濄€傚鏋滄槸鏈夋剰闅愯棌锛岃浣跨敤鍏抽敭瀛?new銆?[d:\Work\WellTool\src\WellTool.Core\WellTool.Core.csproj::TargetFramework=net6.0]
d:\Work\WellTool\src\WellTool.Core\IO\AppendableWriter.cs(51,30): warning CS8765: 鍙傛暟鈥渧alue鈥濈被鍨嬬殑涓?Null 鎬т笌閲嶅啓鎴愬憳涓嶅尮閰?鍙兘鏄敱浜庝负 Null 鎬х壒鎬?銆?[d:\Work\WellTool\src\WellTool.Core\WellTool.Core.csproj::TargetFramework=net6.0]
d:\Work\WellTool\src\WellTool.Core\IO\AppendableWriter.cs(57,30): warning CS8765: 鍙傛暟鈥渂uffer鈥濈被鍨嬬殑涓?Null 鎬т笌閲嶅啓鎴愬憳涓嶅尮閰?鍙兘鏄敱浜庝负 Null 鎬х壒鎬?銆?[d:\Work\WellTool\src\WellTool.Core\WellTool.Core.csproj::TargetFramework=net6.0]
d:\Work\WellTool\src\WellTool.Core\Collection\RandomAccessAvgPartition.cs(24,17): warning CS0108: 鈥淩andomAccessAvgPartition<T>.IsReadOnly鈥濋殣钘忕户鎵跨殑鎴愬憳鈥淧artition<T>.IsReadOnly鈥濄€傚鏋滄槸鏈夋剰闅愯棌锛岃浣跨敤鍏抽敭瀛?new銆?[d:\Work\WellTool\src\WellTool.Core\WellTool.Core.csproj::TargetFramework=net6.0]
d:\Work\WellTool\src\WellTool.Core\Collection\RandomAccessAvgPartition.cs(25,19): warning CS0108: 鈥淩andomAccessAvgPartition<T>.this[int]鈥濋殣钘忕户鎵跨殑鎴愬憳鈥淧artition<T>.this[int]鈥濄€傚鏋滄槸鏈夋剰闅愯棌锛岃浣跨敤鍏抽敭瀛?new銆?[d:\Work\WellTool\src\WellTool.Core\WellTool.Core.csproj::TargetFramework=net6.0]
d:\Work\WellTool\src\WellTool.Core\Collection\RandomAccessAvgPartition.cs(27,24): warning CS0108: 鈥淩andomAccessAvgPartition<T>.GetEnumerator()鈥濋殣钘忕户鎵跨殑鎴愬憳鈥淧artition<T>.GetEnumerator()鈥濄€傚鏋滄槸鏈夋剰闅愯棌锛岃浣跨敤鍏抽敭瀛?new銆?[d:\Work\WellTool\src\WellTool.Core\WellTool.Core.csproj::TargetFramework=net6.0]
d:\Work\WellTool\src\WellTool.Core\Collection\RandomAccessAvgPartition.cs(29,17): warning CS0108: 鈥淩andomAccessAvgPartition<T>.Clear()鈥濋殣钘忕户鎵跨殑鎴愬憳鈥淧artition<T>.Clear()鈥濄€傚鏋滄槸鏈夋剰闅愯棌锛岃浣跨敤鍏抽敭瀛?new銆?[d:\Work\WellTool\src\WellTool.Core\WellTool.Core.csproj::TargetFramework=net6.0]
d:\Work\WellTool\src\WellTool.Core\Collection\RandomAccessAvgPartition.cs(34,17): warning CS0108: 鈥淩andomAccessAvgPartition<T>.RemoveAt(int)鈥濋殣钘忕户鎵跨殑鎴愬憳鈥淧artition<T>.RemoveAt(int)鈥濄€傚鏋滄槸鏈夋剰闅愯棌锛岃浣跨敤鍏抽敭瀛?new銆?[d:\Work\WellTool\src\WellTool.Core\WellTool.Core.csproj::TargetFramework=net6.0]
d:\Work\WellTool\src\WellTool.Core\Collection\RandomAccessAvgPartition.cs(39,16): warning CS0108: 鈥淩andomAccessAvgPartition<T>.Count鈥濋殣钘忕户鎵跨殑鎴愬憳鈥淧artition<T>.Count鈥濄€傚鏋滄槸鏈夋剰闅愯棌锛岃浣跨敤鍏抽敭瀛?new銆?[d:\Work\WellTool\src\WellTool.Core\WellTool.Core.csproj::TargetFramework=net6.0]
d:\Work\WellTool\src\WellTool.Core\Collection\RandomAccessAvgPartition.cs(28,16): warning CS8767: 鈥渋nt RandomAccessAvgPartition<T>.Add(object value)鈥濈殑鍙傛暟鈥渧alue鈥濈被鍨嬩腑寮曠敤绫诲瀷鐨勪负 Null 鎬т笌闅愬紡瀹炵幇鐨勬垚鍛樷€渋nt IList.Add(object? value)鈥濅笉鍖归厤(鍙兘鏄敱浜庝负 Null 鎬х壒鎬?銆?[d:\Work\WellTool\src\WellTool.Core\WellTool.Core.csproj::TargetFramework=net6.0]
d:\Work\WellTool\src\WellTool.Core\Collection\RandomAccessAvgPartition.cs(30,17): warning CS8767: 鈥渂ool RandomAccessAvgPartition<T>.Contains(object value)鈥濈殑鍙傛暟鈥渧alue鈥濈被鍨嬩腑寮曠敤绫诲瀷鐨勪负 Null 鎬т笌闅愬紡瀹炵幇鐨勬垚鍛樷€渂ool IList.Contains(object? value)鈥濅笉鍖归厤(鍙兘鏄敱浜庝负 Null 鎬х壒鎬?銆?[d:\Work\WellTool\src\WellTool.Core\WellTool.Core.csproj::TargetFramework=net6.0]
d:\Work\WellTool\src\WellTool.Core\Collection\RandomAccessAvgPartition.cs(31,16): warning CS8767: 鈥渋nt RandomAccessAvgPartition<T>.IndexOf(object value)鈥濈殑鍙傛暟鈥渧alue鈥濈被鍨嬩腑寮曠敤绫诲瀷鐨勪负 Null 鎬т笌闅愬紡瀹炵幇鐨勬垚鍛樷€渋nt IList.IndexOf(object? value)鈥濅笉鍖归厤(鍙兘鏄敱浜庝负 Null 鎬х壒鎬?銆?[d:\Work\WellTool\src\WellTool.Core\WellTool.Core.csproj::TargetFramework=net6.0]
d:\Work\WellTool\src\WellTool.Core\Collection\RandomAccessAvgPartition.cs(32,17): warning CS8767: 鈥渧oid RandomAccessAvgPartition<T>.Insert(int index, object value)鈥濈殑鍙傛暟鈥渧alue鈥濈被鍨嬩腑寮曠敤绫诲瀷鐨勪负 Null 鎬т笌闅愬紡瀹炵幇鐨勬垚鍛樷€渧oid IList.Insert(int index, object? value)鈥濅笉鍖归厤(鍙兘鏄敱浜庝负 Null 鎬х壒鎬?銆?[d:\Work\WellTool\src\WellTool.Core\WellTool.Core.csproj::TargetFramework=net6.0]
d:\Work\WellTool\src\WellTool.Core\Collection\RandomAccessAvgPartition.cs(33,17): warning CS8767: 鈥渧oid RandomAccessAvgPartition<T>.Remove(object value)鈥濈殑鍙傛暟鈥渧alue鈥濈被鍨嬩腑寮曠敤绫诲瀷鐨勪负 Null 鎬т笌闅愬紡瀹炵幇鐨勬垚鍛樷€渧oid IList.Remove(object? value)鈥濅笉鍖归厤(鍙兘鏄敱浜庝负 Null 鎬х壒鎬?銆?[d:\Work\WellTool\src\WellTool.Core\WellTool.Core.csproj::TargetFramework=net6.0]
d:\Work\WellTool\src\WellTool.Core\Collection\RandomAccessAvgPartition.cs(25,67): warning CS8767: 鈥渧oid RandomAccessAvgPartition<T>.this[int index].set鈥濈殑鍙傛暟鈥渧alue鈥濈被鍨嬩腑寮曠敤绫诲瀷鐨勪负 Null 鎬т笌闅愬紡瀹炵幇鐨勬垚鍛樷€渧oid IList.this[int index].set鈥濅笉鍖归厤(鍙兘鏄敱浜庝负 Null 鎬х壒鎬?銆?[d:\Work\WellTool\src\WellTool.Core\WellTool.Core.csproj::TargetFramework=net6.0]
d:\Work\WellTool\src\WellTool.Core\Date\TimeZoneUtil.cs(55,83): warning CS8625: 鏃犳硶灏?null 瀛楅潰閲忚浆鎹负闈?null 鐨勫紩鐢ㄧ被鍨嬨€?[d:\Work\WellTool\src\WellTool.Core\WellTool.Core.csproj::TargetFramework=net6.0]
d:\Work\WellTool\src\WellTool.Core\Date\TimeZoneUtil.cs(67,88): warning CS8625: 鏃犳硶灏?null 瀛楅潰閲忚浆鎹负闈?null 鐨勫紩鐢ㄧ被鍨嬨€?[d:\Work\WellTool\src\WellTool.Core\WellTool.Core.csproj::TargetFramework=net6.0]
d:\Work\WellTool\src\WellTool.Core\Date\Format\AbstractDateBasic.cs(54,9): warning CS0618: 鈥淭imeZone鈥濆凡杩囨椂:鈥淪ystem.TimeZone has been deprecated. Investigate the use of System.TimeZoneInfo instead.鈥?[d:\Work\WellTool\src\WellTool.Core\WellTool.Core.csproj::TargetFramework=net6.0]
d:\Work\WellTool\src\WellTool.Core\Date\Format\DateBasic.cs(21,2): warning CS0618: 鈥淭imeZone鈥濆凡杩囨椂:鈥淪ystem.TimeZone has been deprecated. Investigate the use of System.TimeZoneInfo instead.鈥?[d:\Work\WellTool\src\WellTool.Core\WellTool.Core.csproj::TargetFramework=net6.0]
d:\Work\WellTool\src\WellTool.Core\Date\Format\AbstractDateBasic.cs(65,23): warning CS8765: 鍙傛暟鈥渙bj鈥濈被鍨嬬殑涓?Null 鎬т笌閲嶅啓鎴愬憳涓嶅尮閰?鍙兘鏄敱浜庝负 Null 鎬х壒鎬?銆?[d:\Work\WellTool\src\WellTool.Core\WellTool.Core.csproj::TargetFramework=net6.0]
d:\Work\WellTool\src\WellTool.Core\Date\Format\AbstractDateBasic.cs(24,21): warning CS0618: 鈥淭imeZone鈥濆凡杩囨椂:鈥淪ystem.TimeZone has been deprecated. Investigate the use of System.TimeZoneInfo instead.鈥?[d:\Work\WellTool\src\WellTool.Core\WellTool.Core.csproj::TargetFramework=net6.0]
d:\Work\WellTool\src\WellTool.Core\Date\Format\AbstractDateBasic.cs(37,46): warning CS0618: 鈥淭imeZone鈥濆凡杩囨椂:鈥淪ystem.TimeZone has been deprecated. Investigate the use of System.TimeZoneInfo instead.鈥?[d:\Work\WellTool\src\WellTool.Core\WellTool.Core.csproj::TargetFramework=net6.0]
d:\Work\WellTool\src\WellTool.Core\Map\CustomKeyMap.cs(8,14): warning CS8714: 绫诲瀷鈥淜鈥濅笉鑳界敤浣滄硾鍨嬬被鍨嬫垨鏂规硶鈥淒ictionary<TKey, TValue>鈥濅腑鐨勭被鍨嬪弬鏁扳€淭Key鈥濄€傜被鍨嬪弬鏁扳€淜鈥濈殑涓?Null 鎬т笌 "notnull" 绾︽潫涓嶅尮閰嶃€?[d:\Work\WellTool\src\WellTool.Core\WellTool.Core.csproj::TargetFramework=net6.0]
d:\Work\WellTool\src\WellTool.Core\Lang\ClassScanner.cs(27,82): warning CS8625: 鏃犳硶灏?null 瀛楅潰閲忚浆鎹负闈?null 鐨勫紩鐢ㄧ被鍨嬨€?[d:\Work\WellTool\src\WellTool.Core\WellTool.Core.csproj::TargetFramework=net6.0]
d:\Work\WellTool\src\WellTool.Core\Thread\AsyncUtil.cs(165,89): warning CS8601: 鍙兘鐨?null 寮曠敤璧嬪€笺€?[d:\Work\WellTool\src\WellTool.Core\WellTool.Core.csproj::TargetFramework=net6.0]
d:\Work\WellTool\src\WellTool.Core\Text\CharPool.cs(160,23): warning CS0108: 鈥淐harPool.Equals鈥濋殣钘忕户鎵跨殑鎴愬憳鈥渙bject.Equals(object?)鈥濄€傚鏋滄槸鏈夋剰闅愯棌锛岃浣跨敤鍏抽敭瀛?new銆?[d:\Work\WellTool\src\WellTool.Core\WellTool.Core.csproj::TargetFramework=net6.0]
d:\Work\WellTool\src\WellTool.Core\Collection\RandomAccessPartition.cs(24,17): warning CS0108: 鈥淩andomAccessPartition<T>.IsReadOnly鈥濋殣钘忕户鎵跨殑鎴愬憳鈥淧artition<T>.IsReadOnly鈥濄€傚鏋滄槸鏈夋剰闅愯棌锛岃浣跨敤鍏抽敭瀛?new銆?[d:\Work\WellTool\src\WellTool.Core\WellTool.Core.csproj::TargetFramework=net6.0]
d:\Work\WellTool\src\WellTool.Core\Collection\RandomAccessPartition.cs(25,19): warning CS0108: 鈥淩andomAccessPartition<T>.this[int]鈥濋殣钘忕户鎵跨殑鎴愬憳鈥淧artition<T>.this[int]鈥濄€傚鏋滄槸鏈夋剰闅愯棌锛岃浣跨敤鍏抽敭瀛?new銆?[d:\Work\WellTool\src\WellTool.Core\WellTool.Core.csproj::TargetFramework=net6.0]
d:\Work\WellTool\src\WellTool.Core\Collection\RandomAccessPartition.cs(27,24): warning CS0108: 鈥淩andomAccessPartition<T>.GetEnumerator()鈥濋殣钘忕户鎵跨殑鎴愬憳鈥淧artition<T>.GetEnumerator()鈥濄€傚鏋滄槸鏈夋剰闅愯棌锛岃浣跨敤鍏抽敭瀛?new銆?[d:\Work\WellTool\src\WellTool.Core\WellTool.Core.csproj::TargetFramework=net6.0]
d:\Work\WellTool\src\WellTool.Core\Collection\RandomAccessPartition.cs(29,17): warning CS0108: 鈥淩andomAccessPartition<T>.Clear()鈥濋殣钘忕户鎵跨殑鎴愬憳鈥淧artition<T>.Clear()鈥濄€傚鏋滄槸鏈夋剰闅愯棌锛岃浣跨敤鍏抽敭瀛?new銆?[d:\Work\WellTool\src\WellTool.Core\WellTool.Core.csproj::TargetFramework=net6.0]
d:\Work\WellTool\src\WellTool.Core\Collection\RandomAccessPartition.cs(34,17): warning CS0108: 鈥淩andomAccessPartition<T>.RemoveAt(int)鈥濋殣钘忕户鎵跨殑鎴愬憳鈥淧artition<T>.RemoveAt(int)鈥濄€傚鏋滄槸鏈夋剰闅愯棌锛岃浣跨敤鍏抽敭瀛?new銆?[d:\Work\WellTool\src\WellTool.Core\WellTool.Core.csproj::TargetFramework=net6.0]
d:\Work\WellTool\src\WellTool.Core\Collection\RandomAccessPartition.cs(28,16): warning CS8767: 鈥渋nt RandomAccessPartition<T>.Add(object value)鈥濈殑鍙傛暟鈥渧alue鈥濈被鍨嬩腑寮曠敤绫诲瀷鐨勪负 Null 鎬т笌闅愬紡瀹炵幇鐨勬垚鍛樷€渋nt IList.Add(object? value)鈥濅笉鍖归厤(鍙兘鏄敱浜庝负 Null 鎬х壒鎬?銆?[d:\Work\WellTool\src\WellTool.Core\WellTool.Core.csproj::TargetFramework=net6.0]
d:\Work\WellTool\src\WellTool.Core\Collection\RandomAccessPartition.cs(30,17): warning CS8767: 鈥渂ool RandomAccessPartition<T>.Contains(object value)鈥濈殑鍙傛暟鈥渧alue鈥濈被鍨嬩腑寮曠敤绫诲瀷鐨勪负 Null 鎬т笌闅愬紡瀹炵幇鐨勬垚鍛樷€渂ool IList.Contains(object? value)鈥濅笉鍖归厤(鍙兘鏄敱浜庝负 Null 鎬х壒鎬?銆?[d:\Work\WellTool\src\WellTool.Core\WellTool.Core.csproj::TargetFramework=net6.0]
d:\Work\WellTool\src\WellTool.Core\Collection\RandomAccessPartition.cs(31,16): warning CS8767: 鈥渋nt RandomAccessPartition<T>.IndexOf(object value)鈥濈殑鍙傛暟鈥渧alue鈥濈被鍨嬩腑寮曠敤绫诲瀷鐨勪负 Null 鎬т笌闅愬紡瀹炵幇鐨勬垚鍛樷€渋nt IList.IndexOf(object? value)鈥濅笉鍖归厤(鍙兘鏄敱浜庝负 Null 鎬х壒鎬?銆?[d:\Work\WellTool\src\WellTool.Core\WellTool.Core.csproj::TargetFramework=net6.0]
d:\Work\WellTool\src\WellTool.Core\Collection\RandomAccessPartition.cs(32,17): warning CS8767: 鈥渧oid RandomAccessPartition<T>.Insert(int index, object value)鈥濈殑鍙傛暟鈥渧alue鈥濈被鍨嬩腑寮曠敤绫诲瀷鐨勪负 Null 鎬т笌闅愬紡瀹炵幇鐨勬垚鍛樷€渧oid IList.Insert(int index, object? value)鈥濅笉鍖归厤(鍙兘鏄敱浜庝负 Null 鎬х壒鎬?銆?[d:\Work\WellTool\src\WellTool.Core\WellTool.Core.csproj::TargetFramework=net6.0]
d:\Work\WellTool\src\WellTool.Core\Collection\RandomAccessPartition.cs(33,17): warning CS8767: 鈥渧oid RandomAccessPartition<T>.Remove(object value)鈥濈殑鍙傛暟鈥渧alue鈥濈被鍨嬩腑寮曠敤绫诲瀷鐨勪负 Null 鎬т笌闅愬紡瀹炵幇鐨勬垚鍛樷€渧oid IList.Remove(object? value)鈥濅笉鍖归厤(鍙兘鏄敱浜庝负 Null 鎬х壒鎬?銆?[d:\Work\WellTool\src\WellTool.Core\WellTool.Core.csproj::TargetFramework=net6.0]
d:\Work\WellTool\src\WellTool.Core\Collection\RandomAccessPartition.cs(25,67): warning CS8767: 鈥渧oid RandomAccessPartition<T>.this[int index].set鈥濈殑鍙傛暟鈥渧alue鈥濈被鍨嬩腑寮曠敤绫诲瀷鐨勪负 Null 鎬т笌闅愬紡瀹炵幇鐨勬垚鍛樷€渧oid IList.this[int index].set鈥濅笉鍖归厤(鍙兘鏄敱浜庝负 Null 鎬х壒鎬?銆?[d:\Work\WellTool\src\WellTool.Core\WellTool.Core.csproj::TargetFramework=net6.0]
d:\Work\WellTool\src\WellTool.Core\Collection\UniqueKeySet.cs(13,39): warning CS8714: 绫诲瀷鈥淜鈥濅笉鑳界敤浣滄硾鍨嬬被鍨嬫垨鏂规硶鈥淒ictionary<TKey, TValue>鈥濅腑鐨勭被鍨嬪弬鏁扳€淭Key鈥濄€傜被鍨嬪弬鏁扳€淜鈥濈殑涓?Null 鎬т笌 "notnull" 绾︽潫涓嶅尮閰嶃€?[d:\Work\WellTool\src\WellTool.Core\WellTool.Core.csproj::TargetFramework=net6.0]
d:\Work\WellTool\src\WellTool.Core\Date\Format\FastDateFormat.cs(74,59): warning CS0618: 鈥淭imeZone鈥濆凡杩囨椂:鈥淪ystem.TimeZone has been deprecated. Investigate the use of System.TimeZoneInfo instead.鈥?[d:\Work\WellTool\src\WellTool.Core\WellTool.Core.csproj::TargetFramework=net6.0]
d:\Work\WellTool\src\WellTool.Core\Date\Format\FastDateFormat.cs(97,59): warning CS0618: 鈥淭imeZone鈥濆凡杩囨椂:鈥淪ystem.TimeZone has been deprecated. Investigate the use of System.TimeZoneInfo instead.鈥?[d:\Work\WellTool\src\WellTool.Core\WellTool.Core.csproj::TargetFramework=net6.0]
d:\Work\WellTool\src\WellTool.Core\Date\Format\FastDateFormat.cs(129,58): warning CS0618: 鈥淭imeZone鈥濆凡杩囨椂:鈥淪ystem.TimeZone has been deprecated. Investigate the use of System.TimeZoneInfo instead.鈥?[d:\Work\WellTool\src\WellTool.Core\WellTool.Core.csproj::TargetFramework=net6.0]
d:\Work\WellTool\src\WellTool.Core\Date\Format\FastDateFormat.cs(141,58): warning CS0618: 鈥淭imeZone鈥濆凡杩囨椂:鈥淪ystem.TimeZone has been deprecated. Investigate the use of System.TimeZoneInfo instead.鈥?[d:\Work\WellTool\src\WellTool.Core\WellTool.Core.csproj::TargetFramework=net6.0]
d:\Work\WellTool\src\WellTool.Core\Date\Format\FastDateFormat.cs(173,58): warning CS0618: 鈥淭imeZone鈥濆凡杩囨椂:鈥淪ystem.TimeZone has been deprecated. Investigate the use of System.TimeZoneInfo instead.鈥?[d:\Work\WellTool\src\WellTool.Core\WellTool.Core.csproj::TargetFramework=net6.0]
d:\Work\WellTool\src\WellTool.Core\Date\Format\FastDateFormat.cs(185,58): warning CS0618: 鈥淭imeZone鈥濆凡杩囨椂:鈥淪ystem.TimeZone has been deprecated. Investigate the use of System.TimeZoneInfo instead.鈥?[d:\Work\WellTool\src\WellTool.Core\WellTool.Core.csproj::TargetFramework=net6.0]
d:\Work\WellTool\src\WellTool.Core\Date\Format\FastDateFormat.cs(220,81): warning CS0618: 鈥淭imeZone鈥濆凡杩囨椂:鈥淪ystem.TimeZone has been deprecated. Investigate the use of System.TimeZoneInfo instead.鈥?[d:\Work\WellTool\src\WellTool.Core\WellTool.Core.csproj::TargetFramework=net6.0]
d:\Work\WellTool\src\WellTool.Core\Date\Format\FastDateFormat.cs(233,81): warning CS0618: 鈥淭imeZone鈥濆凡杩囨椂:鈥淪ystem.TimeZone has been deprecated. Investigate the use of System.TimeZoneInfo instead.鈥?[d:\Work\WellTool\src\WellTool.Core\WellTool.Core.csproj::TargetFramework=net6.0]
d:\Work\WellTool\src\WellTool.Core\Date\Format\FastDateFormat.cs(399,9): warning CS0618: 鈥淭imeZone鈥濆凡杩囨椂:鈥淪ystem.TimeZone has been deprecated. Investigate the use of System.TimeZoneInfo instead.鈥?[d:\Work\WellTool\src\WellTool.Core\WellTool.Core.csproj::TargetFramework=net6.0]
d:\Work\WellTool\src\WellTool.Core\Map\ForestMap.cs(13,46): warning CS8714: 绫诲瀷鈥淜鈥濅笉鑳界敤浣滄硾鍨嬬被鍨嬫垨鏂规硶鈥淒ictionary<TKey, TValue>鈥濅腑鐨勭被鍨嬪弬鏁扳€淭Key鈥濄€傜被鍨嬪弬鏁扳€淜鈥濈殑涓?Null 鎬т笌 "notnull" 绾︽潫涓嶅尮閰嶃€?[d:\Work\WellTool\src\WellTool.Core\WellTool.Core.csproj::TargetFramework=net6.0]
d:\Work\WellTool\src\WellTool.Core\Map\ForestMap.cs(77,55): warning CS8601: 鍙兘鐨?null 寮曠敤璧嬪€笺€?[d:\Work\WellTool\src\WellTool.Core\WellTool.Core.csproj::TargetFramework=net6.0]
d:\Work\WellTool\src\WellTool.Core\Date\Format\FastDateFormat.cs(394,16): warning CS0108: 鈥淔astDateFormat.GetPattern()鈥濋殣钘忕户鎵跨殑鎴愬憳鈥淎bstractDateBasic.GetPattern()鈥濄€傚鏋滄槸鏈夋剰闅愯棌锛岃浣跨敤鍏抽敭瀛?new銆?[d:\Work\WellTool\src\WellTool.Core\WellTool.Core.csproj::TargetFramework=net6.0]
d:\Work\WellTool\src\WellTool.Core\Date\Format\FastDateFormat.cs(399,24): warning CS0108: 鈥淔astDateFormat.GetTimeZone()鈥濋殣钘忕户鎵跨殑鎴愬憳鈥淎bstractDateBasic.GetTimeZone()鈥濄€傚鏋滄槸鏈夋剰闅愯棌锛岃浣跨敤鍏抽敭瀛?new銆?[d:\Work\WellTool\src\WellTool.Core\WellTool.Core.csproj::TargetFramework=net6.0]
d:\Work\WellTool\src\WellTool.Core\Date\Format\FastDateFormat.cs(404,21): warning CS0108: 鈥淔astDateFormat.GetLocale()鈥濋殣钘忕户鎵跨殑鎴愬憳鈥淎bstractDateBasic.GetLocale()鈥濄€傚鏋滄槸鏈夋剰闅愯棌锛岃浣跨敤鍏抽敭瀛?new銆?[d:\Work\WellTool\src\WellTool.Core\WellTool.Core.csproj::TargetFramework=net6.0]
d:\Work\WellTool\src\WellTool.Core\Map\ForestMap.cs(38,40): warning CS8714: 绫诲瀷鈥淜鈥濅笉鑳界敤浣滄硾鍨嬬被鍨嬫垨鏂规硶鈥淒ictionary<TKey, TValue>鈥濅腑鐨勭被鍨嬪弬鏁扳€淭Key鈥濄€傜被鍨嬪弬鏁扳€淜鈥濈殑涓?Null 鎬т笌 "notnull" 绾︽潫涓嶅尮閰嶃€?[d:\Work\WellTool\src\WellTool.Core\WellTool.Core.csproj::TargetFramework=net6.0]
d:\Work\WellTool\src\WellTool.Core\Date\Format\FastDateFormat.cs(244,46): warning CS0618: 鈥淭imeZone鈥濆凡杩囨椂:鈥淪ystem.TimeZone has been deprecated. Investigate the use of System.TimeZoneInfo instead.鈥?[d:\Work\WellTool\src\WellTool.Core\WellTool.Core.csproj::TargetFramework=net6.0]
d:\Work\WellTool\src\WellTool.Core\Map\FixedLinkedHashMap.cs(16,76): warning CS8714: 绫诲瀷鈥淜鈥濅笉鑳界敤浣滄硾鍨嬬被鍨嬫垨鏂规硶鈥淒ictionary<TKey, TValue>鈥濅腑鐨勭被鍨嬪弬鏁扳€淭Key鈥濄€傜被鍨嬪弬鏁扳€淜鈥濈殑涓?Null 鎬т笌 "notnull" 绾︽潫涓嶅尮閰嶃€?[d:\Work\WellTool\src\WellTool.Core\WellTool.Core.csproj::TargetFramework=net6.0]
d:\Work\WellTool\src\WellTool.Core\Date\Format\FormatCache.cs(24,54): warning CS0618: 鈥淭imeZone鈥濆凡杩囨椂:鈥淪ystem.TimeZone has been deprecated. Investigate the use of System.TimeZoneInfo instead.鈥?[d:\Work\WellTool\src\WellTool.Core\WellTool.Core.csproj::TargetFramework=net6.0]
d:\Work\WellTool\src\WellTool.Core\Date\Format\FastDateFormat.cs(40,68): warning CS0618: 鈥淭imeZone鈥濆凡杩囨椂:鈥淪ystem.TimeZone has been deprecated. Investigate the use of System.TimeZoneInfo instead.鈥?[d:\Work\WellTool\src\WellTool.Core\WellTool.Core.csproj::TargetFramework=net6.0]
d:\Work\WellTool\src\WellTool.Core\Map\LinkedForestMap.cs(98,68): warning CS8625: 鏃犳硶灏?null 瀛楅潰閲忚浆鎹负闈?null 鐨勫紩鐢ㄧ被鍨嬨€?[d:\Work\WellTool\src\WellTool.Core\WellTool.Core.csproj::TargetFramework=net6.0]
d:\Work\WellTool\src\WellTool.Core\Map\LinkedForestMap.cs(105,68): warning CS8625: 鏃犳硶灏?null 瀛楅潰閲忚浆鎹负闈?null 鐨勫紩鐢ㄧ被鍨嬨€?[d:\Work\WellTool\src\WellTool.Core\WellTool.Core.csproj::TargetFramework=net6.0]
d:\Work\WellTool\src\WellTool.Core\Date\Format\FastDateParser.cs(36,40): warning CS0618: 鈥淭imeZone鈥濆凡杩囨椂:鈥淪ystem.TimeZone has been deprecated. Investigate the use of System.TimeZoneInfo instead.鈥?[d:\Work\WellTool\src\WellTool.Core\WellTool.Core.csproj::TargetFramework=net6.0]
d:\Work\WellTool\src\WellTool.Core\Util\CollectionUtil.cs(143,48): warning CS8714: 绫诲瀷鈥淭Key鈥濅笉鑳界敤浣滄硾鍨嬬被鍨嬫垨鏂规硶鈥淒ictionary<TKey, TValue>鈥濅腑鐨勭被鍨嬪弬鏁扳€淭Key鈥濄€傜被鍨嬪弬鏁扳€淭Key鈥濈殑涓?Null 鎬т笌 "notnull" 绾︽潫涓嶅尮閰嶃€?[d:\Work\WellTool\src\WellTool.Core\WellTool.Core.csproj::TargetFramework=net6.0]
d:\Work\WellTool\src\WellTool.Core\Util\CollectionUtil.cs(162,48): warning CS8714: 绫诲瀷鈥淭Key鈥濅笉鑳界敤浣滄硾鍨嬬被鍨嬫垨鏂规硶鈥淒ictionary<TKey, TValue>鈥濅腑鐨勭被鍨嬪弬鏁扳€淭Key鈥濄€傜被鍨嬪弬鏁扳€淭Key鈥濈殑涓?Null 鎬т笌 "notnull" 绾︽潫涓嶅尮閰嶃€?[d:\Work\WellTool\src\WellTool.Core\WellTool.Core.csproj::TargetFramework=net6.0]
d:\Work\WellTool\src\WellTool.Core\Text\Csv\CsvReader.cs(20,64): warning CS8625: 鏃犳硶灏?null 瀛楅潰閲忚浆鎹负闈?null 鐨勫紩鐢ㄧ被鍨嬨€?[d:\Work\WellTool\src\WellTool.Core\WellTool.Core.csproj::TargetFramework=net6.0]
d:\Work\WellTool\src\WellTool.Core\Map\FuncMap.cs(13,49): warning CS8714: 绫诲瀷鈥淜鈥濅笉鑳界敤浣滄硾鍨嬬被鍨嬫垨鏂规硶鈥淐oncurrentDictionary<TKey, TValue>鈥濅腑鐨勭被鍨嬪弬鏁扳€淭Key鈥濄€傜被鍨嬪弬鏁扳€淜鈥濈殑涓?Null 鎬т笌 "notnull" 绾︽潫涓嶅尮閰嶃€?[d:\Work\WellTool\src\WellTool.Core\WellTool.Core.csproj::TargetFramework=net6.0]
d:\Work\WellTool\src\WellTool.Core\Map\MapBuilder.cs(181,40): warning CS8714: 绫诲瀷鈥淜鈥濅笉鑳界敤浣滄硾鍨嬬被鍨嬫垨鏂规硶鈥淢apBuilder<K, V>鈥濅腑鐨勭被鍨嬪弬鏁扳€淜鈥濄€傜被鍨嬪弬鏁扳€淜鈥濈殑涓?Null 鎬т笌 "notnull" 绾︽潫涓嶅尮閰嶃€?[d:\Work\WellTool\src\WellTool.Core\WellTool.Core.csproj::TargetFramework=net6.0]
d:\Work\WellTool\src\WellTool.Core\Date\Format\FastDatePrinter.cs(33,41): warning CS0618: 鈥淭imeZone鈥濆凡杩囨椂:鈥淪ystem.TimeZone has been deprecated. Investigate the use of System.TimeZoneInfo instead.鈥?[d:\Work\WellTool\src\WellTool.Core\WellTool.Core.csproj::TargetFramework=net6.0]
d:\Work\WellTool\src\WellTool.Core\Lang\Dict.cs(213,18): warning CS0109: 鎴愬憳鈥淒ict.ContainsKey(object)鈥濅笉浼氶殣钘忓彲璁块棶鎴愬憳銆備笉闇€瑕佸叧閿瓧 new銆?[d:\Work\WellTool\src\WellTool.Core\WellTool.Core.csproj::TargetFramework=net6.0]
d:\Work\WellTool\src\WellTool.Core\IO\FastStringWriter.cs(40,23): warning CS8765: 鍙傛暟鈥渧alue鈥濈被鍨嬬殑涓?Null 鎬т笌閲嶅啓鎴愬憳涓嶅尮閰?鍙兘鏄敱浜庝负 Null 鎬х壒鎬?銆?[d:\Work\WellTool\src\WellTool.Core\WellTool.Core.csproj::TargetFramework=net6.0]
d:\Work\WellTool\src\WellTool.Core\Text\Csv\CsvWriter.cs(19,64): warning CS8625: 鏃犳硶灏?null 瀛楅潰閲忚浆鎹负闈?null 鐨勫紩鐢ㄧ被鍨嬨€?[d:\Work\WellTool\src\WellTool.Core\WellTool.Core.csproj::TargetFramework=net6.0]
d:\Work\WellTool\src\WellTool.Core\Util\CollUtil.cs(26,77): warning CS8601: 鍙兘鐨?null 寮曠敤璧嬪€笺€?[d:\Work\WellTool\src\WellTool.Core\WellTool.Core.csproj::TargetFramework=net6.0]
d:\Work\WellTool\src\WellTool.Core\Date\Format\FastDatePrinter.cs(383,20): warning CS0618: 鈥淭imeZone鈥濆凡杩囨椂:鈥淪ystem.TimeZone has been deprecated. Investigate the use of System.TimeZoneInfo instead.鈥?[d:\Work\WellTool\src\WellTool.Core\WellTool.Core.csproj::TargetFramework=net6.0]
d:\Work\WellTool\src\WellTool.Core\Date\Format\FastDatePrinter.cs(385,23): warning CS0618: 鈥淭imeZone鈥濆凡杩囨椂:鈥淪ystem.TimeZone has been deprecated. Investigate the use of System.TimeZoneInfo instead.鈥?[d:\Work\WellTool\src\WellTool.Core\WellTool.Core.csproj::TargetFramework=net6.0]
d:\Work\WellTool\src\WellTool.Core\Date\Format\FormatCache.cs(51,39): warning CS0618: 鈥淭imeZone鈥濆凡杩囨椂:鈥淪ystem.TimeZone has been deprecated. Investigate the use of System.TimeZoneInfo instead.鈥?[d:\Work\WellTool\src\WellTool.Core\WellTool.Core.csproj::TargetFramework=net6.0]
d:\Work\WellTool\src\WellTool.Core\Date\Format\FormatCache.cs(74,39): warning CS0618: 鈥淭imeZone鈥濆凡杩囨椂:鈥淪ystem.TimeZone has been deprecated. Investigate the use of System.TimeZoneInfo instead.鈥?[d:\Work\WellTool\src\WellTool.Core\WellTool.Core.csproj::TargetFramework=net6.0]
d:\Work\WellTool\src\WellTool.Core\Date\Format\FormatCache.cs(110,38): warning CS0618: 鈥淭imeZone鈥濆凡杩囨椂:鈥淪ystem.TimeZone has been deprecated. Investigate the use of System.TimeZoneInfo instead.鈥?[d:\Work\WellTool\src\WellTool.Core\WellTool.Core.csproj::TargetFramework=net6.0]
d:\Work\WellTool\src\WellTool.Core\Date\Format\FormatCache.cs(122,38): warning CS0618: 鈥淭imeZone鈥濆凡杩囨椂:鈥淪ystem.TimeZone has been deprecated. Investigate the use of System.TimeZoneInfo instead.鈥?[d:\Work\WellTool\src\WellTool.Core\WellTool.Core.csproj::TargetFramework=net6.0]
d:\Work\WellTool\src\WellTool.Core\Date\Format\FormatCache.cs(154,38): warning CS0618: 鈥淭imeZone鈥濆凡杩囨椂:鈥淪ystem.TimeZone has been deprecated. Investigate the use of System.TimeZoneInfo instead.鈥?[d:\Work\WellTool\src\WellTool.Core\WellTool.Core.csproj::TargetFramework=net6.0]
d:\Work\WellTool\src\WellTool.Core\Date\Format\FormatCache.cs(166,38): warning CS0618: 鈥淭imeZone鈥濆凡杩囨椂:鈥淪ystem.TimeZone has been deprecated. Investigate the use of System.TimeZoneInfo instead.鈥?[d:\Work\WellTool\src\WellTool.Core\WellTool.Core.csproj::TargetFramework=net6.0]
d:\Work\WellTool\src\WellTool.Core\Date\Format\FormatCache.cs(201,61): warning CS0618: 鈥淭imeZone鈥濆凡杩囨椂:鈥淪ystem.TimeZone has been deprecated. Investigate the use of System.TimeZoneInfo instead.鈥?[d:\Work\WellTool\src\WellTool.Core\WellTool.Core.csproj::TargetFramework=net6.0]
d:\Work\WellTool\src\WellTool.Core\Date\Format\FormatCache.cs(214,61): warning CS0618: 鈥淭imeZone鈥濆凡杩囨椂:鈥淪ystem.TimeZone has been deprecated. Investigate the use of System.TimeZoneInfo instead.鈥?[d:\Work\WellTool\src\WellTool.Core\WellTool.Core.csproj::TargetFramework=net6.0]
d:\Work\WellTool\src\WellTool.Core\Thread\Lock\SegmentLock.cs(119,45): warning CS0693: 绫诲瀷鍙傛暟鈥淟鈥濅笌澶栭儴绫诲瀷鈥淪egmentLock<L>鈥濅腑鐨勭被鍨嬪弬鏁板悓鍚?[d:\Work\WellTool\src\WellTool.Core\WellTool.Core.csproj::TargetFramework=net6.0]
d:\Work\WellTool\src\WellTool.Core\Thread\Lock\SegmentLock.cs(127,54): warning CS0693: 绫诲瀷鍙傛暟鈥淟鈥濅笌澶栭儴绫诲瀷鈥淪egmentLock<L>鈥濅腑鐨勭被鍨嬪弬鏁板悓鍚?[d:\Work\WellTool\src\WellTool.Core\WellTool.Core.csproj::TargetFramework=net6.0]
d:\Work\WellTool\src\WellTool.Core\Thread\Lock\SegmentLock.cs(181,42): warning CS0693: 绫诲瀷鍙傛暟鈥淟鈥濅笌澶栭儴绫诲瀷鈥淪egmentLock<L>鈥濅腑鐨勭被鍨嬪弬鏁板悓鍚?[d:\Work\WellTool\src\WellTool.Core\WellTool.Core.csproj::TargetFramework=net6.0]
d:\Work\WellTool\src\WellTool.Core\Util\ObjUtil.cs(46,21): warning CS0108: 鈥淥bjUtil.Equals(object, object)鈥濋殣钘忕户鎵跨殑鎴愬憳鈥渙bject.Equals(object?, object?)鈥濄€傚鏋滄槸鏈夋剰闅愯棌锛岃浣跨敤鍏抽敭瀛?new銆?[d:\Work\WellTool\src\WellTool.Core\WellTool.Core.csproj::TargetFramework=net6.0]
d:\Work\WellTool\src\WellTool.Core\Thread\Lock\SegmentLock.cs(218,44): warning CS0693: 绫诲瀷鍙傛暟鈥淟鈥濅笌澶栭儴绫诲瀷鈥淪egmentLock<L>鈥濅腑鐨勭被鍨嬪弬鏁板悓鍚?[d:\Work\WellTool\src\WellTool.Core\WellTool.Core.csproj::TargetFramework=net6.0]
d:\Work\WellTool\src\WellTool.Core\IO\IoUtil.cs(37,76): warning CS8625: 鏃犳硶灏?null 瀛楅潰閲忚浆鎹负闈?null 鐨勫紩鐢ㄧ被鍨嬨€?[d:\Work\WellTool\src\WellTool.Core\WellTool.Core.csproj::TargetFramework=net6.0]
d:\Work\WellTool\src\WellTool.Core\IO\IoUtil.cs(62,87): warning CS8625: 鏃犳硶灏?null 瀛楅潰閲忚浆鎹负闈?null 鐨勫紩鐢ㄧ被鍨嬨€?[d:\Work\WellTool\src\WellTool.Core\WellTool.Core.csproj::TargetFramework=net6.0]
d:\Work\WellTool\src\WellTool.Core\Thread\Lock\SegmentLock.cs(253,44): warning CS0693: 绫诲瀷鍙傛暟鈥淟鈥濅笌澶栭儴绫诲瀷鈥淪egmentLock<L>鈥濅腑鐨勭被鍨嬪弬鏁板悓鍚?[d:\Work\WellTool\src\WellTool.Core\WellTool.Core.csproj::TargetFramework=net6.0]
d:\Work\WellTool\src\WellTool.Core\IO\FileUtil.cs(29,78): warning CS8625: 鏃犳硶灏?null 瀛楅潰閲忚浆鎹负闈?null 鐨勫紩鐢ㄧ被鍨嬨€?[d:\Work\WellTool\src\WellTool.Core\WellTool.Core.csproj::TargetFramework=net6.0]
d:\Work\WellTool\src\WellTool.Core\Stream\CollectorUtil.cs(57,46): warning CS8714: 绫诲瀷鈥淜鈥濅笉鑳界敤浣滄硾鍨嬬被鍨嬫垨鏂规硶鈥淒ictionary<TKey, TValue>鈥濅腑鐨勭被鍨嬪弬鏁扳€淭Key鈥濄€傜被鍨嬪弬鏁扳€淜鈥濈殑涓?Null 鎬т笌 "notnull" 绾︽潫涓嶅尮閰嶃€?[d:\Work\WellTool\src\WellTool.Core\WellTool.Core.csproj::TargetFramework=net6.0]
d:\Work\WellTool\src\WellTool.Core\Stream\CollectorUtil.cs(82,40): warning CS8714: 绫诲瀷鈥淜鈥濅笉鑳界敤浣滄硾鍨嬬被鍨嬫垨鏂规硶鈥淒ictionary<TKey, TValue>鈥濅腑鐨勭被鍨嬪弬鏁扳€淭Key鈥濄€傜被鍨嬪弬鏁扳€淜鈥濈殑涓?Null 鎬т笌 "notnull" 绾︽潫涓嶅尮閰嶃€?[d:\Work\WellTool\src\WellTool.Core\WellTool.Core.csproj::TargetFramework=net6.0]
d:\Work\WellTool\src\WellTool.Core\Stream\CollectorUtil.cs(98,40): warning CS8714: 绫诲瀷鈥淜鈥濅笉鑳界敤浣滄硾鍨嬬被鍨嬫垨鏂规硶鈥淒ictionary<TKey, TValue>鈥濅腑鐨勭被鍨嬪弬鏁扳€淭Key鈥濄€傜被鍨嬪弬鏁扳€淜鈥濈殑涓?Null 鎬т笌 "notnull" 绾︽潫涓嶅尮閰嶃€?[d:\Work\WellTool\src\WellTool.Core\WellTool.Core.csproj::TargetFramework=net6.0]
d:\Work\WellTool\src\WellTool.Core\IO\FileUtil.cs(51,89): warning CS8625: 鏃犳硶灏?null 瀛楅潰閲忚浆鎹负闈?null 鐨勫紩鐢ㄧ被鍨嬨€?[d:\Work\WellTool\src\WellTool.Core\WellTool.Core.csproj::TargetFramework=net6.0]
d:\Work\WellTool\src\WellTool.Core\IO\FileUtil.cs(63,90): warning CS8625: 鏃犳硶灏?null 瀛楅潰閲忚浆鎹负闈?null 鐨勫紩鐢ㄧ被鍨嬨€?[d:\Work\WellTool\src\WellTool.Core\WellTool.Core.csproj::TargetFramework=net6.0]
d:\Work\WellTool\src\WellTool.Core\Map\SafeConcurrentHashMap.cs(10,14): warning CS8714: 绫诲瀷鈥淜鈥濅笉鑳界敤浣滄硾鍨嬬被鍨嬫垨鏂规硶鈥淐oncurrentDictionary<TKey, TValue>鈥濅腑鐨勭被鍨嬪弬鏁扳€淭Key鈥濄€傜被鍨嬪弬鏁扳€淜鈥濈殑涓?Null 鎬т笌 "notnull" 绾︽潫涓嶅尮閰嶃€?[d:\Work\WellTool\src\WellTool.Core\WellTool.Core.csproj::TargetFramework=net6.0]
d:\Work\WellTool\src\WellTool.Core\Text\StrBuilder.cs(100,51): warning CS8625: 鏃犳硶灏?null 瀛楅潰閲忚浆鎹负闈?null 鐨勫紩鐢ㄧ被鍨嬨€?[d:\Work\WellTool\src\WellTool.Core\WellTool.Core.csproj::TargetFramework=net6.0]
d:\Work\WellTool\src\WellTool.Core\Map\SafeConcurrentHashMap.cs(41,18): warning CS0109: 鎴愬憳鈥淪afeConcurrentHashMap<K, V>.ComputeIfAbsent(K, Func<K, V>)鈥濅笉浼氶殣钘忓彲璁块棶鎴愬憳銆備笉闇€瑕佸叧閿瓧 new銆?[d:\Work\WellTool\src\WellTool.Core\WellTool.Core.csproj::TargetFramework=net6.0]
d:\Work\WellTool\src\WellTool.Core\Map\TolerantMap.cs(8,14): warning CS8714: 绫诲瀷鈥淜鈥濅笉鑳界敤浣滄硾鍨嬬被鍨嬫垨鏂规硶鈥淒ictionary<TKey, TValue>鈥濅腑鐨勭被鍨嬪弬鏁扳€淭Key鈥濄€傜被鍨嬪弬鏁扳€淜鈥濈殑涓?Null 鎬т笌 "notnull" 绾︽潫涓嶅尮閰嶃€?[d:\Work\WellTool\src\WellTool.Core\WellTool.Core.csproj::TargetFramework=net6.0]
d:\Work\WellTool\src\WellTool.Core\Map\TolerantMap.cs(44,18): warning CS0109: 鎴愬憳鈥淭olerantMap<K, V>.Get(K)鈥濅笉浼氶殣钘忓彲璁块棶鎴愬憳銆備笉闇€瑕佸叧閿瓧 new銆?[d:\Work\WellTool\src\WellTool.Core\WellTool.Core.csproj::TargetFramework=net6.0]
d:\Work\WellTool\src\WellTool.Core\Map\TransMap.cs(9,18): warning CS8714: 绫诲瀷鈥淭Key鈥濅笉鑳界敤浣滄硾鍨嬬被鍨嬫垨鏂规硶鈥淒ictionary<TKey, TValue>鈥濅腑鐨勭被鍨嬪弬鏁扳€淭Key鈥濄€傜被鍨嬪弬鏁扳€淭Key鈥濈殑涓?Null 鎬т笌 "notnull" 绾︽潫涓嶅尮閰嶃€?[d:\Work\WellTool\src\WellTool.Core\WellTool.Core.csproj::TargetFramework=net6.0]
d:\Work\WellTool\src\WellTool.Core\Util\IOUtil.cs(38,86): warning CS8625: 鏃犳硶灏?null 瀛楅潰閲忚浆鎹负闈?null 鐨勫紩鐢ㄧ被鍨嬨€?[d:\Work\WellTool\src\WellTool.Core\WellTool.Core.csproj::TargetFramework=net6.0]
d:\Work\WellTool\src\WellTool.Core\Util\IOUtil.cs(73,101): warning CS8625: 鏃犳硶灏?null 瀛楅潰閲忚浆鎹负闈?null 鐨勫紩鐢ㄧ被鍨嬨€?[d:\Work\WellTool\src\WellTool.Core\WellTool.Core.csproj::TargetFramework=net6.0]
d:\Work\WellTool\src\WellTool.Core\Util\IOUtil.cs(211,76): warning CS8625: 鏃犳硶灏?null 瀛楅潰閲忚浆鎹负闈?null 鐨勫紩鐢ㄧ被鍨嬨€?[d:\Work\WellTool\src\WellTool.Core\WellTool.Core.csproj::TargetFramework=net6.0]
d:\Work\WellTool\src\WellTool.Core\Util\IOUtil.cs(243,91): warning CS8625: 鏃犳硶灏?null 瀛楅潰閲忚浆鎹负闈?null 鐨勫紩鐢ㄧ被鍨嬨€?[d:\Work\WellTool\src\WellTool.Core\WellTool.Core.csproj::TargetFramework=net6.0]
d:\Work\WellTool\src\WellTool.Core\Util\IOUtil.cs(265,92): warning CS8625: 鏃犳硶灏?null 瀛楅潰閲忚浆鎹负闈?null 鐨勫紩鐢ㄧ被鍨嬨€?[d:\Work\WellTool\src\WellTool.Core\WellTool.Core.csproj::TargetFramework=net6.0]
d:\Work\WellTool\src\WellTool.Core\Util\ObjectUtil.cs(50,21): warning CS0108: 鈥淥bjectUtil.Equals(object, object)鈥濋殣钘忕户鎵跨殑鎴愬憳鈥渙bject.Equals(object?, object?)鈥濄€傚鏋滄槸鏈夋剰闅愯棌锛岃浣跨敤鍏抽敭瀛?new銆?[d:\Work\WellTool\src\WellTool.Core\WellTool.Core.csproj::TargetFramework=net6.0]
d:\Work\WellTool\src\WellTool.Core\Text\StrPool.cs(165,25): warning CS0108: 鈥淪trPool.Equals鈥濋殣钘忕户鎵跨殑鎴愬憳鈥渙bject.Equals(object?)鈥濄€傚鏋滄槸鏈夋剰闅愯棌锛岃浣跨敤鍏抽敭瀛?new銆?[d:\Work\WellTool\src\WellTool.Core\WellTool.Core.csproj::TargetFramework=net6.0]
d:\Work\WellTool\src\WellTool.Core\Util\IterUtil.cs(20,48): warning CS8714: 绫诲瀷鈥淭Key鈥濅笉鑳界敤浣滄硾鍨嬬被鍨嬫垨鏂规硶鈥淒ictionary<TKey, TValue>鈥濅腑鐨勭被鍨嬪弬鏁扳€淭Key鈥濄€傜被鍨嬪弬鏁扳€淭Key鈥濈殑涓?Null 鎬т笌 "notnull" 绾︽潫涓嶅尮閰嶃€?[d:\Work\WellTool\src\WellTool.Core\WellTool.Core.csproj::TargetFramework=net6.0]
d:\Work\WellTool\src\WellTool.Core\IO\Unit\DataSize.cs(298,30): warning CS8765: 鍙傛暟鈥渙bj鈥濈被鍨嬬殑涓?Null 鎬т笌閲嶅啓鎴愬憳涓嶅尮閰?鍙兘鏄敱浜庝负 Null 鎬х壒鎬?銆?[d:\Work\WellTool\src\WellTool.Core\WellTool.Core.csproj::TargetFramework=net6.0]
d:\Work\WellTool\src\WellTool.Core\IO\Unit\DataSize.cs(279,20): warning CS8767: 鈥渋nt DataSize.CompareTo(DataSize other)鈥濈殑鍙傛暟鈥渙ther鈥濈被鍨嬩腑寮曠敤绫诲瀷鐨勪负 Null 鎬т笌闅愬紡瀹炵幇鐨勬垚鍛樷€渋nt IComparable<DataSize>.CompareTo(DataSize? other)鈥濅笉鍖归厤(鍙兘鏄敱浜庝负 Null 鎬х壒鎬?銆?[d:\Work\WellTool\src\WellTool.Core\WellTool.Core.csproj::TargetFramework=net6.0]
d:\Work\WellTool\src\WellTool.Core\Map\Multi\AbsTable.cs(25,15): warning CS0114: 鈥淎bsTable<R, C, V>.Equals(object)鈥濋殣钘忕户鎵跨殑鎴愬憳鈥渙bject.Equals(object?)鈥濄€傝嫢瑕佷娇褰撳墠鎴愬憳閲嶅啓璇ュ疄鐜帮紝璇锋坊鍔犲叧閿瓧 override銆傚惁鍒欙紝娣诲姞鍏抽敭瀛?new銆?[d:\Work\WellTool\src\WellTool.Core\WellTool.Core.csproj::TargetFramework=net6.0]
d:\Work\WellTool\src\WellTool.Core\Map\Multi\AbsTable.cs(41,14): warning CS0114: 鈥淎bsTable<R, C, V>.GetHashCode()鈥濋殣钘忕户鎵跨殑鎴愬憳鈥渙bject.GetHashCode()鈥濄€傝嫢瑕佷娇褰撳墠鎴愬憳閲嶅啓璇ュ疄鐜帮紝璇锋坊鍔犲叧閿瓧 override銆傚惁鍒欙紝娣诲姞鍏抽敭瀛?new銆?[d:\Work\WellTool\src\WellTool.Core\WellTool.Core.csproj::TargetFramework=net6.0]
d:\Work\WellTool\src\WellTool.Core\Map\Multi\AbsTable.cs(46,17): warning CS0114: 鈥淎bsTable<R, C, V>.ToString()鈥濋殣钘忕户鎵跨殑鎴愬憳鈥渙bject.ToString()鈥濄€傝嫢瑕佷娇褰撳墠鎴愬憳閲嶅啓璇ュ疄鐜帮紝璇锋坊鍔犲叧閿瓧 override銆傚惁鍒欙紝娣诲姞鍏抽敭瀛?new銆?[d:\Work\WellTool\src\WellTool.Core\WellTool.Core.csproj::TargetFramework=net6.0]
d:\Work\WellTool\src\WellTool.Core\Map\TransMap.cs(37,70): warning CS8601: 鍙兘鐨?null 寮曠敤璧嬪€笺€?[d:\Work\WellTool\src\WellTool.Core\WellTool.Core.csproj::TargetFramework=net6.0]
d:\Work\WellTool\src\WellTool.Core\Lang\Func\Func.cs(416,85): warning CS8601: 鍙兘鐨?null 寮曠敤璧嬪€笺€?[d:\Work\WellTool\src\WellTool.Core\WellTool.Core.csproj::TargetFramework=net6.0]
d:\Work\WellTool\src\WellTool.Core\Lang\Func\Func.cs(460,69): error CS0305: 浣跨敤娉涘瀷 绫诲瀷鈥淪upplier3<T1, T2, T3>鈥濋渶瑕?3 涓被鍨嬪弬鏁?[d:\Work\WellTool\src\WellTool.Core\WellTool.Core.csproj::TargetFramework=net6.0]
d:\Work\WellTool\src\WellTool.Core\Lang\Func\Func.cs(474,73): error CS0305: 浣跨敤娉涘瀷 绫诲瀷鈥淪upplier4<T1, T2, T3, T4>鈥濋渶瑕?4 涓被鍨嬪弬鏁?[d:\Work\WellTool\src\WellTool.Core\WellTool.Core.csproj::TargetFramework=net6.0]
d:\Work\WellTool\src\WellTool.Core\Lang\Func\Func.cs(488,77): error CS0305: 浣跨敤娉涘瀷 绫诲瀷鈥淪upplier5<T1, T2, T3, T4, T5>鈥濋渶瑕?5 涓被鍨嬪弬鏁?[d:\Work\WellTool\src\WellTool.Core\WellTool.Core.csproj::TargetFramework=net6.0]
d:\Work\WellTool\src\WellTool.Core\IO\NullOutputStream.cs(27,49): warning CS0108: 鈥淣ullOutputStream.Null鈥濋殣钘忕户鎵跨殑鎴愬憳鈥淪tream.Null鈥濄€傚鏋滄槸鏈夋剰闅愯棌锛岃浣跨敤鍏抽敭瀛?new銆?[d:\Work\WellTool\src\WellTool.Core\WellTool.Core.csproj::TargetFramework=net6.0]
d:\Work\WellTool\src\WellTool.Core\Text\Csv\CsvUtil.cs(36,74): warning CS8625: 鏃犳硶灏?null 瀛楅潰閲忚浆鎹负闈?null 鐨勫紩鐢ㄧ被鍨嬨€?[d:\Work\WellTool\src\WellTool.Core\WellTool.Core.csproj::TargetFramework=net6.0]
d:\Work\WellTool\src\WellTool.Core\Text\Csv\CsvUtil.cs(92,92): warning CS8625: 鏃犳硶灏?null 瀛楅潰閲忚浆鎹负闈?null 鐨勫紩鐢ㄧ被鍨嬨€?[d:\Work\WellTool\src\WellTool.Core\WellTool.Core.csproj::TargetFramework=net6.0]
d:\Work\WellTool\src\WellTool.Core\Map\Multi\AbsTable.cs(337,28): warning CS0693: 绫诲瀷鍙傛暟鈥淩鈥濅笌澶栭儴绫诲瀷鈥淎bsTable<R, C, V>鈥濅腑鐨勭被鍨嬪弬鏁板悓鍚?[d:\Work\WellTool\src\WellTool.Core\WellTool.Core.csproj::TargetFramework=net6.0]
d:\Work\WellTool\src\WellTool.Core\Map\Multi\AbsTable.cs(337,31): warning CS0693: 绫诲瀷鍙傛暟鈥淐鈥濅笌澶栭儴绫诲瀷鈥淎bsTable<R, C, V>鈥濅腑鐨勭被鍨嬪弬鏁板悓鍚?[d:\Work\WellTool\src\WellTool.Core\WellTool.Core.csproj::TargetFramework=net6.0]
d:\Work\WellTool\src\WellTool.Core\Map\Multi\AbsTable.cs(337,34): warning CS0693: 绫诲瀷鍙傛暟鈥淰鈥濅笌澶栭儴绫诲瀷鈥淎bsTable<R, C, V>鈥濅腑鐨勭被鍨嬪弬鏁板悓鍚?[d:\Work\WellTool\src\WellTool.Core\WellTool.Core.csproj::TargetFramework=net6.0]
d:\Work\WellTool\src\WellTool.Core\IO\File\PathUtil.cs(46,95): warning CS8625: 鏃犳硶灏?null 瀛楅潰閲忚浆鎹负闈?null 鐨勫紩鐢ㄧ被鍨嬨€?[d:\Work\WellTool\src\WellTool.Core\WellTool.Core.csproj::TargetFramework=net6.0]
d:\Work\WellTool\src\WellTool.Core\IO\File\PathUtil.cs(59,109): warning CS8625: 鏃犳硶灏?null 瀛楅潰閲忚浆鎹负闈?null 鐨勫紩鐢ㄧ被鍨嬨€?[d:\Work\WellTool\src\WellTool.Core\WellTool.Core.csproj::TargetFramework=net6.0]
d:\Work\WellTool\src\WellTool.Core\IO\File\PathUtil.cs(73,129): warning CS8625: 鏃犳硶灏?null 瀛楅潰閲忚浆鎹负闈?null 鐨勫紩鐢ㄧ被鍨嬨€?[d:\Work\WellTool\src\WellTool.Core\WellTool.Core.csproj::TargetFramework=net6.0]
d:\Work\WellTool\src\WellTool.Core\IO\File\PathUtil.cs(781,76): warning CS8625: 鏃犳硶灏?null 瀛楅潰閲忚浆鎹负闈?null 鐨勫紩鐢ㄧ被鍨嬨€?[d:\Work\WellTool\src\WellTool.Core\WellTool.Core.csproj::TargetFramework=net6.0]
d:\Work\WellTool\src\WellTool.Core\IO\File\PathUtil.cs(781,95): warning CS8625: 鏃犳硶灏?null 瀛楅潰閲忚浆鎹负闈?null 鐨勫紩鐢ㄧ被鍨嬨€?[d:\Work\WellTool\src\WellTool.Core\WellTool.Core.csproj::TargetFramework=net6.0]
d:\Work\WellTool\src\WellTool.Core\Lang\MutableByte.cs(37,23): warning CS8765: 鍙傛暟鈥渙bj鈥濈被鍨嬬殑涓?Null 鎬т笌閲嶅啓鎴愬憳涓嶅尮閰?鍙兘鏄敱浜庝负 Null 鎬х壒鎬?銆?[d:\Work\WellTool\src\WellTool.Core\WellTool.Core.csproj::TargetFramework=net6.0]
d:\Work\WellTool\src\WellTool.Core\Lang\MutableDouble.cs(37,23): warning CS8765: 鍙傛暟鈥渙bj鈥濈被鍨嬬殑涓?Null 鎬т笌閲嶅啓鎴愬憳涓嶅尮閰?鍙兘鏄敱浜庝负 Null 鎬х壒鎬?銆?[d:\Work\WellTool\src\WellTool.Core\WellTool.Core.csproj::TargetFramework=net6.0]
d:\Work\WellTool\src\WellTool.Core\Lang\MutableInt.cs(88,23): warning CS8765: 鍙傛暟鈥渙bj鈥濈被鍨嬬殑涓?Null 鎬т笌閲嶅啓鎴愬憳涓嶅尮閰?鍙兘鏄敱浜庝负 Null 鎬х壒鎬?銆?[d:\Work\WellTool\src\WellTool.Core\WellTool.Core.csproj::TargetFramework=net6.0]
d:\Work\WellTool\src\WellTool.Core\Lang\MutableLong.cs(70,23): warning CS8765: 鍙傛暟鈥渙bj鈥濈被鍨嬬殑涓?Null 鎬т笌閲嶅啓鎴愬憳涓嶅尮閰?鍙兘鏄敱浜庝负 Null 鎬х壒鎬?銆?[d:\Work\WellTool\src\WellTool.Core\WellTool.Core.csproj::TargetFramework=net6.0]
d:\Work\WellTool\src\WellTool.Core\Lang\MutableFloat.cs(37,23): warning CS8765: 鍙傛暟鈥渙bj鈥濈被鍨嬬殑涓?Null 鎬т笌閲嶅啓鎴愬憳涓嶅尮閰?鍙兘鏄敱浜庝负 Null 鎬х壒鎬?銆?[d:\Work\WellTool\src\WellTool.Core\WellTool.Core.csproj::TargetFramework=net6.0]
d:\Work\WellTool\src\WellTool.Core\Map\MapUtil.cs(1948,57): warning CS8714: 绫诲瀷鈥淜鈥濅笉鑳界敤浣滄硾鍨嬬被鍨嬫垨鏂规硶鈥淒ictionary<TKey, TValue>鈥濅腑鐨勭被鍨嬪弬鏁扳€淭Key鈥濄€傜被鍨嬪弬鏁扳€淜鈥濈殑涓?Null 鎬т笌 "notnull" 绾︽潫涓嶅尮閰嶃€?[d:\Work\WellTool\src\WellTool.Core\WellTool.Core.csproj::TargetFramework=net6.0]
d:\Work\WellTool\src\WellTool.Core\Map\Multi\AbsTable.cs(356,25): warning CS8765: 鍙傛暟鈥渙bj鈥濈被鍨嬬殑涓?Null 鎬т笌閲嶅啓鎴愬憳涓嶅尮閰?鍙兘鏄敱浜庝负 Null 鎬х壒鎬?銆?[d:\Work\WellTool\src\WellTool.Core\WellTool.Core.csproj::TargetFramework=net6.0]
d:\Work\WellTool\src\WellTool.Core\Lang\MutableObject.cs(45,23): warning CS8765: 鍙傛暟鈥渙bj鈥濈被鍨嬬殑涓?Null 鎬т笌閲嶅啓鎴愬憳涓嶅尮閰?鍙兘鏄敱浜庝负 Null 鎬х壒鎬?銆?[d:\Work\WellTool\src\WellTool.Core\WellTool.Core.csproj::TargetFramework=net6.0]
d:\Work\WellTool\src\WellTool.Core\Map\MapUtil.cs(1855,81): warning CS8601: 鍙兘鐨?null 寮曠敤璧嬪€笺€?[d:\Work\WellTool\src\WellTool.Core\WellTool.Core.csproj::TargetFramework=net6.0]
d:\Work\WellTool\src\WellTool.Core\Lang\ObjectId.cs(128,23): warning CS8765: 鍙傛暟鈥渙bj鈥濈被鍨嬬殑涓?Null 鎬т笌閲嶅啓鎴愬憳涓嶅尮閰?鍙兘鏄敱浜庝负 Null 鎬х壒鎬?銆?[d:\Work\WellTool\src\WellTool.Core\WellTool.Core.csproj::TargetFramework=net6.0]
d:\Work\WellTool\src\WellTool.Core\Lang\ObjectId.cs(114,13): warning CS8767: 鈥渋nt ObjectId.CompareTo(ObjectId other)鈥濈殑鍙傛暟鈥渙ther鈥濈被鍨嬩腑寮曠敤绫诲瀷鐨勪负 Null 鎬т笌闅愬紡瀹炵幇鐨勬垚鍛樷€渋nt IComparable<ObjectId>.CompareTo(ObjectId? other)鈥濅笉鍖归厤(鍙兘鏄敱浜庝负 Null 鎬х壒鎬?銆?[d:\Work\WellTool\src\WellTool.Core\WellTool.Core.csproj::TargetFramework=net6.0]
d:\Work\WellTool\src\WellTool.Core\Lang\MutableShort.cs(37,23): warning CS8765: 鍙傛暟鈥渙bj鈥濈被鍨嬬殑涓?Null 鎬т笌閲嶅啓鎴愬憳涓嶅尮閰?鍙兘鏄敱浜庝负 Null 鎬х壒鎬?銆?[d:\Work\WellTool\src\WellTool.Core\WellTool.Core.csproj::TargetFramework=net6.0]
d:\Work\WellTool\src\WellTool.Core\Map\MapUtil.cs(1404,47): warning CS8714: 绫诲瀷鈥淜鈥濅笉鑳界敤浣滄硾鍨嬬被鍨嬫垨鏂规硶鈥淒ictionary<TKey, TValue>鈥濅腑鐨勭被鍨嬪弬鏁扳€淭Key鈥濄€傜被鍨嬪弬鏁扳€淜鈥濈殑涓?Null 鎬т笌 "notnull" 绾︽潫涓嶅尮閰嶃€?[d:\Work\WellTool\src\WellTool.Core\WellTool.Core.csproj::TargetFramework=net6.0]
d:\Work\WellTool\src\WellTool.Core\Map\MapUtil.cs(1410,48): warning CS8714: 绫诲瀷鈥淜鈥濅笉鑳界敤浣滄硾鍨嬬被鍨嬫垨鏂规硶鈥淒ictionary<TKey, TValue>鈥濅腑鐨勭被鍨嬪弬鏁扳€淭Key鈥濄€傜被鍨嬪弬鏁扳€淜鈥濈殑涓?Null 鎬т笌 "notnull" 绾︽潫涓嶅尮閰嶃€?[d:\Work\WellTool\src\WellTool.Core\WellTool.Core.csproj::TargetFramework=net6.0]
d:\Work\WellTool\src\WellTool.Core\Map\MapUtil.cs(1431,37): warning CS8714: 绫诲瀷鈥淜鈥濅笉鑳界敤浣滄硾鍨嬬被鍨嬫垨鏂规硶鈥淒ictionary<TKey, TValue>鈥濅腑鐨勭被鍨嬪弬鏁扳€淭Key鈥濄€傜被鍨嬪弬鏁扳€淜鈥濈殑涓?Null 鎬т笌 "notnull" 绾︽潫涓嶅尮閰嶃€?[d:\Work\WellTool\src\WellTool.Core\WellTool.Core.csproj::TargetFramework=net6.0]
d:\Work\WellTool\src\WellTool.Core\Lang\Ref\Reference.cs(62,92): warning CS8625: 鏃犳硶灏?null 瀛楅潰閲忚浆鎹负闈?null 鐨勫紩鐢ㄧ被鍨嬨€?[d:\Work\WellTool\src\WellTool.Core\WellTool.Core.csproj::TargetFramework=net6.0]
d:\Work\WellTool\src\WellTool.Core\Lang\Triple.cs(58,23): warning CS8765: 鍙傛暟鈥渙bj鈥濈被鍨嬬殑涓?Null 鎬т笌閲嶅啓鎴愬憳涓嶅尮閰?鍙兘鏄敱浜庝负 Null 鎬х壒鎬?銆?[d:\Work\WellTool\src\WellTool.Core\WellTool.Core.csproj::TargetFramework=net6.0]
d:\Work\WellTool\src\WellTool.Core\Lang\Tuple.cs(131,23): warning CS8765: 鍙傛暟鈥渙bj鈥濈被鍨嬬殑涓?Null 鎬т笌閲嶅啓鎴愬憳涓嶅尮閰?鍙兘鏄敱浜庝负 Null 鎬х壒鎬?銆?[d:\Work\WellTool\src\WellTool.Core\WellTool.Core.csproj::TargetFramework=net6.0]
d:\Work\WellTool\src\WellTool.Core\Lang\Version.cs(168,23): warning CS8765: 鍙傛暟鈥渙b鈥濈被鍨嬬殑涓?Null 鎬т笌閲嶅啓鎴愬憳涓嶅尮閰?鍙兘鏄敱浜庝负 Null 鎬х壒鎬?銆?[d:\Work\WellTool\src\WellTool.Core\WellTool.Core.csproj::TargetFramework=net6.0]
d:\Work\WellTool\src\WellTool.Core\Lang\Version.cs(141,13): warning CS8767: 鈥渋nt Version.CompareTo(Version that)鈥濈殑鍙傛暟鈥渢hat鈥濈被鍨嬩腑寮曠敤绫诲瀷鐨勪负 Null 鎬т笌闅愬紡瀹炵幇鐨勬垚鍛樷€渋nt IComparable<Version>.CompareTo(Version? other)鈥濅笉鍖归厤(鍙兘鏄敱浜庝负 Null 鎬х壒鎬?銆?[d:\Work\WellTool\src\WellTool.Core\WellTool.Core.csproj::TargetFramework=net6.0]
d:\Work\WellTool\src\WellTool.Core\Lang\WeightRandom.cs(45,41): warning CS8714: 绫诲瀷鈥淭鈥濅笉鑳界敤浣滄硾鍨嬬被鍨嬫垨鏂规硶鈥淒ictionary<TKey, TValue>鈥濅腑鐨勭被鍨嬪弬鏁扳€淭Key鈥濄€傜被鍨嬪弬鏁扳€淭鈥濈殑涓?Null 鎬т笌 "notnull" 绾︽潫涓嶅尮閰嶃€?[d:\Work\WellTool\src\WellTool.Core\WellTool.Core.csproj::TargetFramework=net6.0]
d:\Work\WellTool\src\WellTool.Core\Lang\Mutable\MutablePair.cs(67,30): warning CS8765: 鍙傛暟鈥渙bj鈥濈被鍨嬬殑涓?Null 鎬т笌閲嶅啓鎴愬憳涓嶅尮閰?鍙兘鏄敱浜庝负 Null 鎬х壒鎬?銆?[d:\Work\WellTool\src\WellTool.Core\WellTool.Core.csproj::TargetFramework=net6.0]
d:\Work\WellTool\src\WellTool.Core\Lang\Mutable\MutableObj.cs(95,30): warning CS8765: 鍙傛暟鈥渙bj鈥濈被鍨嬬殑涓?Null 鎬т笌閲嶅啓鎴愬憳涓嶅尮閰?鍙兘鏄敱浜庝负 Null 鎬х壒鎬?銆?[d:\Work\WellTool\src\WellTool.Core\WellTool.Core.csproj::TargetFramework=net6.0]
d:\Work\WellTool\src\WellTool.Core\Lang\Pair.cs(63,23): warning CS8765: 鍙傛暟鈥渙bj鈥濈被鍨嬬殑涓?Null 鎬т笌閲嶅啓鎴愬憳涓嶅尮閰?鍙兘鏄敱浜庝负 Null 鎬х壒鎬?銆?[d:\Work\WellTool\src\WellTool.Core\WellTool.Core.csproj::TargetFramework=net6.0]
d:\Work\WellTool\src\WellTool.Core\Lang\Pair.cs(61,46): warning CS8601: 鍙兘鐨?null 寮曠敤璧嬪€笺€?[d:\Work\WellTool\src\WellTool.Core\WellTool.Core.csproj::TargetFramework=net6.0]
d:\Work\WellTool\src\WellTool.Core\Lang\UUID.cs(185,23): warning CS8765: 鍙傛暟鈥渙bj鈥濈被鍨嬬殑涓?Null 鎬т笌閲嶅啓鎴愬憳涓嶅尮閰?鍙兘鏄敱浜庝负 Null 鎬х壒鎬?銆?[d:\Work\WellTool\src\WellTool.Core\WellTool.Core.csproj::TargetFramework=net6.0]
d:\Work\WellTool\src\WellTool.Core\Lang\UUID.cs(198,13): warning CS8767: 鈥渋nt UUID.CompareTo(UUID val)鈥濈殑鍙傛暟鈥渧al鈥濈被鍨嬩腑寮曠敤绫诲瀷鐨勪负 Null 鎬т笌闅愬紡瀹炵幇鐨勬垚鍛樷€渋nt IComparable<UUID>.CompareTo(UUID? other)鈥濅笉鍖归厤(鍙兘鏄敱浜庝负 Null 鎬х壒鎬?銆?[d:\Work\WellTool\src\WellTool.Core\WellTool.Core.csproj::TargetFramework=net6.0]
d:\Work\WellTool\src\WellTool.Core\Convert\impl\CollectionConverter.cs(4,7): warning CS0105: 鈥淲ellTool.Core.Convert鈥濈殑 using 鎸囦护浠ュ墠鍦ㄦ鍛藉悕绌洪棿涓嚭鐜拌繃 [d:\Work\WellTool\src\WellTool.Core\WellTool.Core.csproj::TargetFramework=net8.0]
d:\Work\WellTool\src\WellTool.Core\Convert\impl\CollectionConverter.cs(6,7): warning CS0105: 鈥淲ellTool.Core.Convert鈥濈殑 using 鎸囦护浠ュ墠鍦ㄦ鍛藉悕绌洪棿涓嚭鐜拌繃 [d:\Work\WellTool\src\WellTool.Core\WellTool.Core.csproj::TargetFramework=net8.0]
d:\Work\WellTool\src\WellTool.Core\Convert\impl\CollectionConverter.cs(8,7): warning CS0105: 鈥淲ellTool.Core.Convert鈥濈殑 using 鎸囦护浠ュ墠鍦ㄦ鍛藉悕绌洪棿涓嚭鐜拌繃 [d:\Work\WellTool\src\WellTool.Core\WellTool.Core.csproj::TargetFramework=net8.0]
d:\Work\WellTool\src\WellTool.Core\Convert\impl\EnumConverter.cs(4,7): warning CS0105: 鈥淲ellTool.Core.Convert鈥濈殑 using 鎸囦护浠ュ墠鍦ㄦ鍛藉悕绌洪棿涓嚭鐜拌繃 [d:\Work\WellTool\src\WellTool.Core\WellTool.Core.csproj::TargetFramework=net8.0]
d:\Work\WellTool\src\WellTool.Core\Convert\impl\MapConverter.cs(4,7): warning CS0105: 鈥淲ellTool.Core.Convert鈥濈殑 using 鎸囦护浠ュ墠鍦ㄦ鍛藉悕绌洪棿涓嚭鐜拌繃 [d:\Work\WellTool\src\WellTool.Core\WellTool.Core.csproj::TargetFramework=net8.0]
d:\Work\WellTool\src\WellTool.Core\Convert\impl\MapConverter.cs(6,7): warning CS0105: 鈥淲ellTool.Core.Convert鈥濈殑 using 鎸囦护浠ュ墠鍦ㄦ鍛藉悕绌洪棿涓嚭鐜拌繃 [d:\Work\WellTool\src\WellTool.Core\WellTool.Core.csproj::TargetFramework=net8.0]
d:\Work\WellTool\src\WellTool.Core\Convert\impl\NumberConverter.cs(4,7): warning CS0105: 鈥淲ellTool.Core.Convert鈥濈殑 using 鎸囦护浠ュ墠鍦ㄦ鍛藉悕绌洪棿涓嚭鐜拌繃 [d:\Work\WellTool\src\WellTool.Core\WellTool.Core.csproj::TargetFramework=net8.0]
d:\Work\WellTool\src\WellTool.Core\Builder\GenericBuilder.cs(63,44): warning CS0693: 绫诲瀷鍙傛暟鈥淭鈥濅笌澶栭儴绫诲瀷鈥淕enericBuilder<T>鈥濅腑鐨勭被鍨嬪弬鏁板悓鍚?[d:\Work\WellTool\src\WellTool.Core\WellTool.Core.csproj::TargetFramework=net8.0]
d:\Work\WellTool\src\WellTool.Core\Builder\GenericBuilder.cs(76,44): warning CS0693: 绫诲瀷鍙傛暟鈥淭鈥濅笌澶栭儴绫诲瀷鈥淕enericBuilder<T>鈥濅腑鐨勭被鍨嬪弬鏁板悓鍚?[d:\Work\WellTool\src\WellTool.Core\WellTool.Core.csproj::TargetFramework=net8.0]
d:\Work\WellTool\src\WellTool.Core\Builder\GenericBuilder.cs(91,44): warning CS0693: 绫诲瀷鍙傛暟鈥淭鈥濅笌澶栭儴绫诲瀷鈥淕enericBuilder<T>鈥濅腑鐨勭被鍨嬪弬鏁板悓鍚?[d:\Work\WellTool\src\WellTool.Core\WellTool.Core.csproj::TargetFramework=net8.0]
d:\Work\WellTool\src\WellTool.Core\Builder\GenericBuilder.cs(108,44): warning CS0693: 绫诲瀷鍙傛暟鈥淭鈥濅笌澶栭儴绫诲瀷鈥淕enericBuilder<T>鈥濅腑鐨勭被鍨嬪弬鏁板悓鍚?[d:\Work\WellTool\src\WellTool.Core\WellTool.Core.csproj::TargetFramework=net8.0]
d:\Work\WellTool\src\WellTool.Core\Builder\GenericBuilder.cs(127,44): warning CS0693: 绫诲瀷鍙傛暟鈥淭鈥濅笌澶栭儴绫诲瀷鈥淕enericBuilder<T>鈥濅腑鐨勭被鍨嬪弬鏁板悓鍚?[d:\Work\WellTool\src\WellTool.Core\WellTool.Core.csproj::TargetFramework=net8.0]
d:\Work\WellTool\src\WellTool.Core\Builder\GenericBuilder.cs(148,44): warning CS0693: 绫诲瀷鍙傛暟鈥淭鈥濅笌澶栭儴绫诲瀷鈥淕enericBuilder<T>鈥濅腑鐨勭被鍨嬪弬鏁板悓鍚?[d:\Work\WellTool\src\WellTool.Core\WellTool.Core.csproj::TargetFramework=net8.0]
d:\Work\WellTool\src\WellTool.Core\Collection\Concurrent\ConcurrentUtil.cs(54,46): warning CS8714: 绫诲瀷鈥淜鈥濅笉鑳界敤浣滄硾鍨嬬被鍨嬫垨鏂规硶鈥淐oncurrentDictionary<TKey, TValue>鈥濅腑鐨勭被鍨嬪弬鏁扳€淭Key鈥濄€傜被鍨嬪弬鏁扳€淜鈥濈殑涓?Null 鎬т笌 "notnull" 绾︽潫涓嶅尮閰嶃€?[d:\Work\WellTool\src\WellTool.Core\WellTool.Core.csproj::TargetFramework=net8.0]
d:\Work\WellTool\src\WellTool.Core\Collection\Concurrent\ConcurrentUtil.cs(100,61): warning CS8714: 绫诲瀷鈥淜鈥濅笉鑳界敤浣滄硾鍨嬬被鍨嬫垨鏂规硶鈥淐oncurrentDictionary<TKey, TValue>鈥濅腑鐨勭被鍨嬪弬鏁扳€淭Key鈥濄€傜被鍨嬪弬鏁扳€淜鈥濈殑涓?Null 鎬т笌 "notnull" 绾︽潫涓嶅尮閰嶃€?[d:\Work\WellTool\src\WellTool.Core\WellTool.Core.csproj::TargetFramework=net8.0]
d:\Work\WellTool\src\WellTool.Core\Builder\IDKey.cs(44,30): warning CS8765: 鍙傛暟鈥渙ther鈥濈被鍨嬬殑涓?Null 鎬т笌閲嶅啓鎴愬憳涓嶅尮閰?鍙兘鏄敱浜庝负 Null 鎬х壒鎬?銆?[d:\Work\WellTool\src\WellTool.Core\WellTool.Core.csproj::TargetFramework=net8.0]
d:\Work\WellTool\src\WellTool.Core\Builder\IDKey.cs(54,21): warning CS8767: 鈥渂ool IDKey.Equals(IDKey other)鈥濈殑鍙傛暟鈥渙ther鈥濈被鍨嬩腑寮曠敤绫诲瀷鐨勪负 Null 鎬т笌闅愬紡瀹炵幇鐨勬垚鍛樷€渂ool IEquatable<IDKey>.Equals(IDKey? other)鈥濅笉鍖归厤(鍙兘鏄敱浜庝负 Null 鎬х壒鎬?銆?[d:\Work\WellTool\src\WellTool.Core\WellTool.Core.csproj::TargetFramework=net8.0]
d:\Work\WellTool\src\WellTool.Core\Comparator\BaseFieldComparator.cs(70,29): warning CS8767: 鈥渋nt BaseFieldComparator<T>.Compare(T x, T y)鈥濈殑鍙傛暟鈥渪鈥濈被鍨嬩腑寮曠敤绫诲瀷鐨勪负 Null 鎬т笌闅愬紡瀹炵幇鐨勬垚鍛樷€渋nt IComparer<T>.Compare(T? x, T? y)鈥濅笉鍖归厤(鍙兘鏄敱浜庝负 Null 鎬х壒鎬?銆?[d:\Work\WellTool\src\WellTool.Core\WellTool.Core.csproj::TargetFramework=net8.0]
d:\Work\WellTool\src\WellTool.Core\Comparator\BaseFieldComparator.cs(70,29): warning CS8767: 鈥渋nt BaseFieldComparator<T>.Compare(T x, T y)鈥濈殑鍙傛暟鈥測鈥濈被鍨嬩腑寮曠敤绫诲瀷鐨勪负 Null 鎬т笌闅愬紡瀹炵幇鐨勬垚鍛樷€渋nt IComparer<T>.Compare(T? x, T? y)鈥濅笉鍖归厤(鍙兘鏄敱浜庝负 Null 鎬х壒鎬?銆?[d:\Work\WellTool\src\WellTool.Core\WellTool.Core.csproj::TargetFramework=net8.0]
d:\Work\WellTool\src\WellTool.Core\Clone\CloneSupport.cs(31,26): warning CS0108: 鈥淐loneSupport<T>.MemberwiseClone()鈥濋殣钘忕户鎵跨殑鎴愬憳鈥渙bject.MemberwiseClone()鈥濄€傚鏋滄槸鏈夋剰闅愯棌锛岃浣跨敤鍏抽敭瀛?new銆?[d:\Work\WellTool\src\WellTool.Core\WellTool.Core.csproj::TargetFramework=net8.0]
d:\Work\WellTool\src\WellTool.Core\Comparator\ComparableComparator.cs(33,20): warning CS8767: 鈥渋nt ComparableComparator<E>.Compare(E x, E y)鈥濈殑鍙傛暟鈥渪鈥濈被鍨嬩腑寮曠敤绫诲瀷鐨勪负 Null 鎬т笌闅愬紡瀹炵幇鐨勬垚鍛樷€渋nt IComparer<E>.Compare(E? x, E? y)鈥濅笉鍖归厤(鍙兘鏄敱浜庝负 Null 鎬х壒鎬?銆?[d:\Work\WellTool\src\WellTool.Core\WellTool.Core.csproj::TargetFramework=net8.0]
d:\Work\WellTool\src\WellTool.Core\Comparator\ComparableComparator.cs(33,20): warning CS8767: 鈥渋nt ComparableComparator<E>.Compare(E x, E y)鈥濈殑鍙傛暟鈥測鈥濈被鍨嬩腑寮曠敤绫诲瀷鐨勪负 Null 鎬т笌闅愬紡瀹炵幇鐨勬垚鍛樷€渋nt IComparer<E>.Compare(E? x, E? y)鈥濅笉鍖归厤(鍙兘鏄敱浜庝负 Null 鎬х壒鎬?銆?[d:\Work\WellTool\src\WellTool.Core\WellTool.Core.csproj::TargetFramework=net8.0]
d:\Work\WellTool\src\WellTool.Core\Comparator\ComparatorChain.cs(101,20): warning CS8767: 鈥渋nt ComparatorChain<E>.Compare(E x, E y)鈥濈殑鍙傛暟鈥渪鈥濈被鍨嬩腑寮曠敤绫诲瀷鐨勪负 Null 鎬т笌闅愬紡瀹炵幇鐨勬垚鍛樷€渋nt IComparer<E>.Compare(E? x, E? y)鈥濅笉鍖归厤(鍙兘鏄敱浜庝负 Null 鎬х壒鎬?銆?[d:\Work\WellTool\src\WellTool.Core\WellTool.Core.csproj::TargetFramework=net8.0]
d:\Work\WellTool\src\WellTool.Core\Comparator\ComparatorChain.cs(101,20): warning CS8767: 鈥渋nt ComparatorChain<E>.Compare(E x, E y)鈥濈殑鍙傛暟鈥測鈥濈被鍨嬩腑寮曠敤绫诲瀷鐨勪负 Null 鎬т笌闅愬紡瀹炵幇鐨勬垚鍛樷€渋nt IComparer<E>.Compare(E? x, E? y)鈥濅笉鍖归厤(鍙兘鏄敱浜庝负 Null 鎬х壒鎬?銆?[d:\Work\WellTool\src\WellTool.Core\WellTool.Core.csproj::TargetFramework=net8.0]
d:\Work\WellTool\src\WellTool.Core\Comparator\FuncComparator.cs(44,20): warning CS8767: 鈥渋nt FuncComparator<T>.Compare(T a, T b)鈥濈殑鍙傛暟鈥渁鈥濈被鍨嬩腑寮曠敤绫诲瀷鐨勪负 Null 鎬т笌闅愬紡瀹炵幇鐨勬垚鍛樷€渋nt IComparer<T>.Compare(T? x, T? y)鈥濅笉鍖归厤(鍙兘鏄敱浜庝负 Null 鎬х壒鎬?銆?[d:\Work\WellTool\src\WellTool.Core\WellTool.Core.csproj::TargetFramework=net8.0]
d:\Work\WellTool\src\WellTool.Core\Comparator\FuncComparator.cs(44,20): warning CS8767: 鈥渋nt FuncComparator<T>.Compare(T a, T b)鈥濈殑鍙傛暟鈥渂鈥濈被鍨嬩腑寮曠敤绫诲瀷鐨勪负 Null 鎬т笌闅愬紡瀹炵幇鐨勬垚鍛樷€渋nt IComparer<T>.Compare(T? x, T? y)鈥濅笉鍖归厤(鍙兘鏄敱浜庝负 Null 鎬х壒鎬?銆?[d:\Work\WellTool\src\WellTool.Core\WellTool.Core.csproj::TargetFramework=net8.0]
d:\Work\WellTool\src\WellTool.Core\Getter\ArrayTypeGetter.cs(9,63): warning CS8625: 鏃犳硶灏?null 瀛楅潰閲忚浆鎹负闈?null 鐨勫紩鐢ㄧ被鍨嬨€?[d:\Work\WellTool\src\WellTool.Core\WellTool.Core.csproj::TargetFramework=net8.0]
d:\Work\WellTool\src\WellTool.Core\Getter\ArrayTypeGetter.cs(10,63): warning CS8625: 鏃犳硶灏?null 瀛楅潰閲忚浆鎹负闈?null 鐨勫紩鐢ㄧ被鍨嬨€?[d:\Work\WellTool\src\WellTool.Core\WellTool.Core.csproj::TargetFramework=net8.0]
d:\Work\WellTool\src\WellTool.Core\Getter\ArrayTypeGetter.cs(11,63): warning CS8625: 鏃犳硶灏?null 瀛楅潰閲忚浆鎹负闈?null 鐨勫紩鐢ㄧ被鍨嬨€?[d:\Work\WellTool\src\WellTool.Core\WellTool.Core.csproj::TargetFramework=net8.0]
d:\Work\WellTool\src\WellTool.Core\Getter\ArrayTypeGetter.cs(12,66): warning CS8625: 鏃犳硶灏?null 瀛楅潰閲忚浆鎹负闈?null 鐨勫紩鐢ㄧ被鍨嬨€?[d:\Work\WellTool\src\WellTool.Core\WellTool.Core.csproj::TargetFramework=net8.0]
d:\Work\WellTool\src\WellTool.Core\Getter\ArrayTypeGetter.cs(13,60): warning CS8625: 鏃犳硶灏?null 瀛楅潰閲忚浆鎹负闈?null 鐨勫紩鐢ㄧ被鍨嬨€?[d:\Work\WellTool\src\WellTool.Core\WellTool.Core.csproj::TargetFramework=net8.0]
d:\Work\WellTool\src\WellTool.Core\Getter\ArrayTypeGetter.cs(14,63): warning CS8625: 鏃犳硶灏?null 瀛楅潰閲忚浆鎹负闈?null 鐨勫紩鐢ㄧ被鍨嬨€?[d:\Work\WellTool\src\WellTool.Core\WellTool.Core.csproj::TargetFramework=net8.0]
d:\Work\WellTool\src\WellTool.Core\Getter\ArrayTypeGetter.cs(15,66): warning CS8625: 鏃犳硶灏?null 瀛楅潰閲忚浆鎹负闈?null 鐨勫紩鐢ㄧ被鍨嬨€?[d:\Work\WellTool\src\WellTool.Core\WellTool.Core.csproj::TargetFramework=net8.0]
d:\Work\WellTool\src\WellTool.Core\Getter\ArrayTypeGetter.cs(16,69): warning CS8625: 鏃犳硶灏?null 瀛楅潰閲忚浆鎹负闈?null 鐨勫紩鐢ㄧ被鍨嬨€?[d:\Work\WellTool\src\WellTool.Core\WellTool.Core.csproj::TargetFramework=net8.0]
d:\Work\WellTool\src\WellTool.Core\Getter\ArrayTypeGetter.cs(17,69): warning CS8625: 鏃犳硶灏?null 瀛楅潰閲忚浆鎹负闈?null 鐨勫紩鐢ㄧ被鍨嬨€?[d:\Work\WellTool\src\WellTool.Core\WellTool.Core.csproj::TargetFramework=net8.0]
d:\Work\WellTool\src\WellTool.Core\Getter\ArrayTypeGetter.cs(18,60): warning CS8625: 鏃犳硶灏?null 瀛楅潰閲忚浆鎹负闈?null 鐨勫紩鐢ㄧ被鍨嬨€?[d:\Work\WellTool\src\WellTool.Core\WellTool.Core.csproj::TargetFramework=net8.0]
d:\Work\WellTool\src\WellTool.Core\Comparator\FieldsComparator.cs(49,24): warning CS8767: 鈥渋nt FieldsComparer.Compare(T a, T b)鈥濈殑鍙傛暟鈥渁鈥濈被鍨嬩腑寮曠敤绫诲瀷鐨勪负 Null 鎬т笌闅愬紡瀹炵幇鐨勬垚鍛樷€渋nt IComparer<T>.Compare(T? x, T? y)鈥濅笉鍖归厤(鍙兘鏄敱浜庝负 Null 鎬х壒鎬?銆?[d:\Work\WellTool\src\WellTool.Core\WellTool.Core.csproj::TargetFramework=net8.0]
d:\Work\WellTool\src\WellTool.Core\Comparator\FieldsComparator.cs(49,24): warning CS8767: 鈥渋nt FieldsComparer.Compare(T a, T b)鈥濈殑鍙傛暟鈥渂鈥濈被鍨嬩腑寮曠敤绫诲瀷鐨勪负 Null 鎬т笌闅愬紡瀹炵幇鐨勬垚鍛樷€渋nt IComparer<T>.Compare(T? x, T? y)鈥濅笉鍖归厤(鍙兘鏄敱浜庝负 Null 鎬х壒鎬?銆?[d:\Work\WellTool\src\WellTool.Core\WellTool.Core.csproj::TargetFramework=net8.0]
d:\Work\WellTool\src\WellTool.Core\Comparator\IndexedComparator.cs(47,20): warning CS8767: 鈥渋nt IndexedComparator<T>.Compare(T x, T y)鈥濈殑鍙傛暟鈥渪鈥濈被鍨嬩腑寮曠敤绫诲瀷鐨勪负 Null 鎬т笌闅愬紡瀹炵幇鐨勬垚鍛樷€渋nt IComparer<T>.Compare(T? x, T? y)鈥濅笉鍖归厤(鍙兘鏄敱浜庝负 Null 鎬х壒鎬?銆?[d:\Work\WellTool\src\WellTool.Core\WellTool.Core.csproj::TargetFramework=net8.0]
d:\Work\WellTool\src\WellTool.Core\Comparator\IndexedComparator.cs(47,20): warning CS8767: 鈥渋nt IndexedComparator<T>.Compare(T x, T y)鈥濈殑鍙傛暟鈥測鈥濈被鍨嬩腑寮曠敤绫诲瀷鐨勪负 Null 鎬т笌闅愬紡瀹炵幇鐨勬垚鍛樷€渋nt IComparer<T>.Compare(T? x, T? y)鈥濅笉鍖归厤(鍙兘鏄敱浜庝负 Null 鎬х壒鎬?銆?[d:\Work\WellTool\src\WellTool.Core\WellTool.Core.csproj::TargetFramework=net8.0]
d:\Work\WellTool\src\WellTool.Core\Comparator\IndexedComparator.cs(14,45): warning CS8714: 绫诲瀷鈥淭鈥濅笉鑳界敤浣滄硾鍨嬬被鍨嬫垨鏂规硶鈥淒ictionary<TKey, TValue>鈥濅腑鐨勭被鍨嬪弬鏁扳€淭Key鈥濄€傜被鍨嬪弬鏁扳€淭鈥濈殑涓?Null 鎬т笌 "notnull" 绾︽潫涓嶅尮閰嶃€?[d:\Work\WellTool\src\WellTool.Core\WellTool.Core.csproj::TargetFramework=net8.0]
d:\Work\WellTool\src\WellTool.Core\Comparator\InstanceComparator.cs(43,20): warning CS8767: 鈥渋nt InstanceComparator<T>.Compare(T x, T y)鈥濈殑鍙傛暟鈥渪鈥濈被鍨嬩腑寮曠敤绫诲瀷鐨勪负 Null 鎬т笌闅愬紡瀹炵幇鐨勬垚鍛樷€渋nt IComparer<T>.Compare(T? x, T? y)鈥濅笉鍖归厤(鍙兘鏄敱浜庝负 Null 鎬х壒鎬?銆?[d:\Work\WellTool\src\WellTool.Core\WellTool.Core.csproj::TargetFramework=net8.0]
d:\Work\WellTool\src\WellTool.Core\Comparator\InstanceComparator.cs(43,20): warning CS8767: 鈥渋nt InstanceComparator<T>.Compare(T x, T y)鈥濈殑鍙傛暟鈥測鈥濈被鍨嬩腑寮曠敤绫诲瀷鐨勪负 Null 鎬т笌闅愬紡瀹炵幇鐨勬垚鍛樷€渋nt IComparer<T>.Compare(T? x, T? y)鈥濅笉鍖归厤(鍙兘鏄敱浜庝负 Null 鎬х壒鎬?銆?[d:\Work\WellTool\src\WellTool.Core\WellTool.Core.csproj::TargetFramework=net8.0]
d:\Work\WellTool\src\WellTool.Core\Comparator\LengthComparator.cs(19,20): warning CS8767: 鈥渋nt LengthComparator.Compare(string x, string y)鈥濈殑鍙傛暟鈥渪鈥濈被鍨嬩腑寮曠敤绫诲瀷鐨勪负 Null 鎬т笌闅愬紡瀹炵幇鐨勬垚鍛樷€渋nt IComparer<string>.Compare(string? x, string? y)鈥濅笉鍖归厤(鍙兘鏄敱浜庝负 Null 鎬х壒鎬?銆?[d:\Work\WellTool\src\WellTool.Core\WellTool.Core.csproj::TargetFramework=net8.0]
d:\Work\WellTool\src\WellTool.Core\Comparator\LengthComparator.cs(19,20): warning CS8767: 鈥渋nt LengthComparator.Compare(string x, string y)鈥濈殑鍙傛暟鈥測鈥濈被鍨嬩腑寮曠敤绫诲瀷鐨勪负 Null 鎬т笌闅愬紡瀹炵幇鐨勬垚鍛樷€渋nt IComparer<string>.Compare(string? x, string? y)鈥濅笉鍖归厤(鍙兘鏄敱浜庝负 Null 鎬х壒鎬?銆?[d:\Work\WellTool\src\WellTool.Core\WellTool.Core.csproj::TargetFramework=net8.0]
d:\Work\WellTool\src\WellTool.Core\Getter\ArrayTypeGetter.cs(25,70): warning CS8625: 鏃犳硶灏?null 瀛楅潰閲忚浆鎹负闈?null 鐨勫紩鐢ㄧ被鍨嬨€?[d:\Work\WellTool\src\WellTool.Core\WellTool.Core.csproj::TargetFramework=net8.0]
d:\Work\WellTool\src\WellTool.Core\Getter\ArrayTypeGetter.cs(30,70): warning CS8625: 鏃犳硶灏?null 瀛楅潰閲忚浆鎹负闈?null 鐨勫紩鐢ㄧ被鍨嬨€?[d:\Work\WellTool\src\WellTool.Core\WellTool.Core.csproj::TargetFramework=net8.0]
d:\Work\WellTool\src\WellTool.Core\Getter\ArrayTypeGetter.cs(35,70): warning CS8625: 鏃犳硶灏?null 瀛楅潰閲忚浆鎹负闈?null 鐨勫紩鐢ㄧ被鍨嬨€?[d:\Work\WellTool\src\WellTool.Core\WellTool.Core.csproj::TargetFramework=net8.0]
d:\Work\WellTool\src\WellTool.Core\Comparator\NullComparator.cs(34,20): warning CS8767: 鈥渋nt NullComparator<T>.Compare(T x, T y)鈥濈殑鍙傛暟鈥渪鈥濈被鍨嬩腑寮曠敤绫诲瀷鐨勪负 Null 鎬т笌闅愬紡瀹炵幇鐨勬垚鍛樷€渋nt IComparer<T>.Compare(T? x, T? y)鈥濅笉鍖归厤(鍙兘鏄敱浜庝负 Null 鎬х壒鎬?銆?[d:\Work\WellTool\src\WellTool.Core\WellTool.Core.csproj::TargetFramework=net8.0]
d:\Work\WellTool\src\WellTool.Core\Comparator\NullComparator.cs(34,20): warning CS8767: 鈥渋nt NullComparator<T>.Compare(T x, T y)鈥濈殑鍙傛暟鈥測鈥濈被鍨嬩腑寮曠敤绫诲瀷鐨勪负 Null 鎬т笌闅愬紡瀹炵幇鐨勬垚鍛樷€渋nt IComparer<T>.Compare(T? x, T? y)鈥濅笉鍖归厤(鍙兘鏄敱浜庝负 Null 鎬х壒鎬?銆?[d:\Work\WellTool\src\WellTool.Core\WellTool.Core.csproj::TargetFramework=net8.0]
d:\Work\WellTool\src\WellTool.Core\Getter\ArrayTypeGetter.cs(40,73): warning CS8625: 鏃犳硶灏?null 瀛楅潰閲忚浆鎹负闈?null 鐨勫紩鐢ㄧ被鍨嬨€?[d:\Work\WellTool\src\WellTool.Core\WellTool.Core.csproj::TargetFramework=net8.0]
d:\Work\WellTool\src\WellTool.Core\Getter\ArrayTypeGetter.cs(45,67): warning CS8625: 鏃犳硶灏?null 瀛楅潰閲忚浆鎹负闈?null 鐨勫紩鐢ㄧ被鍨嬨€?[d:\Work\WellTool\src\WellTool.Core\WellTool.Core.csproj::TargetFramework=net8.0]
d:\Work\WellTool\src\WellTool.Core\Getter\ArrayTypeGetter.cs(50,70): warning CS8625: 鏃犳硶灏?null 瀛楅潰閲忚浆鎹负闈?null 鐨勫紩鐢ㄧ被鍨嬨€?[d:\Work\WellTool\src\WellTool.Core\WellTool.Core.csproj::TargetFramework=net8.0]
d:\Work\WellTool\src\WellTool.Core\Getter\ArrayTypeGetter.cs(55,73): warning CS8625: 鏃犳硶灏?null 瀛楅潰閲忚浆鎹负闈?null 鐨勫紩鐢ㄧ被鍨嬨€?[d:\Work\WellTool\src\WellTool.Core\WellTool.Core.csproj::TargetFramework=net8.0]
d:\Work\WellTool\src\WellTool.Core\Getter\ArrayTypeGetter.cs(60,76): warning CS8625: 鏃犳硶灏?null 瀛楅潰閲忚浆鎹负闈?null 鐨勫紩鐢ㄧ被鍨嬨€?[d:\Work\WellTool\src\WellTool.Core\WellTool.Core.csproj::TargetFramework=net8.0]
d:\Work\WellTool\src\WellTool.Core\Getter\ArrayTypeGetter.cs(65,76): warning CS8625: 鏃犳硶灏?null 瀛楅潰閲忚浆鎹负闈?null 鐨勫紩鐢ㄧ被鍨嬨€?[d:\Work\WellTool\src\WellTool.Core\WellTool.Core.csproj::TargetFramework=net8.0]
d:\Work\WellTool\src\WellTool.Core\Getter\ArrayTypeGetter.cs(70,67): warning CS8625: 鏃犳硶灏?null 瀛楅潰閲忚浆鎹负闈?null 鐨勫紩鐢ㄧ被鍨嬨€?[d:\Work\WellTool\src\WellTool.Core\WellTool.Core.csproj::TargetFramework=net8.0]
d:\Work\WellTool\src\WellTool.Core\Getter\ArrayTypeGetter.cs(75,74): warning CS8625: 鏃犳硶灏?null 瀛楅潰閲忚浆鎹负闈?null 鐨勫紩鐢ㄧ被鍨嬨€?[d:\Work\WellTool\src\WellTool.Core\WellTool.Core.csproj::TargetFramework=net8.0]
d:\Work\WellTool\src\WellTool.Core\Comparator\PinyinComparator.cs(28,20): warning CS8767: 鈥渋nt PinyinComparator.Compare(string x, string y)鈥濈殑鍙傛暟鈥渪鈥濈被鍨嬩腑寮曠敤绫诲瀷鐨勪负 Null 鎬т笌闅愬紡瀹炵幇鐨勬垚鍛樷€渋nt IComparer<string>.Compare(string? x, string? y)鈥濅笉鍖归厤(鍙兘鏄敱浜庝负 Null 鎬х壒鎬?銆?[d:\Work\WellTool\src\WellTool.Core\WellTool.Core.csproj::TargetFramework=net8.0]
d:\Work\WellTool\src\WellTool.Core\Comparator\PinyinComparator.cs(28,20): warning CS8767: 鈥渋nt PinyinComparator.Compare(string x, string y)鈥濈殑鍙傛暟鈥測鈥濈被鍨嬩腑寮曠敤绫诲瀷鐨勪负 Null 鎬т笌闅愬紡瀹炵幇鐨勬垚鍛樷€渋nt IComparer<string>.Compare(string? x, string? y)鈥濅笉鍖归厤(鍙兘鏄敱浜庝负 Null 鎬х壒鎬?銆?[d:\Work\WellTool\src\WellTool.Core\WellTool.Core.csproj::TargetFramework=net8.0]
d:\Work\WellTool\src\WellTool.Core\Compress\ZipReader.cs(17,71): warning CS8625: 鏃犳硶灏?null 瀛楅潰閲忚浆鎹负闈?null 鐨勫紩鐢ㄧ被鍨嬨€?[d:\Work\WellTool\src\WellTool.Core\WellTool.Core.csproj::TargetFramework=net8.0]
d:\Work\WellTool\src\WellTool.Core\Compress\ZipReader.cs(22,70): warning CS8625: 鏃犳硶灏?null 瀛楅潰閲忚浆鎹负闈?null 鐨勫紩鐢ㄧ被鍨嬨€?[d:\Work\WellTool\src\WellTool.Core\WellTool.Core.csproj::TargetFramework=net8.0]
d:\Work\WellTool\src\WellTool.Core\Compress\ZipReader.cs(27,61): warning CS8625: 鏃犳硶灏?null 瀛楅潰閲忚浆鎹负闈?null 鐨勫紩鐢ㄧ被鍨嬨€?[d:\Work\WellTool\src\WellTool.Core\WellTool.Core.csproj::TargetFramework=net8.0]
d:\Work\WellTool\src\WellTool.Core\Compress\ZipReader.cs(33,60): warning CS8625: 鏃犳硶灏?null 瀛楅潰閲忚浆鎹负闈?null 鐨勫紩鐢ㄧ被鍨嬨€?[d:\Work\WellTool\src\WellTool.Core\WellTool.Core.csproj::TargetFramework=net8.0]
d:\Work\WellTool\src\WellTool.Core\Compress\ZipWriter.cs(15,71): warning CS8625: 鏃犳硶灏?null 瀛楅潰閲忚浆鎹负闈?null 鐨勫紩鐢ㄧ被鍨嬨€?[d:\Work\WellTool\src\WellTool.Core\WellTool.Core.csproj::TargetFramework=net8.0]
d:\Work\WellTool\src\WellTool.Core\Compress\ZipWriter.cs(20,70): warning CS8625: 鏃犳硶灏?null 瀛楅潰閲忚浆鎹负闈?null 鐨勫紩鐢ㄧ被鍨嬨€?[d:\Work\WellTool\src\WellTool.Core\WellTool.Core.csproj::TargetFramework=net8.0]
d:\Work\WellTool\src\WellTool.Core\Compress\ZipWriter.cs(25,61): warning CS8625: 鏃犳硶灏?null 瀛楅潰閲忚浆鎹负闈?null 鐨勫紩鐢ㄧ被鍨嬨€?[d:\Work\WellTool\src\WellTool.Core\WellTool.Core.csproj::TargetFramework=net8.0]
d:\Work\WellTool\src\WellTool.Core\Compress\ZipWriter.cs(32,60): warning CS8625: 鏃犳硶灏?null 瀛楅潰閲忚浆鎹负闈?null 鐨勫紩鐢ㄧ被鍨嬨€?[d:\Work\WellTool\src\WellTool.Core\WellTool.Core.csproj::TargetFramework=net8.0]
d:\Work\WellTool\src\WellTool.Core\Comparator\PropertyComparator.cs(34,20): warning CS8767: 鈥渋nt PropertyComparator<T>.Compare(T x, T y)鈥濈殑鍙傛暟鈥渪鈥濈被鍨嬩腑寮曠敤绫诲瀷鐨勪负 Null 鎬т笌闅愬紡瀹炵幇鐨勬垚鍛樷€渋nt IComparer<T>.Compare(T? x, T? y)鈥濅笉鍖归厤(鍙兘鏄敱浜庝负 Null 鎬х壒鎬?銆?[d:\Work\WellTool\src\WellTool.Core\WellTool.Core.csproj::TargetFramework=net8.0]
d:\Work\WellTool\src\WellTool.Core\Comparator\PropertyComparator.cs(34,20): warning CS8767: 鈥渋nt PropertyComparator<T>.Compare(T x, T y)鈥濈殑鍙傛暟鈥測鈥濈被鍨嬩腑寮曠敤绫诲瀷鐨勪负 Null 鎬т笌闅愬紡瀹炵幇鐨勬垚鍛樷€渋nt IComparer<T>.Compare(T? x, T? y)鈥濅笉鍖归厤(鍙兘鏄敱浜庝负 Null 鎬х壒鎬?銆?[d:\Work\WellTool\src\WellTool.Core\WellTool.Core.csproj::TargetFramework=net8.0]
d:\Work\WellTool\src\WellTool.Core\Getter\BasicTypeGetter.cs(15,60): warning CS8625: 鏃犳硶灏?null 瀛楅潰閲忚浆鎹负闈?null 鐨勫紩鐢ㄧ被鍨嬨€?[d:\Work\WellTool\src\WellTool.Core\WellTool.Core.csproj::TargetFramework=net8.0]
d:\Work\WellTool\src\WellTool.Core\Getter\BasicTypeGetter.cs(16,51): warning CS8601: 鍙兘鐨?null 寮曠敤璧嬪€笺€?[d:\Work\WellTool\src\WellTool.Core\WellTool.Core.csproj::TargetFramework=net8.0]
d:\Work\WellTool\src\WellTool.Core\Comparator\ReverseComparator.cs(29,20): warning CS8767: 鈥渋nt ReverseComparator<E>.Compare(E x, E y)鈥濈殑鍙傛暟鈥渪鈥濈被鍨嬩腑寮曠敤绫诲瀷鐨勪负 Null 鎬т笌闅愬紡瀹炵幇鐨勬垚鍛樷€渋nt IComparer<E>.Compare(E? x, E? y)鈥濅笉鍖归厤(鍙兘鏄敱浜庝负 Null 鎬х壒鎬?銆?[d:\Work\WellTool\src\WellTool.Core\WellTool.Core.csproj::TargetFramework=net8.0]
d:\Work\WellTool\src\WellTool.Core\Comparator\ReverseComparator.cs(29,20): warning CS8767: 鈥渋nt ReverseComparator<E>.Compare(E x, E y)鈥濈殑鍙傛暟鈥測鈥濈被鍨嬩腑寮曠敤绫诲瀷鐨勪负 Null 鎬т笌闅愬紡瀹炵幇鐨勬垚鍛樷€渋nt IComparer<E>.Compare(E? x, E? y)鈥濅笉鍖归厤(鍙兘鏄敱浜庝负 Null 鎬х壒鎬?銆?[d:\Work\WellTool\src\WellTool.Core\WellTool.Core.csproj::TargetFramework=net8.0]
d:\Work\WellTool\src\WellTool.Core\Annotation\Hierarchical.cs(49,7): warning CS0108: 鈥淗ierarchical.CompareTo(Hierarchical)鈥濋殣钘忕户鎵跨殑鎴愬憳鈥淚Comparable<Hierarchical>.CompareTo(Hierarchical?)鈥濄€傚鏋滄槸鏈夋剰闅愯棌锛岃浣跨敤鍏抽敭瀛?new銆?[d:\Work\WellTool\src\WellTool.Core\WellTool.Core.csproj::TargetFramework=net8.0]
d:\Work\WellTool\src\WellTool.Core\Comparator\VersionComparator.cs(19,20): warning CS8767: 鈥渋nt VersionComparator.Compare(string x, string y)鈥濈殑鍙傛暟鈥渪鈥濈被鍨嬩腑寮曠敤绫诲瀷鐨勪负 Null 鎬т笌闅愬紡瀹炵幇鐨勬垚鍛樷€渋nt IComparer<string>.Compare(string? x, string? y)鈥濅笉鍖归厤(鍙兘鏄敱浜庝负 Null 鎬х壒鎬?銆?[d:\Work\WellTool\src\WellTool.Core\WellTool.Core.csproj::TargetFramework=net8.0]
d:\Work\WellTool\src\WellTool.Core\Comparator\VersionComparator.cs(19,20): warning CS8767: 鈥渋nt VersionComparator.Compare(string x, string y)鈥濈殑鍙傛暟鈥測鈥濈被鍨嬩腑寮曠敤绫诲瀷鐨勪负 Null 鎬т笌闅愬紡瀹炵幇鐨勬垚鍛樷€渋nt IComparer<string>.Compare(string? x, string? y)鈥濅笉鍖归厤(鍙兘鏄敱浜庝负 Null 鎬х壒鎬?銆?[d:\Work\WellTool\src\WellTool.Core\WellTool.Core.csproj::TargetFramework=net8.0]
d:\Work\WellTool\src\WellTool.Core\Comparator\ReverseComparator.cs(39,24): warning CS8767: 鈥渋nt DefaultComparer<T>.Compare(T x, T y)鈥濈殑鍙傛暟鈥渪鈥濈被鍨嬩腑寮曠敤绫诲瀷鐨勪负 Null 鎬т笌闅愬紡瀹炵幇鐨勬垚鍛樷€渋nt IComparer<T>.Compare(T? x, T? y)鈥濅笉鍖归厤(鍙兘鏄敱浜庝负 Null 鎬х壒鎬?銆?[d:\Work\WellTool\src\WellTool.Core\WellTool.Core.csproj::TargetFramework=net8.0]
d:\Work\WellTool\src\WellTool.Core\Comparator\ReverseComparator.cs(39,24): warning CS8767: 鈥渋nt DefaultComparer<T>.Compare(T x, T y)鈥濈殑鍙傛暟鈥測鈥濈被鍨嬩腑寮曠敤绫诲瀷鐨勪负 Null 鎬т笌闅愬紡瀹炵幇鐨勬垚鍛樷€渋nt IComparer<T>.Compare(T? x, T? y)鈥濅笉鍖归厤(鍙兘鏄敱浜庝负 Null 鎬х壒鎬?銆?[d:\Work\WellTool\src\WellTool.Core\WellTool.Core.csproj::TargetFramework=net8.0]
d:\Work\WellTool\src\WellTool.Core\Convert\impl\DateConverter.cs(17,46): warning CS8625: 鏃犳硶灏?null 瀛楅潰閲忚浆鎹负闈?null 鐨勫紩鐢ㄧ被鍨嬨€?[d:\Work\WellTool\src\WellTool.Core\WellTool.Core.csproj::TargetFramework=net8.0]
d:\Work\WellTool\src\WellTool.Core\Comparator\WindowsExplorerStringComparator.cs(20,20): warning CS8767: 鈥渋nt WindowsExplorerStringComparator.Compare(string x, string y)鈥濈殑鍙傛暟鈥渪鈥濈被鍨嬩腑寮曠敤绫诲瀷鐨勪负 Null 鎬т笌闅愬紡瀹炵幇鐨勬垚鍛樷€渋nt IComparer<string>.Compare(string? x, string? y)鈥濅笉鍖归厤(鍙兘鏄敱浜庝负 Null 鎬х壒鎬?銆?[d:\Work\WellTool\src\WellTool.Core\WellTool.Core.csproj::TargetFramework=net8.0]
d:\Work\WellTool\src\WellTool.Core\Comparator\WindowsExplorerStringComparator.cs(20,20): warning CS8767: 鈥渋nt WindowsExplorerStringComparator.Compare(string x, string y)鈥濈殑鍙傛暟鈥測鈥濈被鍨嬩腑寮曠敤绫诲瀷鐨勪负 Null 鎬т笌闅愬紡瀹炵幇鐨勬垚鍛樷€渋nt IComparer<string>.Compare(string? x, string? y)鈥濅笉鍖归厤(鍙兘鏄敱浜庝负 Null 鎬х壒鎬?銆?[d:\Work\WellTool\src\WellTool.Core\WellTool.Core.csproj::TargetFramework=net8.0]
d:\Work\WellTool\src\WellTool.Core\Getter\ListTypeGetter.cs(9,70): warning CS8625: 鏃犳硶灏?null 瀛楅潰閲忚浆鎹负闈?null 鐨勫紩鐢ㄧ被鍨嬨€?[d:\Work\WellTool\src\WellTool.Core\WellTool.Core.csproj::TargetFramework=net8.0]
d:\Work\WellTool\src\WellTool.Core\Getter\ListTypeGetter.cs(10,70): warning CS8625: 鏃犳硶灏?null 瀛楅潰閲忚浆鎹负闈?null 鐨勫紩鐢ㄧ被鍨嬨€?[d:\Work\WellTool\src\WellTool.Core\WellTool.Core.csproj::TargetFramework=net8.0]
d:\Work\WellTool\src\WellTool.Core\Getter\ListTypeGetter.cs(11,70): warning CS8625: 鏃犳硶灏?null 瀛楅潰閲忚浆鎹负闈?null 鐨勫紩鐢ㄧ被鍨嬨€?[d:\Work\WellTool\src\WellTool.Core\WellTool.Core.csproj::TargetFramework=net8.0]
d:\Work\WellTool\src\WellTool.Core\Getter\BasicTypeGetter.cs(71,67): warning CS8625: 鏃犳硶灏?null 瀛楅潰閲忚浆鎹负闈?null 鐨勫紩鐢ㄧ被鍨嬨€?[d:\Work\WellTool\src\WellTool.Core\WellTool.Core.csproj::TargetFramework=net8.0]
d:\Work\WellTool\src\WellTool.Core\Getter\ListTypeGetter.cs(12,73): warning CS8625: 鏃犳硶灏?null 瀛楅潰閲忚浆鎹负闈?null 鐨勫紩鐢ㄧ被鍨嬨€?[d:\Work\WellTool\src\WellTool.Core\WellTool.Core.csproj::TargetFramework=net8.0]
d:\Work\WellTool\src\WellTool.Core\Getter\BasicTypeGetter.cs(77,58): warning CS8601: 鍙兘鐨?null 寮曠敤璧嬪€笺€?[d:\Work\WellTool\src\WellTool.Core\WellTool.Core.csproj::TargetFramework=net8.0]
d:\Work\WellTool\src\WellTool.Core\Getter\ListTypeGetter.cs(13,67): warning CS8625: 鏃犳硶灏?null 瀛楅潰閲忚浆鎹负闈?null 鐨勫紩鐢ㄧ被鍨嬨€?[d:\Work\WellTool\src\WellTool.Core\WellTool.Core.csproj::TargetFramework=net8.0]
d:\Work\WellTool\src\WellTool.Core\Getter\ListTypeGetter.cs(14,70): warning CS8625: 鏃犳硶灏?null 瀛楅潰閲忚浆鎹负闈?null 鐨勫紩鐢ㄧ被鍨嬨€?[d:\Work\WellTool\src\WellTool.Core\WellTool.Core.csproj::TargetFramework=net8.0]
d:\Work\WellTool\src\WellTool.Core\Getter\ListTypeGetter.cs(15,73): warning CS8625: 鏃犳硶灏?null 瀛楅潰閲忚浆鎹负闈?null 鐨勫紩鐢ㄧ被鍨嬨€?[d:\Work\WellTool\src\WellTool.Core\WellTool.Core.csproj::TargetFramework=net8.0]
d:\Work\WellTool\src\WellTool.Core\Getter\ListTypeGetter.cs(16,76): warning CS8625: 鏃犳硶灏?null 瀛楅潰閲忚浆鎹负闈?null 鐨勫紩鐢ㄧ被鍨嬨€?[d:\Work\WellTool\src\WellTool.Core\WellTool.Core.csproj::TargetFramework=net8.0]
d:\Work\WellTool\src\WellTool.Core\Getter\ListTypeGetter.cs(17,76): warning CS8625: 鏃犳硶灏?null 瀛楅潰閲忚浆鎹负闈?null 鐨勫紩鐢ㄧ被鍨嬨€?[d:\Work\WellTool\src\WellTool.Core\WellTool.Core.csproj::TargetFramework=net8.0]
d:\Work\WellTool\src\WellTool.Core\Getter\ListTypeGetter.cs(18,67): warning CS8625: 鏃犳硶灏?null 瀛楅潰閲忚浆鎹负闈?null 鐨勫紩鐢ㄧ被鍨嬨€?[d:\Work\WellTool\src\WellTool.Core\WellTool.Core.csproj::TargetFramework=net8.0]
d:\Work\WellTool\src\WellTool.Core\Lang\Map\ActualTypeMapperPool.cs(59,104): warning CS8714: 绫诲瀷鈥淭Key鈥濅笉鑳界敤浣滄硾鍨嬬被鍨嬫垨鏂规硶鈥淒ictionary<TKey, TValue>鈥濅腑鐨勭被鍨嬪弬鏁扳€淭Key鈥濄€傜被鍨嬪弬鏁扳€淭Key鈥濈殑涓?Null 鎬т笌 "notnull" 绾︽潫涓嶅尮閰嶃€?[d:\Work\WellTool\src\WellTool.Core\WellTool.Core.csproj::TargetFramework=net8.0]
d:\Work\WellTool\src\WellTool.Core\IO\AppendableWriter.cs(51,30): warning CS8765: 鍙傛暟鈥渧alue鈥濈被鍨嬬殑涓?Null 鎬т笌閲嶅啓鎴愬憳涓嶅尮閰?鍙兘鏄敱浜庝负 Null 鎬х壒鎬?銆?[d:\Work\WellTool\src\WellTool.Core\WellTool.Core.csproj::TargetFramework=net8.0]
d:\Work\WellTool\src\WellTool.Core\IO\AppendableWriter.cs(57,30): warning CS8765: 鍙傛暟鈥渂uffer鈥濈被鍨嬬殑涓?Null 鎬т笌閲嶅啓鎴愬憳涓嶅尮閰?鍙兘鏄敱浜庝负 Null 鎬х壒鎬?銆?[d:\Work\WellTool\src\WellTool.Core\WellTool.Core.csproj::TargetFramework=net8.0]
d:\Work\WellTool\src\WellTool.Core\Getter\ListTypeGetter.cs(25,77): warning CS8625: 鏃犳硶灏?null 瀛楅潰閲忚浆鎹负闈?null 鐨勫紩鐢ㄧ被鍨嬨€?[d:\Work\WellTool\src\WellTool.Core\WellTool.Core.csproj::TargetFramework=net8.0]
d:\Work\WellTool\src\WellTool.Core\Getter\ListTypeGetter.cs(30,77): warning CS8625: 鏃犳硶灏?null 瀛楅潰閲忚浆鎹负闈?null 鐨勫紩鐢ㄧ被鍨嬨€?[d:\Work\WellTool\src\WellTool.Core\WellTool.Core.csproj::TargetFramework=net8.0]
d:\Work\WellTool\src\WellTool.Core\Getter\ListTypeGetter.cs(35,77): warning CS8625: 鏃犳硶灏?null 瀛楅潰閲忚浆鎹负闈?null 鐨勫紩鐢ㄧ被鍨嬨€?[d:\Work\WellTool\src\WellTool.Core\WellTool.Core.csproj::TargetFramework=net8.0]
d:\Work\WellTool\src\WellTool.Core\Getter\ListTypeGetter.cs(40,80): warning CS8625: 鏃犳硶灏?null 瀛楅潰閲忚浆鎹负闈?null 鐨勫紩鐢ㄧ被鍨嬨€?[d:\Work\WellTool\src\WellTool.Core\WellTool.Core.csproj::TargetFramework=net8.0]
d:\Work\WellTool\src\WellTool.Core\Getter\ListTypeGetter.cs(45,74): warning CS8625: 鏃犳硶灏?null 瀛楅潰閲忚浆鎹负闈?null 鐨勫紩鐢ㄧ被鍨嬨€?[d:\Work\WellTool\src\WellTool.Core\WellTool.Core.csproj::TargetFramework=net8.0]
d:\Work\WellTool\src\WellTool.Core\Getter\ListTypeGetter.cs(50,77): warning CS8625: 鏃犳硶灏?null 瀛楅潰閲忚浆鎹负闈?null 鐨勫紩鐢ㄧ被鍨嬨€?[d:\Work\WellTool\src\WellTool.Core\WellTool.Core.csproj::TargetFramework=net8.0]
d:\Work\WellTool\src\WellTool.Core\Getter\ListTypeGetter.cs(55,80): warning CS8625: 鏃犳硶灏?null 瀛楅潰閲忚浆鎹负闈?null 鐨勫紩鐢ㄧ被鍨嬨€?[d:\Work\WellTool\src\WellTool.Core\WellTool.Core.csproj::TargetFramework=net8.0]
d:\Work\WellTool\src\WellTool.Core\Getter\ListTypeGetter.cs(60,83): warning CS8625: 鏃犳硶灏?null 瀛楅潰閲忚浆鎹负闈?null 鐨勫紩鐢ㄧ被鍨嬨€?[d:\Work\WellTool\src\WellTool.Core\WellTool.Core.csproj::TargetFramework=net8.0]
d:\Work\WellTool\src\WellTool.Core\Getter\ListTypeGetter.cs(65,83): warning CS8625: 鏃犳硶灏?null 瀛楅潰閲忚浆鎹负闈?null 鐨勫紩鐢ㄧ被鍨嬨€?[d:\Work\WellTool\src\WellTool.Core\WellTool.Core.csproj::TargetFramework=net8.0]
d:\Work\WellTool\src\WellTool.Core\Getter\ListTypeGetter.cs(70,74): warning CS8625: 鏃犳硶灏?null 瀛楅潰閲忚浆鎹负闈?null 鐨勫紩鐢ㄧ被鍨嬨€?[d:\Work\WellTool\src\WellTool.Core\WellTool.Core.csproj::TargetFramework=net8.0]
d:\Work\WellTool\src\WellTool.Core\Getter\ListTypeGetter.cs(75,81): warning CS8625: 鏃犳硶灏?null 瀛楅潰閲忚浆鎹负闈?null 鐨勫紩鐢ㄧ被鍨嬨€?[d:\Work\WellTool\src\WellTool.Core\WellTool.Core.csproj::TargetFramework=net8.0]
d:\Work\WellTool\src\WellTool.Core\Map\AbsEntry.cs(45,30): warning CS8765: 鍙傛暟鈥渙bj鈥濈被鍨嬬殑涓?Null 鎬т笌閲嶅啓鎴愬憳涓嶅尮閰?鍙兘鏄敱浜庝负 Null 鎬х壒鎬?銆?[d:\Work\WellTool\src\WellTool.Core\WellTool.Core.csproj::TargetFramework=net8.0]
d:\Work\WellTool\src\WellTool.Core\Getter\OptNullBasicTypeFromObjectGetter.cs(32,13): warning CS0108: 鈥淥ptNullBasicTypeFromObjectGetter<K>.GetStr(K, string?)鈥濋殣钘忕户鎵跨殑鎴愬憳鈥淥ptBasicTypeGetter<K>.GetStr(K, string?)鈥濄€傚鏋滄槸鏈夋剰闅愯棌锛岃浣跨敤鍏抽敭瀛?new銆?[d:\Work\WellTool\src\WellTool.Core\WellTool.Core.csproj::TargetFramework=net8.0]
d:\Work\WellTool\src\WellTool.Core\Getter\OptNullBasicTypeFromObjectGetter.cs(40,10): warning CS0108: 鈥淥ptNullBasicTypeFromObjectGetter<K>.GetInt(K, int?)鈥濋殣钘忕户鎵跨殑鎴愬憳鈥淥ptBasicTypeGetter<K>.GetInt(K, int?)鈥濄€傚鏋滄槸鏈夋剰闅愯棌锛岃浣跨敤鍏抽敭瀛?new銆?[d:\Work\WellTool\src\WellTool.Core\WellTool.Core.csproj::TargetFramework=net8.0]
d:\Work\WellTool\src\WellTool.Core\Getter\OptNullBasicTypeFromObjectGetter.cs(48,12): warning CS0108: 鈥淥ptNullBasicTypeFromObjectGetter<K>.GetShort(K, short?)鈥濋殣钘忕户鎵跨殑鎴愬憳鈥淥ptBasicTypeGetter<K>.GetShort(K, short?)鈥濄€傚鏋滄槸鏈夋剰闅愯棌锛岃浣跨敤鍏抽敭瀛?new銆?[d:\Work\WellTool\src\WellTool.Core\WellTool.Core.csproj::TargetFramework=net8.0]
d:\Work\WellTool\src\WellTool.Core\Getter\OptNullBasicTypeFromObjectGetter.cs(56,11): warning CS0108: 鈥淥ptNullBasicTypeFromObjectGetter<K>.GetBool(K, bool?)鈥濋殣钘忕户鎵跨殑鎴愬憳鈥淥ptBasicTypeGetter<K>.GetBool(K, bool?)鈥濄€傚鏋滄槸鏈夋剰闅愯棌锛岃浣跨敤鍏抽敭瀛?new銆?[d:\Work\WellTool\src\WellTool.Core\WellTool.Core.csproj::TargetFramework=net8.0]
d:\Work\WellTool\src\WellTool.Core\Getter\OptNullBasicTypeFromObjectGetter.cs(64,11): warning CS0108: 鈥淥ptNullBasicTypeFromObjectGetter<K>.GetLong(K, long?)鈥濋殣钘忕户鎵跨殑鎴愬憳鈥淥ptBasicTypeGetter<K>.GetLong(K, long?)鈥濄€傚鏋滄槸鏈夋剰闅愯棌锛岃浣跨敤鍏抽敭瀛?new銆?[d:\Work\WellTool\src\WellTool.Core\WellTool.Core.csproj::TargetFramework=net8.0]
d:\Work\WellTool\src\WellTool.Core\Getter\OptNullBasicTypeFromObjectGetter.cs(72,11): warning CS0108: 鈥淥ptNullBasicTypeFromObjectGetter<K>.GetChar(K, char?)鈥濋殣钘忕户鎵跨殑鎴愬憳鈥淥ptBasicTypeGetter<K>.GetChar(K, char?)鈥濄€傚鏋滄槸鏈夋剰闅愯棌锛岃浣跨敤鍏抽敭瀛?new銆?[d:\Work\WellTool\src\WellTool.Core\WellTool.Core.csproj::TargetFramework=net8.0]
d:\Work\WellTool\src\WellTool.Core\Getter\OptNullBasicTypeFromObjectGetter.cs(80,12): warning CS0108: 鈥淥ptNullBasicTypeFromObjectGetter<K>.GetFloat(K, float?)鈥濋殣钘忕户鎵跨殑鎴愬憳鈥淥ptBasicTypeGetter<K>.GetFloat(K, float?)鈥濄€傚鏋滄槸鏈夋剰闅愯棌锛岃浣跨敤鍏抽敭瀛?new銆?[d:\Work\WellTool\src\WellTool.Core\WellTool.Core.csproj::TargetFramework=net8.0]
d:\Work\WellTool\src\WellTool.Core\Getter\OptNullBasicTypeFromObjectGetter.cs(88,13): warning CS0108: 鈥淥ptNullBasicTypeFromObjectGetter<K>.GetDouble(K, double?)鈥濋殣钘忕户鎵跨殑鎴愬憳鈥淥ptBasicTypeGetter<K>.GetDouble(K, double?)鈥濄€傚鏋滄槸鏈夋剰闅愯棌锛岃浣跨敤鍏抽敭瀛?new銆?[d:\Work\WellTool\src\WellTool.Core\WellTool.Core.csproj::TargetFramework=net8.0]
d:\Work\WellTool\src\WellTool.Core\Getter\OptNullBasicTypeFromObjectGetter.cs(96,11): warning CS0108: 鈥淥ptNullBasicTypeFromObjectGetter<K>.GetByte(K, byte?)鈥濋殣钘忕户鎵跨殑鎴愬憳鈥淥ptBasicTypeGetter<K>.GetByte(K, byte?)鈥濄€傚鏋滄槸鏈夋剰闅愯棌锛岃浣跨敤鍏抽敭瀛?new銆?[d:\Work\WellTool\src\WellTool.Core\WellTool.Core.csproj::TargetFramework=net8.0]
d:\Work\WellTool\src\WellTool.Core\Getter\OptNullBasicTypeFromObjectGetter.cs(104,14): warning CS0108: 鈥淥ptNullBasicTypeFromObjectGetter<K>.GetBigDecimal(K, decimal?)鈥濋殣钘忕户鎵跨殑鎴愬憳鈥淥ptBasicTypeGetter<K>.GetBigDecimal(K, decimal?)鈥濄€傚鏋滄槸鏈夋剰闅愯棌锛岃浣跨敤鍏抽敭瀛?new銆?[d:\Work\WellTool\src\WellTool.Core\WellTool.Core.csproj::TargetFramework=net8.0]
d:\Work\WellTool\src\WellTool.Core\Getter\OptNullBasicTypeFromObjectGetter.cs(112,17): warning CS0108: 鈥淥ptNullBasicTypeFromObjectGetter<K>.GetBigInteger(K, BigInteger?)鈥濋殣钘忕户鎵跨殑鎴愬憳鈥淥ptBasicTypeGetter<K>.GetBigInteger(K, BigInteger?)鈥濄€傚鏋滄槸鏈夋剰闅愯棌锛岃浣跨敤鍏抽敭瀛?new銆?[d:\Work\WellTool\src\WellTool.Core\WellTool.Core.csproj::TargetFramework=net8.0]
d:\Work\WellTool\src\WellTool.Core\Getter\OptNullBasicTypeFromObjectGetter.cs(122,8): warning CS0108: 鈥淥ptNullBasicTypeFromObjectGetter<K>.GetEnum<E>(Type, K, E?)鈥濋殣钘忕户鎵跨殑鎴愬憳鈥淥ptBasicTypeGetter<K>.GetEnum<E>(Type, K, E?)鈥濄€傚鏋滄槸鏈夋剰闅愯棌锛岃浣跨敤鍏抽敭瀛?new銆?[d:\Work\WellTool\src\WellTool.Core\WellTool.Core.csproj::TargetFramework=net8.0]
d:\Work\WellTool\src\WellTool.Core\Getter\OptNullBasicTypeFromObjectGetter.cs(130,15): warning CS0108: 鈥淥ptNullBasicTypeFromObjectGetter<K>.GetDate(K, DateTime?)鈥濋殣钘忕户鎵跨殑鎴愬憳鈥淥ptBasicTypeGetter<K>.GetDate(K, DateTime?)鈥濄€傚鏋滄槸鏈夋剰闅愯棌锛岃浣跨敤鍏抽敭瀛?new銆?[d:\Work\WellTool\src\WellTool.Core\WellTool.Core.csproj::TargetFramework=net8.0]
d:\Work\WellTool\src\WellTool.Core\Getter\OptNullBasicTypeFromStringGetter.cs(31,13): warning CS0108: 鈥淥ptNullBasicTypeFromStringGetter<K>.GetObj(K, object?)鈥濋殣钘忕户鎵跨殑鎴愬憳鈥淥ptBasicTypeGetter<K>.GetObj(K, object?)鈥濄€傚鏋滄槸鏈夋剰闅愯棌锛岃浣跨敤鍏抽敭瀛?new銆?[d:\Work\WellTool\src\WellTool.Core\WellTool.Core.csproj::TargetFramework=net8.0]
d:\Work\WellTool\src\WellTool.Core\Getter\OptNullBasicTypeFromStringGetter.cs(39,10): warning CS0108: 鈥淥ptNullBasicTypeFromStringGetter<K>.GetInt(K, int?)鈥濋殣钘忕户鎵跨殑鎴愬憳鈥淥ptBasicTypeGetter<K>.GetInt(K, int?)鈥濄€傚鏋滄槸鏈夋剰闅愯棌锛岃浣跨敤鍏抽敭瀛?new銆?[d:\Work\WellTool\src\WellTool.Core\WellTool.Core.csproj::TargetFramework=net8.0]
d:\Work\WellTool\src\WellTool.Core\Getter\OptNullBasicTypeFromStringGetter.cs(47,12): warning CS0108: 鈥淥ptNullBasicTypeFromStringGetter<K>.GetShort(K, short?)鈥濋殣钘忕户鎵跨殑鎴愬憳鈥淥ptBasicTypeGetter<K>.GetShort(K, short?)鈥濄€傚鏋滄槸鏈夋剰闅愯棌锛岃浣跨敤鍏抽敭瀛?new銆?[d:\Work\WellTool\src\WellTool.Core\WellTool.Core.csproj::TargetFramework=net8.0]
d:\Work\WellTool\src\WellTool.Core\Getter\OptNullBasicTypeFromStringGetter.cs(55,11): warning CS0108: 鈥淥ptNullBasicTypeFromStringGetter<K>.GetBool(K, bool?)鈥濋殣钘忕户鎵跨殑鎴愬憳鈥淥ptBasicTypeGetter<K>.GetBool(K, bool?)鈥濄€傚鏋滄槸鏈夋剰闅愯棌锛岃浣跨敤鍏抽敭瀛?new銆?[d:\Work\WellTool\src\WellTool.Core\WellTool.Core.csproj::TargetFramework=net8.0]
d:\Work\WellTool\src\WellTool.Core\Getter\OptNullBasicTypeFromStringGetter.cs(63,11): warning CS0108: 鈥淥ptNullBasicTypeFromStringGetter<K>.GetLong(K, long?)鈥濋殣钘忕户鎵跨殑鎴愬憳鈥淥ptBasicTypeGetter<K>.GetLong(K, long?)鈥濄€傚鏋滄槸鏈夋剰闅愯棌锛岃浣跨敤鍏抽敭瀛?new銆?[d:\Work\WellTool\src\WellTool.Core\WellTool.Core.csproj::TargetFramework=net8.0]
d:\Work\WellTool\src\WellTool.Core\Getter\OptNullBasicTypeFromStringGetter.cs(71,11): warning CS0108: 鈥淥ptNullBasicTypeFromStringGetter<K>.GetChar(K, char?)鈥濋殣钘忕户鎵跨殑鎴愬憳鈥淥ptBasicTypeGetter<K>.GetChar(K, char?)鈥濄€傚鏋滄槸鏈夋剰闅愯棌锛岃浣跨敤鍏抽敭瀛?new銆?[d:\Work\WellTool\src\WellTool.Core\WellTool.Core.csproj::TargetFramework=net8.0]
d:\Work\WellTool\src\WellTool.Core\Getter\OptNullBasicTypeFromStringGetter.cs(79,12): warning CS0108: 鈥淥ptNullBasicTypeFromStringGetter<K>.GetFloat(K, float?)鈥濋殣钘忕户鎵跨殑鎴愬憳鈥淥ptBasicTypeGetter<K>.GetFloat(K, float?)鈥濄€傚鏋滄槸鏈夋剰闅愯棌锛岃浣跨敤鍏抽敭瀛?new銆?[d:\Work\WellTool\src\WellTool.Core\WellTool.Core.csproj::TargetFramework=net8.0]
d:\Work\WellTool\src\WellTool.Core\Getter\OptNullBasicTypeFromStringGetter.cs(87,13): warning CS0108: 鈥淥ptNullBasicTypeFromStringGetter<K>.GetDouble(K, double?)鈥濋殣钘忕户鎵跨殑鎴愬憳鈥淥ptBasicTypeGetter<K>.GetDouble(K, double?)鈥濄€傚鏋滄槸鏈夋剰闅愯棌锛岃浣跨敤鍏抽敭瀛?new銆?[d:\Work\WellTool\src\WellTool.Core\WellTool.Core.csproj::TargetFramework=net8.0]
d:\Work\WellTool\src\WellTool.Core\Getter\OptNullBasicTypeFromStringGetter.cs(95,11): warning CS0108: 鈥淥ptNullBasicTypeFromStringGetter<K>.GetByte(K, byte?)鈥濋殣钘忕户鎵跨殑鎴愬憳鈥淥ptBasicTypeGetter<K>.GetByte(K, byte?)鈥濄€傚鏋滄槸鏈夋剰闅愯棌锛岃浣跨敤鍏抽敭瀛?new銆?[d:\Work\WellTool\src\WellTool.Core\WellTool.Core.csproj::TargetFramework=net8.0]
d:\Work\WellTool\src\WellTool.Core\Getter\OptNullBasicTypeFromStringGetter.cs(103,14): warning CS0108: 鈥淥ptNullBasicTypeFromStringGetter<K>.GetBigDecimal(K, decimal?)鈥濋殣钘忕户鎵跨殑鎴愬憳鈥淥ptBasicTypeGetter<K>.GetBigDecimal(K, decimal?)鈥濄€傚鏋滄槸鏈夋剰闅愯棌锛岃浣跨敤鍏抽敭瀛?new銆?[d:\Work\WellTool\src\WellTool.Core\WellTool.Core.csproj::TargetFramework=net8.0]
d:\Work\WellTool\src\WellTool.Core\Getter\OptNullBasicTypeFromStringGetter.cs(111,17): warning CS0108: 鈥淥ptNullBasicTypeFromStringGetter<K>.GetBigInteger(K, BigInteger?)鈥濋殣钘忕户鎵跨殑鎴愬憳鈥淥ptBasicTypeGetter<K>.GetBigInteger(K, BigInteger?)鈥濄€傚鏋滄槸鏈夋剰闅愯棌锛岃浣跨敤鍏抽敭瀛?new銆?[d:\Work\WellTool\src\WellTool.Core\WellTool.Core.csproj::TargetFramework=net8.0]
d:\Work\WellTool\src\WellTool.Core\Getter\OptNullBasicTypeFromStringGetter.cs(121,8): warning CS0108: 鈥淥ptNullBasicTypeFromStringGetter<K>.GetEnum<E>(Type, K, E?)鈥濋殣钘忕户鎵跨殑鎴愬憳鈥淥ptBasicTypeGetter<K>.GetEnum<E>(Type, K, E?)鈥濄€傚鏋滄槸鏈夋剰闅愯棌锛岃浣跨敤鍏抽敭瀛?new銆?[d:\Work\WellTool\src\WellTool.Core\WellTool.Core.csproj::TargetFramework=net8.0]
d:\Work\WellTool\src\WellTool.Core\Getter\OptNullBasicTypeFromStringGetter.cs(129,15): warning CS0108: 鈥淥ptNullBasicTypeFromStringGetter<K>.GetDate(K, DateTime?)鈥濋殣钘忕户鎵跨殑鎴愬憳鈥淥ptBasicTypeGetter<K>.GetDate(K, DateTime?)鈥濄€傚鏋滄槸鏈夋剰闅愯棌锛岃浣跨敤鍏抽敭瀛?new銆?[d:\Work\WellTool\src\WellTool.Core\WellTool.Core.csproj::TargetFramework=net8.0]
d:\Work\WellTool\src\WellTool.Core\Stream\CollectorUtil.cs(57,46): warning CS8714: 绫诲瀷鈥淜鈥濅笉鑳界敤浣滄硾鍨嬬被鍨嬫垨鏂规硶鈥淒ictionary<TKey, TValue>鈥濅腑鐨勭被鍨嬪弬鏁扳€淭Key鈥濄€傜被鍨嬪弬鏁扳€淜鈥濈殑涓?Null 鎬т笌 "notnull" 绾︽潫涓嶅尮閰嶃€?[d:\Work\WellTool\src\WellTool.Core\WellTool.Core.csproj::TargetFramework=net8.0]
d:\Work\WellTool\src\WellTool.Core\Stream\CollectorUtil.cs(82,40): warning CS8714: 绫诲瀷鈥淜鈥濅笉鑳界敤浣滄硾鍨嬬被鍨嬫垨鏂规硶鈥淒ictionary<TKey, TValue>鈥濅腑鐨勭被鍨嬪弬鏁扳€淭Key鈥濄€傜被鍨嬪弬鏁扳€淜鈥濈殑涓?Null 鎬т笌 "notnull" 绾︽潫涓嶅尮閰嶃€?[d:\Work\WellTool\src\WellTool.Core\WellTool.Core.csproj::TargetFramework=net8.0]
d:\Work\WellTool\src\WellTool.Core\Stream\CollectorUtil.cs(98,40): warning CS8714: 绫诲瀷鈥淜鈥濅笉鑳界敤浣滄硾鍨嬬被鍨嬫垨鏂规硶鈥淒ictionary<TKey, TValue>鈥濅腑鐨勭被鍨嬪弬鏁扳€淭Key鈥濄€傜被鍨嬪弬鏁扳€淜鈥濈殑涓?Null 鎬т笌 "notnull" 绾︽潫涓嶅尮閰嶃€?[d:\Work\WellTool\src\WellTool.Core\WellTool.Core.csproj::TargetFramework=net8.0]
d:\Work\WellTool\src\WellTool.Core\Map\BiMap.cs(9,43): warning CS8714: 绫诲瀷鈥淜鈥濅笉鑳界敤浣滄硾鍨嬬被鍨嬫垨鏂规硶鈥淒ictionary<TKey, TValue>鈥濅腑鐨勭被鍨嬪弬鏁扳€淭Key鈥濄€傜被鍨嬪弬鏁扳€淜鈥濈殑涓?Null 鎬т笌 "notnull" 绾︽潫涓嶅尮閰嶃€?[d:\Work\WellTool\src\WellTool.Core\WellTool.Core.csproj::TargetFramework=net8.0]
d:\Work\WellTool\src\WellTool.Core\Map\BiMap.cs(10,43): warning CS8714: 绫诲瀷鈥淰鈥濅笉鑳界敤浣滄硾鍨嬬被鍨嬫垨鏂规硶鈥淒ictionary<TKey, TValue>鈥濅腑鐨勭被鍨嬪弬鏁扳€淭Key鈥濄€傜被鍨嬪弬鏁扳€淰鈥濈殑涓?Null 鎬т笌 "notnull" 绾︽潫涓嶅尮閰嶃€?[d:\Work\WellTool\src\WellTool.Core\WellTool.Core.csproj::TargetFramework=net8.0]
d:\Work\WellTool\src\WellTool.Core\Collection\ConcurrentHashSet.cs(14,56): warning CS8714: 绫诲瀷鈥淭鈥濅笉鑳界敤浣滄硾鍨嬬被鍨嬫垨鏂规硶鈥淐oncurrentDictionary<TKey, TValue>鈥濅腑鐨勭被鍨嬪弬鏁扳€淭Key鈥濄€傜被鍨嬪弬鏁扳€淭鈥濈殑涓?Null 鎬т笌 "notnull" 绾︽潫涓嶅尮閰嶃€?[d:\Work\WellTool\src\WellTool.Core\WellTool.Core.csproj::TargetFramework=net8.0]
d:\Work\WellTool\src\WellTool.Core\IO\FastStringWriter.cs(40,23): warning CS8765: 鍙傛暟鈥渧alue鈥濈被鍨嬬殑涓?Null 鎬т笌閲嶅啓鎴愬憳涓嶅尮閰?鍙兘鏄敱浜庝负 Null 鎬х壒鎬?銆?[d:\Work\WellTool\src\WellTool.Core\WellTool.Core.csproj::TargetFramework=net8.0]
d:\Work\WellTool\src\WellTool.Core\Thread\AsyncUtil.cs(165,89): warning CS8601: 鍙兘鐨?null 寮曠敤璧嬪€笺€?[d:\Work\WellTool\src\WellTool.Core\WellTool.Core.csproj::TargetFramework=net8.0]
d:\Work\WellTool\src\WellTool.Core\Text\CharPool.cs(160,23): warning CS0108: 鈥淐harPool.Equals鈥濋殣钘忕户鎵跨殑鎴愬憳鈥渙bject.Equals(object?)鈥濄€傚鏋滄槸鏈夋剰闅愯棌锛岃浣跨敤鍏抽敭瀛?new銆?[d:\Work\WellTool\src\WellTool.Core\WellTool.Core.csproj::TargetFramework=net8.0]
d:\Work\WellTool\src\WellTool.Core\IO\FileUtil.cs(29,78): warning CS8625: 鏃犳硶灏?null 瀛楅潰閲忚浆鎹负闈?null 鐨勫紩鐢ㄧ被鍨嬨€?[d:\Work\WellTool\src\WellTool.Core\WellTool.Core.csproj::TargetFramework=net8.0]
d:\Work\WellTool\src\WellTool.Core\IO\FileUtil.cs(51,89): warning CS8625: 鏃犳硶灏?null 瀛楅潰閲忚浆鎹负闈?null 鐨勫紩鐢ㄧ被鍨嬨€?[d:\Work\WellTool\src\WellTool.Core\WellTool.Core.csproj::TargetFramework=net8.0]
d:\Work\WellTool\src\WellTool.Core\IO\FileUtil.cs(63,90): warning CS8625: 鏃犳硶灏?null 瀛楅潰閲忚浆鎹负闈?null 鐨勫紩鐢ㄧ被鍨嬨€?[d:\Work\WellTool\src\WellTool.Core\WellTool.Core.csproj::TargetFramework=net8.0]
d:\Work\WellTool\src\WellTool.Core\Annotation\Scanner\MethodAnnotationScanner.cs(60,21): warning CS0108: 鈥淢ethodAnnotationScanner.Support(object)鈥濋殣钘忕户鎵跨殑鎴愬憳鈥淎bstractTypeAnnotationScanner<MethodAnnotationScanner>.Support(object)鈥濄€傚鏋滄槸鏈夋剰闅愯棌锛岃浣跨敤鍏抽敭瀛?new銆?[d:\Work\WellTool\src\WellTool.Core\WellTool.Core.csproj::TargetFramework=net8.0]
d:\Work\WellTool\src\WellTool.Core\Annotation\Scanner\MethodAnnotationScanner.cs(70,32): warning CS0108: 鈥淢ethodAnnotationScanner.GetAnnotations(object)鈥濋殣钘忕户鎵跨殑鎴愬憳鈥淎bstractTypeAnnotationScanner<MethodAnnotationScanner>.GetAnnotations(object)鈥濄€傚鏋滄槸鏈夋剰闅愯棌锛岃浣跨敤鍏抽敭瀛?new銆?[d:\Work\WellTool\src\WellTool.Core\WellTool.Core.csproj::TargetFramework=net8.0]
d:\Work\WellTool\src\WellTool.Core\Annotation\Scanner\MethodAnnotationScanner.cs(83,32): warning CS0108: 鈥淢ethodAnnotationScanner.GetAnnotationsIfSupport(object)鈥濋殣钘忕户鎵跨殑鎴愬憳鈥淎bstractTypeAnnotationScanner<MethodAnnotationScanner>.GetAnnotationsIfSupport(object)鈥濄€傚鏋滄槸鏈夋剰闅愯棌锛岃浣跨敤鍏抽敭瀛?new銆?[d:\Work\WellTool\src\WellTool.Core\WellTool.Core.csproj::TargetFramework=net8.0]
d:\Work\WellTool\src\WellTool.Core\Annotation\Scanner\MethodAnnotationScanner.cs(98,21): warning CS0108: 鈥淢ethodAnnotationScanner.ScanIfSupport(Action<int, Attribute>, object, Func<Attribute, bool>)鈥濋殣钘忕户鎵跨殑鎴愬憳鈥淎bstractTypeAnnotationScanner<MethodAnnotationScanner>.ScanIfSupport(Action<int, Attribute>, object, Func<Attribute, bool>)鈥濄€傚鏋滄槸鏈夋剰闅愯棌锛岃浣跨敤鍏抽敭瀛?new銆?[d:\Work\WellTool\src\WellTool.Core\WellTool.Core.csproj::TargetFramework=net8.0]
d:\Work\WellTool\src\WellTool.Core\Annotation\Scanner\TypeAnnotationScanner.cs(38,21): warning CS0108: 鈥淭ypeAnnotationScanner.Support(object)鈥濋殣钘忕户鎵跨殑鎴愬憳鈥淎bstractTypeAnnotationScanner<TypeAnnotationScanner>.Support(object)鈥濄€傚鏋滄槸鏈夋剰闅愯棌锛岃浣跨敤鍏抽敭瀛?new銆?[d:\Work\WellTool\src\WellTool.Core\WellTool.Core.csproj::TargetFramework=net8.0]
d:\Work\WellTool\src\WellTool.Core\Annotation\Scanner\TypeAnnotationScanner.cs(48,32): warning CS0108: 鈥淭ypeAnnotationScanner.GetAnnotations(object)鈥濋殣钘忕户鎵跨殑鎴愬憳鈥淎bstractTypeAnnotationScanner<TypeAnnotationScanner>.GetAnnotations(object)鈥濄€傚鏋滄槸鏈夋剰闅愯棌锛岃浣跨敤鍏抽敭瀛?new銆?[d:\Work\WellTool\src\WellTool.Core\WellTool.Core.csproj::TargetFramework=net8.0]
d:\Work\WellTool\src\WellTool.Core\Annotation\Scanner\TypeAnnotationScanner.cs(61,32): warning CS0108: 鈥淭ypeAnnotationScanner.GetAnnotationsIfSupport(object)鈥濋殣钘忕户鎵跨殑鎴愬憳鈥淎bstractTypeAnnotationScanner<TypeAnnotationScanner>.GetAnnotationsIfSupport(object)鈥濄€傚鏋滄槸鏈夋剰闅愯棌锛岃浣跨敤鍏抽敭瀛?new銆?[d:\Work\WellTool\src\WellTool.Core\WellTool.Core.csproj::TargetFramework=net8.0]
d:\Work\WellTool\src\WellTool.Core\Annotation\Scanner\TypeAnnotationScanner.cs(76,21): warning CS0108: 鈥淭ypeAnnotationScanner.ScanIfSupport(Action<int, Attribute>, object, Func<Attribute, bool>)鈥濋殣钘忕户鎵跨殑鎴愬憳鈥淎bstractTypeAnnotationScanner<TypeAnnotationScanner>.ScanIfSupport(Action<int, Attribute>, object, Func<Attribute, bool>)鈥濄€傚鏋滄槸鏈夋剰闅愯棌锛岃浣跨敤鍏抽敭瀛?new銆?[d:\Work\WellTool\src\WellTool.Core\WellTool.Core.csproj::TargetFramework=net8.0]
d:\Work\WellTool\src\WellTool.Core\Annotation\Scanner\TypeAnnotationScanner.cs(129,47): warning CS0108: 鈥淭ypeAnnotationScanner.JdkProxyClassConverter鈥濋殣钘忕户鎵跨殑鎴愬憳鈥淎bstractTypeAnnotationScanner<TypeAnnotationScanner>.JdkProxyClassConverter鈥濄€傚鏋滄槸鏈夋剰闅愯棌锛岃浣跨敤鍏抽敭瀛?new銆?[d:\Work\WellTool\src\WellTool.Core\WellTool.Core.csproj::TargetFramework=net8.0]
d:\Work\WellTool\src\WellTool.Core\IO\NullOutputStream.cs(27,49): warning CS0108: 鈥淣ullOutputStream.Null鈥濋殣钘忕户鎵跨殑鎴愬憳鈥淪tream.Null鈥濄€傚鏋滄槸鏈夋剰闅愯棌锛岃浣跨敤鍏抽敭瀛?new銆?[d:\Work\WellTool\src\WellTool.Core\WellTool.Core.csproj::TargetFramework=net8.0]
d:\Work\WellTool\src\WellTool.Core\Lang\ClassScanner.cs(27,82): warning CS8625: 鏃犳硶灏?null 瀛楅潰閲忚浆鎹负闈?null 鐨勫紩鐢ㄧ被鍨嬨€?[d:\Work\WellTool\src\WellTool.Core\WellTool.Core.csproj::TargetFramework=net8.0]
d:\Work\WellTool\src\WellTool.Core\Map\CustomKeyMap.cs(8,14): warning CS8714: 绫诲瀷鈥淜鈥濅笉鑳界敤浣滄硾鍨嬬被鍨嬫垨鏂规硶鈥淒ictionary<TKey, TValue>鈥濅腑鐨勭被鍨嬪弬鏁扳€淭Key鈥濄€傜被鍨嬪弬鏁扳€淜鈥濈殑涓?Null 鎬т笌 "notnull" 绾︽潫涓嶅尮閰嶃€?[d:\Work\WellTool\src\WellTool.Core\WellTool.Core.csproj::TargetFramework=net8.0]
d:\Work\WellTool\src\WellTool.Core\Date\Format\AbstractDateBasic.cs(54,9): warning CS0618: 鈥淭imeZone鈥濆凡杩囨椂:鈥淪ystem.TimeZone has been deprecated. Investigate the use of System.TimeZoneInfo instead.鈥?[d:\Work\WellTool\src\WellTool.Core\WellTool.Core.csproj::TargetFramework=net8.0]
d:\Work\WellTool\src\WellTool.Core\Date\Format\DateBasic.cs(21,2): warning CS0618: 鈥淭imeZone鈥濆凡杩囨椂:鈥淪ystem.TimeZone has been deprecated. Investigate the use of System.TimeZoneInfo instead.鈥?[d:\Work\WellTool\src\WellTool.Core\WellTool.Core.csproj::TargetFramework=net8.0]
d:\Work\WellTool\src\WellTool.Core\Date\Format\AbstractDateBasic.cs(65,23): warning CS8765: 鍙傛暟鈥渙bj鈥濈被鍨嬬殑涓?Null 鎬т笌閲嶅啓鎴愬憳涓嶅尮閰?鍙兘鏄敱浜庝负 Null 鎬х壒鎬?銆?[d:\Work\WellTool\src\WellTool.Core\WellTool.Core.csproj::TargetFramework=net8.0]
d:\Work\WellTool\src\WellTool.Core\Date\Format\AbstractDateBasic.cs(24,21): warning CS0618: 鈥淭imeZone鈥濆凡杩囨椂:鈥淪ystem.TimeZone has been deprecated. Investigate the use of System.TimeZoneInfo instead.鈥?[d:\Work\WellTool\src\WellTool.Core\WellTool.Core.csproj::TargetFramework=net8.0]
d:\Work\WellTool\src\WellTool.Core\Date\Format\AbstractDateBasic.cs(37,46): warning CS0618: 鈥淭imeZone鈥濆凡杩囨椂:鈥淪ystem.TimeZone has been deprecated. Investigate the use of System.TimeZoneInfo instead.鈥?[d:\Work\WellTool\src\WellTool.Core\WellTool.Core.csproj::TargetFramework=net8.0]
d:\Work\WellTool\src\WellTool.Core\Bean\DynaBean.cs(200,30): warning CS8765: 鍙傛暟鈥渙bj鈥濈被鍨嬬殑涓?Null 鎬т笌閲嶅啓鎴愬憳涓嶅尮閰?鍙兘鏄敱浜庝负 Null 鎬х壒鎬?銆?[d:\Work\WellTool\src\WellTool.Core\WellTool.Core.csproj::TargetFramework=net8.0]
d:\Work\WellTool\src\WellTool.Core\Text\Csv\CsvReader.cs(20,64): warning CS8625: 鏃犳硶灏?null 瀛楅潰閲忚浆鎹负闈?null 鐨勫紩鐢ㄧ被鍨嬨€?[d:\Work\WellTool\src\WellTool.Core\WellTool.Core.csproj::TargetFramework=net8.0]
d:\Work\WellTool\src\WellTool.Core\IO\IoUtil.cs(37,76): warning CS8625: 鏃犳硶灏?null 瀛楅潰閲忚浆鎹负闈?null 鐨勫紩鐢ㄧ被鍨嬨€?[d:\Work\WellTool\src\WellTool.Core\WellTool.Core.csproj::TargetFramework=net8.0]
d:\Work\WellTool\src\WellTool.Core\IO\IoUtil.cs(62,87): warning CS8625: 鏃犳硶灏?null 瀛楅潰閲忚浆鎹负闈?null 鐨勫紩鐢ㄧ被鍨嬨€?[d:\Work\WellTool\src\WellTool.Core\WellTool.Core.csproj::TargetFramework=net8.0]
d:\Work\WellTool\src\WellTool.Core\Date\Format\FastDateFormat.cs(74,59): warning CS0618: 鈥淭imeZone鈥濆凡杩囨椂:鈥淪ystem.TimeZone has been deprecated. Investigate the use of System.TimeZoneInfo instead.鈥?[d:\Work\WellTool\src\WellTool.Core\WellTool.Core.csproj::TargetFramework=net8.0]
d:\Work\WellTool\src\WellTool.Core\Date\Format\FastDateFormat.cs(97,59): warning CS0618: 鈥淭imeZone鈥濆凡杩囨椂:鈥淪ystem.TimeZone has been deprecated. Investigate the use of System.TimeZoneInfo instead.鈥?[d:\Work\WellTool\src\WellTool.Core\WellTool.Core.csproj::TargetFramework=net8.0]
d:\Work\WellTool\src\WellTool.Core\Date\Format\FastDateFormat.cs(129,58): warning CS0618: 鈥淭imeZone鈥濆凡杩囨椂:鈥淪ystem.TimeZone has been deprecated. Investigate the use of System.TimeZoneInfo instead.鈥?[d:\Work\WellTool\src\WellTool.Core\WellTool.Core.csproj::TargetFramework=net8.0]
d:\Work\WellTool\src\WellTool.Core\Date\Format\FastDateFormat.cs(141,58): warning CS0618: 鈥淭imeZone鈥濆凡杩囨椂:鈥淪ystem.TimeZone has been deprecated. Investigate the use of System.TimeZoneInfo instead.鈥?[d:\Work\WellTool\src\WellTool.Core\WellTool.Core.csproj::TargetFramework=net8.0]
d:\Work\WellTool\src\WellTool.Core\Thread\Lock\SegmentLock.cs(119,45): warning CS0693: 绫诲瀷鍙傛暟鈥淟鈥濅笌澶栭儴绫诲瀷鈥淪egmentLock<L>鈥濅腑鐨勭被鍨嬪弬鏁板悓鍚?[d:\Work\WellTool\src\WellTool.Core\WellTool.Core.csproj::TargetFramework=net8.0]
d:\Work\WellTool\src\WellTool.Core\Date\Format\FastDateFormat.cs(173,58): warning CS0618: 鈥淭imeZone鈥濆凡杩囨椂:鈥淪ystem.TimeZone has been deprecated. Investigate the use of System.TimeZoneInfo instead.鈥?[d:\Work\WellTool\src\WellTool.Core\WellTool.Core.csproj::TargetFramework=net8.0]
d:\Work\WellTool\src\WellTool.Core\Date\Format\FastDateFormat.cs(185,58): warning CS0618: 鈥淭imeZone鈥濆凡杩囨椂:鈥淪ystem.TimeZone has been deprecated. Investigate the use of System.TimeZoneInfo instead.鈥?[d:\Work\WellTool\src\WellTool.Core\WellTool.Core.csproj::TargetFramework=net8.0]
d:\Work\WellTool\src\WellTool.Core\Date\Format\FastDateFormat.cs(220,81): warning CS0618: 鈥淭imeZone鈥濆凡杩囨椂:鈥淪ystem.TimeZone has been deprecated. Investigate the use of System.TimeZoneInfo instead.鈥?[d:\Work\WellTool\src\WellTool.Core\WellTool.Core.csproj::TargetFramework=net8.0]
d:\Work\WellTool\src\WellTool.Core\Date\Format\FastDateFormat.cs(233,81): warning CS0618: 鈥淭imeZone鈥濆凡杩囨椂:鈥淪ystem.TimeZone has been deprecated. Investigate the use of System.TimeZoneInfo instead.鈥?[d:\Work\WellTool\src\WellTool.Core\WellTool.Core.csproj::TargetFramework=net8.0]
d:\Work\WellTool\src\WellTool.Core\Thread\Lock\SegmentLock.cs(127,54): warning CS0693: 绫诲瀷鍙傛暟鈥淟鈥濅笌澶栭儴绫诲瀷鈥淪egmentLock<L>鈥濅腑鐨勭被鍨嬪弬鏁板悓鍚?[d:\Work\WellTool\src\WellTool.Core\WellTool.Core.csproj::TargetFramework=net8.0]
d:\Work\WellTool\src\WellTool.Core\Date\Format\FastDateFormat.cs(399,9): warning CS0618: 鈥淭imeZone鈥濆凡杩囨椂:鈥淪ystem.TimeZone has been deprecated. Investigate the use of System.TimeZoneInfo instead.鈥?[d:\Work\WellTool\src\WellTool.Core\WellTool.Core.csproj::TargetFramework=net8.0]
d:\Work\WellTool\src\WellTool.Core\Thread\Lock\SegmentLock.cs(181,42): warning CS0693: 绫诲瀷鍙傛暟鈥淟鈥濅笌澶栭儴绫诲瀷鈥淪egmentLock<L>鈥濅腑鐨勭被鍨嬪弬鏁板悓鍚?[d:\Work\WellTool\src\WellTool.Core\WellTool.Core.csproj::TargetFramework=net8.0]
d:\Work\WellTool\src\WellTool.Core\Date\Format\FastDateFormat.cs(394,16): warning CS0108: 鈥淔astDateFormat.GetPattern()鈥濋殣钘忕户鎵跨殑鎴愬憳鈥淎bstractDateBasic.GetPattern()鈥濄€傚鏋滄槸鏈夋剰闅愯棌锛岃浣跨敤鍏抽敭瀛?new銆?[d:\Work\WellTool\src\WellTool.Core\WellTool.Core.csproj::TargetFramework=net8.0]
d:\Work\WellTool\src\WellTool.Core\Date\Format\FastDateFormat.cs(399,24): warning CS0108: 鈥淔astDateFormat.GetTimeZone()鈥濋殣钘忕户鎵跨殑鎴愬憳鈥淎bstractDateBasic.GetTimeZone()鈥濄€傚鏋滄槸鏈夋剰闅愯棌锛岃浣跨敤鍏抽敭瀛?new銆?[d:\Work\WellTool\src\WellTool.Core\WellTool.Core.csproj::TargetFramework=net8.0]
d:\Work\WellTool\src\WellTool.Core\Date\Format\FastDateFormat.cs(404,21): warning CS0108: 鈥淔astDateFormat.GetLocale()鈥濋殣钘忕户鎵跨殑鎴愬憳鈥淎bstractDateBasic.GetLocale()鈥濄€傚鏋滄槸鏈夋剰闅愯棌锛岃浣跨敤鍏抽敭瀛?new銆?[d:\Work\WellTool\src\WellTool.Core\WellTool.Core.csproj::TargetFramework=net8.0]
d:\Work\WellTool\src\WellTool.Core\Thread\Lock\SegmentLock.cs(218,44): warning CS0693: 绫诲瀷鍙傛暟鈥淟鈥濅笌澶栭儴绫诲瀷鈥淪egmentLock<L>鈥濅腑鐨勭被鍨嬪弬鏁板悓鍚?[d:\Work\WellTool\src\WellTool.Core\WellTool.Core.csproj::TargetFramework=net8.0]
d:\Work\WellTool\src\WellTool.Core\Map\FixedLinkedHashMap.cs(16,76): warning CS8714: 绫诲瀷鈥淜鈥濅笉鑳界敤浣滄硾鍨嬬被鍨嬫垨鏂规硶鈥淒ictionary<TKey, TValue>鈥濅腑鐨勭被鍨嬪弬鏁扳€淭Key鈥濄€傜被鍨嬪弬鏁扳€淜鈥濈殑涓?Null 鎬т笌 "notnull" 绾︽潫涓嶅尮閰嶃€?[d:\Work\WellTool\src\WellTool.Core\WellTool.Core.csproj::TargetFramework=net8.0]
d:\Work\WellTool\src\WellTool.Core\Date\Format\FastDateFormat.cs(244,46): warning CS0618: 鈥淭imeZone鈥濆凡杩囨椂:鈥淪ystem.TimeZone has been deprecated. Investigate the use of System.TimeZoneInfo instead.鈥?[d:\Work\WellTool\src\WellTool.Core\WellTool.Core.csproj::TargetFramework=net8.0]
d:\Work\WellTool\src\WellTool.Core\IO\Unit\DataSize.cs(298,30): warning CS8765: 鍙傛暟鈥渙bj鈥濈被鍨嬬殑涓?Null 鎬т笌閲嶅啓鎴愬憳涓嶅尮閰?鍙兘鏄敱浜庝负 Null 鎬х壒鎬?銆?[d:\Work\WellTool\src\WellTool.Core\WellTool.Core.csproj::TargetFramework=net8.0]
d:\Work\WellTool\src\WellTool.Core\IO\Unit\DataSize.cs(279,20): warning CS8767: 鈥渋nt DataSize.CompareTo(DataSize other)鈥濈殑鍙傛暟鈥渙ther鈥濈被鍨嬩腑寮曠敤绫诲瀷鐨勪负 Null 鎬т笌闅愬紡瀹炵幇鐨勬垚鍛樷€渋nt IComparable<DataSize>.CompareTo(DataSize? other)鈥濅笉鍖归厤(鍙兘鏄敱浜庝负 Null 鎬х壒鎬?銆?[d:\Work\WellTool\src\WellTool.Core\WellTool.Core.csproj::TargetFramework=net8.0]
d:\Work\WellTool\src\WellTool.Core\Text\Csv\CsvWriter.cs(19,64): warning CS8625: 鏃犳硶灏?null 瀛楅潰閲忚浆鎹负闈?null 鐨勫紩鐢ㄧ被鍨嬨€?[d:\Work\WellTool\src\WellTool.Core\WellTool.Core.csproj::TargetFramework=net8.0]
d:\Work\WellTool\src\WellTool.Core\Date\Format\FormatCache.cs(24,54): warning CS0618: 鈥淭imeZone鈥濆凡杩囨椂:鈥淪ystem.TimeZone has been deprecated. Investigate the use of System.TimeZoneInfo instead.鈥?[d:\Work\WellTool\src\WellTool.Core\WellTool.Core.csproj::TargetFramework=net8.0]
d:\Work\WellTool\src\WellTool.Core\Date\Format\FastDateFormat.cs(40,68): warning CS0618: 鈥淭imeZone鈥濆凡杩囨椂:鈥淪ystem.TimeZone has been deprecated. Investigate the use of System.TimeZoneInfo instead.鈥?[d:\Work\WellTool\src\WellTool.Core\WellTool.Core.csproj::TargetFramework=net8.0]
d:\Work\WellTool\src\WellTool.Core\Thread\Lock\SegmentLock.cs(253,44): warning CS0693: 绫诲瀷鍙傛暟鈥淟鈥濅笌澶栭儴绫诲瀷鈥淪egmentLock<L>鈥濅腑鐨勭被鍨嬪弬鏁板悓鍚?[d:\Work\WellTool\src\WellTool.Core\WellTool.Core.csproj::TargetFramework=net8.0]
d:\Work\WellTool\src\WellTool.Core\IO\File\PathUtil.cs(46,95): warning CS8625: 鏃犳硶灏?null 瀛楅潰閲忚浆鎹负闈?null 鐨勫紩鐢ㄧ被鍨嬨€?[d:\Work\WellTool\src\WellTool.Core\WellTool.Core.csproj::TargetFramework=net8.0]
d:\Work\WellTool\src\WellTool.Core\IO\File\PathUtil.cs(59,109): warning CS8625: 鏃犳硶灏?null 瀛楅潰閲忚浆鎹负闈?null 鐨勫紩鐢ㄧ被鍨嬨€?[d:\Work\WellTool\src\WellTool.Core\WellTool.Core.csproj::TargetFramework=net8.0]
d:\Work\WellTool\src\WellTool.Core\IO\File\PathUtil.cs(73,129): warning CS8625: 鏃犳硶灏?null 瀛楅潰閲忚浆鎹负闈?null 鐨勫紩鐢ㄧ被鍨嬨€?[d:\Work\WellTool\src\WellTool.Core\WellTool.Core.csproj::TargetFramework=net8.0]
d:\Work\WellTool\src\WellTool.Core\Date\TimeZoneUtil.cs(55,83): warning CS8625: 鏃犳硶灏?null 瀛楅潰閲忚浆鎹负闈?null 鐨勫紩鐢ㄧ被鍨嬨€?[d:\Work\WellTool\src\WellTool.Core\WellTool.Core.csproj::TargetFramework=net8.0]
d:\Work\WellTool\src\WellTool.Core\IO\File\PathUtil.cs(781,76): warning CS8625: 鏃犳硶灏?null 瀛楅潰閲忚浆鎹负闈?null 鐨勫紩鐢ㄧ被鍨嬨€?[d:\Work\WellTool\src\WellTool.Core\WellTool.Core.csproj::TargetFramework=net8.0]
d:\Work\WellTool\src\WellTool.Core\IO\File\PathUtil.cs(781,95): warning CS8625: 鏃犳硶灏?null 瀛楅潰閲忚浆鎹负闈?null 鐨勫紩鐢ㄧ被鍨嬨€?[d:\Work\WellTool\src\WellTool.Core\WellTool.Core.csproj::TargetFramework=net8.0]
d:\Work\WellTool\src\WellTool.Core\Date\TimeZoneUtil.cs(67,88): warning CS8625: 鏃犳硶灏?null 瀛楅潰閲忚浆鎹负闈?null 鐨勫紩鐢ㄧ被鍨嬨€?[d:\Work\WellTool\src\WellTool.Core\WellTool.Core.csproj::TargetFramework=net8.0]
d:\Work\WellTool\src\WellTool.Core\Map\ForestMap.cs(13,46): warning CS8714: 绫诲瀷鈥淜鈥濅笉鑳界敤浣滄硾鍨嬬被鍨嬫垨鏂规硶鈥淒ictionary<TKey, TValue>鈥濅腑鐨勭被鍨嬪弬鏁扳€淭Key鈥濄€傜被鍨嬪弬鏁扳€淜鈥濈殑涓?Null 鎬т笌 "notnull" 绾︽潫涓嶅尮閰嶃€?[d:\Work\WellTool\src\WellTool.Core\WellTool.Core.csproj::TargetFramework=net8.0]
d:\Work\WellTool\src\WellTool.Core\Map\ForestMap.cs(77,55): warning CS8601: 鍙兘鐨?null 寮曠敤璧嬪€笺€?[d:\Work\WellTool\src\WellTool.Core\WellTool.Core.csproj::TargetFramework=net8.0]
d:\Work\WellTool\src\WellTool.Core\Date\Format\FastDateParser.cs(36,40): warning CS0618: 鈥淭imeZone鈥濆凡杩囨椂:鈥淪ystem.TimeZone has been deprecated. Investigate the use of System.TimeZoneInfo instead.鈥?[d:\Work\WellTool\src\WellTool.Core\WellTool.Core.csproj::TargetFramework=net8.0]
d:\Work\WellTool\src\WellTool.Core\Map\ForestMap.cs(38,40): warning CS8714: 绫诲瀷鈥淜鈥濅笉鑳界敤浣滄硾鍨嬬被鍨嬫垨鏂规硶鈥淒ictionary<TKey, TValue>鈥濅腑鐨勭被鍨嬪弬鏁扳€淭Key鈥濄€傜被鍨嬪弬鏁扳€淜鈥濈殑涓?Null 鎬т笌 "notnull" 绾︽潫涓嶅尮閰嶃€?[d:\Work\WellTool\src\WellTool.Core\WellTool.Core.csproj::TargetFramework=net8.0]
d:\Work\WellTool\src\WellTool.Core\Date\Format\FastDatePrinter.cs(33,41): warning CS0618: 鈥淭imeZone鈥濆凡杩囨椂:鈥淪ystem.TimeZone has been deprecated. Investigate the use of System.TimeZoneInfo instead.鈥?[d:\Work\WellTool\src\WellTool.Core\WellTool.Core.csproj::TargetFramework=net8.0]
d:\Work\WellTool\src\WellTool.Core\Lang\Dict.cs(213,18): warning CS0109: 鎴愬憳鈥淒ict.ContainsKey(object)鈥濅笉浼氶殣钘忓彲璁块棶鎴愬憳銆備笉闇€瑕佸叧閿瓧 new銆?[d:\Work\WellTool\src\WellTool.Core\WellTool.Core.csproj::TargetFramework=net8.0]
d:\Work\WellTool\src\WellTool.Core\Date\Format\FastDatePrinter.cs(383,20): warning CS0618: 鈥淭imeZone鈥濆凡杩囨椂:鈥淪ystem.TimeZone has been deprecated. Investigate the use of System.TimeZoneInfo instead.鈥?[d:\Work\WellTool\src\WellTool.Core\WellTool.Core.csproj::TargetFramework=net8.0]
d:\Work\WellTool\src\WellTool.Core\Date\Format\FastDatePrinter.cs(385,23): warning CS0618: 鈥淭imeZone鈥濆凡杩囨椂:鈥淪ystem.TimeZone has been deprecated. Investigate the use of System.TimeZoneInfo instead.鈥?[d:\Work\WellTool\src\WellTool.Core\WellTool.Core.csproj::TargetFramework=net8.0]
d:\Work\WellTool\src\WellTool.Core\Text\StrBuilder.cs(100,51): warning CS8625: 鏃犳硶灏?null 瀛楅潰閲忚浆鎹负闈?null 鐨勫紩鐢ㄧ被鍨嬨€?[d:\Work\WellTool\src\WellTool.Core\WellTool.Core.csproj::TargetFramework=net8.0]
d:\Work\WellTool\src\WellTool.Core\Map\FuncMap.cs(13,49): warning CS8714: 绫诲瀷鈥淜鈥濅笉鑳界敤浣滄硾鍨嬬被鍨嬫垨鏂规硶鈥淐oncurrentDictionary<TKey, TValue>鈥濅腑鐨勭被鍨嬪弬鏁扳€淭Key鈥濄€傜被鍨嬪弬鏁扳€淜鈥濈殑涓?Null 鎬т笌 "notnull" 绾︽潫涓嶅尮閰嶃€?[d:\Work\WellTool\src\WellTool.Core\WellTool.Core.csproj::TargetFramework=net8.0]
d:\Work\WellTool\src\WellTool.Core\Date\Format\FormatCache.cs(51,39): warning CS0618: 鈥淭imeZone鈥濆凡杩囨椂:鈥淪ystem.TimeZone has been deprecated. Investigate the use of System.TimeZoneInfo instead.鈥?[d:\Work\WellTool\src\WellTool.Core\WellTool.Core.csproj::TargetFramework=net8.0]
d:\Work\WellTool\src\WellTool.Core\Date\Format\FormatCache.cs(74,39): warning CS0618: 鈥淭imeZone鈥濆凡杩囨椂:鈥淪ystem.TimeZone has been deprecated. Investigate the use of System.TimeZoneInfo instead.鈥?[d:\Work\WellTool\src\WellTool.Core\WellTool.Core.csproj::TargetFramework=net8.0]
d:\Work\WellTool\src\WellTool.Core\Date\Format\FormatCache.cs(110,38): warning CS0618: 鈥淭imeZone鈥濆凡杩囨椂:鈥淪ystem.TimeZone has been deprecated. Investigate the use of System.TimeZoneInfo instead.鈥?[d:\Work\WellTool\src\WellTool.Core\WellTool.Core.csproj::TargetFramework=net8.0]
d:\Work\WellTool\src\WellTool.Core\Date\Format\FormatCache.cs(122,38): warning CS0618: 鈥淭imeZone鈥濆凡杩囨椂:鈥淪ystem.TimeZone has been deprecated. Investigate the use of System.TimeZoneInfo instead.鈥?[d:\Work\WellTool\src\WellTool.Core\WellTool.Core.csproj::TargetFramework=net8.0]
d:\Work\WellTool\src\WellTool.Core\Date\Format\FormatCache.cs(154,38): warning CS0618: 鈥淭imeZone鈥濆凡杩囨椂:鈥淪ystem.TimeZone has been deprecated. Investigate the use of System.TimeZoneInfo instead.鈥?[d:\Work\WellTool\src\WellTool.Core\WellTool.Core.csproj::TargetFramework=net8.0]
d:\Work\WellTool\src\WellTool.Core\Date\Format\FormatCache.cs(166,38): warning CS0618: 鈥淭imeZone鈥濆凡杩囨椂:鈥淪ystem.TimeZone has been deprecated. Investigate the use of System.TimeZoneInfo instead.鈥?[d:\Work\WellTool\src\WellTool.Core\WellTool.Core.csproj::TargetFramework=net8.0]
d:\Work\WellTool\src\WellTool.Core\Date\Format\FormatCache.cs(201,61): warning CS0618: 鈥淭imeZone鈥濆凡杩囨椂:鈥淪ystem.TimeZone has been deprecated. Investigate the use of System.TimeZoneInfo instead.鈥?[d:\Work\WellTool\src\WellTool.Core\WellTool.Core.csproj::TargetFramework=net8.0]
d:\Work\WellTool\src\WellTool.Core\Date\Format\FormatCache.cs(214,61): warning CS0618: 鈥淭imeZone鈥濆凡杩囨椂:鈥淪ystem.TimeZone has been deprecated. Investigate the use of System.TimeZoneInfo instead.鈥?[d:\Work\WellTool\src\WellTool.Core\WellTool.Core.csproj::TargetFramework=net8.0]
d:\Work\WellTool\src\WellTool.Core\Text\StrPool.cs(165,25): warning CS0108: 鈥淪trPool.Equals鈥濋殣钘忕户鎵跨殑鎴愬憳鈥渙bject.Equals(object?)鈥濄€傚鏋滄槸鏈夋剰闅愯棌锛岃浣跨敤鍏抽敭瀛?new銆?[d:\Work\WellTool\src\WellTool.Core\WellTool.Core.csproj::TargetFramework=net8.0]
d:\Work\WellTool\src\WellTool.Core\Map\LinkedForestMap.cs(98,68): warning CS8625: 鏃犳硶灏?null 瀛楅潰閲忚浆鎹负闈?null 鐨勫紩鐢ㄧ被鍨嬨€?[d:\Work\WellTool\src\WellTool.Core\WellTool.Core.csproj::TargetFramework=net8.0]
d:\Work\WellTool\src\WellTool.Core\Map\LinkedForestMap.cs(105,68): warning CS8625: 鏃犳硶灏?null 瀛楅潰閲忚浆鎹负闈?null 鐨勫紩鐢ㄧ被鍨嬨€?[d:\Work\WellTool\src\WellTool.Core\WellTool.Core.csproj::TargetFramework=net8.0]
d:\Work\WellTool\src\WellTool.Core\Map\MapBuilder.cs(181,40): warning CS8714: 绫诲瀷鈥淜鈥濅笉鑳界敤浣滄硾鍨嬬被鍨嬫垨鏂规硶鈥淢apBuilder<K, V>鈥濅腑鐨勭被鍨嬪弬鏁扳€淜鈥濄€傜被鍨嬪弬鏁扳€淜鈥濈殑涓?Null 鎬т笌 "notnull" 绾︽潫涓嶅尮閰嶃€?[d:\Work\WellTool\src\WellTool.Core\WellTool.Core.csproj::TargetFramework=net8.0]
d:\Work\WellTool\src\WellTool.Core\Collection\RandomAccessAvgPartition.cs(24,17): warning CS0108: 鈥淩andomAccessAvgPartition<T>.IsReadOnly鈥濋殣钘忕户鎵跨殑鎴愬憳鈥淧artition<T>.IsReadOnly鈥濄€傚鏋滄槸鏈夋剰闅愯棌锛岃浣跨敤鍏抽敭瀛?new銆?[d:\Work\WellTool\src\WellTool.Core\WellTool.Core.csproj::TargetFramework=net8.0]
d:\Work\WellTool\src\WellTool.Core\Collection\RandomAccessAvgPartition.cs(25,19): warning CS0108: 鈥淩andomAccessAvgPartition<T>.this[int]鈥濋殣钘忕户鎵跨殑鎴愬憳鈥淧artition<T>.this[int]鈥濄€傚鏋滄槸鏈夋剰闅愯棌锛岃浣跨敤鍏抽敭瀛?new銆?[d:\Work\WellTool\src\WellTool.Core\WellTool.Core.csproj::TargetFramework=net8.0]
d:\Work\WellTool\src\WellTool.Core\Collection\RandomAccessAvgPartition.cs(27,24): warning CS0108: 鈥淩andomAccessAvgPartition<T>.GetEnumerator()鈥濋殣钘忕户鎵跨殑鎴愬憳鈥淧artition<T>.GetEnumerator()鈥濄€傚鏋滄槸鏈夋剰闅愯棌锛岃浣跨敤鍏抽敭瀛?new銆?[d:\Work\WellTool\src\WellTool.Core\WellTool.Core.csproj::TargetFramework=net8.0]
d:\Work\WellTool\src\WellTool.Core\Collection\RandomAccessAvgPartition.cs(29,17): warning CS0108: 鈥淩andomAccessAvgPartition<T>.Clear()鈥濋殣钘忕户鎵跨殑鎴愬憳鈥淧artition<T>.Clear()鈥濄€傚鏋滄槸鏈夋剰闅愯棌锛岃浣跨敤鍏抽敭瀛?new銆?[d:\Work\WellTool\src\WellTool.Core\WellTool.Core.csproj::TargetFramework=net8.0]
d:\Work\WellTool\src\WellTool.Core\Collection\RandomAccessAvgPartition.cs(34,17): warning CS0108: 鈥淩andomAccessAvgPartition<T>.RemoveAt(int)鈥濋殣钘忕户鎵跨殑鎴愬憳鈥淧artition<T>.RemoveAt(int)鈥濄€傚鏋滄槸鏈夋剰闅愯棌锛岃浣跨敤鍏抽敭瀛?new銆?[d:\Work\WellTool\src\WellTool.Core\WellTool.Core.csproj::TargetFramework=net8.0]
d:\Work\WellTool\src\WellTool.Core\Collection\RandomAccessAvgPartition.cs(39,16): warning CS0108: 鈥淩andomAccessAvgPartition<T>.Count鈥濋殣钘忕户鎵跨殑鎴愬憳鈥淧artition<T>.Count鈥濄€傚鏋滄槸鏈夋剰闅愯棌锛岃浣跨敤鍏抽敭瀛?new銆?[d:\Work\WellTool\src\WellTool.Core\WellTool.Core.csproj::TargetFramework=net8.0]
d:\Work\WellTool\src\WellTool.Core\Collection\RandomAccessAvgPartition.cs(28,16): warning CS8767: 鈥渋nt RandomAccessAvgPartition<T>.Add(object value)鈥濈殑鍙傛暟鈥渧alue鈥濈被鍨嬩腑寮曠敤绫诲瀷鐨勪负 Null 鎬т笌闅愬紡瀹炵幇鐨勬垚鍛樷€渋nt IList.Add(object? value)鈥濅笉鍖归厤(鍙兘鏄敱浜庝负 Null 鎬х壒鎬?銆?[d:\Work\WellTool\src\WellTool.Core\WellTool.Core.csproj::TargetFramework=net8.0]
d:\Work\WellTool\src\WellTool.Core\Collection\RandomAccessAvgPartition.cs(30,17): warning CS8767: 鈥渂ool RandomAccessAvgPartition<T>.Contains(object value)鈥濈殑鍙傛暟鈥渧alue鈥濈被鍨嬩腑寮曠敤绫诲瀷鐨勪负 Null 鎬т笌闅愬紡瀹炵幇鐨勬垚鍛樷€渂ool IList.Contains(object? value)鈥濅笉鍖归厤(鍙兘鏄敱浜庝负 Null 鎬х壒鎬?銆?[d:\Work\WellTool\src\WellTool.Core\WellTool.Core.csproj::TargetFramework=net8.0]
d:\Work\WellTool\src\WellTool.Core\Collection\RandomAccessAvgPartition.cs(31,16): warning CS8767: 鈥渋nt RandomAccessAvgPartition<T>.IndexOf(object value)鈥濈殑鍙傛暟鈥渧alue鈥濈被鍨嬩腑寮曠敤绫诲瀷鐨勪负 Null 鎬т笌闅愬紡瀹炵幇鐨勬垚鍛樷€渋nt IList.IndexOf(object? value)鈥濅笉鍖归厤(鍙兘鏄敱浜庝负 Null 鎬х壒鎬?銆?[d:\Work\WellTool\src\WellTool.Core\WellTool.Core.csproj::TargetFramework=net8.0]
d:\Work\WellTool\src\WellTool.Core\Collection\RandomAccessAvgPartition.cs(32,17): warning CS8767: 鈥渧oid RandomAccessAvgPartition<T>.Insert(int index, object value)鈥濈殑鍙傛暟鈥渧alue鈥濈被鍨嬩腑寮曠敤绫诲瀷鐨勪负 Null 鎬т笌闅愬紡瀹炵幇鐨勬垚鍛樷€渧oid IList.Insert(int index, object? value)鈥濅笉鍖归厤(鍙兘鏄敱浜庝负 Null 鎬х壒鎬?銆?[d:\Work\WellTool\src\WellTool.Core\WellTool.Core.csproj::TargetFramework=net8.0]
d:\Work\WellTool\src\WellTool.Core\Collection\RandomAccessAvgPartition.cs(33,17): warning CS8767: 鈥渧oid RandomAccessAvgPartition<T>.Remove(object value)鈥濈殑鍙傛暟鈥渧alue鈥濈被鍨嬩腑寮曠敤绫诲瀷鐨勪负 Null 鎬т笌闅愬紡瀹炵幇鐨勬垚鍛樷€渧oid IList.Remove(object? value)鈥濅笉鍖归厤(鍙兘鏄敱浜庝负 Null 鎬х壒鎬?銆?[d:\Work\WellTool\src\WellTool.Core\WellTool.Core.csproj::TargetFramework=net8.0]
d:\Work\WellTool\src\WellTool.Core\Collection\RandomAccessAvgPartition.cs(25,67): warning CS8767: 鈥渧oid RandomAccessAvgPartition<T>.this[int index].set鈥濈殑鍙傛暟鈥渧alue鈥濈被鍨嬩腑寮曠敤绫诲瀷鐨勪负 Null 鎬т笌闅愬紡瀹炵幇鐨勬垚鍛樷€渧oid IList.this[int index].set鈥濅笉鍖归厤(鍙兘鏄敱浜庝负 Null 鎬х壒鎬?銆?[d:\Work\WellTool\src\WellTool.Core\WellTool.Core.csproj::TargetFramework=net8.0]
d:\Work\WellTool\src\WellTool.Core\Text\Csv\CsvUtil.cs(36,74): warning CS8625: 鏃犳硶灏?null 瀛楅潰閲忚浆鎹负闈?null 鐨勫紩鐢ㄧ被鍨嬨€?[d:\Work\WellTool\src\WellTool.Core\WellTool.Core.csproj::TargetFramework=net8.0]
d:\Work\WellTool\src\WellTool.Core\Text\Csv\CsvUtil.cs(92,92): warning CS8625: 鏃犳硶灏?null 瀛楅潰閲忚浆鎹负闈?null 鐨勫紩鐢ㄧ被鍨嬨€?[d:\Work\WellTool\src\WellTool.Core\WellTool.Core.csproj::TargetFramework=net8.0]
d:\Work\WellTool\src\WellTool.Core\Collection\RandomAccessPartition.cs(24,17): warning CS0108: 鈥淩andomAccessPartition<T>.IsReadOnly鈥濋殣钘忕户鎵跨殑鎴愬憳鈥淧artition<T>.IsReadOnly鈥濄€傚鏋滄槸鏈夋剰闅愯棌锛岃浣跨敤鍏抽敭瀛?new銆?[d:\Work\WellTool\src\WellTool.Core\WellTool.Core.csproj::TargetFramework=net8.0]
d:\Work\WellTool\src\WellTool.Core\Collection\RandomAccessPartition.cs(25,19): warning CS0108: 鈥淩andomAccessPartition<T>.this[int]鈥濋殣钘忕户鎵跨殑鎴愬憳鈥淧artition<T>.this[int]鈥濄€傚鏋滄槸鏈夋剰闅愯棌锛岃浣跨敤鍏抽敭瀛?new銆?[d:\Work\WellTool\src\WellTool.Core\WellTool.Core.csproj::TargetFramework=net8.0]
d:\Work\WellTool\src\WellTool.Core\Collection\RandomAccessPartition.cs(27,24): warning CS0108: 鈥淩andomAccessPartition<T>.GetEnumerator()鈥濋殣钘忕户鎵跨殑鎴愬憳鈥淧artition<T>.GetEnumerator()鈥濄€傚鏋滄槸鏈夋剰闅愯棌锛岃浣跨敤鍏抽敭瀛?new銆?[d:\Work\WellTool\src\WellTool.Core\WellTool.Core.csproj::TargetFramework=net8.0]
d:\Work\WellTool\src\WellTool.Core\Collection\RandomAccessPartition.cs(29,17): warning CS0108: 鈥淩andomAccessPartition<T>.Clear()鈥濋殣钘忕户鎵跨殑鎴愬憳鈥淧artition<T>.Clear()鈥濄€傚鏋滄槸鏈夋剰闅愯棌锛岃浣跨敤鍏抽敭瀛?new銆?[d:\Work\WellTool\src\WellTool.Core\WellTool.Core.csproj::TargetFramework=net8.0]
d:\Work\WellTool\src\WellTool.Core\Collection\RandomAccessPartition.cs(34,17): warning CS0108: 鈥淩andomAccessPartition<T>.RemoveAt(int)鈥濋殣钘忕户鎵跨殑鎴愬憳鈥淧artition<T>.RemoveAt(int)鈥濄€傚鏋滄槸鏈夋剰闅愯棌锛岃浣跨敤鍏抽敭瀛?new銆?[d:\Work\WellTool\src\WellTool.Core\WellTool.Core.csproj::TargetFramework=net8.0]
d:\Work\WellTool\src\WellTool.Core\Collection\RandomAccessPartition.cs(28,16): warning CS8767: 鈥渋nt RandomAccessPartition<T>.Add(object value)鈥濈殑鍙傛暟鈥渧alue鈥濈被鍨嬩腑寮曠敤绫诲瀷鐨勪负 Null 鎬т笌闅愬紡瀹炵幇鐨勬垚鍛樷€渋nt IList.Add(object? value)鈥濅笉鍖归厤(鍙兘鏄敱浜庝负 Null 鎬х壒鎬?銆?[d:\Work\WellTool\src\WellTool.Core\WellTool.Core.csproj::TargetFramework=net8.0]
d:\Work\WellTool\src\WellTool.Core\Collection\RandomAccessPartition.cs(30,17): warning CS8767: 鈥渂ool RandomAccessPartition<T>.Contains(object value)鈥濈殑鍙傛暟鈥渧alue鈥濈被鍨嬩腑寮曠敤绫诲瀷鐨勪负 Null 鎬т笌闅愬紡瀹炵幇鐨勬垚鍛樷€渂ool IList.Contains(object? value)鈥濅笉鍖归厤(鍙兘鏄敱浜庝负 Null 鎬х壒鎬?銆?[d:\Work\WellTool\src\WellTool.Core\WellTool.Core.csproj::TargetFramework=net8.0]
d:\Work\WellTool\src\WellTool.Core\Collection\RandomAccessPartition.cs(31,16): warning CS8767: 鈥渋nt RandomAccessPartition<T>.IndexOf(object value)鈥濈殑鍙傛暟鈥渧alue鈥濈被鍨嬩腑寮曠敤绫诲瀷鐨勪负 Null 鎬т笌闅愬紡瀹炵幇鐨勬垚鍛樷€渋nt IList.IndexOf(object? value)鈥濅笉鍖归厤(鍙兘鏄敱浜庝负 Null 鎬х壒鎬?銆?[d:\Work\WellTool\src\WellTool.Core\WellTool.Core.csproj::TargetFramework=net8.0]
d:\Work\WellTool\src\WellTool.Core\Collection\RandomAccessPartition.cs(32,17): warning CS8767: 鈥渧oid RandomAccessPartition<T>.Insert(int index, object value)鈥濈殑鍙傛暟鈥渧alue鈥濈被鍨嬩腑寮曠敤绫诲瀷鐨勪负 Null 鎬т笌闅愬紡瀹炵幇鐨勬垚鍛樷€渧oid IList.Insert(int index, object? value)鈥濅笉鍖归厤(鍙兘鏄敱浜庝负 Null 鎬х壒鎬?銆?[d:\Work\WellTool\src\WellTool.Core\WellTool.Core.csproj::TargetFramework=net8.0]
d:\Work\WellTool\src\WellTool.Core\Collection\RandomAccessPartition.cs(33,17): warning CS8767: 鈥渧oid RandomAccessPartition<T>.Remove(object value)鈥濈殑鍙傛暟鈥渧alue鈥濈被鍨嬩腑寮曠敤绫诲瀷鐨勪负 Null 鎬т笌闅愬紡瀹炵幇鐨勬垚鍛樷€渧oid IList.Remove(object? value)鈥濅笉鍖归厤(鍙兘鏄敱浜庝负 Null 鎬х壒鎬?銆?[d:\Work\WellTool\src\WellTool.Core\WellTool.Core.csproj::TargetFramework=net8.0]
d:\Work\WellTool\src\WellTool.Core\Collection\RandomAccessPartition.cs(25,67): warning CS8767: 鈥渧oid RandomAccessPartition<T>.this[int index].set鈥濈殑鍙傛暟鈥渧alue鈥濈被鍨嬩腑寮曠敤绫诲瀷鐨勪负 Null 鎬т笌闅愬紡瀹炵幇鐨勬垚鍛樷€渧oid IList.this[int index].set鈥濅笉鍖归厤(鍙兘鏄敱浜庝负 Null 鎬х壒鎬?銆?[d:\Work\WellTool\src\WellTool.Core\WellTool.Core.csproj::TargetFramework=net8.0]
d:\Work\WellTool\src\WellTool.Core\Map\SafeConcurrentHashMap.cs(10,14): warning CS8714: 绫诲瀷鈥淜鈥濅笉鑳界敤浣滄硾鍨嬬被鍨嬫垨鏂规硶鈥淐oncurrentDictionary<TKey, TValue>鈥濅腑鐨勭被鍨嬪弬鏁扳€淭Key鈥濄€傜被鍨嬪弬鏁扳€淜鈥濈殑涓?Null 鎬т笌 "notnull" 绾︽潫涓嶅尮閰嶃€?[d:\Work\WellTool\src\WellTool.Core\WellTool.Core.csproj::TargetFramework=net8.0]
d:\Work\WellTool\src\WellTool.Core\Map\SafeConcurrentHashMap.cs(41,18): warning CS0109: 鎴愬憳鈥淪afeConcurrentHashMap<K, V>.ComputeIfAbsent(K, Func<K, V>)鈥濅笉浼氶殣钘忓彲璁块棶鎴愬憳銆備笉闇€瑕佸叧閿瓧 new銆?[d:\Work\WellTool\src\WellTool.Core\WellTool.Core.csproj::TargetFramework=net8.0]
d:\Work\WellTool\src\WellTool.Core\Map\Multi\AbsTable.cs(25,15): warning CS0114: 鈥淎bsTable<R, C, V>.Equals(object)鈥濋殣钘忕户鎵跨殑鎴愬憳鈥渙bject.Equals(object?)鈥濄€傝嫢瑕佷娇褰撳墠鎴愬憳閲嶅啓璇ュ疄鐜帮紝璇锋坊鍔犲叧閿瓧 override銆傚惁鍒欙紝娣诲姞鍏抽敭瀛?new銆?[d:\Work\WellTool\src\WellTool.Core\WellTool.Core.csproj::TargetFramework=net8.0]
d:\Work\WellTool\src\WellTool.Core\Map\Multi\AbsTable.cs(41,14): warning CS0114: 鈥淎bsTable<R, C, V>.GetHashCode()鈥濋殣钘忕户鎵跨殑鎴愬憳鈥渙bject.GetHashCode()鈥濄€傝嫢瑕佷娇褰撳墠鎴愬憳閲嶅啓璇ュ疄鐜帮紝璇锋坊鍔犲叧閿瓧 override銆傚惁鍒欙紝娣诲姞鍏抽敭瀛?new銆?[d:\Work\WellTool\src\WellTool.Core\WellTool.Core.csproj::TargetFramework=net8.0]
d:\Work\WellTool\src\WellTool.Core\Map\Multi\AbsTable.cs(46,17): warning CS0114: 鈥淎bsTable<R, C, V>.ToString()鈥濋殣钘忕户鎵跨殑鎴愬憳鈥渙bject.ToString()鈥濄€傝嫢瑕佷娇褰撳墠鎴愬憳閲嶅啓璇ュ疄鐜帮紝璇锋坊鍔犲叧閿瓧 override銆傚惁鍒欙紝娣诲姞鍏抽敭瀛?new銆?[d:\Work\WellTool\src\WellTool.Core\WellTool.Core.csproj::TargetFramework=net8.0]
d:\Work\WellTool\src\WellTool.Core\Map\TolerantMap.cs(8,14): warning CS8714: 绫诲瀷鈥淜鈥濅笉鑳界敤浣滄硾鍨嬬被鍨嬫垨鏂规硶鈥淒ictionary<TKey, TValue>鈥濅腑鐨勭被鍨嬪弬鏁扳€淭Key鈥濄€傜被鍨嬪弬鏁扳€淜鈥濈殑涓?Null 鎬т笌 "notnull" 绾︽潫涓嶅尮閰嶃€?[d:\Work\WellTool\src\WellTool.Core\WellTool.Core.csproj::TargetFramework=net8.0]
d:\Work\WellTool\src\WellTool.Core\Map\TolerantMap.cs(44,18): warning CS0109: 鎴愬憳鈥淭olerantMap<K, V>.Get(K)鈥濅笉浼氶殣钘忓彲璁块棶鎴愬憳銆備笉闇€瑕佸叧閿瓧 new銆?[d:\Work\WellTool\src\WellTool.Core\WellTool.Core.csproj::TargetFramework=net8.0]
d:\Work\WellTool\src\WellTool.Core\Util\CollectionUtil.cs(143,48): warning CS8714: 绫诲瀷鈥淭Key鈥濅笉鑳界敤浣滄硾鍨嬬被鍨嬫垨鏂规硶鈥淒ictionary<TKey, TValue>鈥濅腑鐨勭被鍨嬪弬鏁扳€淭Key鈥濄€傜被鍨嬪弬鏁扳€淭Key鈥濈殑涓?Null 鎬т笌 "notnull" 绾︽潫涓嶅尮閰嶃€?[d:\Work\WellTool\src\WellTool.Core\WellTool.Core.csproj::TargetFramework=net8.0]
d:\Work\WellTool\src\WellTool.Core\Util\CollectionUtil.cs(162,48): warning CS8714: 绫诲瀷鈥淭Key鈥濅笉鑳界敤浣滄硾鍨嬬被鍨嬫垨鏂规硶鈥淒ictionary<TKey, TValue>鈥濅腑鐨勭被鍨嬪弬鏁扳€淭Key鈥濄€傜被鍨嬪弬鏁扳€淭Key鈥濈殑涓?Null 鎬т笌 "notnull" 绾︽潫涓嶅尮閰嶃€?[d:\Work\WellTool\src\WellTool.Core\WellTool.Core.csproj::TargetFramework=net8.0]
d:\Work\WellTool\src\WellTool.Core\Collection\UniqueKeySet.cs(13,39): warning CS8714: 绫诲瀷鈥淜鈥濅笉鑳界敤浣滄硾鍨嬬被鍨嬫垨鏂规硶鈥淒ictionary<TKey, TValue>鈥濅腑鐨勭被鍨嬪弬鏁扳€淭Key鈥濄€傜被鍨嬪弬鏁扳€淜鈥濈殑涓?Null 鎬т笌 "notnull" 绾︽潫涓嶅尮閰嶃€?[d:\Work\WellTool\src\WellTool.Core\WellTool.Core.csproj::TargetFramework=net8.0]
d:\Work\WellTool\src\WellTool.Core\Map\TransMap.cs(9,18): warning CS8714: 绫诲瀷鈥淭Key鈥濅笉鑳界敤浣滄硾鍨嬬被鍨嬫垨鏂规硶鈥淒ictionary<TKey, TValue>鈥濅腑鐨勭被鍨嬪弬鏁扳€淭Key鈥濄€傜被鍨嬪弬鏁扳€淭Key鈥濈殑涓?Null 鎬т笌 "notnull" 绾︽潫涓嶅尮閰嶃€?[d:\Work\WellTool\src\WellTool.Core\WellTool.Core.csproj::TargetFramework=net8.0]
d:\Work\WellTool\src\WellTool.Core\Lang\MutableByte.cs(37,23): warning CS8765: 鍙傛暟鈥渙bj鈥濈被鍨嬬殑涓?Null 鎬т笌閲嶅啓鎴愬憳涓嶅尮閰?鍙兘鏄敱浜庝负 Null 鎬х壒鎬?銆?[d:\Work\WellTool\src\WellTool.Core\WellTool.Core.csproj::TargetFramework=net8.0]
d:\Work\WellTool\src\WellTool.Core\Map\TransMap.cs(37,70): warning CS8601: 鍙兘鐨?null 寮曠敤璧嬪€笺€?[d:\Work\WellTool\src\WellTool.Core\WellTool.Core.csproj::TargetFramework=net8.0]
d:\Work\WellTool\src\WellTool.Core\Lang\MutableLong.cs(70,23): warning CS8765: 鍙傛暟鈥渙bj鈥濈被鍨嬬殑涓?Null 鎬т笌閲嶅啓鎴愬憳涓嶅尮閰?鍙兘鏄敱浜庝负 Null 鎬х壒鎬?銆?[d:\Work\WellTool\src\WellTool.Core\WellTool.Core.csproj::TargetFramework=net8.0]
d:\Work\WellTool\src\WellTool.Core\Lang\MutableDouble.cs(37,23): warning CS8765: 鍙傛暟鈥渙bj鈥濈被鍨嬬殑涓?Null 鎬т笌閲嶅啓鎴愬憳涓嶅尮閰?鍙兘鏄敱浜庝负 Null 鎬х壒鎬?銆?[d:\Work\WellTool\src\WellTool.Core\WellTool.Core.csproj::TargetFramework=net8.0]
d:\Work\WellTool\src\WellTool.Core\Lang\Func\Func.cs(416,85): warning CS8601: 鍙兘鐨?null 寮曠敤璧嬪€笺€?[d:\Work\WellTool\src\WellTool.Core\WellTool.Core.csproj::TargetFramework=net8.0]
d:\Work\WellTool\src\WellTool.Core\Util\CollUtil.cs(26,77): warning CS8601: 鍙兘鐨?null 寮曠敤璧嬪€笺€?[d:\Work\WellTool\src\WellTool.Core\WellTool.Core.csproj::TargetFramework=net8.0]
d:\Work\WellTool\src\WellTool.Core\Lang\MutableObject.cs(45,23): warning CS8765: 鍙傛暟鈥渙bj鈥濈被鍨嬬殑涓?Null 鎬т笌閲嶅啓鎴愬憳涓嶅尮閰?鍙兘鏄敱浜庝负 Null 鎬х壒鎬?銆?[d:\Work\WellTool\src\WellTool.Core\WellTool.Core.csproj::TargetFramework=net8.0]
d:\Work\WellTool\src\WellTool.Core\Map\Multi\AbsTable.cs(337,28): warning CS0693: 绫诲瀷鍙傛暟鈥淩鈥濅笌澶栭儴绫诲瀷鈥淎bsTable<R, C, V>鈥濅腑鐨勭被鍨嬪弬鏁板悓鍚?[d:\Work\WellTool\src\WellTool.Core\WellTool.Core.csproj::TargetFramework=net8.0]
d:\Work\WellTool\src\WellTool.Core\Map\Multi\AbsTable.cs(337,31): warning CS0693: 绫诲瀷鍙傛暟鈥淐鈥濅笌澶栭儴绫诲瀷鈥淎bsTable<R, C, V>鈥濅腑鐨勭被鍨嬪弬鏁板悓鍚?[d:\Work\WellTool\src\WellTool.Core\WellTool.Core.csproj::TargetFramework=net8.0]
d:\Work\WellTool\src\WellTool.Core\Map\Multi\AbsTable.cs(337,34): warning CS0693: 绫诲瀷鍙傛暟鈥淰鈥濅笌澶栭儴绫诲瀷鈥淎bsTable<R, C, V>鈥濅腑鐨勭被鍨嬪弬鏁板悓鍚?[d:\Work\WellTool\src\WellTool.Core\WellTool.Core.csproj::TargetFramework=net8.0]
d:\Work\WellTool\src\WellTool.Core\Lang\Func\Func.cs(460,69): error CS0305: 浣跨敤娉涘瀷 绫诲瀷鈥淪upplier3<T1, T2, T3>鈥濋渶瑕?3 涓被鍨嬪弬鏁?[d:\Work\WellTool\src\WellTool.Core\WellTool.Core.csproj::TargetFramework=net8.0]
d:\Work\WellTool\src\WellTool.Core\Lang\MutableFloat.cs(37,23): warning CS8765: 鍙傛暟鈥渙bj鈥濈被鍨嬬殑涓?Null 鎬т笌閲嶅啓鎴愬憳涓嶅尮閰?鍙兘鏄敱浜庝负 Null 鎬х壒鎬?銆?[d:\Work\WellTool\src\WellTool.Core\WellTool.Core.csproj::TargetFramework=net8.0]
d:\Work\WellTool\src\WellTool.Core\Lang\Func\Func.cs(488,77): error CS0305: 浣跨敤娉涘瀷 绫诲瀷鈥淪upplier5<T1, T2, T3, T4, T5>鈥濋渶瑕?5 涓被鍨嬪弬鏁?[d:\Work\WellTool\src\WellTool.Core\WellTool.Core.csproj::TargetFramework=net8.0]
d:\Work\WellTool\src\WellTool.Core\Lang\Func\Func.cs(474,73): error CS0305: 浣跨敤娉涘瀷 绫诲瀷鈥淪upplier4<T1, T2, T3, T4>鈥濋渶瑕?4 涓被鍨嬪弬鏁?[d:\Work\WellTool\src\WellTool.Core\WellTool.Core.csproj::TargetFramework=net8.0]
d:\Work\WellTool\src\WellTool.Core\Lang\MutableShort.cs(37,23): warning CS8765: 鍙傛暟鈥渙bj鈥濈被鍨嬬殑涓?Null 鎬т笌閲嶅啓鎴愬憳涓嶅尮閰?鍙兘鏄敱浜庝负 Null 鎬х壒鎬?銆?[d:\Work\WellTool\src\WellTool.Core\WellTool.Core.csproj::TargetFramework=net8.0]
d:\Work\WellTool\src\WellTool.Core\Lang\MutableInt.cs(88,23): warning CS8765: 鍙傛暟鈥渙bj鈥濈被鍨嬬殑涓?Null 鎬т笌閲嶅啓鎴愬憳涓嶅尮閰?鍙兘鏄敱浜庝负 Null 鎬х壒鎬?銆?[d:\Work\WellTool\src\WellTool.Core\WellTool.Core.csproj::TargetFramework=net8.0]
d:\Work\WellTool\src\WellTool.Core\Lang\ObjectId.cs(128,23): warning CS8765: 鍙傛暟鈥渙bj鈥濈被鍨嬬殑涓?Null 鎬т笌閲嶅啓鎴愬憳涓嶅尮閰?鍙兘鏄敱浜庝负 Null 鎬х壒鎬?銆?[d:\Work\WellTool\src\WellTool.Core\WellTool.Core.csproj::TargetFramework=net8.0]
d:\Work\WellTool\src\WellTool.Core\Lang\ObjectId.cs(114,13): warning CS8767: 鈥渋nt ObjectId.CompareTo(ObjectId other)鈥濈殑鍙傛暟鈥渙ther鈥濈被鍨嬩腑寮曠敤绫诲瀷鐨勪负 Null 鎬т笌闅愬紡瀹炵幇鐨勬垚鍛樷€渋nt IComparable<ObjectId>.CompareTo(ObjectId? other)鈥濅笉鍖归厤(鍙兘鏄敱浜庝负 Null 鎬х壒鎬?銆?[d:\Work\WellTool\src\WellTool.Core\WellTool.Core.csproj::TargetFramework=net8.0]
d:\Work\WellTool\src\WellTool.Core\Lang\Pair.cs(63,23): warning CS8765: 鍙傛暟鈥渙bj鈥濈被鍨嬬殑涓?Null 鎬т笌閲嶅啓鎴愬憳涓嶅尮閰?鍙兘鏄敱浜庝负 Null 鎬х壒鎬?銆?[d:\Work\WellTool\src\WellTool.Core\WellTool.Core.csproj::TargetFramework=net8.0]
d:\Work\WellTool\src\WellTool.Core\Util\ObjUtil.cs(46,21): warning CS0108: 鈥淥bjUtil.Equals(object, object)鈥濋殣钘忕户鎵跨殑鎴愬憳鈥渙bject.Equals(object?, object?)鈥濄€傚鏋滄槸鏈夋剰闅愯棌锛岃浣跨敤鍏抽敭瀛?new銆?[d:\Work\WellTool\src\WellTool.Core\WellTool.Core.csproj::TargetFramework=net8.0]
d:\Work\WellTool\src\WellTool.Core\Lang\Pair.cs(61,46): warning CS8601: 鍙兘鐨?null 寮曠敤璧嬪€笺€?[d:\Work\WellTool\src\WellTool.Core\WellTool.Core.csproj::TargetFramework=net8.0]
d:\Work\WellTool\src\WellTool.Core\Lang\Ref\Reference.cs(62,92): warning CS8625: 鏃犳硶灏?null 瀛楅潰閲忚浆鎹负闈?null 鐨勫紩鐢ㄧ被鍨嬨€?[d:\Work\WellTool\src\WellTool.Core\WellTool.Core.csproj::TargetFramework=net8.0]
d:\Work\WellTool\src\WellTool.Core\Map\Multi\AbsTable.cs(356,25): warning CS8765: 鍙傛暟鈥渙bj鈥濈被鍨嬬殑涓?Null 鎬т笌閲嶅啓鎴愬憳涓嶅尮閰?鍙兘鏄敱浜庝负 Null 鎬х壒鎬?銆?[d:\Work\WellTool\src\WellTool.Core\WellTool.Core.csproj::TargetFramework=net8.0]
d:\Work\WellTool\src\WellTool.Core\Util\IOUtil.cs(38,86): warning CS8625: 鏃犳硶灏?null 瀛楅潰閲忚浆鎹负闈?null 鐨勫紩鐢ㄧ被鍨嬨€?[d:\Work\WellTool\src\WellTool.Core\WellTool.Core.csproj::TargetFramework=net8.0]
d:\Work\WellTool\src\WellTool.Core\Util\IOUtil.cs(73,101): warning CS8625: 鏃犳硶灏?null 瀛楅潰閲忚浆鎹负闈?null 鐨勫紩鐢ㄧ被鍨嬨€?[d:\Work\WellTool\src\WellTool.Core\WellTool.Core.csproj::TargetFramework=net8.0]
d:\Work\WellTool\src\WellTool.Core\Util\IOUtil.cs(211,76): warning CS8625: 鏃犳硶灏?null 瀛楅潰閲忚浆鎹负闈?null 鐨勫紩鐢ㄧ被鍨嬨€?[d:\Work\WellTool\src\WellTool.Core\WellTool.Core.csproj::TargetFramework=net8.0]
d:\Work\WellTool\src\WellTool.Core\Util\IOUtil.cs(243,91): warning CS8625: 鏃犳硶灏?null 瀛楅潰閲忚浆鎹负闈?null 鐨勫紩鐢ㄧ被鍨嬨€?[d:\Work\WellTool\src\WellTool.Core\WellTool.Core.csproj::TargetFramework=net8.0]
d:\Work\WellTool\src\WellTool.Core\Util\IOUtil.cs(265,92): warning CS8625: 鏃犳硶灏?null 瀛楅潰閲忚浆鎹负闈?null 鐨勫紩鐢ㄧ被鍨嬨€?[d:\Work\WellTool\src\WellTool.Core\WellTool.Core.csproj::TargetFramework=net8.0]
d:\Work\WellTool\src\WellTool.Core\Util\ObjectUtil.cs(50,21): warning CS0108: 鈥淥bjectUtil.Equals(object, object)鈥濋殣钘忕户鎵跨殑鎴愬憳鈥渙bject.Equals(object?, object?)鈥濄€傚鏋滄槸鏈夋剰闅愯棌锛岃浣跨敤鍏抽敭瀛?new銆?[d:\Work\WellTool\src\WellTool.Core\WellTool.Core.csproj::TargetFramework=net8.0]
d:\Work\WellTool\src\WellTool.Core\Util\IterUtil.cs(20,48): warning CS8714: 绫诲瀷鈥淭Key鈥濅笉鑳界敤浣滄硾鍨嬬被鍨嬫垨鏂规硶鈥淒ictionary<TKey, TValue>鈥濅腑鐨勭被鍨嬪弬鏁扳€淭Key鈥濄€傜被鍨嬪弬鏁扳€淭Key鈥濈殑涓?Null 鎬т笌 "notnull" 绾︽潫涓嶅尮閰嶃€?[d:\Work\WellTool\src\WellTool.Core\WellTool.Core.csproj::TargetFramework=net8.0]
d:\Work\WellTool\src\WellTool.Core\Lang\Triple.cs(58,23): warning CS8765: 鍙傛暟鈥渙bj鈥濈被鍨嬬殑涓?Null 鎬т笌閲嶅啓鎴愬憳涓嶅尮閰?鍙兘鏄敱浜庝负 Null 鎬х壒鎬?銆?[d:\Work\WellTool\src\WellTool.Core\WellTool.Core.csproj::TargetFramework=net8.0]
d:\Work\WellTool\src\WellTool.Core\Lang\Mutable\MutableObj.cs(95,30): warning CS8765: 鍙傛暟鈥渙bj鈥濈被鍨嬬殑涓?Null 鎬т笌閲嶅啓鎴愬憳涓嶅尮閰?鍙兘鏄敱浜庝负 Null 鎬х壒鎬?銆?[d:\Work\WellTool\src\WellTool.Core\WellTool.Core.csproj::TargetFramework=net8.0]
d:\Work\WellTool\src\WellTool.Core\Lang\Mutable\MutablePair.cs(67,30): warning CS8765: 鍙傛暟鈥渙bj鈥濈被鍨嬬殑涓?Null 鎬т笌閲嶅啓鎴愬憳涓嶅尮閰?鍙兘鏄敱浜庝负 Null 鎬х壒鎬?銆?[d:\Work\WellTool\src\WellTool.Core\WellTool.Core.csproj::TargetFramework=net8.0]
d:\Work\WellTool\src\WellTool.Core\Lang\WeightRandom.cs(45,41): warning CS8714: 绫诲瀷鈥淭鈥濅笉鑳界敤浣滄硾鍨嬬被鍨嬫垨鏂规硶鈥淒ictionary<TKey, TValue>鈥濅腑鐨勭被鍨嬪弬鏁扳€淭Key鈥濄€傜被鍨嬪弬鏁扳€淭鈥濈殑涓?Null 鎬т笌 "notnull" 绾︽潫涓嶅尮閰嶃€?[d:\Work\WellTool\src\WellTool.Core\WellTool.Core.csproj::TargetFramework=net8.0]
d:\Work\WellTool\src\WellTool.Core\Lang\UUID.cs(185,23): warning CS8765: 鍙傛暟鈥渙bj鈥濈被鍨嬬殑涓?Null 鎬т笌閲嶅啓鎴愬憳涓嶅尮閰?鍙兘鏄敱浜庝负 Null 鎬х壒鎬?銆?[d:\Work\WellTool\src\WellTool.Core\WellTool.Core.csproj::TargetFramework=net8.0]
d:\Work\WellTool\src\WellTool.Core\Lang\UUID.cs(198,13): warning CS8767: 鈥渋nt UUID.CompareTo(UUID val)鈥濈殑鍙傛暟鈥渧al鈥濈被鍨嬩腑寮曠敤绫诲瀷鐨勪负 Null 鎬т笌闅愬紡瀹炵幇鐨勬垚鍛樷€渋nt IComparable<UUID>.CompareTo(UUID? other)鈥濅笉鍖归厤(鍙兘鏄敱浜庝负 Null 鎬х壒鎬?銆?[d:\Work\WellTool\src\WellTool.Core\WellTool.Core.csproj::TargetFramework=net8.0]
d:\Work\WellTool\src\WellTool.Core\Lang\Version.cs(168,23): warning CS8765: 鍙傛暟鈥渙b鈥濈被鍨嬬殑涓?Null 鎬т笌閲嶅啓鎴愬憳涓嶅尮閰?鍙兘鏄敱浜庝负 Null 鎬х壒鎬?銆?[d:\Work\WellTool\src\WellTool.Core\WellTool.Core.csproj::TargetFramework=net8.0]
d:\Work\WellTool\src\WellTool.Core\Lang\Version.cs(141,13): warning CS8767: 鈥渋nt Version.CompareTo(Version that)鈥濈殑鍙傛暟鈥渢hat鈥濈被鍨嬩腑寮曠敤绫诲瀷鐨勪负 Null 鎬т笌闅愬紡瀹炵幇鐨勬垚鍛樷€渋nt IComparable<Version>.CompareTo(Version? other)鈥濅笉鍖归厤(鍙兘鏄敱浜庝负 Null 鎬х壒鎬?銆?[d:\Work\WellTool\src\WellTool.Core\WellTool.Core.csproj::TargetFramework=net8.0]
d:\Work\WellTool\src\WellTool.Core\Lang\Tuple.cs(131,23): warning CS8765: 鍙傛暟鈥渙bj鈥濈被鍨嬬殑涓?Null 鎬т笌閲嶅啓鎴愬憳涓嶅尮閰?鍙兘鏄敱浜庝负 Null 鎬х壒鎬?銆?[d:\Work\WellTool\src\WellTool.Core\WellTool.Core.csproj::TargetFramework=net8.0]
d:\Work\WellTool\src\WellTool.Core\Map\MapUtil.cs(1948,57): warning CS8714: 绫诲瀷鈥淜鈥濅笉鑳界敤浣滄硾鍨嬬被鍨嬫垨鏂规硶鈥淒ictionary<TKey, TValue>鈥濅腑鐨勭被鍨嬪弬鏁扳€淭Key鈥濄€傜被鍨嬪弬鏁扳€淜鈥濈殑涓?Null 鎬т笌 "notnull" 绾︽潫涓嶅尮閰嶃€?[d:\Work\WellTool\src\WellTool.Core\WellTool.Core.csproj::TargetFramework=net8.0]
d:\Work\WellTool\src\WellTool.Core\Map\MapUtil.cs(1855,81): warning CS8601: 鍙兘鐨?null 寮曠敤璧嬪€笺€?[d:\Work\WellTool\src\WellTool.Core\WellTool.Core.csproj::TargetFramework=net8.0]
d:\Work\WellTool\src\WellTool.Core\Map\MapUtil.cs(1404,47): warning CS8714: 绫诲瀷鈥淜鈥濅笉鑳界敤浣滄硾鍨嬬被鍨嬫垨鏂规硶鈥淒ictionary<TKey, TValue>鈥濅腑鐨勭被鍨嬪弬鏁扳€淭Key鈥濄€傜被鍨嬪弬鏁扳€淜鈥濈殑涓?Null 鎬т笌 "notnull" 绾︽潫涓嶅尮閰嶃€?[d:\Work\WellTool\src\WellTool.Core\WellTool.Core.csproj::TargetFramework=net8.0]
d:\Work\WellTool\src\WellTool.Core\Map\MapUtil.cs(1410,48): warning CS8714: 绫诲瀷鈥淜鈥濅笉鑳界敤浣滄硾鍨嬬被鍨嬫垨鏂规硶鈥淒ictionary<TKey, TValue>鈥濅腑鐨勭被鍨嬪弬鏁扳€淭Key鈥濄€傜被鍨嬪弬鏁扳€淜鈥濈殑涓?Null 鎬т笌 "notnull" 绾︽潫涓嶅尮閰嶃€?[d:\Work\WellTool\src\WellTool.Core\WellTool.Core.csproj::TargetFramework=net8.0]
d:\Work\WellTool\src\WellTool.Core\Map\MapUtil.cs(1431,37): warning CS8714: 绫诲瀷鈥淜鈥濅笉鑳界敤浣滄硾鍨嬬被鍨嬫垨鏂规硶鈥淒ictionary<TKey, TValue>鈥濅腑鐨勭被鍨嬪弬鏁扳€淭Key鈥濄€傜被鍨嬪弬鏁扳€淜鈥濈殑涓?Null 鎬т笌 "notnull" 绾︽潫涓嶅尮閰嶃€?[d:\Work\WellTool\src\WellTool.Core\WellTool.Core.csproj::TargetFramework=net8.0]

鐢熸垚澶辫触銆?

d:\Work\WellTool\src\WellTool.Core\Convert\impl\CollectionConverter.cs(4,7): warning CS0105: 鈥淲ellTool.Core.Convert鈥濈殑 using 鎸囦护浠ュ墠鍦ㄦ鍛藉悕绌洪棿涓嚭鐜拌繃 [d:\Work\WellTool\src\WellTool.Core\WellTool.Core.csproj::TargetFramework=netstandard2.1]
d:\Work\WellTool\src\WellTool.Core\Convert\impl\CollectionConverter.cs(6,7): warning CS0105: 鈥淲ellTool.Core.Convert鈥濈殑 using 鎸囦护浠ュ墠鍦ㄦ鍛藉悕绌洪棿涓嚭鐜拌繃 [d:\Work\WellTool\src\WellTool.Core\WellTool.Core.csproj::TargetFramework=netstandard2.1]
d:\Work\WellTool\src\WellTool.Core\Convert\impl\CollectionConverter.cs(8,7): warning CS0105: 鈥淲ellTool.Core.Convert鈥濈殑 using 鎸囦护浠ュ墠鍦ㄦ鍛藉悕绌洪棿涓嚭鐜拌繃 [d:\Work\WellTool\src\WellTool.Core\WellTool.Core.csproj::TargetFramework=netstandard2.1]
d:\Work\WellTool\src\WellTool.Core\Convert\impl\EnumConverter.cs(4,7): warning CS0105: 鈥淲ellTool.Core.Convert鈥濈殑 using 鎸囦护浠ュ墠鍦ㄦ鍛藉悕绌洪棿涓嚭鐜拌繃 [d:\Work\WellTool\src\WellTool.Core\WellTool.Core.csproj::TargetFramework=netstandard2.1]
d:\Work\WellTool\src\WellTool.Core\Convert\impl\MapConverter.cs(4,7): warning CS0105: 鈥淲ellTool.Core.Convert鈥濈殑 using 鎸囦护浠ュ墠鍦ㄦ鍛藉悕绌洪棿涓嚭鐜拌繃 [d:\Work\WellTool\src\WellTool.Core\WellTool.Core.csproj::TargetFramework=netstandard2.1]
d:\Work\WellTool\src\WellTool.Core\Convert\impl\MapConverter.cs(6,7): warning CS0105: 鈥淲ellTool.Core.Convert鈥濈殑 using 鎸囦护浠ュ墠鍦ㄦ鍛藉悕绌洪棿涓嚭鐜拌繃 [d:\Work\WellTool\src\WellTool.Core\WellTool.Core.csproj::TargetFramework=netstandard2.1]
d:\Work\WellTool\src\WellTool.Core\Convert\impl\NumberConverter.cs(4,7): warning CS0105: 鈥淲ellTool.Core.Convert鈥濈殑 using 鎸囦护浠ュ墠鍦ㄦ鍛藉悕绌洪棿涓嚭鐜拌繃 [d:\Work\WellTool\src\WellTool.Core\WellTool.Core.csproj::TargetFramework=netstandard2.1]
d:\Work\WellTool\src\WellTool.Core\Builder\GenericBuilder.cs(63,44): warning CS0693: 绫诲瀷鍙傛暟鈥淭鈥濅笌澶栭儴绫诲瀷鈥淕enericBuilder<T>鈥濅腑鐨勭被鍨嬪弬鏁板悓鍚?[d:\Work\WellTool\src\WellTool.Core\WellTool.Core.csproj::TargetFramework=netstandard2.1]
d:\Work\WellTool\src\WellTool.Core\Builder\GenericBuilder.cs(76,44): warning CS0693: 绫诲瀷鍙傛暟鈥淭鈥濅笌澶栭儴绫诲瀷鈥淕enericBuilder<T>鈥濅腑鐨勭被鍨嬪弬鏁板悓鍚?[d:\Work\WellTool\src\WellTool.Core\WellTool.Core.csproj::TargetFramework=netstandard2.1]
d:\Work\WellTool\src\WellTool.Core\Builder\GenericBuilder.cs(91,44): warning CS0693: 绫诲瀷鍙傛暟鈥淭鈥濅笌澶栭儴绫诲瀷鈥淕enericBuilder<T>鈥濅腑鐨勭被鍨嬪弬鏁板悓鍚?[d:\Work\WellTool\src\WellTool.Core\WellTool.Core.csproj::TargetFramework=netstandard2.1]
d:\Work\WellTool\src\WellTool.Core\Builder\GenericBuilder.cs(108,44): warning CS0693: 绫诲瀷鍙傛暟鈥淭鈥濅笌澶栭儴绫诲瀷鈥淕enericBuilder<T>鈥濅腑鐨勭被鍨嬪弬鏁板悓鍚?[d:\Work\WellTool\src\WellTool.Core\WellTool.Core.csproj::TargetFramework=netstandard2.1]
d:\Work\WellTool\src\WellTool.Core\Builder\GenericBuilder.cs(127,44): warning CS0693: 绫诲瀷鍙傛暟鈥淭鈥濅笌澶栭儴绫诲瀷鈥淕enericBuilder<T>鈥濅腑鐨勭被鍨嬪弬鏁板悓鍚?[d:\Work\WellTool\src\WellTool.Core\WellTool.Core.csproj::TargetFramework=netstandard2.1]
d:\Work\WellTool\src\WellTool.Core\Builder\GenericBuilder.cs(148,44): warning CS0693: 绫诲瀷鍙傛暟鈥淭鈥濅笌澶栭儴绫诲瀷鈥淕enericBuilder<T>鈥濅腑鐨勭被鍨嬪弬鏁板悓鍚?[d:\Work\WellTool\src\WellTool.Core\WellTool.Core.csproj::TargetFramework=netstandard2.1]
d:\Work\WellTool\src\WellTool.Core\Compress\ZipReader.cs(17,71): warning CS8625: 鏃犳硶灏?null 瀛楅潰閲忚浆鎹负闈?null 鐨勫紩鐢ㄧ被鍨嬨€?[d:\Work\WellTool\src\WellTool.Core\WellTool.Core.csproj::TargetFramework=netstandard2.1]
d:\Work\WellTool\src\WellTool.Core\Compress\ZipReader.cs(22,70): warning CS8625: 鏃犳硶灏?null 瀛楅潰閲忚浆鎹负闈?null 鐨勫紩鐢ㄧ被鍨嬨€?[d:\Work\WellTool\src\WellTool.Core\WellTool.Core.csproj::TargetFramework=netstandard2.1]
d:\Work\WellTool\src\WellTool.Core\Compress\ZipReader.cs(27,61): warning CS8625: 鏃犳硶灏?null 瀛楅潰閲忚浆鎹负闈?null 鐨勫紩鐢ㄧ被鍨嬨€?[d:\Work\WellTool\src\WellTool.Core\WellTool.Core.csproj::TargetFramework=netstandard2.1]
d:\Work\WellTool\src\WellTool.Core\Compress\ZipReader.cs(33,60): warning CS8625: 鏃犳硶灏?null 瀛楅潰閲忚浆鎹负闈?null 鐨勫紩鐢ㄧ被鍨嬨€?[d:\Work\WellTool\src\WellTool.Core\WellTool.Core.csproj::TargetFramework=netstandard2.1]
d:\Work\WellTool\src\WellTool.Core\Clone\CloneSupport.cs(31,26): warning CS0108: 鈥淐loneSupport<T>.MemberwiseClone()鈥濋殣钘忕户鎵跨殑鎴愬憳鈥渙bject.MemberwiseClone()鈥濄€傚鏋滄槸鏈夋剰闅愯棌锛岃浣跨敤鍏抽敭瀛?new銆?[d:\Work\WellTool\src\WellTool.Core\WellTool.Core.csproj::TargetFramework=netstandard2.1]
d:\Work\WellTool\src\WellTool.Core\Compress\ZipWriter.cs(15,71): warning CS8625: 鏃犳硶灏?null 瀛楅潰閲忚浆鎹负闈?null 鐨勫紩鐢ㄧ被鍨嬨€?[d:\Work\WellTool\src\WellTool.Core\WellTool.Core.csproj::TargetFramework=netstandard2.1]
d:\Work\WellTool\src\WellTool.Core\Compress\ZipWriter.cs(20,70): warning CS8625: 鏃犳硶灏?null 瀛楅潰閲忚浆鎹负闈?null 鐨勫紩鐢ㄧ被鍨嬨€?[d:\Work\WellTool\src\WellTool.Core\WellTool.Core.csproj::TargetFramework=netstandard2.1]
d:\Work\WellTool\src\WellTool.Core\Compress\ZipWriter.cs(25,61): warning CS8625: 鏃犳硶灏?null 瀛楅潰閲忚浆鎹负闈?null 鐨勫紩鐢ㄧ被鍨嬨€?[d:\Work\WellTool\src\WellTool.Core\WellTool.Core.csproj::TargetFramework=netstandard2.1]
d:\Work\WellTool\src\WellTool.Core\Compress\ZipWriter.cs(32,60): warning CS8625: 鏃犳硶灏?null 瀛楅潰閲忚浆鎹负闈?null 鐨勫紩鐢ㄧ被鍨嬨€?[d:\Work\WellTool\src\WellTool.Core\WellTool.Core.csproj::TargetFramework=netstandard2.1]
d:\Work\WellTool\src\WellTool.Core\Annotation\Hierarchical.cs(49,7): warning CS0108: 鈥淗ierarchical.CompareTo(Hierarchical)鈥濋殣钘忕户鎵跨殑鎴愬憳鈥淚Comparable<Hierarchical>.CompareTo(Hierarchical)鈥濄€傚鏋滄槸鏈夋剰闅愯棌锛岃浣跨敤鍏抽敭瀛?new銆?[d:\Work\WellTool\src\WellTool.Core\WellTool.Core.csproj::TargetFramework=netstandard2.1]
d:\Work\WellTool\src\WellTool.Core\Getter\ArrayTypeGetter.cs(9,63): warning CS8625: 鏃犳硶灏?null 瀛楅潰閲忚浆鎹负闈?null 鐨勫紩鐢ㄧ被鍨嬨€?[d:\Work\WellTool\src\WellTool.Core\WellTool.Core.csproj::TargetFramework=netstandard2.1]
d:\Work\WellTool\src\WellTool.Core\Getter\ArrayTypeGetter.cs(10,63): warning CS8625: 鏃犳硶灏?null 瀛楅潰閲忚浆鎹负闈?null 鐨勫紩鐢ㄧ被鍨嬨€?[d:\Work\WellTool\src\WellTool.Core\WellTool.Core.csproj::TargetFramework=netstandard2.1]
d:\Work\WellTool\src\WellTool.Core\Getter\ArrayTypeGetter.cs(11,63): warning CS8625: 鏃犳硶灏?null 瀛楅潰閲忚浆鎹负闈?null 鐨勫紩鐢ㄧ被鍨嬨€?[d:\Work\WellTool\src\WellTool.Core\WellTool.Core.csproj::TargetFramework=netstandard2.1]
d:\Work\WellTool\src\WellTool.Core\Getter\ArrayTypeGetter.cs(12,66): warning CS8625: 鏃犳硶灏?null 瀛楅潰閲忚浆鎹负闈?null 鐨勫紩鐢ㄧ被鍨嬨€?[d:\Work\WellTool\src\WellTool.Core\WellTool.Core.csproj::TargetFramework=netstandard2.1]
d:\Work\WellTool\src\WellTool.Core\Getter\ArrayTypeGetter.cs(13,60): warning CS8625: 鏃犳硶灏?null 瀛楅潰閲忚浆鎹负闈?null 鐨勫紩鐢ㄧ被鍨嬨€?[d:\Work\WellTool\src\WellTool.Core\WellTool.Core.csproj::TargetFramework=netstandard2.1]
d:\Work\WellTool\src\WellTool.Core\Getter\ArrayTypeGetter.cs(14,63): warning CS8625: 鏃犳硶灏?null 瀛楅潰閲忚浆鎹负闈?null 鐨勫紩鐢ㄧ被鍨嬨€?[d:\Work\WellTool\src\WellTool.Core\WellTool.Core.csproj::TargetFramework=netstandard2.1]
d:\Work\WellTool\src\WellTool.Core\Getter\ArrayTypeGetter.cs(15,66): warning CS8625: 鏃犳硶灏?null 瀛楅潰閲忚浆鎹负闈?null 鐨勫紩鐢ㄧ被鍨嬨€?[d:\Work\WellTool\src\WellTool.Core\WellTool.Core.csproj::TargetFramework=netstandard2.1]
d:\Work\WellTool\src\WellTool.Core\Getter\ArrayTypeGetter.cs(16,69): warning CS8625: 鏃犳硶灏?null 瀛楅潰閲忚浆鎹负闈?null 鐨勫紩鐢ㄧ被鍨嬨€?[d:\Work\WellTool\src\WellTool.Core\WellTool.Core.csproj::TargetFramework=netstandard2.1]
d:\Work\WellTool\src\WellTool.Core\Getter\ArrayTypeGetter.cs(17,69): warning CS8625: 鏃犳硶灏?null 瀛楅潰閲忚浆鎹负闈?null 鐨勫紩鐢ㄧ被鍨嬨€?[d:\Work\WellTool\src\WellTool.Core\WellTool.Core.csproj::TargetFramework=netstandard2.1]
d:\Work\WellTool\src\WellTool.Core\Getter\ArrayTypeGetter.cs(18,60): warning CS8625: 鏃犳硶灏?null 瀛楅潰閲忚浆鎹负闈?null 鐨勫紩鐢ㄧ被鍨嬨€?[d:\Work\WellTool\src\WellTool.Core\WellTool.Core.csproj::TargetFramework=netstandard2.1]
d:\Work\WellTool\src\WellTool.Core\Getter\BasicTypeGetter.cs(15,60): warning CS8625: 鏃犳硶灏?null 瀛楅潰閲忚浆鎹负闈?null 鐨勫紩鐢ㄧ被鍨嬨€?[d:\Work\WellTool\src\WellTool.Core\WellTool.Core.csproj::TargetFramework=netstandard2.1]
d:\Work\WellTool\src\WellTool.Core\Getter\BasicTypeGetter.cs(16,51): warning CS8601: 鍙兘鐨?null 寮曠敤璧嬪€笺€?[d:\Work\WellTool\src\WellTool.Core\WellTool.Core.csproj::TargetFramework=netstandard2.1]
d:\Work\WellTool\src\WellTool.Core\Getter\ArrayTypeGetter.cs(25,70): warning CS8625: 鏃犳硶灏?null 瀛楅潰閲忚浆鎹负闈?null 鐨勫紩鐢ㄧ被鍨嬨€?[d:\Work\WellTool\src\WellTool.Core\WellTool.Core.csproj::TargetFramework=netstandard2.1]
d:\Work\WellTool\src\WellTool.Core\Getter\ArrayTypeGetter.cs(30,70): warning CS8625: 鏃犳硶灏?null 瀛楅潰閲忚浆鎹负闈?null 鐨勫紩鐢ㄧ被鍨嬨€?[d:\Work\WellTool\src\WellTool.Core\WellTool.Core.csproj::TargetFramework=netstandard2.1]
d:\Work\WellTool\src\WellTool.Core\Getter\ArrayTypeGetter.cs(35,70): warning CS8625: 鏃犳硶灏?null 瀛楅潰閲忚浆鎹负闈?null 鐨勫紩鐢ㄧ被鍨嬨€?[d:\Work\WellTool\src\WellTool.Core\WellTool.Core.csproj::TargetFramework=netstandard2.1]
d:\Work\WellTool\src\WellTool.Core\Getter\ArrayTypeGetter.cs(40,73): warning CS8625: 鏃犳硶灏?null 瀛楅潰閲忚浆鎹负闈?null 鐨勫紩鐢ㄧ被鍨嬨€?[d:\Work\WellTool\src\WellTool.Core\WellTool.Core.csproj::TargetFramework=netstandard2.1]
d:\Work\WellTool\src\WellTool.Core\Getter\ArrayTypeGetter.cs(45,67): warning CS8625: 鏃犳硶灏?null 瀛楅潰閲忚浆鎹负闈?null 鐨勫紩鐢ㄧ被鍨嬨€?[d:\Work\WellTool\src\WellTool.Core\WellTool.Core.csproj::TargetFramework=netstandard2.1]
d:\Work\WellTool\src\WellTool.Core\Getter\ArrayTypeGetter.cs(50,70): warning CS8625: 鏃犳硶灏?null 瀛楅潰閲忚浆鎹负闈?null 鐨勫紩鐢ㄧ被鍨嬨€?[d:\Work\WellTool\src\WellTool.Core\WellTool.Core.csproj::TargetFramework=netstandard2.1]
d:\Work\WellTool\src\WellTool.Core\Getter\ArrayTypeGetter.cs(55,73): warning CS8625: 鏃犳硶灏?null 瀛楅潰閲忚浆鎹负闈?null 鐨勫紩鐢ㄧ被鍨嬨€?[d:\Work\WellTool\src\WellTool.Core\WellTool.Core.csproj::TargetFramework=netstandard2.1]
d:\Work\WellTool\src\WellTool.Core\Getter\ArrayTypeGetter.cs(60,76): warning CS8625: 鏃犳硶灏?null 瀛楅潰閲忚浆鎹负闈?null 鐨勫紩鐢ㄧ被鍨嬨€?[d:\Work\WellTool\src\WellTool.Core\WellTool.Core.csproj::TargetFramework=netstandard2.1]
d:\Work\WellTool\src\WellTool.Core\Getter\ArrayTypeGetter.cs(65,76): warning CS8625: 鏃犳硶灏?null 瀛楅潰閲忚浆鎹负闈?null 鐨勫紩鐢ㄧ被鍨嬨€?[d:\Work\WellTool\src\WellTool.Core\WellTool.Core.csproj::TargetFramework=netstandard2.1]
d:\Work\WellTool\src\WellTool.Core\Getter\ArrayTypeGetter.cs(70,67): warning CS8625: 鏃犳硶灏?null 瀛楅潰閲忚浆鎹负闈?null 鐨勫紩鐢ㄧ被鍨嬨€?[d:\Work\WellTool\src\WellTool.Core\WellTool.Core.csproj::TargetFramework=netstandard2.1]
d:\Work\WellTool\src\WellTool.Core\Getter\ArrayTypeGetter.cs(75,74): warning CS8625: 鏃犳硶灏?null 瀛楅潰閲忚浆鎹负闈?null 鐨勫紩鐢ㄧ被鍨嬨€?[d:\Work\WellTool\src\WellTool.Core\WellTool.Core.csproj::TargetFramework=netstandard2.1]
d:\Work\WellTool\src\WellTool.Core\Getter\BasicTypeGetter.cs(71,67): warning CS8625: 鏃犳硶灏?null 瀛楅潰閲忚浆鎹负闈?null 鐨勫紩鐢ㄧ被鍨嬨€?[d:\Work\WellTool\src\WellTool.Core\WellTool.Core.csproj::TargetFramework=netstandard2.1]
d:\Work\WellTool\src\WellTool.Core\Getter\BasicTypeGetter.cs(77,58): warning CS8601: 鍙兘鐨?null 寮曠敤璧嬪€笺€?[d:\Work\WellTool\src\WellTool.Core\WellTool.Core.csproj::TargetFramework=netstandard2.1]
d:\Work\WellTool\src\WellTool.Core\Getter\ListTypeGetter.cs(9,70): warning CS8625: 鏃犳硶灏?null 瀛楅潰閲忚浆鎹负闈?null 鐨勫紩鐢ㄧ被鍨嬨€?[d:\Work\WellTool\src\WellTool.Core\WellTool.Core.csproj::TargetFramework=netstandard2.1]
d:\Work\WellTool\src\WellTool.Core\Getter\ListTypeGetter.cs(10,70): warning CS8625: 鏃犳硶灏?null 瀛楅潰閲忚浆鎹负闈?null 鐨勫紩鐢ㄧ被鍨嬨€?[d:\Work\WellTool\src\WellTool.Core\WellTool.Core.csproj::TargetFramework=netstandard2.1]
d:\Work\WellTool\src\WellTool.Core\Getter\ListTypeGetter.cs(11,70): warning CS8625: 鏃犳硶灏?null 瀛楅潰閲忚浆鎹负闈?null 鐨勫紩鐢ㄧ被鍨嬨€?[d:\Work\WellTool\src\WellTool.Core\WellTool.Core.csproj::TargetFramework=netstandard2.1]
d:\Work\WellTool\src\WellTool.Core\Getter\ListTypeGetter.cs(12,73): warning CS8625: 鏃犳硶灏?null 瀛楅潰閲忚浆鎹负闈?null 鐨勫紩鐢ㄧ被鍨嬨€?[d:\Work\WellTool\src\WellTool.Core\WellTool.Core.csproj::TargetFramework=netstandard2.1]
d:\Work\WellTool\src\WellTool.Core\Getter\ListTypeGetter.cs(13,67): warning CS8625: 鏃犳硶灏?null 瀛楅潰閲忚浆鎹负闈?null 鐨勫紩鐢ㄧ被鍨嬨€?[d:\Work\WellTool\src\WellTool.Core\WellTool.Core.csproj::TargetFramework=netstandard2.1]
d:\Work\WellTool\src\WellTool.Core\Getter\ListTypeGetter.cs(14,70): warning CS8625: 鏃犳硶灏?null 瀛楅潰閲忚浆鎹负闈?null 鐨勫紩鐢ㄧ被鍨嬨€?[d:\Work\WellTool\src\WellTool.Core\WellTool.Core.csproj::TargetFramework=netstandard2.1]
d:\Work\WellTool\src\WellTool.Core\Getter\ListTypeGetter.cs(15,73): warning CS8625: 鏃犳硶灏?null 瀛楅潰閲忚浆鎹负闈?null 鐨勫紩鐢ㄧ被鍨嬨€?[d:\Work\WellTool\src\WellTool.Core\WellTool.Core.csproj::TargetFramework=netstandard2.1]
d:\Work\WellTool\src\WellTool.Core\Getter\ListTypeGetter.cs(16,76): warning CS8625: 鏃犳硶灏?null 瀛楅潰閲忚浆鎹负闈?null 鐨勫紩鐢ㄧ被鍨嬨€?[d:\Work\WellTool\src\WellTool.Core\WellTool.Core.csproj::TargetFramework=netstandard2.1]
d:\Work\WellTool\src\WellTool.Core\Getter\ListTypeGetter.cs(17,76): warning CS8625: 鏃犳硶灏?null 瀛楅潰閲忚浆鎹负闈?null 鐨勫紩鐢ㄧ被鍨嬨€?[d:\Work\WellTool\src\WellTool.Core\WellTool.Core.csproj::TargetFramework=netstandard2.1]
d:\Work\WellTool\src\WellTool.Core\Getter\ListTypeGetter.cs(18,67): warning CS8625: 鏃犳硶灏?null 瀛楅潰閲忚浆鎹负闈?null 鐨勫紩鐢ㄧ被鍨嬨€?[d:\Work\WellTool\src\WellTool.Core\WellTool.Core.csproj::TargetFramework=netstandard2.1]
d:\Work\WellTool\src\WellTool.Core\Getter\ListTypeGetter.cs(25,77): warning CS8625: 鏃犳硶灏?null 瀛楅潰閲忚浆鎹负闈?null 鐨勫紩鐢ㄧ被鍨嬨€?[d:\Work\WellTool\src\WellTool.Core\WellTool.Core.csproj::TargetFramework=netstandard2.1]
d:\Work\WellTool\src\WellTool.Core\Getter\ListTypeGetter.cs(30,77): warning CS8625: 鏃犳硶灏?null 瀛楅潰閲忚浆鎹负闈?null 鐨勫紩鐢ㄧ被鍨嬨€?[d:\Work\WellTool\src\WellTool.Core\WellTool.Core.csproj::TargetFramework=netstandard2.1]
d:\Work\WellTool\src\WellTool.Core\Getter\ListTypeGetter.cs(35,77): warning CS8625: 鏃犳硶灏?null 瀛楅潰閲忚浆鎹负闈?null 鐨勫紩鐢ㄧ被鍨嬨€?[d:\Work\WellTool\src\WellTool.Core\WellTool.Core.csproj::TargetFramework=netstandard2.1]
d:\Work\WellTool\src\WellTool.Core\Convert\impl\DateConverter.cs(17,46): warning CS8625: 鏃犳硶灏?null 瀛楅潰閲忚浆鎹负闈?null 鐨勫紩鐢ㄧ被鍨嬨€?[d:\Work\WellTool\src\WellTool.Core\WellTool.Core.csproj::TargetFramework=netstandard2.1]
d:\Work\WellTool\src\WellTool.Core\Getter\ListTypeGetter.cs(40,80): warning CS8625: 鏃犳硶灏?null 瀛楅潰閲忚浆鎹负闈?null 鐨勫紩鐢ㄧ被鍨嬨€?[d:\Work\WellTool\src\WellTool.Core\WellTool.Core.csproj::TargetFramework=netstandard2.1]
d:\Work\WellTool\src\WellTool.Core\Getter\ListTypeGetter.cs(45,74): warning CS8625: 鏃犳硶灏?null 瀛楅潰閲忚浆鎹负闈?null 鐨勫紩鐢ㄧ被鍨嬨€?[d:\Work\WellTool\src\WellTool.Core\WellTool.Core.csproj::TargetFramework=netstandard2.1]
d:\Work\WellTool\src\WellTool.Core\Getter\ListTypeGetter.cs(50,77): warning CS8625: 鏃犳硶灏?null 瀛楅潰閲忚浆鎹负闈?null 鐨勫紩鐢ㄧ被鍨嬨€?[d:\Work\WellTool\src\WellTool.Core\WellTool.Core.csproj::TargetFramework=netstandard2.1]
d:\Work\WellTool\src\WellTool.Core\Getter\ListTypeGetter.cs(55,80): warning CS8625: 鏃犳硶灏?null 瀛楅潰閲忚浆鎹负闈?null 鐨勫紩鐢ㄧ被鍨嬨€?[d:\Work\WellTool\src\WellTool.Core\WellTool.Core.csproj::TargetFramework=netstandard2.1]
d:\Work\WellTool\src\WellTool.Core\Getter\ListTypeGetter.cs(60,83): warning CS8625: 鏃犳硶灏?null 瀛楅潰閲忚浆鎹负闈?null 鐨勫紩鐢ㄧ被鍨嬨€?[d:\Work\WellTool\src\WellTool.Core\WellTool.Core.csproj::TargetFramework=netstandard2.1]
d:\Work\WellTool\src\WellTool.Core\Getter\ListTypeGetter.cs(65,83): warning CS8625: 鏃犳硶灏?null 瀛楅潰閲忚浆鎹负闈?null 鐨勫紩鐢ㄧ被鍨嬨€?[d:\Work\WellTool\src\WellTool.Core\WellTool.Core.csproj::TargetFramework=netstandard2.1]
d:\Work\WellTool\src\WellTool.Core\Getter\ListTypeGetter.cs(70,74): warning CS8625: 鏃犳硶灏?null 瀛楅潰閲忚浆鎹负闈?null 鐨勫紩鐢ㄧ被鍨嬨€?[d:\Work\WellTool\src\WellTool.Core\WellTool.Core.csproj::TargetFramework=netstandard2.1]
d:\Work\WellTool\src\WellTool.Core\Getter\ListTypeGetter.cs(75,81): warning CS8625: 鏃犳硶灏?null 瀛楅潰閲忚浆鎹负闈?null 鐨勫紩鐢ㄧ被鍨嬨€?[d:\Work\WellTool\src\WellTool.Core\WellTool.Core.csproj::TargetFramework=netstandard2.1]
d:\Work\WellTool\src\WellTool.Core\Getter\OptNullBasicTypeFromObjectGetter.cs(32,13): warning CS0108: 鈥淥ptNullBasicTypeFromObjectGetter<K>.GetStr(K, string?)鈥濋殣钘忕户鎵跨殑鎴愬憳鈥淥ptBasicTypeGetter<K>.GetStr(K, string?)鈥濄€傚鏋滄槸鏈夋剰闅愯棌锛岃浣跨敤鍏抽敭瀛?new銆?[d:\Work\WellTool\src\WellTool.Core\WellTool.Core.csproj::TargetFramework=netstandard2.1]
d:\Work\WellTool\src\WellTool.Core\Getter\OptNullBasicTypeFromObjectGetter.cs(40,10): warning CS0108: 鈥淥ptNullBasicTypeFromObjectGetter<K>.GetInt(K, int?)鈥濋殣钘忕户鎵跨殑鎴愬憳鈥淥ptBasicTypeGetter<K>.GetInt(K, int?)鈥濄€傚鏋滄槸鏈夋剰闅愯棌锛岃浣跨敤鍏抽敭瀛?new銆?[d:\Work\WellTool\src\WellTool.Core\WellTool.Core.csproj::TargetFramework=netstandard2.1]
d:\Work\WellTool\src\WellTool.Core\Getter\OptNullBasicTypeFromObjectGetter.cs(48,12): warning CS0108: 鈥淥ptNullBasicTypeFromObjectGetter<K>.GetShort(K, short?)鈥濋殣钘忕户鎵跨殑鎴愬憳鈥淥ptBasicTypeGetter<K>.GetShort(K, short?)鈥濄€傚鏋滄槸鏈夋剰闅愯棌锛岃浣跨敤鍏抽敭瀛?new銆?[d:\Work\WellTool\src\WellTool.Core\WellTool.Core.csproj::TargetFramework=netstandard2.1]
d:\Work\WellTool\src\WellTool.Core\Getter\OptNullBasicTypeFromObjectGetter.cs(56,11): warning CS0108: 鈥淥ptNullBasicTypeFromObjectGetter<K>.GetBool(K, bool?)鈥濋殣钘忕户鎵跨殑鎴愬憳鈥淥ptBasicTypeGetter<K>.GetBool(K, bool?)鈥濄€傚鏋滄槸鏈夋剰闅愯棌锛岃浣跨敤鍏抽敭瀛?new銆?[d:\Work\WellTool\src\WellTool.Core\WellTool.Core.csproj::TargetFramework=netstandard2.1]
d:\Work\WellTool\src\WellTool.Core\Getter\OptNullBasicTypeFromObjectGetter.cs(64,11): warning CS0108: 鈥淥ptNullBasicTypeFromObjectGetter<K>.GetLong(K, long?)鈥濋殣钘忕户鎵跨殑鎴愬憳鈥淥ptBasicTypeGetter<K>.GetLong(K, long?)鈥濄€傚鏋滄槸鏈夋剰闅愯棌锛岃浣跨敤鍏抽敭瀛?new銆?[d:\Work\WellTool\src\WellTool.Core\WellTool.Core.csproj::TargetFramework=netstandard2.1]
d:\Work\WellTool\src\WellTool.Core\Getter\OptNullBasicTypeFromObjectGetter.cs(72,11): warning CS0108: 鈥淥ptNullBasicTypeFromObjectGetter<K>.GetChar(K, char?)鈥濋殣钘忕户鎵跨殑鎴愬憳鈥淥ptBasicTypeGetter<K>.GetChar(K, char?)鈥濄€傚鏋滄槸鏈夋剰闅愯棌锛岃浣跨敤鍏抽敭瀛?new銆?[d:\Work\WellTool\src\WellTool.Core\WellTool.Core.csproj::TargetFramework=netstandard2.1]
d:\Work\WellTool\src\WellTool.Core\Getter\OptNullBasicTypeFromObjectGetter.cs(80,12): warning CS0108: 鈥淥ptNullBasicTypeFromObjectGetter<K>.GetFloat(K, float?)鈥濋殣钘忕户鎵跨殑鎴愬憳鈥淥ptBasicTypeGetter<K>.GetFloat(K, float?)鈥濄€傚鏋滄槸鏈夋剰闅愯棌锛岃浣跨敤鍏抽敭瀛?new銆?[d:\Work\WellTool\src\WellTool.Core\WellTool.Core.csproj::TargetFramework=netstandard2.1]
d:\Work\WellTool\src\WellTool.Core\Getter\OptNullBasicTypeFromObjectGetter.cs(88,13): warning CS0108: 鈥淥ptNullBasicTypeFromObjectGetter<K>.GetDouble(K, double?)鈥濋殣钘忕户鎵跨殑鎴愬憳鈥淥ptBasicTypeGetter<K>.GetDouble(K, double?)鈥濄€傚鏋滄槸鏈夋剰闅愯棌锛岃浣跨敤鍏抽敭瀛?new銆?[d:\Work\WellTool\src\WellTool.Core\WellTool.Core.csproj::TargetFramework=netstandard2.1]
d:\Work\WellTool\src\WellTool.Core\Getter\OptNullBasicTypeFromObjectGetter.cs(96,11): warning CS0108: 鈥淥ptNullBasicTypeFromObjectGetter<K>.GetByte(K, byte?)鈥濋殣钘忕户鎵跨殑鎴愬憳鈥淥ptBasicTypeGetter<K>.GetByte(K, byte?)鈥濄€傚鏋滄槸鏈夋剰闅愯棌锛岃浣跨敤鍏抽敭瀛?new銆?[d:\Work\WellTool\src\WellTool.Core\WellTool.Core.csproj::TargetFramework=netstandard2.1]
d:\Work\WellTool\src\WellTool.Core\Getter\OptNullBasicTypeFromObjectGetter.cs(104,14): warning CS0108: 鈥淥ptNullBasicTypeFromObjectGetter<K>.GetBigDecimal(K, decimal?)鈥濋殣钘忕户鎵跨殑鎴愬憳鈥淥ptBasicTypeGetter<K>.GetBigDecimal(K, decimal?)鈥濄€傚鏋滄槸鏈夋剰闅愯棌锛岃浣跨敤鍏抽敭瀛?new銆?[d:\Work\WellTool\src\WellTool.Core\WellTool.Core.csproj::TargetFramework=netstandard2.1]
d:\Work\WellTool\src\WellTool.Core\Getter\OptNullBasicTypeFromObjectGetter.cs(112,17): warning CS0108: 鈥淥ptNullBasicTypeFromObjectGetter<K>.GetBigInteger(K, BigInteger?)鈥濋殣钘忕户鎵跨殑鎴愬憳鈥淥ptBasicTypeGetter<K>.GetBigInteger(K, BigInteger?)鈥濄€傚鏋滄槸鏈夋剰闅愯棌锛岃浣跨敤鍏抽敭瀛?new銆?[d:\Work\WellTool\src\WellTool.Core\WellTool.Core.csproj::TargetFramework=netstandard2.1]
d:\Work\WellTool\src\WellTool.Core\Getter\OptNullBasicTypeFromObjectGetter.cs(122,8): warning CS0108: 鈥淥ptNullBasicTypeFromObjectGetter<K>.GetEnum<E>(Type, K, E?)鈥濋殣钘忕户鎵跨殑鎴愬憳鈥淥ptBasicTypeGetter<K>.GetEnum<E>(Type, K, E?)鈥濄€傚鏋滄槸鏈夋剰闅愯棌锛岃浣跨敤鍏抽敭瀛?new銆?[d:\Work\WellTool\src\WellTool.Core\WellTool.Core.csproj::TargetFramework=netstandard2.1]
d:\Work\WellTool\src\WellTool.Core\Getter\OptNullBasicTypeFromObjectGetter.cs(130,15): warning CS0108: 鈥淥ptNullBasicTypeFromObjectGetter<K>.GetDate(K, DateTime?)鈥濋殣钘忕户鎵跨殑鎴愬憳鈥淥ptBasicTypeGetter<K>.GetDate(K, DateTime?)鈥濄€傚鏋滄槸鏈夋剰闅愯棌锛岃浣跨敤鍏抽敭瀛?new銆?[d:\Work\WellTool\src\WellTool.Core\WellTool.Core.csproj::TargetFramework=netstandard2.1]
d:\Work\WellTool\src\WellTool.Core\Annotation\Scanner\MethodAnnotationScanner.cs(60,21): warning CS0108: 鈥淢ethodAnnotationScanner.Support(object)鈥濋殣钘忕户鎵跨殑鎴愬憳鈥淎bstractTypeAnnotationScanner<MethodAnnotationScanner>.Support(object)鈥濄€傚鏋滄槸鏈夋剰闅愯棌锛岃浣跨敤鍏抽敭瀛?new銆?[d:\Work\WellTool\src\WellTool.Core\WellTool.Core.csproj::TargetFramework=netstandard2.1]
d:\Work\WellTool\src\WellTool.Core\Annotation\Scanner\MethodAnnotationScanner.cs(70,32): warning CS0108: 鈥淢ethodAnnotationScanner.GetAnnotations(object)鈥濋殣钘忕户鎵跨殑鎴愬憳鈥淎bstractTypeAnnotationScanner<MethodAnnotationScanner>.GetAnnotations(object)鈥濄€傚鏋滄槸鏈夋剰闅愯棌锛岃浣跨敤鍏抽敭瀛?new銆?[d:\Work\WellTool\src\WellTool.Core\WellTool.Core.csproj::TargetFramework=netstandard2.1]
d:\Work\WellTool\src\WellTool.Core\Annotation\Scanner\MethodAnnotationScanner.cs(83,32): warning CS0108: 鈥淢ethodAnnotationScanner.GetAnnotationsIfSupport(object)鈥濋殣钘忕户鎵跨殑鎴愬憳鈥淎bstractTypeAnnotationScanner<MethodAnnotationScanner>.GetAnnotationsIfSupport(object)鈥濄€傚鏋滄槸鏈夋剰闅愯棌锛岃浣跨敤鍏抽敭瀛?new銆?[d:\Work\WellTool\src\WellTool.Core\WellTool.Core.csproj::TargetFramework=netstandard2.1]
d:\Work\WellTool\src\WellTool.Core\Annotation\Scanner\MethodAnnotationScanner.cs(98,21): warning CS0108: 鈥淢ethodAnnotationScanner.ScanIfSupport(Action<int, Attribute>, object, Func<Attribute, bool>)鈥濋殣钘忕户鎵跨殑鎴愬憳鈥淎bstractTypeAnnotationScanner<MethodAnnotationScanner>.ScanIfSupport(Action<int, Attribute>, object, Func<Attribute, bool>)鈥濄€傚鏋滄槸鏈夋剰闅愯棌锛岃浣跨敤鍏抽敭瀛?new銆?[d:\Work\WellTool\src\WellTool.Core\WellTool.Core.csproj::TargetFramework=netstandard2.1]
d:\Work\WellTool\src\WellTool.Core\Annotation\Scanner\TypeAnnotationScanner.cs(38,21): warning CS0108: 鈥淭ypeAnnotationScanner.Support(object)鈥濋殣钘忕户鎵跨殑鎴愬憳鈥淎bstractTypeAnnotationScanner<TypeAnnotationScanner>.Support(object)鈥濄€傚鏋滄槸鏈夋剰闅愯棌锛岃浣跨敤鍏抽敭瀛?new銆?[d:\Work\WellTool\src\WellTool.Core\WellTool.Core.csproj::TargetFramework=netstandard2.1]
d:\Work\WellTool\src\WellTool.Core\Annotation\Scanner\TypeAnnotationScanner.cs(48,32): warning CS0108: 鈥淭ypeAnnotationScanner.GetAnnotations(object)鈥濋殣钘忕户鎵跨殑鎴愬憳鈥淎bstractTypeAnnotationScanner<TypeAnnotationScanner>.GetAnnotations(object)鈥濄€傚鏋滄槸鏈夋剰闅愯棌锛岃浣跨敤鍏抽敭瀛?new銆?[d:\Work\WellTool\src\WellTool.Core\WellTool.Core.csproj::TargetFramework=netstandard2.1]
d:\Work\WellTool\src\WellTool.Core\Annotation\Scanner\TypeAnnotationScanner.cs(61,32): warning CS0108: 鈥淭ypeAnnotationScanner.GetAnnotationsIfSupport(object)鈥濋殣钘忕户鎵跨殑鎴愬憳鈥淎bstractTypeAnnotationScanner<TypeAnnotationScanner>.GetAnnotationsIfSupport(object)鈥濄€傚鏋滄槸鏈夋剰闅愯棌锛岃浣跨敤鍏抽敭瀛?new銆?[d:\Work\WellTool\src\WellTool.Core\WellTool.Core.csproj::TargetFramework=netstandard2.1]
d:\Work\WellTool\src\WellTool.Core\Annotation\Scanner\TypeAnnotationScanner.cs(76,21): warning CS0108: 鈥淭ypeAnnotationScanner.ScanIfSupport(Action<int, Attribute>, object, Func<Attribute, bool>)鈥濋殣钘忕户鎵跨殑鎴愬憳鈥淎bstractTypeAnnotationScanner<TypeAnnotationScanner>.ScanIfSupport(Action<int, Attribute>, object, Func<Attribute, bool>)鈥濄€傚鏋滄槸鏈夋剰闅愯棌锛岃浣跨敤鍏抽敭瀛?new銆?[d:\Work\WellTool\src\WellTool.Core\WellTool.Core.csproj::TargetFramework=netstandard2.1]
d:\Work\WellTool\src\WellTool.Core\Annotation\Scanner\TypeAnnotationScanner.cs(129,47): warning CS0108: 鈥淭ypeAnnotationScanner.JdkProxyClassConverter鈥濋殣钘忕户鎵跨殑鎴愬憳鈥淎bstractTypeAnnotationScanner<TypeAnnotationScanner>.JdkProxyClassConverter鈥濄€傚鏋滄槸鏈夋剰闅愯棌锛岃浣跨敤鍏抽敭瀛?new銆?[d:\Work\WellTool\src\WellTool.Core\WellTool.Core.csproj::TargetFramework=netstandard2.1]
d:\Work\WellTool\src\WellTool.Core\Getter\OptNullBasicTypeFromStringGetter.cs(31,13): warning CS0108: 鈥淥ptNullBasicTypeFromStringGetter<K>.GetObj(K, object?)鈥濋殣钘忕户鎵跨殑鎴愬憳鈥淥ptBasicTypeGetter<K>.GetObj(K, object?)鈥濄€傚鏋滄槸鏈夋剰闅愯棌锛岃浣跨敤鍏抽敭瀛?new銆?[d:\Work\WellTool\src\WellTool.Core\WellTool.Core.csproj::TargetFramework=netstandard2.1]
d:\Work\WellTool\src\WellTool.Core\Getter\OptNullBasicTypeFromStringGetter.cs(39,10): warning CS0108: 鈥淥ptNullBasicTypeFromStringGetter<K>.GetInt(K, int?)鈥濋殣钘忕户鎵跨殑鎴愬憳鈥淥ptBasicTypeGetter<K>.GetInt(K, int?)鈥濄€傚鏋滄槸鏈夋剰闅愯棌锛岃浣跨敤鍏抽敭瀛?new銆?[d:\Work\WellTool\src\WellTool.Core\WellTool.Core.csproj::TargetFramework=netstandard2.1]
d:\Work\WellTool\src\WellTool.Core\Getter\OptNullBasicTypeFromStringGetter.cs(47,12): warning CS0108: 鈥淥ptNullBasicTypeFromStringGetter<K>.GetShort(K, short?)鈥濋殣钘忕户鎵跨殑鎴愬憳鈥淥ptBasicTypeGetter<K>.GetShort(K, short?)鈥濄€傚鏋滄槸鏈夋剰闅愯棌锛岃浣跨敤鍏抽敭瀛?new銆?[d:\Work\WellTool\src\WellTool.Core\WellTool.Core.csproj::TargetFramework=netstandard2.1]
d:\Work\WellTool\src\WellTool.Core\Getter\OptNullBasicTypeFromStringGetter.cs(55,11): warning CS0108: 鈥淥ptNullBasicTypeFromStringGetter<K>.GetBool(K, bool?)鈥濋殣钘忕户鎵跨殑鎴愬憳鈥淥ptBasicTypeGetter<K>.GetBool(K, bool?)鈥濄€傚鏋滄槸鏈夋剰闅愯棌锛岃浣跨敤鍏抽敭瀛?new銆?[d:\Work\WellTool\src\WellTool.Core\WellTool.Core.csproj::TargetFramework=netstandard2.1]
d:\Work\WellTool\src\WellTool.Core\Getter\OptNullBasicTypeFromStringGetter.cs(63,11): warning CS0108: 鈥淥ptNullBasicTypeFromStringGetter<K>.GetLong(K, long?)鈥濋殣钘忕户鎵跨殑鎴愬憳鈥淥ptBasicTypeGetter<K>.GetLong(K, long?)鈥濄€傚鏋滄槸鏈夋剰闅愯棌锛岃浣跨敤鍏抽敭瀛?new銆?[d:\Work\WellTool\src\WellTool.Core\WellTool.Core.csproj::TargetFramework=netstandard2.1]
d:\Work\WellTool\src\WellTool.Core\Getter\OptNullBasicTypeFromStringGetter.cs(71,11): warning CS0108: 鈥淥ptNullBasicTypeFromStringGetter<K>.GetChar(K, char?)鈥濋殣钘忕户鎵跨殑鎴愬憳鈥淥ptBasicTypeGetter<K>.GetChar(K, char?)鈥濄€傚鏋滄槸鏈夋剰闅愯棌锛岃浣跨敤鍏抽敭瀛?new銆?[d:\Work\WellTool\src\WellTool.Core\WellTool.Core.csproj::TargetFramework=netstandard2.1]
d:\Work\WellTool\src\WellTool.Core\Getter\OptNullBasicTypeFromStringGetter.cs(79,12): warning CS0108: 鈥淥ptNullBasicTypeFromStringGetter<K>.GetFloat(K, float?)鈥濋殣钘忕户鎵跨殑鎴愬憳鈥淥ptBasicTypeGetter<K>.GetFloat(K, float?)鈥濄€傚鏋滄槸鏈夋剰闅愯棌锛岃浣跨敤鍏抽敭瀛?new銆?[d:\Work\WellTool\src\WellTool.Core\WellTool.Core.csproj::TargetFramework=netstandard2.1]
d:\Work\WellTool\src\WellTool.Core\Getter\OptNullBasicTypeFromStringGetter.cs(87,13): warning CS0108: 鈥淥ptNullBasicTypeFromStringGetter<K>.GetDouble(K, double?)鈥濋殣钘忕户鎵跨殑鎴愬憳鈥淥ptBasicTypeGetter<K>.GetDouble(K, double?)鈥濄€傚鏋滄槸鏈夋剰闅愯棌锛岃浣跨敤鍏抽敭瀛?new銆?[d:\Work\WellTool\src\WellTool.Core\WellTool.Core.csproj::TargetFramework=netstandard2.1]
d:\Work\WellTool\src\WellTool.Core\Getter\OptNullBasicTypeFromStringGetter.cs(95,11): warning CS0108: 鈥淥ptNullBasicTypeFromStringGetter<K>.GetByte(K, byte?)鈥濋殣钘忕户鎵跨殑鎴愬憳鈥淥ptBasicTypeGetter<K>.GetByte(K, byte?)鈥濄€傚鏋滄槸鏈夋剰闅愯棌锛岃浣跨敤鍏抽敭瀛?new銆?[d:\Work\WellTool\src\WellTool.Core\WellTool.Core.csproj::TargetFramework=netstandard2.1]
d:\Work\WellTool\src\WellTool.Core\Getter\OptNullBasicTypeFromStringGetter.cs(103,14): warning CS0108: 鈥淥ptNullBasicTypeFromStringGetter<K>.GetBigDecimal(K, decimal?)鈥濋殣钘忕户鎵跨殑鎴愬憳鈥淥ptBasicTypeGetter<K>.GetBigDecimal(K, decimal?)鈥濄€傚鏋滄槸鏈夋剰闅愯棌锛岃浣跨敤鍏抽敭瀛?new銆?[d:\Work\WellTool\src\WellTool.Core\WellTool.Core.csproj::TargetFramework=netstandard2.1]
d:\Work\WellTool\src\WellTool.Core\Getter\OptNullBasicTypeFromStringGetter.cs(111,17): warning CS0108: 鈥淥ptNullBasicTypeFromStringGetter<K>.GetBigInteger(K, BigInteger?)鈥濋殣钘忕户鎵跨殑鎴愬憳鈥淥ptBasicTypeGetter<K>.GetBigInteger(K, BigInteger?)鈥濄€傚鏋滄槸鏈夋剰闅愯棌锛岃浣跨敤鍏抽敭瀛?new銆?[d:\Work\WellTool\src\WellTool.Core\WellTool.Core.csproj::TargetFramework=netstandard2.1]
d:\Work\WellTool\src\WellTool.Core\Getter\OptNullBasicTypeFromStringGetter.cs(121,8): warning CS0108: 鈥淥ptNullBasicTypeFromStringGetter<K>.GetEnum<E>(Type, K, E?)鈥濋殣钘忕户鎵跨殑鎴愬憳鈥淥ptBasicTypeGetter<K>.GetEnum<E>(Type, K, E?)鈥濄€傚鏋滄槸鏈夋剰闅愯棌锛岃浣跨敤鍏抽敭瀛?new銆?[d:\Work\WellTool\src\WellTool.Core\WellTool.Core.csproj::TargetFramework=netstandard2.1]
d:\Work\WellTool\src\WellTool.Core\Getter\OptNullBasicTypeFromStringGetter.cs(129,15): warning CS0108: 鈥淥ptNullBasicTypeFromStringGetter<K>.GetDate(K, DateTime?)鈥濋殣钘忕户鎵跨殑鎴愬憳鈥淥ptBasicTypeGetter<K>.GetDate(K, DateTime?)鈥濄€傚鏋滄槸鏈夋剰闅愯棌锛岃浣跨敤鍏抽敭瀛?new銆?[d:\Work\WellTool\src\WellTool.Core\WellTool.Core.csproj::TargetFramework=netstandard2.1]
d:\Work\WellTool\src\WellTool.Core\Date\TimeZoneUtil.cs(55,83): warning CS8625: 鏃犳硶灏?null 瀛楅潰閲忚浆鎹负闈?null 鐨勫紩鐢ㄧ被鍨嬨€?[d:\Work\WellTool\src\WellTool.Core\WellTool.Core.csproj::TargetFramework=netstandard2.1]
d:\Work\WellTool\src\WellTool.Core\Date\Format\AbstractDateBasic.cs(54,9): warning CS0618: 鈥淭imeZone鈥濆凡杩囨椂:鈥淪ystem.TimeZone has been deprecated.  Please investigate the use of System.TimeZoneInfo instead.鈥?[d:\Work\WellTool\src\WellTool.Core\WellTool.Core.csproj::TargetFramework=netstandard2.1]
d:\Work\WellTool\src\WellTool.Core\Date\TimeZoneUtil.cs(67,88): warning CS8625: 鏃犳硶灏?null 瀛楅潰閲忚浆鎹负闈?null 鐨勫紩鐢ㄧ被鍨嬨€?[d:\Work\WellTool\src\WellTool.Core\WellTool.Core.csproj::TargetFramework=netstandard2.1]
d:\Work\WellTool\src\WellTool.Core\Date\Format\DateBasic.cs(21,2): warning CS0618: 鈥淭imeZone鈥濆凡杩囨椂:鈥淪ystem.TimeZone has been deprecated.  Please investigate the use of System.TimeZoneInfo instead.鈥?[d:\Work\WellTool\src\WellTool.Core\WellTool.Core.csproj::TargetFramework=netstandard2.1]
d:\Work\WellTool\src\WellTool.Core\Date\Format\AbstractDateBasic.cs(24,21): warning CS0618: 鈥淭imeZone鈥濆凡杩囨椂:鈥淪ystem.TimeZone has been deprecated.  Please investigate the use of System.TimeZoneInfo instead.鈥?[d:\Work\WellTool\src\WellTool.Core\WellTool.Core.csproj::TargetFramework=netstandard2.1]
d:\Work\WellTool\src\WellTool.Core\Date\Format\AbstractDateBasic.cs(37,46): warning CS0618: 鈥淭imeZone鈥濆凡杩囨椂:鈥淪ystem.TimeZone has been deprecated.  Please investigate the use of System.TimeZoneInfo instead.鈥?[d:\Work\WellTool\src\WellTool.Core\WellTool.Core.csproj::TargetFramework=netstandard2.1]
d:\Work\WellTool\src\WellTool.Core\Date\Format\FastDateFormat.cs(74,59): warning CS0618: 鈥淭imeZone鈥濆凡杩囨椂:鈥淪ystem.TimeZone has been deprecated.  Please investigate the use of System.TimeZoneInfo instead.鈥?[d:\Work\WellTool\src\WellTool.Core\WellTool.Core.csproj::TargetFramework=netstandard2.1]
d:\Work\WellTool\src\WellTool.Core\Date\Format\FastDateFormat.cs(97,59): warning CS0618: 鈥淭imeZone鈥濆凡杩囨椂:鈥淪ystem.TimeZone has been deprecated.  Please investigate the use of System.TimeZoneInfo instead.鈥?[d:\Work\WellTool\src\WellTool.Core\WellTool.Core.csproj::TargetFramework=netstandard2.1]
d:\Work\WellTool\src\WellTool.Core\Date\Format\FastDateFormat.cs(129,58): warning CS0618: 鈥淭imeZone鈥濆凡杩囨椂:鈥淪ystem.TimeZone has been deprecated.  Please investigate the use of System.TimeZoneInfo instead.鈥?[d:\Work\WellTool\src\WellTool.Core\WellTool.Core.csproj::TargetFramework=netstandard2.1]
d:\Work\WellTool\src\WellTool.Core\Date\Format\FastDateFormat.cs(141,58): warning CS0618: 鈥淭imeZone鈥濆凡杩囨椂:鈥淪ystem.TimeZone has been deprecated.  Please investigate the use of System.TimeZoneInfo instead.鈥?[d:\Work\WellTool\src\WellTool.Core\WellTool.Core.csproj::TargetFramework=netstandard2.1]
d:\Work\WellTool\src\WellTool.Core\Date\Format\FastDateFormat.cs(173,58): warning CS0618: 鈥淭imeZone鈥濆凡杩囨椂:鈥淪ystem.TimeZone has been deprecated.  Please investigate the use of System.TimeZoneInfo instead.鈥?[d:\Work\WellTool\src\WellTool.Core\WellTool.Core.csproj::TargetFramework=netstandard2.1]
d:\Work\WellTool\src\WellTool.Core\Date\Format\FastDateFormat.cs(185,58): warning CS0618: 鈥淭imeZone鈥濆凡杩囨椂:鈥淪ystem.TimeZone has been deprecated.  Please investigate the use of System.TimeZoneInfo instead.鈥?[d:\Work\WellTool\src\WellTool.Core\WellTool.Core.csproj::TargetFramework=netstandard2.1]
d:\Work\WellTool\src\WellTool.Core\Date\Format\FastDateFormat.cs(220,81): warning CS0618: 鈥淭imeZone鈥濆凡杩囨椂:鈥淪ystem.TimeZone has been deprecated.  Please investigate the use of System.TimeZoneInfo instead.鈥?[d:\Work\WellTool\src\WellTool.Core\WellTool.Core.csproj::TargetFramework=netstandard2.1]
d:\Work\WellTool\src\WellTool.Core\Date\Format\FastDateFormat.cs(233,81): warning CS0618: 鈥淭imeZone鈥濆凡杩囨椂:鈥淪ystem.TimeZone has been deprecated.  Please investigate the use of System.TimeZoneInfo instead.鈥?[d:\Work\WellTool\src\WellTool.Core\WellTool.Core.csproj::TargetFramework=netstandard2.1]
d:\Work\WellTool\src\WellTool.Core\Date\Format\FastDateFormat.cs(399,9): warning CS0618: 鈥淭imeZone鈥濆凡杩囨椂:鈥淪ystem.TimeZone has been deprecated.  Please investigate the use of System.TimeZoneInfo instead.鈥?[d:\Work\WellTool\src\WellTool.Core\WellTool.Core.csproj::TargetFramework=netstandard2.1]
d:\Work\WellTool\src\WellTool.Core\Date\Format\FastDateFormat.cs(394,16): warning CS0108: 鈥淔astDateFormat.GetPattern()鈥濋殣钘忕户鎵跨殑鎴愬憳鈥淎bstractDateBasic.GetPattern()鈥濄€傚鏋滄槸鏈夋剰闅愯棌锛岃浣跨敤鍏抽敭瀛?new銆?[d:\Work\WellTool\src\WellTool.Core\WellTool.Core.csproj::TargetFramework=netstandard2.1]
d:\Work\WellTool\src\WellTool.Core\Date\Format\FastDateFormat.cs(399,24): warning CS0108: 鈥淔astDateFormat.GetTimeZone()鈥濋殣钘忕户鎵跨殑鎴愬憳鈥淎bstractDateBasic.GetTimeZone()鈥濄€傚鏋滄槸鏈夋剰闅愯棌锛岃浣跨敤鍏抽敭瀛?new銆?[d:\Work\WellTool\src\WellTool.Core\WellTool.Core.csproj::TargetFramework=netstandard2.1]
d:\Work\WellTool\src\WellTool.Core\Date\Format\FastDateFormat.cs(404,21): warning CS0108: 鈥淔astDateFormat.GetLocale()鈥濋殣钘忕户鎵跨殑鎴愬憳鈥淎bstractDateBasic.GetLocale()鈥濄€傚鏋滄槸鏈夋剰闅愯棌锛岃浣跨敤鍏抽敭瀛?new銆?[d:\Work\WellTool\src\WellTool.Core\WellTool.Core.csproj::TargetFramework=netstandard2.1]
d:\Work\WellTool\src\WellTool.Core\Date\Format\FastDateFormat.cs(244,46): warning CS0618: 鈥淭imeZone鈥濆凡杩囨椂:鈥淪ystem.TimeZone has been deprecated.  Please investigate the use of System.TimeZoneInfo instead.鈥?[d:\Work\WellTool\src\WellTool.Core\WellTool.Core.csproj::TargetFramework=netstandard2.1]
d:\Work\WellTool\src\WellTool.Core\Thread\AsyncUtil.cs(165,89): warning CS8601: 鍙兘鐨?null 寮曠敤璧嬪€笺€?[d:\Work\WellTool\src\WellTool.Core\WellTool.Core.csproj::TargetFramework=netstandard2.1]
d:\Work\WellTool\src\WellTool.Core\Date\Format\FormatCache.cs(24,54): warning CS0618: 鈥淭imeZone鈥濆凡杩囨椂:鈥淪ystem.TimeZone has been deprecated.  Please investigate the use of System.TimeZoneInfo instead.鈥?[d:\Work\WellTool\src\WellTool.Core\WellTool.Core.csproj::TargetFramework=netstandard2.1]
d:\Work\WellTool\src\WellTool.Core\Date\Format\FastDateFormat.cs(40,68): warning CS0618: 鈥淭imeZone鈥濆凡杩囨椂:鈥淪ystem.TimeZone has been deprecated.  Please investigate the use of System.TimeZoneInfo instead.鈥?[d:\Work\WellTool\src\WellTool.Core\WellTool.Core.csproj::TargetFramework=netstandard2.1]
d:\Work\WellTool\src\WellTool.Core\Date\Format\FastDateParser.cs(36,40): warning CS0618: 鈥淭imeZone鈥濆凡杩囨椂:鈥淪ystem.TimeZone has been deprecated.  Please investigate the use of System.TimeZoneInfo instead.鈥?[d:\Work\WellTool\src\WellTool.Core\WellTool.Core.csproj::TargetFramework=netstandard2.1]
d:\Work\WellTool\src\WellTool.Core\Text\CharPool.cs(160,23): warning CS0108: 鈥淐harPool.Equals鈥濋殣钘忕户鎵跨殑鎴愬憳鈥渙bject.Equals(object)鈥濄€傚鏋滄槸鏈夋剰闅愯棌锛岃浣跨敤鍏抽敭瀛?new銆?[d:\Work\WellTool\src\WellTool.Core\WellTool.Core.csproj::TargetFramework=netstandard2.1]
d:\Work\WellTool\src\WellTool.Core\Date\Format\FastDatePrinter.cs(33,41): warning CS0618: 鈥淭imeZone鈥濆凡杩囨椂:鈥淪ystem.TimeZone has been deprecated.  Please investigate the use of System.TimeZoneInfo instead.鈥?[d:\Work\WellTool\src\WellTool.Core\WellTool.Core.csproj::TargetFramework=netstandard2.1]
d:\Work\WellTool\src\WellTool.Core\Date\Format\FastDatePrinter.cs(383,20): warning CS0618: 鈥淭imeZone鈥濆凡杩囨椂:鈥淪ystem.TimeZone has been deprecated.  Please investigate the use of System.TimeZoneInfo instead.鈥?[d:\Work\WellTool\src\WellTool.Core\WellTool.Core.csproj::TargetFramework=netstandard2.1]
d:\Work\WellTool\src\WellTool.Core\Date\Format\FastDatePrinter.cs(385,23): warning CS0618: 鈥淭imeZone鈥濆凡杩囨椂:鈥淪ystem.TimeZone has been deprecated.  Please investigate the use of System.TimeZoneInfo instead.鈥?[d:\Work\WellTool\src\WellTool.Core\WellTool.Core.csproj::TargetFramework=netstandard2.1]
d:\Work\WellTool\src\WellTool.Core\Date\Format\FormatCache.cs(51,39): warning CS0618: 鈥淭imeZone鈥濆凡杩囨椂:鈥淪ystem.TimeZone has been deprecated.  Please investigate the use of System.TimeZoneInfo instead.鈥?[d:\Work\WellTool\src\WellTool.Core\WellTool.Core.csproj::TargetFramework=netstandard2.1]
d:\Work\WellTool\src\WellTool.Core\Date\Format\FormatCache.cs(74,39): warning CS0618: 鈥淭imeZone鈥濆凡杩囨椂:鈥淪ystem.TimeZone has been deprecated.  Please investigate the use of System.TimeZoneInfo instead.鈥?[d:\Work\WellTool\src\WellTool.Core\WellTool.Core.csproj::TargetFramework=netstandard2.1]
d:\Work\WellTool\src\WellTool.Core\Date\Format\FormatCache.cs(110,38): warning CS0618: 鈥淭imeZone鈥濆凡杩囨椂:鈥淪ystem.TimeZone has been deprecated.  Please investigate the use of System.TimeZoneInfo instead.鈥?[d:\Work\WellTool\src\WellTool.Core\WellTool.Core.csproj::TargetFramework=netstandard2.1]
d:\Work\WellTool\src\WellTool.Core\Date\Format\FormatCache.cs(122,38): warning CS0618: 鈥淭imeZone鈥濆凡杩囨椂:鈥淪ystem.TimeZone has been deprecated.  Please investigate the use of System.TimeZoneInfo instead.鈥?[d:\Work\WellTool\src\WellTool.Core\WellTool.Core.csproj::TargetFramework=netstandard2.1]
d:\Work\WellTool\src\WellTool.Core\Date\Format\FormatCache.cs(154,38): warning CS0618: 鈥淭imeZone鈥濆凡杩囨椂:鈥淪ystem.TimeZone has been deprecated.  Please investigate the use of System.TimeZoneInfo instead.鈥?[d:\Work\WellTool\src\WellTool.Core\WellTool.Core.csproj::TargetFramework=netstandard2.1]
d:\Work\WellTool\src\WellTool.Core\Date\Format\FormatCache.cs(166,38): warning CS0618: 鈥淭imeZone鈥濆凡杩囨椂:鈥淪ystem.TimeZone has been deprecated.  Please investigate the use of System.TimeZoneInfo instead.鈥?[d:\Work\WellTool\src\WellTool.Core\WellTool.Core.csproj::TargetFramework=netstandard2.1]
d:\Work\WellTool\src\WellTool.Core\Date\Format\FormatCache.cs(201,61): warning CS0618: 鈥淭imeZone鈥濆凡杩囨椂:鈥淪ystem.TimeZone has been deprecated.  Please investigate the use of System.TimeZoneInfo instead.鈥?[d:\Work\WellTool\src\WellTool.Core\WellTool.Core.csproj::TargetFramework=netstandard2.1]
d:\Work\WellTool\src\WellTool.Core\Date\Format\FormatCache.cs(214,61): warning CS0618: 鈥淭imeZone鈥濆凡杩囨椂:鈥淪ystem.TimeZone has been deprecated.  Please investigate the use of System.TimeZoneInfo instead.鈥?[d:\Work\WellTool\src\WellTool.Core\WellTool.Core.csproj::TargetFramework=netstandard2.1]
d:\Work\WellTool\src\WellTool.Core\Text\Csv\CsvReader.cs(20,64): warning CS8625: 鏃犳硶灏?null 瀛楅潰閲忚浆鎹负闈?null 鐨勫紩鐢ㄧ被鍨嬨€?[d:\Work\WellTool\src\WellTool.Core\WellTool.Core.csproj::TargetFramework=netstandard2.1]
d:\Work\WellTool\src\WellTool.Core\Thread\Lock\SegmentLock.cs(119,45): warning CS0693: 绫诲瀷鍙傛暟鈥淟鈥濅笌澶栭儴绫诲瀷鈥淪egmentLock<L>鈥濅腑鐨勭被鍨嬪弬鏁板悓鍚?[d:\Work\WellTool\src\WellTool.Core\WellTool.Core.csproj::TargetFramework=netstandard2.1]
d:\Work\WellTool\src\WellTool.Core\Thread\Lock\SegmentLock.cs(127,54): warning CS0693: 绫诲瀷鍙傛暟鈥淟鈥濅笌澶栭儴绫诲瀷鈥淪egmentLock<L>鈥濅腑鐨勭被鍨嬪弬鏁板悓鍚?[d:\Work\WellTool\src\WellTool.Core\WellTool.Core.csproj::TargetFramework=netstandard2.1]
d:\Work\WellTool\src\WellTool.Core\Thread\Lock\SegmentLock.cs(181,42): warning CS0693: 绫诲瀷鍙傛暟鈥淟鈥濅笌澶栭儴绫诲瀷鈥淪egmentLock<L>鈥濅腑鐨勭被鍨嬪弬鏁板悓鍚?[d:\Work\WellTool\src\WellTool.Core\WellTool.Core.csproj::TargetFramework=netstandard2.1]
d:\Work\WellTool\src\WellTool.Core\Text\Csv\CsvWriter.cs(19,64): warning CS8625: 鏃犳硶灏?null 瀛楅潰閲忚浆鎹负闈?null 鐨勫紩鐢ㄧ被鍨嬨€?[d:\Work\WellTool\src\WellTool.Core\WellTool.Core.csproj::TargetFramework=netstandard2.1]
d:\Work\WellTool\src\WellTool.Core\Thread\Lock\SegmentLock.cs(218,44): warning CS0693: 绫诲瀷鍙傛暟鈥淟鈥濅笌澶栭儴绫诲瀷鈥淪egmentLock<L>鈥濅腑鐨勭被鍨嬪弬鏁板悓鍚?[d:\Work\WellTool\src\WellTool.Core\WellTool.Core.csproj::TargetFramework=netstandard2.1]
d:\Work\WellTool\src\WellTool.Core\Thread\Lock\SegmentLock.cs(253,44): warning CS0693: 绫诲瀷鍙傛暟鈥淟鈥濅笌澶栭儴绫诲瀷鈥淪egmentLock<L>鈥濅腑鐨勭被鍨嬪弬鏁板悓鍚?[d:\Work\WellTool\src\WellTool.Core\WellTool.Core.csproj::TargetFramework=netstandard2.1]
d:\Work\WellTool\src\WellTool.Core\Lang\ClassScanner.cs(27,82): warning CS8625: 鏃犳硶灏?null 瀛楅潰閲忚浆鎹负闈?null 鐨勫紩鐢ㄧ被鍨嬨€?[d:\Work\WellTool\src\WellTool.Core\WellTool.Core.csproj::TargetFramework=netstandard2.1]
d:\Work\WellTool\src\WellTool.Core\IO\FileUtil.cs(29,78): warning CS8625: 鏃犳硶灏?null 瀛楅潰閲忚浆鎹负闈?null 鐨勫紩鐢ㄧ被鍨嬨€?[d:\Work\WellTool\src\WellTool.Core\WellTool.Core.csproj::TargetFramework=netstandard2.1]
d:\Work\WellTool\src\WellTool.Core\IO\FileUtil.cs(51,89): warning CS8625: 鏃犳硶灏?null 瀛楅潰閲忚浆鎹负闈?null 鐨勫紩鐢ㄧ被鍨嬨€?[d:\Work\WellTool\src\WellTool.Core\WellTool.Core.csproj::TargetFramework=netstandard2.1]
d:\Work\WellTool\src\WellTool.Core\IO\FileUtil.cs(63,90): warning CS8625: 鏃犳硶灏?null 瀛楅潰閲忚浆鎹负闈?null 鐨勫紩鐢ㄧ被鍨嬨€?[d:\Work\WellTool\src\WellTool.Core\WellTool.Core.csproj::TargetFramework=netstandard2.1]
d:\Work\WellTool\src\WellTool.Core\IO\IoUtil.cs(37,76): warning CS8625: 鏃犳硶灏?null 瀛楅潰閲忚浆鎹负闈?null 鐨勫紩鐢ㄧ被鍨嬨€?[d:\Work\WellTool\src\WellTool.Core\WellTool.Core.csproj::TargetFramework=netstandard2.1]
d:\Work\WellTool\src\WellTool.Core\IO\IoUtil.cs(62,87): warning CS8625: 鏃犳硶灏?null 瀛楅潰閲忚浆鎹负闈?null 鐨勫紩鐢ㄧ被鍨嬨€?[d:\Work\WellTool\src\WellTool.Core\WellTool.Core.csproj::TargetFramework=netstandard2.1]
d:\Work\WellTool\src\WellTool.Core\Lang\Dict.cs(213,18): warning CS0109: 鎴愬憳鈥淒ict.ContainsKey(object)鈥濅笉浼氶殣钘忓彲璁块棶鎴愬憳銆備笉闇€瑕佸叧閿瓧 new銆?[d:\Work\WellTool\src\WellTool.Core\WellTool.Core.csproj::TargetFramework=netstandard2.1]
d:\Work\WellTool\src\WellTool.Core\IO\NullOutputStream.cs(27,49): warning CS0108: 鈥淣ullOutputStream.Null鈥濋殣钘忕户鎵跨殑鎴愬憳鈥淪tream.Null鈥濄€傚鏋滄槸鏈夋剰闅愯棌锛岃浣跨敤鍏抽敭瀛?new銆?[d:\Work\WellTool\src\WellTool.Core\WellTool.Core.csproj::TargetFramework=netstandard2.1]
d:\Work\WellTool\src\WellTool.Core\Text\StrBuilder.cs(100,51): warning CS8625: 鏃犳硶灏?null 瀛楅潰閲忚浆鎹负闈?null 鐨勫紩鐢ㄧ被鍨嬨€?[d:\Work\WellTool\src\WellTool.Core\WellTool.Core.csproj::TargetFramework=netstandard2.1]
d:\Work\WellTool\src\WellTool.Core\Text\StrPool.cs(165,25): warning CS0108: 鈥淪trPool.Equals鈥濋殣钘忕户鎵跨殑鎴愬憳鈥渙bject.Equals(object)鈥濄€傚鏋滄槸鏈夋剰闅愯棌锛岃浣跨敤鍏抽敭瀛?new銆?[d:\Work\WellTool\src\WellTool.Core\WellTool.Core.csproj::TargetFramework=netstandard2.1]
d:\Work\WellTool\src\WellTool.Core\Collection\RandomAccessAvgPartition.cs(24,17): warning CS0108: 鈥淩andomAccessAvgPartition<T>.IsReadOnly鈥濋殣钘忕户鎵跨殑鎴愬憳鈥淧artition<T>.IsReadOnly鈥濄€傚鏋滄槸鏈夋剰闅愯棌锛岃浣跨敤鍏抽敭瀛?new銆?[d:\Work\WellTool\src\WellTool.Core\WellTool.Core.csproj::TargetFramework=netstandard2.1]
d:\Work\WellTool\src\WellTool.Core\Collection\RandomAccessAvgPartition.cs(25,19): warning CS0108: 鈥淩andomAccessAvgPartition<T>.this[int]鈥濋殣钘忕户鎵跨殑鎴愬憳鈥淧artition<T>.this[int]鈥濄€傚鏋滄槸鏈夋剰闅愯棌锛岃浣跨敤鍏抽敭瀛?new銆?[d:\Work\WellTool\src\WellTool.Core\WellTool.Core.csproj::TargetFramework=netstandard2.1]
d:\Work\WellTool\src\WellTool.Core\Collection\RandomAccessAvgPartition.cs(27,24): warning CS0108: 鈥淩andomAccessAvgPartition<T>.GetEnumerator()鈥濋殣钘忕户鎵跨殑鎴愬憳鈥淧artition<T>.GetEnumerator()鈥濄€傚鏋滄槸鏈夋剰闅愯棌锛岃浣跨敤鍏抽敭瀛?new銆?[d:\Work\WellTool\src\WellTool.Core\WellTool.Core.csproj::TargetFramework=netstandard2.1]
d:\Work\WellTool\src\WellTool.Core\Collection\RandomAccessAvgPartition.cs(29,17): warning CS0108: 鈥淩andomAccessAvgPartition<T>.Clear()鈥濋殣钘忕户鎵跨殑鎴愬憳鈥淧artition<T>.Clear()鈥濄€傚鏋滄槸鏈夋剰闅愯棌锛岃浣跨敤鍏抽敭瀛?new銆?[d:\Work\WellTool\src\WellTool.Core\WellTool.Core.csproj::TargetFramework=netstandard2.1]
d:\Work\WellTool\src\WellTool.Core\Collection\RandomAccessAvgPartition.cs(34,17): warning CS0108: 鈥淩andomAccessAvgPartition<T>.RemoveAt(int)鈥濋殣钘忕户鎵跨殑鎴愬憳鈥淧artition<T>.RemoveAt(int)鈥濄€傚鏋滄槸鏈夋剰闅愯棌锛岃浣跨敤鍏抽敭瀛?new銆?[d:\Work\WellTool\src\WellTool.Core\WellTool.Core.csproj::TargetFramework=netstandard2.1]
d:\Work\WellTool\src\WellTool.Core\Collection\RandomAccessAvgPartition.cs(39,16): warning CS0108: 鈥淩andomAccessAvgPartition<T>.Count鈥濋殣钘忕户鎵跨殑鎴愬憳鈥淧artition<T>.Count鈥濄€傚鏋滄槸鏈夋剰闅愯棌锛岃浣跨敤鍏抽敭瀛?new銆?[d:\Work\WellTool\src\WellTool.Core\WellTool.Core.csproj::TargetFramework=netstandard2.1]
d:\Work\WellTool\src\WellTool.Core\Map\ForestMap.cs(77,55): warning CS8601: 鍙兘鐨?null 寮曠敤璧嬪€笺€?[d:\Work\WellTool\src\WellTool.Core\WellTool.Core.csproj::TargetFramework=netstandard2.1]
d:\Work\WellTool\src\WellTool.Core\Collection\RandomAccessPartition.cs(24,17): warning CS0108: 鈥淩andomAccessPartition<T>.IsReadOnly鈥濋殣钘忕户鎵跨殑鎴愬憳鈥淧artition<T>.IsReadOnly鈥濄€傚鏋滄槸鏈夋剰闅愯棌锛岃浣跨敤鍏抽敭瀛?new銆?[d:\Work\WellTool\src\WellTool.Core\WellTool.Core.csproj::TargetFramework=netstandard2.1]
d:\Work\WellTool\src\WellTool.Core\Collection\RandomAccessPartition.cs(25,19): warning CS0108: 鈥淩andomAccessPartition<T>.this[int]鈥濋殣钘忕户鎵跨殑鎴愬憳鈥淧artition<T>.this[int]鈥濄€傚鏋滄槸鏈夋剰闅愯棌锛岃浣跨敤鍏抽敭瀛?new銆?[d:\Work\WellTool\src\WellTool.Core\WellTool.Core.csproj::TargetFramework=netstandard2.1]
d:\Work\WellTool\src\WellTool.Core\Collection\RandomAccessPartition.cs(27,24): warning CS0108: 鈥淩andomAccessPartition<T>.GetEnumerator()鈥濋殣钘忕户鎵跨殑鎴愬憳鈥淧artition<T>.GetEnumerator()鈥濄€傚鏋滄槸鏈夋剰闅愯棌锛岃浣跨敤鍏抽敭瀛?new銆?[d:\Work\WellTool\src\WellTool.Core\WellTool.Core.csproj::TargetFramework=netstandard2.1]
d:\Work\WellTool\src\WellTool.Core\Collection\RandomAccessPartition.cs(29,17): warning CS0108: 鈥淩andomAccessPartition<T>.Clear()鈥濋殣钘忕户鎵跨殑鎴愬憳鈥淧artition<T>.Clear()鈥濄€傚鏋滄槸鏈夋剰闅愯棌锛岃浣跨敤鍏抽敭瀛?new銆?[d:\Work\WellTool\src\WellTool.Core\WellTool.Core.csproj::TargetFramework=netstandard2.1]
d:\Work\WellTool\src\WellTool.Core\Collection\RandomAccessPartition.cs(34,17): warning CS0108: 鈥淩andomAccessPartition<T>.RemoveAt(int)鈥濋殣钘忕户鎵跨殑鎴愬憳鈥淧artition<T>.RemoveAt(int)鈥濄€傚鏋滄槸鏈夋剰闅愯棌锛岃浣跨敤鍏抽敭瀛?new銆?[d:\Work\WellTool\src\WellTool.Core\WellTool.Core.csproj::TargetFramework=netstandard2.1]
d:\Work\WellTool\src\WellTool.Core\Text\Csv\CsvUtil.cs(36,74): warning CS8625: 鏃犳硶灏?null 瀛楅潰閲忚浆鎹负闈?null 鐨勫紩鐢ㄧ被鍨嬨€?[d:\Work\WellTool\src\WellTool.Core\WellTool.Core.csproj::TargetFramework=netstandard2.1]
d:\Work\WellTool\src\WellTool.Core\Text\Csv\CsvUtil.cs(92,92): warning CS8625: 鏃犳硶灏?null 瀛楅潰閲忚浆鎹负闈?null 鐨勫紩鐢ㄧ被鍨嬨€?[d:\Work\WellTool\src\WellTool.Core\WellTool.Core.csproj::TargetFramework=netstandard2.1]
d:\Work\WellTool\src\WellTool.Core\Lang\Ref\Reference.cs(62,92): warning CS8625: 鏃犳硶灏?null 瀛楅潰閲忚浆鎹负闈?null 鐨勫紩鐢ㄧ被鍨嬨€?[d:\Work\WellTool\src\WellTool.Core\WellTool.Core.csproj::TargetFramework=netstandard2.1]
d:\Work\WellTool\src\WellTool.Core\Lang\Pair.cs(61,46): warning CS8601: 鍙兘鐨?null 寮曠敤璧嬪€笺€?[d:\Work\WellTool\src\WellTool.Core\WellTool.Core.csproj::TargetFramework=netstandard2.1]
d:\Work\WellTool\src\WellTool.Core\IO\File\PathUtil.cs(46,95): warning CS8625: 鏃犳硶灏?null 瀛楅潰閲忚浆鎹负闈?null 鐨勫紩鐢ㄧ被鍨嬨€?[d:\Work\WellTool\src\WellTool.Core\WellTool.Core.csproj::TargetFramework=netstandard2.1]
d:\Work\WellTool\src\WellTool.Core\IO\File\PathUtil.cs(59,109): warning CS8625: 鏃犳硶灏?null 瀛楅潰閲忚浆鎹负闈?null 鐨勫紩鐢ㄧ被鍨嬨€?[d:\Work\WellTool\src\WellTool.Core\WellTool.Core.csproj::TargetFramework=netstandard2.1]
d:\Work\WellTool\src\WellTool.Core\IO\File\PathUtil.cs(73,129): warning CS8625: 鏃犳硶灏?null 瀛楅潰閲忚浆鎹负闈?null 鐨勫紩鐢ㄧ被鍨嬨€?[d:\Work\WellTool\src\WellTool.Core\WellTool.Core.csproj::TargetFramework=netstandard2.1]
d:\Work\WellTool\src\WellTool.Core\IO\File\PathUtil.cs(781,76): warning CS8625: 鏃犳硶灏?null 瀛楅潰閲忚浆鎹负闈?null 鐨勫紩鐢ㄧ被鍨嬨€?[d:\Work\WellTool\src\WellTool.Core\WellTool.Core.csproj::TargetFramework=netstandard2.1]
d:\Work\WellTool\src\WellTool.Core\IO\File\PathUtil.cs(781,95): warning CS8625: 鏃犳硶灏?null 瀛楅潰閲忚浆鎹负闈?null 鐨勫紩鐢ㄧ被鍨嬨€?[d:\Work\WellTool\src\WellTool.Core\WellTool.Core.csproj::TargetFramework=netstandard2.1]
d:\Work\WellTool\src\WellTool.Core\Lang\Func\Func.cs(416,85): warning CS8601: 鍙兘鐨?null 寮曠敤璧嬪€笺€?[d:\Work\WellTool\src\WellTool.Core\WellTool.Core.csproj::TargetFramework=netstandard2.1]
d:\Work\WellTool\src\WellTool.Core\Map\LinkedForestMap.cs(98,68): warning CS8625: 鏃犳硶灏?null 瀛楅潰閲忚浆鎹负闈?null 鐨勫紩鐢ㄧ被鍨嬨€?[d:\Work\WellTool\src\WellTool.Core\WellTool.Core.csproj::TargetFramework=netstandard2.1]
d:\Work\WellTool\src\WellTool.Core\Map\LinkedForestMap.cs(105,68): warning CS8625: 鏃犳硶灏?null 瀛楅潰閲忚浆鎹负闈?null 鐨勫紩鐢ㄧ被鍨嬨€?[d:\Work\WellTool\src\WellTool.Core\WellTool.Core.csproj::TargetFramework=netstandard2.1]
d:\Work\WellTool\src\WellTool.Core\Map\MapBuilder.cs(181,40): warning CS8714: 绫诲瀷鈥淜鈥濅笉鑳界敤浣滄硾鍨嬬被鍨嬫垨鏂规硶鈥淢apBuilder<K, V>鈥濅腑鐨勭被鍨嬪弬鏁扳€淜鈥濄€傜被鍨嬪弬鏁扳€淜鈥濈殑涓?Null 鎬т笌 "notnull" 绾︽潫涓嶅尮閰嶃€?[d:\Work\WellTool\src\WellTool.Core\WellTool.Core.csproj::TargetFramework=netstandard2.1]
d:\Work\WellTool\src\WellTool.Core\Util\CollUtil.cs(26,77): warning CS8601: 鍙兘鐨?null 寮曠敤璧嬪€笺€?[d:\Work\WellTool\src\WellTool.Core\WellTool.Core.csproj::TargetFramework=netstandard2.1]
d:\Work\WellTool\src\WellTool.Core\Map\SafeConcurrentHashMap.cs(41,18): warning CS0109: 鎴愬憳鈥淪afeConcurrentHashMap<K, V>.ComputeIfAbsent(K, Func<K, V>)鈥濅笉浼氶殣钘忓彲璁块棶鎴愬憳銆備笉闇€瑕佸叧閿瓧 new銆?[d:\Work\WellTool\src\WellTool.Core\WellTool.Core.csproj::TargetFramework=netstandard2.1]
d:\Work\WellTool\src\WellTool.Core\Util\IOUtil.cs(38,86): warning CS8625: 鏃犳硶灏?null 瀛楅潰閲忚浆鎹负闈?null 鐨勫紩鐢ㄧ被鍨嬨€?[d:\Work\WellTool\src\WellTool.Core\WellTool.Core.csproj::TargetFramework=netstandard2.1]
d:\Work\WellTool\src\WellTool.Core\Util\IOUtil.cs(73,101): warning CS8625: 鏃犳硶灏?null 瀛楅潰閲忚浆鎹负闈?null 鐨勫紩鐢ㄧ被鍨嬨€?[d:\Work\WellTool\src\WellTool.Core\WellTool.Core.csproj::TargetFramework=netstandard2.1]
d:\Work\WellTool\src\WellTool.Core\Util\ObjUtil.cs(46,21): warning CS0108: 鈥淥bjUtil.Equals(object, object)鈥濋殣钘忕户鎵跨殑鎴愬憳鈥渙bject.Equals(object, object)鈥濄€傚鏋滄槸鏈夋剰闅愯棌锛岃浣跨敤鍏抽敭瀛?new銆?[d:\Work\WellTool\src\WellTool.Core\WellTool.Core.csproj::TargetFramework=netstandard2.1]
d:\Work\WellTool\src\WellTool.Core\Util\IOUtil.cs(211,76): warning CS8625: 鏃犳硶灏?null 瀛楅潰閲忚浆鎹负闈?null 鐨勫紩鐢ㄧ被鍨嬨€?[d:\Work\WellTool\src\WellTool.Core\WellTool.Core.csproj::TargetFramework=netstandard2.1]
d:\Work\WellTool\src\WellTool.Core\Util\IOUtil.cs(243,91): warning CS8625: 鏃犳硶灏?null 瀛楅潰閲忚浆鎹负闈?null 鐨勫紩鐢ㄧ被鍨嬨€?[d:\Work\WellTool\src\WellTool.Core\WellTool.Core.csproj::TargetFramework=netstandard2.1]
d:\Work\WellTool\src\WellTool.Core\Util\IOUtil.cs(265,92): warning CS8625: 鏃犳硶灏?null 瀛楅潰閲忚浆鎹负闈?null 鐨勫紩鐢ㄧ被鍨嬨€?[d:\Work\WellTool\src\WellTool.Core\WellTool.Core.csproj::TargetFramework=netstandard2.1]
d:\Work\WellTool\src\WellTool.Core\Map\TolerantMap.cs(44,18): warning CS0109: 鎴愬憳鈥淭olerantMap<K, V>.Get(K)鈥濅笉浼氶殣钘忓彲璁块棶鎴愬憳銆備笉闇€瑕佸叧閿瓧 new銆?[d:\Work\WellTool\src\WellTool.Core\WellTool.Core.csproj::TargetFramework=netstandard2.1]
d:\Work\WellTool\src\WellTool.Core\Map\TransMap.cs(37,70): warning CS8601: 鍙兘鐨?null 寮曠敤璧嬪€笺€?[d:\Work\WellTool\src\WellTool.Core\WellTool.Core.csproj::TargetFramework=netstandard2.1]
d:\Work\WellTool\src\WellTool.Core\Map\Multi\AbsTable.cs(25,15): warning CS0114: 鈥淎bsTable<R, C, V>.Equals(object)鈥濋殣钘忕户鎵跨殑鎴愬憳鈥渙bject.Equals(object)鈥濄€傝嫢瑕佷娇褰撳墠鎴愬憳閲嶅啓璇ュ疄鐜帮紝璇锋坊鍔犲叧閿瓧 override銆傚惁鍒欙紝娣诲姞鍏抽敭瀛?new銆?[d:\Work\WellTool\src\WellTool.Core\WellTool.Core.csproj::TargetFramework=netstandard2.1]
d:\Work\WellTool\src\WellTool.Core\Map\Multi\AbsTable.cs(41,14): warning CS0114: 鈥淎bsTable<R, C, V>.GetHashCode()鈥濋殣钘忕户鎵跨殑鎴愬憳鈥渙bject.GetHashCode()鈥濄€傝嫢瑕佷娇褰撳墠鎴愬憳閲嶅啓璇ュ疄鐜帮紝璇锋坊鍔犲叧閿瓧 override銆傚惁鍒欙紝娣诲姞鍏抽敭瀛?new銆?[d:\Work\WellTool\src\WellTool.Core\WellTool.Core.csproj::TargetFramework=netstandard2.1]
d:\Work\WellTool\src\WellTool.Core\Map\Multi\AbsTable.cs(46,17): warning CS0114: 鈥淎bsTable<R, C, V>.ToString()鈥濋殣钘忕户鎵跨殑鎴愬憳鈥渙bject.ToString()鈥濄€傝嫢瑕佷娇褰撳墠鎴愬憳閲嶅啓璇ュ疄鐜帮紝璇锋坊鍔犲叧閿瓧 override銆傚惁鍒欙紝娣诲姞鍏抽敭瀛?new銆?[d:\Work\WellTool\src\WellTool.Core\WellTool.Core.csproj::TargetFramework=netstandard2.1]
d:\Work\WellTool\src\WellTool.Core\Util\ObjectUtil.cs(50,21): warning CS0108: 鈥淥bjectUtil.Equals(object, object)鈥濋殣钘忕户鎵跨殑鎴愬憳鈥渙bject.Equals(object, object)鈥濄€傚鏋滄槸鏈夋剰闅愯棌锛岃浣跨敤鍏抽敭瀛?new銆?[d:\Work\WellTool\src\WellTool.Core\WellTool.Core.csproj::TargetFramework=netstandard2.1]
d:\Work\WellTool\src\WellTool.Core\Map\Multi\AbsTable.cs(337,28): warning CS0693: 绫诲瀷鍙傛暟鈥淩鈥濅笌澶栭儴绫诲瀷鈥淎bsTable<R, C, V>鈥濅腑鐨勭被鍨嬪弬鏁板悓鍚?[d:\Work\WellTool\src\WellTool.Core\WellTool.Core.csproj::TargetFramework=netstandard2.1]
d:\Work\WellTool\src\WellTool.Core\Map\Multi\AbsTable.cs(337,31): warning CS0693: 绫诲瀷鍙傛暟鈥淐鈥濅笌澶栭儴绫诲瀷鈥淎bsTable<R, C, V>鈥濅腑鐨勭被鍨嬪弬鏁板悓鍚?[d:\Work\WellTool\src\WellTool.Core\WellTool.Core.csproj::TargetFramework=netstandard2.1]
d:\Work\WellTool\src\WellTool.Core\Map\Multi\AbsTable.cs(337,34): warning CS0693: 绫诲瀷鍙傛暟鈥淰鈥濅笌澶栭儴绫诲瀷鈥淎bsTable<R, C, V>鈥濅腑鐨勭被鍨嬪弬鏁板悓鍚?[d:\Work\WellTool\src\WellTool.Core\WellTool.Core.csproj::TargetFramework=netstandard2.1]
d:\Work\WellTool\src\WellTool.Core\Map\MapUtil.cs(1855,81): warning CS8601: 鍙兘鐨?null 寮曠敤璧嬪€笺€?[d:\Work\WellTool\src\WellTool.Core\WellTool.Core.csproj::TargetFramework=netstandard2.1]
d:\Work\WellTool\src\WellTool.Core\Convert\impl\CollectionConverter.cs(4,7): warning CS0105: 鈥淲ellTool.Core.Convert鈥濈殑 using 鎸囦护浠ュ墠鍦ㄦ鍛藉悕绌洪棿涓嚭鐜拌繃 [d:\Work\WellTool\src\WellTool.Core\WellTool.Core.csproj::TargetFramework=net6.0]
d:\Work\WellTool\src\WellTool.Core\Convert\impl\CollectionConverter.cs(6,7): warning CS0105: 鈥淲ellTool.Core.Convert鈥濈殑 using 鎸囦护浠ュ墠鍦ㄦ鍛藉悕绌洪棿涓嚭鐜拌繃 [d:\Work\WellTool\src\WellTool.Core\WellTool.Core.csproj::TargetFramework=net6.0]
d:\Work\WellTool\src\WellTool.Core\Convert\impl\CollectionConverter.cs(8,7): warning CS0105: 鈥淲ellTool.Core.Convert鈥濈殑 using 鎸囦护浠ュ墠鍦ㄦ鍛藉悕绌洪棿涓嚭鐜拌繃 [d:\Work\WellTool\src\WellTool.Core\WellTool.Core.csproj::TargetFramework=net6.0]
d:\Work\WellTool\src\WellTool.Core\Convert\impl\EnumConverter.cs(4,7): warning CS0105: 鈥淲ellTool.Core.Convert鈥濈殑 using 鎸囦护浠ュ墠鍦ㄦ鍛藉悕绌洪棿涓嚭鐜拌繃 [d:\Work\WellTool\src\WellTool.Core\WellTool.Core.csproj::TargetFramework=net6.0]
d:\Work\WellTool\src\WellTool.Core\Convert\impl\MapConverter.cs(4,7): warning CS0105: 鈥淲ellTool.Core.Convert鈥濈殑 using 鎸囦护浠ュ墠鍦ㄦ鍛藉悕绌洪棿涓嚭鐜拌繃 [d:\Work\WellTool\src\WellTool.Core\WellTool.Core.csproj::TargetFramework=net6.0]
d:\Work\WellTool\src\WellTool.Core\Convert\impl\MapConverter.cs(6,7): warning CS0105: 鈥淲ellTool.Core.Convert鈥濈殑 using 鎸囦护浠ュ墠鍦ㄦ鍛藉悕绌洪棿涓嚭鐜拌繃 [d:\Work\WellTool\src\WellTool.Core\WellTool.Core.csproj::TargetFramework=net6.0]
d:\Work\WellTool\src\WellTool.Core\Convert\impl\NumberConverter.cs(4,7): warning CS0105: 鈥淲ellTool.Core.Convert鈥濈殑 using 鎸囦护浠ュ墠鍦ㄦ鍛藉悕绌洪棿涓嚭鐜拌繃 [d:\Work\WellTool\src\WellTool.Core\WellTool.Core.csproj::TargetFramework=net6.0]
d:\Work\WellTool\src\WellTool.Core\Collection\Concurrent\ConcurrentUtil.cs(54,46): warning CS8714: 绫诲瀷鈥淜鈥濅笉鑳界敤浣滄硾鍨嬬被鍨嬫垨鏂规硶鈥淐oncurrentDictionary<TKey, TValue>鈥濅腑鐨勭被鍨嬪弬鏁扳€淭Key鈥濄€傜被鍨嬪弬鏁扳€淜鈥濈殑涓?Null 鎬т笌 "notnull" 绾︽潫涓嶅尮閰嶃€?[d:\Work\WellTool\src\WellTool.Core\WellTool.Core.csproj::TargetFramework=net6.0]
d:\Work\WellTool\src\WellTool.Core\Collection\Concurrent\ConcurrentUtil.cs(100,61): warning CS8714: 绫诲瀷鈥淜鈥濅笉鑳界敤浣滄硾鍨嬬被鍨嬫垨鏂规硶鈥淐oncurrentDictionary<TKey, TValue>鈥濅腑鐨勭被鍨嬪弬鏁扳€淭Key鈥濄€傜被鍨嬪弬鏁扳€淜鈥濈殑涓?Null 鎬т笌 "notnull" 绾︽潫涓嶅尮閰嶃€?[d:\Work\WellTool\src\WellTool.Core\WellTool.Core.csproj::TargetFramework=net6.0]
d:\Work\WellTool\src\WellTool.Core\Builder\GenericBuilder.cs(63,44): warning CS0693: 绫诲瀷鍙傛暟鈥淭鈥濅笌澶栭儴绫诲瀷鈥淕enericBuilder<T>鈥濅腑鐨勭被鍨嬪弬鏁板悓鍚?[d:\Work\WellTool\src\WellTool.Core\WellTool.Core.csproj::TargetFramework=net6.0]
d:\Work\WellTool\src\WellTool.Core\Builder\GenericBuilder.cs(76,44): warning CS0693: 绫诲瀷鍙傛暟鈥淭鈥濅笌澶栭儴绫诲瀷鈥淕enericBuilder<T>鈥濅腑鐨勭被鍨嬪弬鏁板悓鍚?[d:\Work\WellTool\src\WellTool.Core\WellTool.Core.csproj::TargetFramework=net6.0]
d:\Work\WellTool\src\WellTool.Core\Builder\GenericBuilder.cs(91,44): warning CS0693: 绫诲瀷鍙傛暟鈥淭鈥濅笌澶栭儴绫诲瀷鈥淕enericBuilder<T>鈥濅腑鐨勭被鍨嬪弬鏁板悓鍚?[d:\Work\WellTool\src\WellTool.Core\WellTool.Core.csproj::TargetFramework=net6.0]
d:\Work\WellTool\src\WellTool.Core\Builder\GenericBuilder.cs(108,44): warning CS0693: 绫诲瀷鍙傛暟鈥淭鈥濅笌澶栭儴绫诲瀷鈥淕enericBuilder<T>鈥濅腑鐨勭被鍨嬪弬鏁板悓鍚?[d:\Work\WellTool\src\WellTool.Core\WellTool.Core.csproj::TargetFramework=net6.0]
d:\Work\WellTool\src\WellTool.Core\Builder\GenericBuilder.cs(127,44): warning CS0693: 绫诲瀷鍙傛暟鈥淭鈥濅笌澶栭儴绫诲瀷鈥淕enericBuilder<T>鈥濅腑鐨勭被鍨嬪弬鏁板悓鍚?[d:\Work\WellTool\src\WellTool.Core\WellTool.Core.csproj::TargetFramework=net6.0]
d:\Work\WellTool\src\WellTool.Core\Builder\GenericBuilder.cs(148,44): warning CS0693: 绫诲瀷鍙傛暟鈥淭鈥濅笌澶栭儴绫诲瀷鈥淕enericBuilder<T>鈥濅腑鐨勭被鍨嬪弬鏁板悓鍚?[d:\Work\WellTool\src\WellTool.Core\WellTool.Core.csproj::TargetFramework=net6.0]
d:\Work\WellTool\src\WellTool.Core\Builder\IDKey.cs(44,30): warning CS8765: 鍙傛暟鈥渙ther鈥濈被鍨嬬殑涓?Null 鎬т笌閲嶅啓鎴愬憳涓嶅尮閰?鍙兘鏄敱浜庝负 Null 鎬х壒鎬?銆?[d:\Work\WellTool\src\WellTool.Core\WellTool.Core.csproj::TargetFramework=net6.0]
d:\Work\WellTool\src\WellTool.Core\Builder\IDKey.cs(54,21): warning CS8767: 鈥渂ool IDKey.Equals(IDKey other)鈥濈殑鍙傛暟鈥渙ther鈥濈被鍨嬩腑寮曠敤绫诲瀷鐨勪负 Null 鎬т笌闅愬紡瀹炵幇鐨勬垚鍛樷€渂ool IEquatable<IDKey>.Equals(IDKey? other)鈥濅笉鍖归厤(鍙兘鏄敱浜庝负 Null 鎬х壒鎬?銆?[d:\Work\WellTool\src\WellTool.Core\WellTool.Core.csproj::TargetFramework=net6.0]
d:\Work\WellTool\src\WellTool.Core\Clone\CloneSupport.cs(31,26): warning CS0108: 鈥淐loneSupport<T>.MemberwiseClone()鈥濋殣钘忕户鎵跨殑鎴愬憳鈥渙bject.MemberwiseClone()鈥濄€傚鏋滄槸鏈夋剰闅愯棌锛岃浣跨敤鍏抽敭瀛?new銆?[d:\Work\WellTool\src\WellTool.Core\WellTool.Core.csproj::TargetFramework=net6.0]
d:\Work\WellTool\src\WellTool.Core\Annotation\Hierarchical.cs(49,7): warning CS0108: 鈥淗ierarchical.CompareTo(Hierarchical)鈥濋殣钘忕户鎵跨殑鎴愬憳鈥淚Comparable<Hierarchical>.CompareTo(Hierarchical?)鈥濄€傚鏋滄槸鏈夋剰闅愯棌锛岃浣跨敤鍏抽敭瀛?new銆?[d:\Work\WellTool\src\WellTool.Core\WellTool.Core.csproj::TargetFramework=net6.0]
d:\Work\WellTool\src\WellTool.Core\Comparator\BaseFieldComparator.cs(70,29): warning CS8767: 鈥渋nt BaseFieldComparator<T>.Compare(T x, T y)鈥濈殑鍙傛暟鈥渪鈥濈被鍨嬩腑寮曠敤绫诲瀷鐨勪负 Null 鎬т笌闅愬紡瀹炵幇鐨勬垚鍛樷€渋nt IComparer<T>.Compare(T? x, T? y)鈥濅笉鍖归厤(鍙兘鏄敱浜庝负 Null 鎬х壒鎬?銆?[d:\Work\WellTool\src\WellTool.Core\WellTool.Core.csproj::TargetFramework=net6.0]
d:\Work\WellTool\src\WellTool.Core\Comparator\BaseFieldComparator.cs(70,29): warning CS8767: 鈥渋nt BaseFieldComparator<T>.Compare(T x, T y)鈥濈殑鍙傛暟鈥測鈥濈被鍨嬩腑寮曠敤绫诲瀷鐨勪负 Null 鎬т笌闅愬紡瀹炵幇鐨勬垚鍛樷€渋nt IComparer<T>.Compare(T? x, T? y)鈥濅笉鍖归厤(鍙兘鏄敱浜庝负 Null 鎬х壒鎬?銆?[d:\Work\WellTool\src\WellTool.Core\WellTool.Core.csproj::TargetFramework=net6.0]
d:\Work\WellTool\src\WellTool.Core\Compress\ZipReader.cs(17,71): warning CS8625: 鏃犳硶灏?null 瀛楅潰閲忚浆鎹负闈?null 鐨勫紩鐢ㄧ被鍨嬨€?[d:\Work\WellTool\src\WellTool.Core\WellTool.Core.csproj::TargetFramework=net6.0]
d:\Work\WellTool\src\WellTool.Core\Compress\ZipReader.cs(22,70): warning CS8625: 鏃犳硶灏?null 瀛楅潰閲忚浆鎹负闈?null 鐨勫紩鐢ㄧ被鍨嬨€?[d:\Work\WellTool\src\WellTool.Core\WellTool.Core.csproj::TargetFramework=net6.0]
d:\Work\WellTool\src\WellTool.Core\Compress\ZipReader.cs(27,61): warning CS8625: 鏃犳硶灏?null 瀛楅潰閲忚浆鎹负闈?null 鐨勫紩鐢ㄧ被鍨嬨€?[d:\Work\WellTool\src\WellTool.Core\WellTool.Core.csproj::TargetFramework=net6.0]
d:\Work\WellTool\src\WellTool.Core\Compress\ZipReader.cs(33,60): warning CS8625: 鏃犳硶灏?null 瀛楅潰閲忚浆鎹负闈?null 鐨勫紩鐢ㄧ被鍨嬨€?[d:\Work\WellTool\src\WellTool.Core\WellTool.Core.csproj::TargetFramework=net6.0]
d:\Work\WellTool\src\WellTool.Core\Comparator\ComparableComparator.cs(33,20): warning CS8767: 鈥渋nt ComparableComparator<E>.Compare(E x, E y)鈥濈殑鍙傛暟鈥渪鈥濈被鍨嬩腑寮曠敤绫诲瀷鐨勪负 Null 鎬т笌闅愬紡瀹炵幇鐨勬垚鍛樷€渋nt IComparer<E>.Compare(E? x, E? y)鈥濅笉鍖归厤(鍙兘鏄敱浜庝负 Null 鎬х壒鎬?銆?[d:\Work\WellTool\src\WellTool.Core\WellTool.Core.csproj::TargetFramework=net6.0]
d:\Work\WellTool\src\WellTool.Core\Comparator\ComparableComparator.cs(33,20): warning CS8767: 鈥渋nt ComparableComparator<E>.Compare(E x, E y)鈥濈殑鍙傛暟鈥測鈥濈被鍨嬩腑寮曠敤绫诲瀷鐨勪负 Null 鎬т笌闅愬紡瀹炵幇鐨勬垚鍛樷€渋nt IComparer<E>.Compare(E? x, E? y)鈥濅笉鍖归厤(鍙兘鏄敱浜庝负 Null 鎬х壒鎬?銆?[d:\Work\WellTool\src\WellTool.Core\WellTool.Core.csproj::TargetFramework=net6.0]
d:\Work\WellTool\src\WellTool.Core\Comparator\ComparatorChain.cs(101,20): warning CS8767: 鈥渋nt ComparatorChain<E>.Compare(E x, E y)鈥濈殑鍙傛暟鈥渪鈥濈被鍨嬩腑寮曠敤绫诲瀷鐨勪负 Null 鎬т笌闅愬紡瀹炵幇鐨勬垚鍛樷€渋nt IComparer<E>.Compare(E? x, E? y)鈥濅笉鍖归厤(鍙兘鏄敱浜庝负 Null 鎬х壒鎬?銆?[d:\Work\WellTool\src\WellTool.Core\WellTool.Core.csproj::TargetFramework=net6.0]
d:\Work\WellTool\src\WellTool.Core\Comparator\ComparatorChain.cs(101,20): warning CS8767: 鈥渋nt ComparatorChain<E>.Compare(E x, E y)鈥濈殑鍙傛暟鈥測鈥濈被鍨嬩腑寮曠敤绫诲瀷鐨勪负 Null 鎬т笌闅愬紡瀹炵幇鐨勬垚鍛樷€渋nt IComparer<E>.Compare(E? x, E? y)鈥濅笉鍖归厤(鍙兘鏄敱浜庝负 Null 鎬х壒鎬?銆?[d:\Work\WellTool\src\WellTool.Core\WellTool.Core.csproj::TargetFramework=net6.0]
d:\Work\WellTool\src\WellTool.Core\Compress\ZipWriter.cs(15,71): warning CS8625: 鏃犳硶灏?null 瀛楅潰閲忚浆鎹负闈?null 鐨勫紩鐢ㄧ被鍨嬨€?[d:\Work\WellTool\src\WellTool.Core\WellTool.Core.csproj::TargetFramework=net6.0]
d:\Work\WellTool\src\WellTool.Core\Compress\ZipWriter.cs(20,70): warning CS8625: 鏃犳硶灏?null 瀛楅潰閲忚浆鎹负闈?null 鐨勫紩鐢ㄧ被鍨嬨€?[d:\Work\WellTool\src\WellTool.Core\WellTool.Core.csproj::TargetFramework=net6.0]
d:\Work\WellTool\src\WellTool.Core\Compress\ZipWriter.cs(25,61): warning CS8625: 鏃犳硶灏?null 瀛楅潰閲忚浆鎹负闈?null 鐨勫紩鐢ㄧ被鍨嬨€?[d:\Work\WellTool\src\WellTool.Core\WellTool.Core.csproj::TargetFramework=net6.0]
d:\Work\WellTool\src\WellTool.Core\Compress\ZipWriter.cs(32,60): warning CS8625: 鏃犳硶灏?null 瀛楅潰閲忚浆鎹负闈?null 鐨勫紩鐢ㄧ被鍨嬨€?[d:\Work\WellTool\src\WellTool.Core\WellTool.Core.csproj::TargetFramework=net6.0]
d:\Work\WellTool\src\WellTool.Core\Annotation\Scanner\MethodAnnotationScanner.cs(60,21): warning CS0108: 鈥淢ethodAnnotationScanner.Support(object)鈥濋殣钘忕户鎵跨殑鎴愬憳鈥淎bstractTypeAnnotationScanner<MethodAnnotationScanner>.Support(object)鈥濄€傚鏋滄槸鏈夋剰闅愯棌锛岃浣跨敤鍏抽敭瀛?new銆?[d:\Work\WellTool\src\WellTool.Core\WellTool.Core.csproj::TargetFramework=net6.0]
d:\Work\WellTool\src\WellTool.Core\Annotation\Scanner\MethodAnnotationScanner.cs(70,32): warning CS0108: 鈥淢ethodAnnotationScanner.GetAnnotations(object)鈥濋殣钘忕户鎵跨殑鎴愬憳鈥淎bstractTypeAnnotationScanner<MethodAnnotationScanner>.GetAnnotations(object)鈥濄€傚鏋滄槸鏈夋剰闅愯棌锛岃浣跨敤鍏抽敭瀛?new銆?[d:\Work\WellTool\src\WellTool.Core\WellTool.Core.csproj::TargetFramework=net6.0]
d:\Work\WellTool\src\WellTool.Core\Annotation\Scanner\MethodAnnotationScanner.cs(83,32): warning CS0108: 鈥淢ethodAnnotationScanner.GetAnnotationsIfSupport(object)鈥濋殣钘忕户鎵跨殑鎴愬憳鈥淎bstractTypeAnnotationScanner<MethodAnnotationScanner>.GetAnnotationsIfSupport(object)鈥濄€傚鏋滄槸鏈夋剰闅愯棌锛岃浣跨敤鍏抽敭瀛?new銆?[d:\Work\WellTool\src\WellTool.Core\WellTool.Core.csproj::TargetFramework=net6.0]
d:\Work\WellTool\src\WellTool.Core\Annotation\Scanner\MethodAnnotationScanner.cs(98,21): warning CS0108: 鈥淢ethodAnnotationScanner.ScanIfSupport(Action<int, Attribute>, object, Func<Attribute, bool>)鈥濋殣钘忕户鎵跨殑鎴愬憳鈥淎bstractTypeAnnotationScanner<MethodAnnotationScanner>.ScanIfSupport(Action<int, Attribute>, object, Func<Attribute, bool>)鈥濄€傚鏋滄槸鏈夋剰闅愯棌锛岃浣跨敤鍏抽敭瀛?new銆?[d:\Work\WellTool\src\WellTool.Core\WellTool.Core.csproj::TargetFramework=net6.0]
d:\Work\WellTool\src\WellTool.Core\Annotation\Scanner\TypeAnnotationScanner.cs(38,21): warning CS0108: 鈥淭ypeAnnotationScanner.Support(object)鈥濋殣钘忕户鎵跨殑鎴愬憳鈥淎bstractTypeAnnotationScanner<TypeAnnotationScanner>.Support(object)鈥濄€傚鏋滄槸鏈夋剰闅愯棌锛岃浣跨敤鍏抽敭瀛?new銆?[d:\Work\WellTool\src\WellTool.Core\WellTool.Core.csproj::TargetFramework=net6.0]
d:\Work\WellTool\src\WellTool.Core\Annotation\Scanner\TypeAnnotationScanner.cs(48,32): warning CS0108: 鈥淭ypeAnnotationScanner.GetAnnotations(object)鈥濋殣钘忕户鎵跨殑鎴愬憳鈥淎bstractTypeAnnotationScanner<TypeAnnotationScanner>.GetAnnotations(object)鈥濄€傚鏋滄槸鏈夋剰闅愯棌锛岃浣跨敤鍏抽敭瀛?new銆?[d:\Work\WellTool\src\WellTool.Core\WellTool.Core.csproj::TargetFramework=net6.0]
d:\Work\WellTool\src\WellTool.Core\Annotation\Scanner\TypeAnnotationScanner.cs(61,32): warning CS0108: 鈥淭ypeAnnotationScanner.GetAnnotationsIfSupport(object)鈥濋殣钘忕户鎵跨殑鎴愬憳鈥淎bstractTypeAnnotationScanner<TypeAnnotationScanner>.GetAnnotationsIfSupport(object)鈥濄€傚鏋滄槸鏈夋剰闅愯棌锛岃浣跨敤鍏抽敭瀛?new銆?[d:\Work\WellTool\src\WellTool.Core\WellTool.Core.csproj::TargetFramework=net6.0]
d:\Work\WellTool\src\WellTool.Core\Annotation\Scanner\TypeAnnotationScanner.cs(76,21): warning CS0108: 鈥淭ypeAnnotationScanner.ScanIfSupport(Action<int, Attribute>, object, Func<Attribute, bool>)鈥濋殣钘忕户鎵跨殑鎴愬憳鈥淎bstractTypeAnnotationScanner<TypeAnnotationScanner>.ScanIfSupport(Action<int, Attribute>, object, Func<Attribute, bool>)鈥濄€傚鏋滄槸鏈夋剰闅愯棌锛岃浣跨敤鍏抽敭瀛?new銆?[d:\Work\WellTool\src\WellTool.Core\WellTool.Core.csproj::TargetFramework=net6.0]
d:\Work\WellTool\src\WellTool.Core\Annotation\Scanner\TypeAnnotationScanner.cs(129,47): warning CS0108: 鈥淭ypeAnnotationScanner.JdkProxyClassConverter鈥濋殣钘忕户鎵跨殑鎴愬憳鈥淎bstractTypeAnnotationScanner<TypeAnnotationScanner>.JdkProxyClassConverter鈥濄€傚鏋滄槸鏈夋剰闅愯棌锛岃浣跨敤鍏抽敭瀛?new銆?[d:\Work\WellTool\src\WellTool.Core\WellTool.Core.csproj::TargetFramework=net6.0]
d:\Work\WellTool\src\WellTool.Core\Comparator\FuncComparator.cs(44,20): warning CS8767: 鈥渋nt FuncComparator<T>.Compare(T a, T b)鈥濈殑鍙傛暟鈥渁鈥濈被鍨嬩腑寮曠敤绫诲瀷鐨勪负 Null 鎬т笌闅愬紡瀹炵幇鐨勬垚鍛樷€渋nt IComparer<T>.Compare(T? x, T? y)鈥濅笉鍖归厤(鍙兘鏄敱浜庝负 Null 鎬х壒鎬?銆?[d:\Work\WellTool\src\WellTool.Core\WellTool.Core.csproj::TargetFramework=net6.0]
d:\Work\WellTool\src\WellTool.Core\Comparator\FuncComparator.cs(44,20): warning CS8767: 鈥渋nt FuncComparator<T>.Compare(T a, T b)鈥濈殑鍙傛暟鈥渂鈥濈被鍨嬩腑寮曠敤绫诲瀷鐨勪负 Null 鎬т笌闅愬紡瀹炵幇鐨勬垚鍛樷€渋nt IComparer<T>.Compare(T? x, T? y)鈥濅笉鍖归厤(鍙兘鏄敱浜庝负 Null 鎬х壒鎬?銆?[d:\Work\WellTool\src\WellTool.Core\WellTool.Core.csproj::TargetFramework=net6.0]
d:\Work\WellTool\src\WellTool.Core\Getter\ArrayTypeGetter.cs(9,63): warning CS8625: 鏃犳硶灏?null 瀛楅潰閲忚浆鎹负闈?null 鐨勫紩鐢ㄧ被鍨嬨€?[d:\Work\WellTool\src\WellTool.Core\WellTool.Core.csproj::TargetFramework=net6.0]
d:\Work\WellTool\src\WellTool.Core\Getter\ArrayTypeGetter.cs(10,63): warning CS8625: 鏃犳硶灏?null 瀛楅潰閲忚浆鎹负闈?null 鐨勫紩鐢ㄧ被鍨嬨€?[d:\Work\WellTool\src\WellTool.Core\WellTool.Core.csproj::TargetFramework=net6.0]
d:\Work\WellTool\src\WellTool.Core\Getter\ArrayTypeGetter.cs(11,63): warning CS8625: 鏃犳硶灏?null 瀛楅潰閲忚浆鎹负闈?null 鐨勫紩鐢ㄧ被鍨嬨€?[d:\Work\WellTool\src\WellTool.Core\WellTool.Core.csproj::TargetFramework=net6.0]
d:\Work\WellTool\src\WellTool.Core\Getter\ArrayTypeGetter.cs(12,66): warning CS8625: 鏃犳硶灏?null 瀛楅潰閲忚浆鎹负闈?null 鐨勫紩鐢ㄧ被鍨嬨€?[d:\Work\WellTool\src\WellTool.Core\WellTool.Core.csproj::TargetFramework=net6.0]
d:\Work\WellTool\src\WellTool.Core\Getter\ArrayTypeGetter.cs(13,60): warning CS8625: 鏃犳硶灏?null 瀛楅潰閲忚浆鎹负闈?null 鐨勫紩鐢ㄧ被鍨嬨€?[d:\Work\WellTool\src\WellTool.Core\WellTool.Core.csproj::TargetFramework=net6.0]
d:\Work\WellTool\src\WellTool.Core\Getter\ArrayTypeGetter.cs(14,63): warning CS8625: 鏃犳硶灏?null 瀛楅潰閲忚浆鎹负闈?null 鐨勫紩鐢ㄧ被鍨嬨€?[d:\Work\WellTool\src\WellTool.Core\WellTool.Core.csproj::TargetFramework=net6.0]
d:\Work\WellTool\src\WellTool.Core\Getter\ArrayTypeGetter.cs(15,66): warning CS8625: 鏃犳硶灏?null 瀛楅潰閲忚浆鎹负闈?null 鐨勫紩鐢ㄧ被鍨嬨€?[d:\Work\WellTool\src\WellTool.Core\WellTool.Core.csproj::TargetFramework=net6.0]
d:\Work\WellTool\src\WellTool.Core\Getter\ArrayTypeGetter.cs(16,69): warning CS8625: 鏃犳硶灏?null 瀛楅潰閲忚浆鎹负闈?null 鐨勫紩鐢ㄧ被鍨嬨€?[d:\Work\WellTool\src\WellTool.Core\WellTool.Core.csproj::TargetFramework=net6.0]
d:\Work\WellTool\src\WellTool.Core\Comparator\IndexedComparator.cs(47,20): warning CS8767: 鈥渋nt IndexedComparator<T>.Compare(T x, T y)鈥濈殑鍙傛暟鈥渪鈥濈被鍨嬩腑寮曠敤绫诲瀷鐨勪负 Null 鎬т笌闅愬紡瀹炵幇鐨勬垚鍛樷€渋nt IComparer<T>.Compare(T? x, T? y)鈥濅笉鍖归厤(鍙兘鏄敱浜庝负 Null 鎬х壒鎬?銆?[d:\Work\WellTool\src\WellTool.Core\WellTool.Core.csproj::TargetFramework=net6.0]
d:\Work\WellTool\src\WellTool.Core\Comparator\IndexedComparator.cs(47,20): warning CS8767: 鈥渋nt IndexedComparator<T>.Compare(T x, T y)鈥濈殑鍙傛暟鈥測鈥濈被鍨嬩腑寮曠敤绫诲瀷鐨勪负 Null 鎬т笌闅愬紡瀹炵幇鐨勬垚鍛樷€渋nt IComparer<T>.Compare(T? x, T? y)鈥濅笉鍖归厤(鍙兘鏄敱浜庝负 Null 鎬х壒鎬?銆?[d:\Work\WellTool\src\WellTool.Core\WellTool.Core.csproj::TargetFramework=net6.0]
d:\Work\WellTool\src\WellTool.Core\Getter\ArrayTypeGetter.cs(17,69): warning CS8625: 鏃犳硶灏?null 瀛楅潰閲忚浆鎹负闈?null 鐨勫紩鐢ㄧ被鍨嬨€?[d:\Work\WellTool\src\WellTool.Core\WellTool.Core.csproj::TargetFramework=net6.0]
d:\Work\WellTool\src\WellTool.Core\Getter\ArrayTypeGetter.cs(18,60): warning CS8625: 鏃犳硶灏?null 瀛楅潰閲忚浆鎹负闈?null 鐨勫紩鐢ㄧ被鍨嬨€?[d:\Work\WellTool\src\WellTool.Core\WellTool.Core.csproj::TargetFramework=net6.0]
d:\Work\WellTool\src\WellTool.Core\Comparator\IndexedComparator.cs(14,45): warning CS8714: 绫诲瀷鈥淭鈥濅笉鑳界敤浣滄硾鍨嬬被鍨嬫垨鏂规硶鈥淒ictionary<TKey, TValue>鈥濅腑鐨勭被鍨嬪弬鏁扳€淭Key鈥濄€傜被鍨嬪弬鏁扳€淭鈥濈殑涓?Null 鎬т笌 "notnull" 绾︽潫涓嶅尮閰嶃€?[d:\Work\WellTool\src\WellTool.Core\WellTool.Core.csproj::TargetFramework=net6.0]
d:\Work\WellTool\src\WellTool.Core\Comparator\InstanceComparator.cs(43,20): warning CS8767: 鈥渋nt InstanceComparator<T>.Compare(T x, T y)鈥濈殑鍙傛暟鈥渪鈥濈被鍨嬩腑寮曠敤绫诲瀷鐨勪负 Null 鎬т笌闅愬紡瀹炵幇鐨勬垚鍛樷€渋nt IComparer<T>.Compare(T? x, T? y)鈥濅笉鍖归厤(鍙兘鏄敱浜庝负 Null 鎬х壒鎬?銆?[d:\Work\WellTool\src\WellTool.Core\WellTool.Core.csproj::TargetFramework=net6.0]
d:\Work\WellTool\src\WellTool.Core\Comparator\InstanceComparator.cs(43,20): warning CS8767: 鈥渋nt InstanceComparator<T>.Compare(T x, T y)鈥濈殑鍙傛暟鈥測鈥濈被鍨嬩腑寮曠敤绫诲瀷鐨勪负 Null 鎬т笌闅愬紡瀹炵幇鐨勬垚鍛樷€渋nt IComparer<T>.Compare(T? x, T? y)鈥濅笉鍖归厤(鍙兘鏄敱浜庝负 Null 鎬х壒鎬?銆?[d:\Work\WellTool\src\WellTool.Core\WellTool.Core.csproj::TargetFramework=net6.0]
d:\Work\WellTool\src\WellTool.Core\Comparator\LengthComparator.cs(19,20): warning CS8767: 鈥渋nt LengthComparator.Compare(string x, string y)鈥濈殑鍙傛暟鈥渪鈥濈被鍨嬩腑寮曠敤绫诲瀷鐨勪负 Null 鎬т笌闅愬紡瀹炵幇鐨勬垚鍛樷€渋nt IComparer<string>.Compare(string? x, string? y)鈥濅笉鍖归厤(鍙兘鏄敱浜庝负 Null 鎬х壒鎬?銆?[d:\Work\WellTool\src\WellTool.Core\WellTool.Core.csproj::TargetFramework=net6.0]
d:\Work\WellTool\src\WellTool.Core\Comparator\LengthComparator.cs(19,20): warning CS8767: 鈥渋nt LengthComparator.Compare(string x, string y)鈥濈殑鍙傛暟鈥測鈥濈被鍨嬩腑寮曠敤绫诲瀷鐨勪负 Null 鎬т笌闅愬紡瀹炵幇鐨勬垚鍛樷€渋nt IComparer<string>.Compare(string? x, string? y)鈥濅笉鍖归厤(鍙兘鏄敱浜庝负 Null 鎬х壒鎬?銆?[d:\Work\WellTool\src\WellTool.Core\WellTool.Core.csproj::TargetFramework=net6.0]
d:\Work\WellTool\src\WellTool.Core\Convert\impl\DateConverter.cs(17,46): warning CS8625: 鏃犳硶灏?null 瀛楅潰閲忚浆鎹负闈?null 鐨勫紩鐢ㄧ被鍨嬨€?[d:\Work\WellTool\src\WellTool.Core\WellTool.Core.csproj::TargetFramework=net6.0]
d:\Work\WellTool\src\WellTool.Core\Comparator\NullComparator.cs(34,20): warning CS8767: 鈥渋nt NullComparator<T>.Compare(T x, T y)鈥濈殑鍙傛暟鈥渪鈥濈被鍨嬩腑寮曠敤绫诲瀷鐨勪负 Null 鎬т笌闅愬紡瀹炵幇鐨勬垚鍛樷€渋nt IComparer<T>.Compare(T? x, T? y)鈥濅笉鍖归厤(鍙兘鏄敱浜庝负 Null 鎬х壒鎬?銆?[d:\Work\WellTool\src\WellTool.Core\WellTool.Core.csproj::TargetFramework=net6.0]
d:\Work\WellTool\src\WellTool.Core\Comparator\NullComparator.cs(34,20): warning CS8767: 鈥渋nt NullComparator<T>.Compare(T x, T y)鈥濈殑鍙傛暟鈥測鈥濈被鍨嬩腑寮曠敤绫诲瀷鐨勪负 Null 鎬т笌闅愬紡瀹炵幇鐨勬垚鍛樷€渋nt IComparer<T>.Compare(T? x, T? y)鈥濅笉鍖归厤(鍙兘鏄敱浜庝负 Null 鎬х壒鎬?銆?[d:\Work\WellTool\src\WellTool.Core\WellTool.Core.csproj::TargetFramework=net6.0]
d:\Work\WellTool\src\WellTool.Core\Comparator\PinyinComparator.cs(28,20): warning CS8767: 鈥渋nt PinyinComparator.Compare(string x, string y)鈥濈殑鍙傛暟鈥渪鈥濈被鍨嬩腑寮曠敤绫诲瀷鐨勪负 Null 鎬т笌闅愬紡瀹炵幇鐨勬垚鍛樷€渋nt IComparer<string>.Compare(string? x, string? y)鈥濅笉鍖归厤(鍙兘鏄敱浜庝负 Null 鎬х壒鎬?銆?[d:\Work\WellTool\src\WellTool.Core\WellTool.Core.csproj::TargetFramework=net6.0]
d:\Work\WellTool\src\WellTool.Core\Comparator\PinyinComparator.cs(28,20): warning CS8767: 鈥渋nt PinyinComparator.Compare(string x, string y)鈥濈殑鍙傛暟鈥測鈥濈被鍨嬩腑寮曠敤绫诲瀷鐨勪负 Null 鎬т笌闅愬紡瀹炵幇鐨勬垚鍛樷€渋nt IComparer<string>.Compare(string? x, string? y)鈥濅笉鍖归厤(鍙兘鏄敱浜庝负 Null 鎬х壒鎬?銆?[d:\Work\WellTool\src\WellTool.Core\WellTool.Core.csproj::TargetFramework=net6.0]
d:\Work\WellTool\src\WellTool.Core\Getter\ArrayTypeGetter.cs(25,70): warning CS8625: 鏃犳硶灏?null 瀛楅潰閲忚浆鎹负闈?null 鐨勫紩鐢ㄧ被鍨嬨€?[d:\Work\WellTool\src\WellTool.Core\WellTool.Core.csproj::TargetFramework=net6.0]
d:\Work\WellTool\src\WellTool.Core\Getter\ArrayTypeGetter.cs(30,70): warning CS8625: 鏃犳硶灏?null 瀛楅潰閲忚浆鎹负闈?null 鐨勫紩鐢ㄧ被鍨嬨€?[d:\Work\WellTool\src\WellTool.Core\WellTool.Core.csproj::TargetFramework=net6.0]
d:\Work\WellTool\src\WellTool.Core\Getter\ArrayTypeGetter.cs(35,70): warning CS8625: 鏃犳硶灏?null 瀛楅潰閲忚浆鎹负闈?null 鐨勫紩鐢ㄧ被鍨嬨€?[d:\Work\WellTool\src\WellTool.Core\WellTool.Core.csproj::TargetFramework=net6.0]
d:\Work\WellTool\src\WellTool.Core\Getter\ArrayTypeGetter.cs(40,73): warning CS8625: 鏃犳硶灏?null 瀛楅潰閲忚浆鎹负闈?null 鐨勫紩鐢ㄧ被鍨嬨€?[d:\Work\WellTool\src\WellTool.Core\WellTool.Core.csproj::TargetFramework=net6.0]
d:\Work\WellTool\src\WellTool.Core\Getter\ArrayTypeGetter.cs(45,67): warning CS8625: 鏃犳硶灏?null 瀛楅潰閲忚浆鎹负闈?null 鐨勫紩鐢ㄧ被鍨嬨€?[d:\Work\WellTool\src\WellTool.Core\WellTool.Core.csproj::TargetFramework=net6.0]
d:\Work\WellTool\src\WellTool.Core\Getter\ArrayTypeGetter.cs(50,70): warning CS8625: 鏃犳硶灏?null 瀛楅潰閲忚浆鎹负闈?null 鐨勫紩鐢ㄧ被鍨嬨€?[d:\Work\WellTool\src\WellTool.Core\WellTool.Core.csproj::TargetFramework=net6.0]
d:\Work\WellTool\src\WellTool.Core\Getter\ArrayTypeGetter.cs(55,73): warning CS8625: 鏃犳硶灏?null 瀛楅潰閲忚浆鎹负闈?null 鐨勫紩鐢ㄧ被鍨嬨€?[d:\Work\WellTool\src\WellTool.Core\WellTool.Core.csproj::TargetFramework=net6.0]
d:\Work\WellTool\src\WellTool.Core\Getter\ArrayTypeGetter.cs(60,76): warning CS8625: 鏃犳硶灏?null 瀛楅潰閲忚浆鎹负闈?null 鐨勫紩鐢ㄧ被鍨嬨€?[d:\Work\WellTool\src\WellTool.Core\WellTool.Core.csproj::TargetFramework=net6.0]
d:\Work\WellTool\src\WellTool.Core\Comparator\PropertyComparator.cs(34,20): warning CS8767: 鈥渋nt PropertyComparator<T>.Compare(T x, T y)鈥濈殑鍙傛暟鈥渪鈥濈被鍨嬩腑寮曠敤绫诲瀷鐨勪负 Null 鎬т笌闅愬紡瀹炵幇鐨勬垚鍛樷€渋nt IComparer<T>.Compare(T? x, T? y)鈥濅笉鍖归厤(鍙兘鏄敱浜庝负 Null 鎬х壒鎬?銆?[d:\Work\WellTool\src\WellTool.Core\WellTool.Core.csproj::TargetFramework=net6.0]
d:\Work\WellTool\src\WellTool.Core\Comparator\PropertyComparator.cs(34,20): warning CS8767: 鈥渋nt PropertyComparator<T>.Compare(T x, T y)鈥濈殑鍙傛暟鈥測鈥濈被鍨嬩腑寮曠敤绫诲瀷鐨勪负 Null 鎬т笌闅愬紡瀹炵幇鐨勬垚鍛樷€渋nt IComparer<T>.Compare(T? x, T? y)鈥濅笉鍖归厤(鍙兘鏄敱浜庝负 Null 鎬х壒鎬?銆?[d:\Work\WellTool\src\WellTool.Core\WellTool.Core.csproj::TargetFramework=net6.0]
d:\Work\WellTool\src\WellTool.Core\Getter\ArrayTypeGetter.cs(65,76): warning CS8625: 鏃犳硶灏?null 瀛楅潰閲忚浆鎹负闈?null 鐨勫紩鐢ㄧ被鍨嬨€?[d:\Work\WellTool\src\WellTool.Core\WellTool.Core.csproj::TargetFramework=net6.0]
d:\Work\WellTool\src\WellTool.Core\Getter\ArrayTypeGetter.cs(70,67): warning CS8625: 鏃犳硶灏?null 瀛楅潰閲忚浆鎹负闈?null 鐨勫紩鐢ㄧ被鍨嬨€?[d:\Work\WellTool\src\WellTool.Core\WellTool.Core.csproj::TargetFramework=net6.0]
d:\Work\WellTool\src\WellTool.Core\Getter\ArrayTypeGetter.cs(75,74): warning CS8625: 鏃犳硶灏?null 瀛楅潰閲忚浆鎹负闈?null 鐨勫紩鐢ㄧ被鍨嬨€?[d:\Work\WellTool\src\WellTool.Core\WellTool.Core.csproj::TargetFramework=net6.0]
d:\Work\WellTool\src\WellTool.Core\Comparator\VersionComparator.cs(19,20): warning CS8767: 鈥渋nt VersionComparator.Compare(string x, string y)鈥濈殑鍙傛暟鈥渪鈥濈被鍨嬩腑寮曠敤绫诲瀷鐨勪负 Null 鎬т笌闅愬紡瀹炵幇鐨勬垚鍛樷€渋nt IComparer<string>.Compare(string? x, string? y)鈥濅笉鍖归厤(鍙兘鏄敱浜庝负 Null 鎬х壒鎬?銆?[d:\Work\WellTool\src\WellTool.Core\WellTool.Core.csproj::TargetFramework=net6.0]
d:\Work\WellTool\src\WellTool.Core\Comparator\VersionComparator.cs(19,20): warning CS8767: 鈥渋nt VersionComparator.Compare(string x, string y)鈥濈殑鍙傛暟鈥測鈥濈被鍨嬩腑寮曠敤绫诲瀷鐨勪负 Null 鎬т笌闅愬紡瀹炵幇鐨勬垚鍛樷€渋nt IComparer<string>.Compare(string? x, string? y)鈥濅笉鍖归厤(鍙兘鏄敱浜庝负 Null 鎬х壒鎬?銆?[d:\Work\WellTool\src\WellTool.Core\WellTool.Core.csproj::TargetFramework=net6.0]
d:\Work\WellTool\src\WellTool.Core\Comparator\ReverseComparator.cs(29,20): warning CS8767: 鈥渋nt ReverseComparator<E>.Compare(E x, E y)鈥濈殑鍙傛暟鈥渪鈥濈被鍨嬩腑寮曠敤绫诲瀷鐨勪负 Null 鎬т笌闅愬紡瀹炵幇鐨勬垚鍛樷€渋nt IComparer<E>.Compare(E? x, E? y)鈥濅笉鍖归厤(鍙兘鏄敱浜庝负 Null 鎬х壒鎬?銆?[d:\Work\WellTool\src\WellTool.Core\WellTool.Core.csproj::TargetFramework=net6.0]
d:\Work\WellTool\src\WellTool.Core\Comparator\ReverseComparator.cs(29,20): warning CS8767: 鈥渋nt ReverseComparator<E>.Compare(E x, E y)鈥濈殑鍙傛暟鈥測鈥濈被鍨嬩腑寮曠敤绫诲瀷鐨勪负 Null 鎬т笌闅愬紡瀹炵幇鐨勬垚鍛樷€渋nt IComparer<E>.Compare(E? x, E? y)鈥濅笉鍖归厤(鍙兘鏄敱浜庝负 Null 鎬х壒鎬?銆?[d:\Work\WellTool\src\WellTool.Core\WellTool.Core.csproj::TargetFramework=net6.0]
d:\Work\WellTool\src\WellTool.Core\Lang\Map\ActualTypeMapperPool.cs(59,104): warning CS8714: 绫诲瀷鈥淭Key鈥濅笉鑳界敤浣滄硾鍨嬬被鍨嬫垨鏂规硶鈥淒ictionary<TKey, TValue>鈥濅腑鐨勭被鍨嬪弬鏁扳€淭Key鈥濄€傜被鍨嬪弬鏁扳€淭Key鈥濈殑涓?Null 鎬т笌 "notnull" 绾︽潫涓嶅尮閰嶃€?[d:\Work\WellTool\src\WellTool.Core\WellTool.Core.csproj::TargetFramework=net6.0]
d:\Work\WellTool\src\WellTool.Core\Comparator\WindowsExplorerStringComparator.cs(20,20): warning CS8767: 鈥渋nt WindowsExplorerStringComparator.Compare(string x, string y)鈥濈殑鍙傛暟鈥渪鈥濈被鍨嬩腑寮曠敤绫诲瀷鐨勪负 Null 鎬т笌闅愬紡瀹炵幇鐨勬垚鍛樷€渋nt IComparer<string>.Compare(string? x, string? y)鈥濅笉鍖归厤(鍙兘鏄敱浜庝负 Null 鎬х壒鎬?銆?[d:\Work\WellTool\src\WellTool.Core\WellTool.Core.csproj::TargetFramework=net6.0]
d:\Work\WellTool\src\WellTool.Core\Comparator\WindowsExplorerStringComparator.cs(20,20): warning CS8767: 鈥渋nt WindowsExplorerStringComparator.Compare(string x, string y)鈥濈殑鍙傛暟鈥測鈥濈被鍨嬩腑寮曠敤绫诲瀷鐨勪负 Null 鎬т笌闅愬紡瀹炵幇鐨勬垚鍛樷€渋nt IComparer<string>.Compare(string? x, string? y)鈥濅笉鍖归厤(鍙兘鏄敱浜庝负 Null 鎬х壒鎬?銆?[d:\Work\WellTool\src\WellTool.Core\WellTool.Core.csproj::TargetFramework=net6.0]
d:\Work\WellTool\src\WellTool.Core\Comparator\ReverseComparator.cs(39,24): warning CS8767: 鈥渋nt DefaultComparer<T>.Compare(T x, T y)鈥濈殑鍙傛暟鈥渪鈥濈被鍨嬩腑寮曠敤绫诲瀷鐨勪负 Null 鎬т笌闅愬紡瀹炵幇鐨勬垚鍛樷€渋nt IComparer<T>.Compare(T? x, T? y)鈥濅笉鍖归厤(鍙兘鏄敱浜庝负 Null 鎬х壒鎬?銆?[d:\Work\WellTool\src\WellTool.Core\WellTool.Core.csproj::TargetFramework=net6.0]
d:\Work\WellTool\src\WellTool.Core\Comparator\ReverseComparator.cs(39,24): warning CS8767: 鈥渋nt DefaultComparer<T>.Compare(T x, T y)鈥濈殑鍙傛暟鈥測鈥濈被鍨嬩腑寮曠敤绫诲瀷鐨勪负 Null 鎬т笌闅愬紡瀹炵幇鐨勬垚鍛樷€渋nt IComparer<T>.Compare(T? x, T? y)鈥濅笉鍖归厤(鍙兘鏄敱浜庝负 Null 鎬х壒鎬?銆?[d:\Work\WellTool\src\WellTool.Core\WellTool.Core.csproj::TargetFramework=net6.0]
d:\Work\WellTool\src\WellTool.Core\Comparator\FieldsComparator.cs(49,24): warning CS8767: 鈥渋nt FieldsComparer.Compare(T a, T b)鈥濈殑鍙傛暟鈥渁鈥濈被鍨嬩腑寮曠敤绫诲瀷鐨勪负 Null 鎬т笌闅愬紡瀹炵幇鐨勬垚鍛樷€渋nt IComparer<T>.Compare(T? x, T? y)鈥濅笉鍖归厤(鍙兘鏄敱浜庝负 Null 鎬х壒鎬?銆?[d:\Work\WellTool\src\WellTool.Core\WellTool.Core.csproj::TargetFramework=net6.0]
d:\Work\WellTool\src\WellTool.Core\Comparator\FieldsComparator.cs(49,24): warning CS8767: 鈥渋nt FieldsComparer.Compare(T a, T b)鈥濈殑鍙傛暟鈥渂鈥濈被鍨嬩腑寮曠敤绫诲瀷鐨勪负 Null 鎬т笌闅愬紡瀹炵幇鐨勬垚鍛樷€渋nt IComparer<T>.Compare(T? x, T? y)鈥濅笉鍖归厤(鍙兘鏄敱浜庝负 Null 鎬х壒鎬?銆?[d:\Work\WellTool\src\WellTool.Core\WellTool.Core.csproj::TargetFramework=net6.0]
d:\Work\WellTool\src\WellTool.Core\Getter\BasicTypeGetter.cs(15,60): warning CS8625: 鏃犳硶灏?null 瀛楅潰閲忚浆鎹负闈?null 鐨勫紩鐢ㄧ被鍨嬨€?[d:\Work\WellTool\src\WellTool.Core\WellTool.Core.csproj::TargetFramework=net6.0]
d:\Work\WellTool\src\WellTool.Core\Getter\BasicTypeGetter.cs(16,51): warning CS8601: 鍙兘鐨?null 寮曠敤璧嬪€笺€?[d:\Work\WellTool\src\WellTool.Core\WellTool.Core.csproj::TargetFramework=net6.0]
d:\Work\WellTool\src\WellTool.Core\Map\AbsEntry.cs(45,30): warning CS8765: 鍙傛暟鈥渙bj鈥濈被鍨嬬殑涓?Null 鎬т笌閲嶅啓鎴愬憳涓嶅尮閰?鍙兘鏄敱浜庝负 Null 鎬х壒鎬?銆?[d:\Work\WellTool\src\WellTool.Core\WellTool.Core.csproj::TargetFramework=net6.0]
d:\Work\WellTool\src\WellTool.Core\Collection\ConcurrentHashSet.cs(14,56): warning CS8714: 绫诲瀷鈥淭鈥濅笉鑳界敤浣滄硾鍨嬬被鍨嬫垨鏂规硶鈥淐oncurrentDictionary<TKey, TValue>鈥濅腑鐨勭被鍨嬪弬鏁扳€淭Key鈥濄€傜被鍨嬪弬鏁扳€淭鈥濈殑涓?Null 鎬т笌 "notnull" 绾︽潫涓嶅尮閰嶃€?[d:\Work\WellTool\src\WellTool.Core\WellTool.Core.csproj::TargetFramework=net6.0]
d:\Work\WellTool\src\WellTool.Core\Getter\ListTypeGetter.cs(9,70): warning CS8625: 鏃犳硶灏?null 瀛楅潰閲忚浆鎹负闈?null 鐨勫紩鐢ㄧ被鍨嬨€?[d:\Work\WellTool\src\WellTool.Core\WellTool.Core.csproj::TargetFramework=net6.0]
d:\Work\WellTool\src\WellTool.Core\Getter\ListTypeGetter.cs(10,70): warning CS8625: 鏃犳硶灏?null 瀛楅潰閲忚浆鎹负闈?null 鐨勫紩鐢ㄧ被鍨嬨€?[d:\Work\WellTool\src\WellTool.Core\WellTool.Core.csproj::TargetFramework=net6.0]
d:\Work\WellTool\src\WellTool.Core\Getter\ListTypeGetter.cs(11,70): warning CS8625: 鏃犳硶灏?null 瀛楅潰閲忚浆鎹负闈?null 鐨勫紩鐢ㄧ被鍨嬨€?[d:\Work\WellTool\src\WellTool.Core\WellTool.Core.csproj::TargetFramework=net6.0]
d:\Work\WellTool\src\WellTool.Core\Getter\ListTypeGetter.cs(12,73): warning CS8625: 鏃犳硶灏?null 瀛楅潰閲忚浆鎹负闈?null 鐨勫紩鐢ㄧ被鍨嬨€?[d:\Work\WellTool\src\WellTool.Core\WellTool.Core.csproj::TargetFramework=net6.0]
d:\Work\WellTool\src\WellTool.Core\Map\BiMap.cs(9,43): warning CS8714: 绫诲瀷鈥淜鈥濅笉鑳界敤浣滄硾鍨嬬被鍨嬫垨鏂规硶鈥淒ictionary<TKey, TValue>鈥濅腑鐨勭被鍨嬪弬鏁扳€淭Key鈥濄€傜被鍨嬪弬鏁扳€淜鈥濈殑涓?Null 鎬т笌 "notnull" 绾︽潫涓嶅尮閰嶃€?[d:\Work\WellTool\src\WellTool.Core\WellTool.Core.csproj::TargetFramework=net6.0]
d:\Work\WellTool\src\WellTool.Core\Map\BiMap.cs(10,43): warning CS8714: 绫诲瀷鈥淰鈥濅笉鑳界敤浣滄硾鍨嬬被鍨嬫垨鏂规硶鈥淒ictionary<TKey, TValue>鈥濅腑鐨勭被鍨嬪弬鏁扳€淭Key鈥濄€傜被鍨嬪弬鏁扳€淰鈥濈殑涓?Null 鎬т笌 "notnull" 绾︽潫涓嶅尮閰嶃€?[d:\Work\WellTool\src\WellTool.Core\WellTool.Core.csproj::TargetFramework=net6.0]
d:\Work\WellTool\src\WellTool.Core\Getter\ListTypeGetter.cs(13,67): warning CS8625: 鏃犳硶灏?null 瀛楅潰閲忚浆鎹负闈?null 鐨勫紩鐢ㄧ被鍨嬨€?[d:\Work\WellTool\src\WellTool.Core\WellTool.Core.csproj::TargetFramework=net6.0]
d:\Work\WellTool\src\WellTool.Core\Getter\ListTypeGetter.cs(14,70): warning CS8625: 鏃犳硶灏?null 瀛楅潰閲忚浆鎹负闈?null 鐨勫紩鐢ㄧ被鍨嬨€?[d:\Work\WellTool\src\WellTool.Core\WellTool.Core.csproj::TargetFramework=net6.0]
d:\Work\WellTool\src\WellTool.Core\Getter\ListTypeGetter.cs(15,73): warning CS8625: 鏃犳硶灏?null 瀛楅潰閲忚浆鎹负闈?null 鐨勫紩鐢ㄧ被鍨嬨€?[d:\Work\WellTool\src\WellTool.Core\WellTool.Core.csproj::TargetFramework=net6.0]
d:\Work\WellTool\src\WellTool.Core\Getter\ListTypeGetter.cs(16,76): warning CS8625: 鏃犳硶灏?null 瀛楅潰閲忚浆鎹负闈?null 鐨勫紩鐢ㄧ被鍨嬨€?[d:\Work\WellTool\src\WellTool.Core\WellTool.Core.csproj::TargetFramework=net6.0]
d:\Work\WellTool\src\WellTool.Core\Getter\ListTypeGetter.cs(17,76): warning CS8625: 鏃犳硶灏?null 瀛楅潰閲忚浆鎹负闈?null 鐨勫紩鐢ㄧ被鍨嬨€?[d:\Work\WellTool\src\WellTool.Core\WellTool.Core.csproj::TargetFramework=net6.0]
d:\Work\WellTool\src\WellTool.Core\Getter\ListTypeGetter.cs(25,77): warning CS8625: 鏃犳硶灏?null 瀛楅潰閲忚浆鎹负闈?null 鐨勫紩鐢ㄧ被鍨嬨€?[d:\Work\WellTool\src\WellTool.Core\WellTool.Core.csproj::TargetFramework=net6.0]
d:\Work\WellTool\src\WellTool.Core\Getter\ListTypeGetter.cs(18,67): warning CS8625: 鏃犳硶灏?null 瀛楅潰閲忚浆鎹负闈?null 鐨勫紩鐢ㄧ被鍨嬨€?[d:\Work\WellTool\src\WellTool.Core\WellTool.Core.csproj::TargetFramework=net6.0]
d:\Work\WellTool\src\WellTool.Core\Getter\ListTypeGetter.cs(30,77): warning CS8625: 鏃犳硶灏?null 瀛楅潰閲忚浆鎹负闈?null 鐨勫紩鐢ㄧ被鍨嬨€?[d:\Work\WellTool\src\WellTool.Core\WellTool.Core.csproj::TargetFramework=net6.0]
d:\Work\WellTool\src\WellTool.Core\Getter\ListTypeGetter.cs(35,77): warning CS8625: 鏃犳硶灏?null 瀛楅潰閲忚浆鎹负闈?null 鐨勫紩鐢ㄧ被鍨嬨€?[d:\Work\WellTool\src\WellTool.Core\WellTool.Core.csproj::TargetFramework=net6.0]
d:\Work\WellTool\src\WellTool.Core\Getter\ListTypeGetter.cs(40,80): warning CS8625: 鏃犳硶灏?null 瀛楅潰閲忚浆鎹负闈?null 鐨勫紩鐢ㄧ被鍨嬨€?[d:\Work\WellTool\src\WellTool.Core\WellTool.Core.csproj::TargetFramework=net6.0]
d:\Work\WellTool\src\WellTool.Core\Getter\ListTypeGetter.cs(45,74): warning CS8625: 鏃犳硶灏?null 瀛楅潰閲忚浆鎹负闈?null 鐨勫紩鐢ㄧ被鍨嬨€?[d:\Work\WellTool\src\WellTool.Core\WellTool.Core.csproj::TargetFramework=net6.0]
d:\Work\WellTool\src\WellTool.Core\Getter\ListTypeGetter.cs(50,77): warning CS8625: 鏃犳硶灏?null 瀛楅潰閲忚浆鎹负闈?null 鐨勫紩鐢ㄧ被鍨嬨€?[d:\Work\WellTool\src\WellTool.Core\WellTool.Core.csproj::TargetFramework=net6.0]
d:\Work\WellTool\src\WellTool.Core\Getter\ListTypeGetter.cs(55,80): warning CS8625: 鏃犳硶灏?null 瀛楅潰閲忚浆鎹负闈?null 鐨勫紩鐢ㄧ被鍨嬨€?[d:\Work\WellTool\src\WellTool.Core\WellTool.Core.csproj::TargetFramework=net6.0]
d:\Work\WellTool\src\WellTool.Core\Getter\ListTypeGetter.cs(60,83): warning CS8625: 鏃犳硶灏?null 瀛楅潰閲忚浆鎹负闈?null 鐨勫紩鐢ㄧ被鍨嬨€?[d:\Work\WellTool\src\WellTool.Core\WellTool.Core.csproj::TargetFramework=net6.0]
d:\Work\WellTool\src\WellTool.Core\Getter\ListTypeGetter.cs(65,83): warning CS8625: 鏃犳硶灏?null 瀛楅潰閲忚浆鎹负闈?null 鐨勫紩鐢ㄧ被鍨嬨€?[d:\Work\WellTool\src\WellTool.Core\WellTool.Core.csproj::TargetFramework=net6.0]
d:\Work\WellTool\src\WellTool.Core\Getter\ListTypeGetter.cs(70,74): warning CS8625: 鏃犳硶灏?null 瀛楅潰閲忚浆鎹负闈?null 鐨勫紩鐢ㄧ被鍨嬨€?[d:\Work\WellTool\src\WellTool.Core\WellTool.Core.csproj::TargetFramework=net6.0]
d:\Work\WellTool\src\WellTool.Core\Getter\ListTypeGetter.cs(75,81): warning CS8625: 鏃犳硶灏?null 瀛楅潰閲忚浆鎹负闈?null 鐨勫紩鐢ㄧ被鍨嬨€?[d:\Work\WellTool\src\WellTool.Core\WellTool.Core.csproj::TargetFramework=net6.0]
d:\Work\WellTool\src\WellTool.Core\Bean\DynaBean.cs(200,30): warning CS8765: 鍙傛暟鈥渙bj鈥濈被鍨嬬殑涓?Null 鎬т笌閲嶅啓鎴愬憳涓嶅尮閰?鍙兘鏄敱浜庝负 Null 鎬х壒鎬?銆?[d:\Work\WellTool\src\WellTool.Core\WellTool.Core.csproj::TargetFramework=net6.0]
d:\Work\WellTool\src\WellTool.Core\Getter\BasicTypeGetter.cs(71,67): warning CS8625: 鏃犳硶灏?null 瀛楅潰閲忚浆鎹负闈?null 鐨勫紩鐢ㄧ被鍨嬨€?[d:\Work\WellTool\src\WellTool.Core\WellTool.Core.csproj::TargetFramework=net6.0]
d:\Work\WellTool\src\WellTool.Core\Getter\BasicTypeGetter.cs(77,58): warning CS8601: 鍙兘鐨?null 寮曠敤璧嬪€笺€?[d:\Work\WellTool\src\WellTool.Core\WellTool.Core.csproj::TargetFramework=net6.0]
d:\Work\WellTool\src\WellTool.Core\Getter\OptNullBasicTypeFromObjectGetter.cs(32,13): warning CS0108: 鈥淥ptNullBasicTypeFromObjectGetter<K>.GetStr(K, string?)鈥濋殣钘忕户鎵跨殑鎴愬憳鈥淥ptBasicTypeGetter<K>.GetStr(K, string?)鈥濄€傚鏋滄槸鏈夋剰闅愯棌锛岃浣跨敤鍏抽敭瀛?new銆?[d:\Work\WellTool\src\WellTool.Core\WellTool.Core.csproj::TargetFramework=net6.0]
d:\Work\WellTool\src\WellTool.Core\Getter\OptNullBasicTypeFromObjectGetter.cs(40,10): warning CS0108: 鈥淥ptNullBasicTypeFromObjectGetter<K>.GetInt(K, int?)鈥濋殣钘忕户鎵跨殑鎴愬憳鈥淥ptBasicTypeGetter<K>.GetInt(K, int?)鈥濄€傚鏋滄槸鏈夋剰闅愯棌锛岃浣跨敤鍏抽敭瀛?new銆?[d:\Work\WellTool\src\WellTool.Core\WellTool.Core.csproj::TargetFramework=net6.0]
d:\Work\WellTool\src\WellTool.Core\Getter\OptNullBasicTypeFromObjectGetter.cs(48,12): warning CS0108: 鈥淥ptNullBasicTypeFromObjectGetter<K>.GetShort(K, short?)鈥濋殣钘忕户鎵跨殑鎴愬憳鈥淥ptBasicTypeGetter<K>.GetShort(K, short?)鈥濄€傚鏋滄槸鏈夋剰闅愯棌锛岃浣跨敤鍏抽敭瀛?new銆?[d:\Work\WellTool\src\WellTool.Core\WellTool.Core.csproj::TargetFramework=net6.0]
d:\Work\WellTool\src\WellTool.Core\Getter\OptNullBasicTypeFromObjectGetter.cs(56,11): warning CS0108: 鈥淥ptNullBasicTypeFromObjectGetter<K>.GetBool(K, bool?)鈥濋殣钘忕户鎵跨殑鎴愬憳鈥淥ptBasicTypeGetter<K>.GetBool(K, bool?)鈥濄€傚鏋滄槸鏈夋剰闅愯棌锛岃浣跨敤鍏抽敭瀛?new銆?[d:\Work\WellTool\src\WellTool.Core\WellTool.Core.csproj::TargetFramework=net6.0]
d:\Work\WellTool\src\WellTool.Core\Getter\OptNullBasicTypeFromObjectGetter.cs(64,11): warning CS0108: 鈥淥ptNullBasicTypeFromObjectGetter<K>.GetLong(K, long?)鈥濋殣钘忕户鎵跨殑鎴愬憳鈥淥ptBasicTypeGetter<K>.GetLong(K, long?)鈥濄€傚鏋滄槸鏈夋剰闅愯棌锛岃浣跨敤鍏抽敭瀛?new銆?[d:\Work\WellTool\src\WellTool.Core\WellTool.Core.csproj::TargetFramework=net6.0]
d:\Work\WellTool\src\WellTool.Core\Getter\OptNullBasicTypeFromObjectGetter.cs(72,11): warning CS0108: 鈥淥ptNullBasicTypeFromObjectGetter<K>.GetChar(K, char?)鈥濋殣钘忕户鎵跨殑鎴愬憳鈥淥ptBasicTypeGetter<K>.GetChar(K, char?)鈥濄€傚鏋滄槸鏈夋剰闅愯棌锛岃浣跨敤鍏抽敭瀛?new銆?[d:\Work\WellTool\src\WellTool.Core\WellTool.Core.csproj::TargetFramework=net6.0]
d:\Work\WellTool\src\WellTool.Core\Getter\OptNullBasicTypeFromObjectGetter.cs(80,12): warning CS0108: 鈥淥ptNullBasicTypeFromObjectGetter<K>.GetFloat(K, float?)鈥濋殣钘忕户鎵跨殑鎴愬憳鈥淥ptBasicTypeGetter<K>.GetFloat(K, float?)鈥濄€傚鏋滄槸鏈夋剰闅愯棌锛岃浣跨敤鍏抽敭瀛?new銆?[d:\Work\WellTool\src\WellTool.Core\WellTool.Core.csproj::TargetFramework=net6.0]
d:\Work\WellTool\src\WellTool.Core\Getter\OptNullBasicTypeFromObjectGetter.cs(88,13): warning CS0108: 鈥淥ptNullBasicTypeFromObjectGetter<K>.GetDouble(K, double?)鈥濋殣钘忕户鎵跨殑鎴愬憳鈥淥ptBasicTypeGetter<K>.GetDouble(K, double?)鈥濄€傚鏋滄槸鏈夋剰闅愯棌锛岃浣跨敤鍏抽敭瀛?new銆?[d:\Work\WellTool\src\WellTool.Core\WellTool.Core.csproj::TargetFramework=net6.0]
d:\Work\WellTool\src\WellTool.Core\Getter\OptNullBasicTypeFromObjectGetter.cs(96,11): warning CS0108: 鈥淥ptNullBasicTypeFromObjectGetter<K>.GetByte(K, byte?)鈥濋殣钘忕户鎵跨殑鎴愬憳鈥淥ptBasicTypeGetter<K>.GetByte(K, byte?)鈥濄€傚鏋滄槸鏈夋剰闅愯棌锛岃浣跨敤鍏抽敭瀛?new銆?[d:\Work\WellTool\src\WellTool.Core\WellTool.Core.csproj::TargetFramework=net6.0]
d:\Work\WellTool\src\WellTool.Core\Getter\OptNullBasicTypeFromObjectGetter.cs(104,14): warning CS0108: 鈥淥ptNullBasicTypeFromObjectGetter<K>.GetBigDecimal(K, decimal?)鈥濋殣钘忕户鎵跨殑鎴愬憳鈥淥ptBasicTypeGetter<K>.GetBigDecimal(K, decimal?)鈥濄€傚鏋滄槸鏈夋剰闅愯棌锛岃浣跨敤鍏抽敭瀛?new銆?[d:\Work\WellTool\src\WellTool.Core\WellTool.Core.csproj::TargetFramework=net6.0]
d:\Work\WellTool\src\WellTool.Core\Getter\OptNullBasicTypeFromObjectGetter.cs(112,17): warning CS0108: 鈥淥ptNullBasicTypeFromObjectGetter<K>.GetBigInteger(K, BigInteger?)鈥濋殣钘忕户鎵跨殑鎴愬憳鈥淥ptBasicTypeGetter<K>.GetBigInteger(K, BigInteger?)鈥濄€傚鏋滄槸鏈夋剰闅愯棌锛岃浣跨敤鍏抽敭瀛?new銆?[d:\Work\WellTool\src\WellTool.Core\WellTool.Core.csproj::TargetFramework=net6.0]
d:\Work\WellTool\src\WellTool.Core\Getter\OptNullBasicTypeFromObjectGetter.cs(122,8): warning CS0108: 鈥淥ptNullBasicTypeFromObjectGetter<K>.GetEnum<E>(Type, K, E?)鈥濋殣钘忕户鎵跨殑鎴愬憳鈥淥ptBasicTypeGetter<K>.GetEnum<E>(Type, K, E?)鈥濄€傚鏋滄槸鏈夋剰闅愯棌锛岃浣跨敤鍏抽敭瀛?new銆?[d:\Work\WellTool\src\WellTool.Core\WellTool.Core.csproj::TargetFramework=net6.0]
d:\Work\WellTool\src\WellTool.Core\Getter\OptNullBasicTypeFromObjectGetter.cs(130,15): warning CS0108: 鈥淥ptNullBasicTypeFromObjectGetter<K>.GetDate(K, DateTime?)鈥濋殣钘忕户鎵跨殑鎴愬憳鈥淥ptBasicTypeGetter<K>.GetDate(K, DateTime?)鈥濄€傚鏋滄槸鏈夋剰闅愯棌锛岃浣跨敤鍏抽敭瀛?new銆?[d:\Work\WellTool\src\WellTool.Core\WellTool.Core.csproj::TargetFramework=net6.0]
d:\Work\WellTool\src\WellTool.Core\Getter\OptNullBasicTypeFromStringGetter.cs(31,13): warning CS0108: 鈥淥ptNullBasicTypeFromStringGetter<K>.GetObj(K, object?)鈥濋殣钘忕户鎵跨殑鎴愬憳鈥淥ptBasicTypeGetter<K>.GetObj(K, object?)鈥濄€傚鏋滄槸鏈夋剰闅愯棌锛岃浣跨敤鍏抽敭瀛?new銆?[d:\Work\WellTool\src\WellTool.Core\WellTool.Core.csproj::TargetFramework=net6.0]
d:\Work\WellTool\src\WellTool.Core\Getter\OptNullBasicTypeFromStringGetter.cs(39,10): warning CS0108: 鈥淥ptNullBasicTypeFromStringGetter<K>.GetInt(K, int?)鈥濋殣钘忕户鎵跨殑鎴愬憳鈥淥ptBasicTypeGetter<K>.GetInt(K, int?)鈥濄€傚鏋滄槸鏈夋剰闅愯棌锛岃浣跨敤鍏抽敭瀛?new銆?[d:\Work\WellTool\src\WellTool.Core\WellTool.Core.csproj::TargetFramework=net6.0]
d:\Work\WellTool\src\WellTool.Core\Getter\OptNullBasicTypeFromStringGetter.cs(47,12): warning CS0108: 鈥淥ptNullBasicTypeFromStringGetter<K>.GetShort(K, short?)鈥濋殣钘忕户鎵跨殑鎴愬憳鈥淥ptBasicTypeGetter<K>.GetShort(K, short?)鈥濄€傚鏋滄槸鏈夋剰闅愯棌锛岃浣跨敤鍏抽敭瀛?new銆?[d:\Work\WellTool\src\WellTool.Core\WellTool.Core.csproj::TargetFramework=net6.0]
d:\Work\WellTool\src\WellTool.Core\Getter\OptNullBasicTypeFromStringGetter.cs(55,11): warning CS0108: 鈥淥ptNullBasicTypeFromStringGetter<K>.GetBool(K, bool?)鈥濋殣钘忕户鎵跨殑鎴愬憳鈥淥ptBasicTypeGetter<K>.GetBool(K, bool?)鈥濄€傚鏋滄槸鏈夋剰闅愯棌锛岃浣跨敤鍏抽敭瀛?new銆?[d:\Work\WellTool\src\WellTool.Core\WellTool.Core.csproj::TargetFramework=net6.0]
d:\Work\WellTool\src\WellTool.Core\Getter\OptNullBasicTypeFromStringGetter.cs(63,11): warning CS0108: 鈥淥ptNullBasicTypeFromStringGetter<K>.GetLong(K, long?)鈥濋殣钘忕户鎵跨殑鎴愬憳鈥淥ptBasicTypeGetter<K>.GetLong(K, long?)鈥濄€傚鏋滄槸鏈夋剰闅愯棌锛岃浣跨敤鍏抽敭瀛?new銆?[d:\Work\WellTool\src\WellTool.Core\WellTool.Core.csproj::TargetFramework=net6.0]
d:\Work\WellTool\src\WellTool.Core\Getter\OptNullBasicTypeFromStringGetter.cs(71,11): warning CS0108: 鈥淥ptNullBasicTypeFromStringGetter<K>.GetChar(K, char?)鈥濋殣钘忕户鎵跨殑鎴愬憳鈥淥ptBasicTypeGetter<K>.GetChar(K, char?)鈥濄€傚鏋滄槸鏈夋剰闅愯棌锛岃浣跨敤鍏抽敭瀛?new銆?[d:\Work\WellTool\src\WellTool.Core\WellTool.Core.csproj::TargetFramework=net6.0]
d:\Work\WellTool\src\WellTool.Core\Getter\OptNullBasicTypeFromStringGetter.cs(79,12): warning CS0108: 鈥淥ptNullBasicTypeFromStringGetter<K>.GetFloat(K, float?)鈥濋殣钘忕户鎵跨殑鎴愬憳鈥淥ptBasicTypeGetter<K>.GetFloat(K, float?)鈥濄€傚鏋滄槸鏈夋剰闅愯棌锛岃浣跨敤鍏抽敭瀛?new銆?[d:\Work\WellTool\src\WellTool.Core\WellTool.Core.csproj::TargetFramework=net6.0]
d:\Work\WellTool\src\WellTool.Core\Getter\OptNullBasicTypeFromStringGetter.cs(87,13): warning CS0108: 鈥淥ptNullBasicTypeFromStringGetter<K>.GetDouble(K, double?)鈥濋殣钘忕户鎵跨殑鎴愬憳鈥淥ptBasicTypeGetter<K>.GetDouble(K, double?)鈥濄€傚鏋滄槸鏈夋剰闅愯棌锛岃浣跨敤鍏抽敭瀛?new銆?[d:\Work\WellTool\src\WellTool.Core\WellTool.Core.csproj::TargetFramework=net6.0]
d:\Work\WellTool\src\WellTool.Core\Getter\OptNullBasicTypeFromStringGetter.cs(95,11): warning CS0108: 鈥淥ptNullBasicTypeFromStringGetter<K>.GetByte(K, byte?)鈥濋殣钘忕户鎵跨殑鎴愬憳鈥淥ptBasicTypeGetter<K>.GetByte(K, byte?)鈥濄€傚鏋滄槸鏈夋剰闅愯棌锛岃浣跨敤鍏抽敭瀛?new銆?[d:\Work\WellTool\src\WellTool.Core\WellTool.Core.csproj::TargetFramework=net6.0]
d:\Work\WellTool\src\WellTool.Core\Getter\OptNullBasicTypeFromStringGetter.cs(103,14): warning CS0108: 鈥淥ptNullBasicTypeFromStringGetter<K>.GetBigDecimal(K, decimal?)鈥濋殣钘忕户鎵跨殑鎴愬憳鈥淥ptBasicTypeGetter<K>.GetBigDecimal(K, decimal?)鈥濄€傚鏋滄槸鏈夋剰闅愯棌锛岃浣跨敤鍏抽敭瀛?new銆?[d:\Work\WellTool\src\WellTool.Core\WellTool.Core.csproj::TargetFramework=net6.0]
d:\Work\WellTool\src\WellTool.Core\Getter\OptNullBasicTypeFromStringGetter.cs(111,17): warning CS0108: 鈥淥ptNullBasicTypeFromStringGetter<K>.GetBigInteger(K, BigInteger?)鈥濋殣钘忕户鎵跨殑鎴愬憳鈥淥ptBasicTypeGetter<K>.GetBigInteger(K, BigInteger?)鈥濄€傚鏋滄槸鏈夋剰闅愯棌锛岃浣跨敤鍏抽敭瀛?new銆?[d:\Work\WellTool\src\WellTool.Core\WellTool.Core.csproj::TargetFramework=net6.0]
d:\Work\WellTool\src\WellTool.Core\Getter\OptNullBasicTypeFromStringGetter.cs(121,8): warning CS0108: 鈥淥ptNullBasicTypeFromStringGetter<K>.GetEnum<E>(Type, K, E?)鈥濋殣钘忕户鎵跨殑鎴愬憳鈥淥ptBasicTypeGetter<K>.GetEnum<E>(Type, K, E?)鈥濄€傚鏋滄槸鏈夋剰闅愯棌锛岃浣跨敤鍏抽敭瀛?new銆?[d:\Work\WellTool\src\WellTool.Core\WellTool.Core.csproj::TargetFramework=net6.0]
d:\Work\WellTool\src\WellTool.Core\Getter\OptNullBasicTypeFromStringGetter.cs(129,15): warning CS0108: 鈥淥ptNullBasicTypeFromStringGetter<K>.GetDate(K, DateTime?)鈥濋殣钘忕户鎵跨殑鎴愬憳鈥淥ptBasicTypeGetter<K>.GetDate(K, DateTime?)鈥濄€傚鏋滄槸鏈夋剰闅愯棌锛岃浣跨敤鍏抽敭瀛?new銆?[d:\Work\WellTool\src\WellTool.Core\WellTool.Core.csproj::TargetFramework=net6.0]
d:\Work\WellTool\src\WellTool.Core\IO\AppendableWriter.cs(51,30): warning CS8765: 鍙傛暟鈥渧alue鈥濈被鍨嬬殑涓?Null 鎬т笌閲嶅啓鎴愬憳涓嶅尮閰?鍙兘鏄敱浜庝负 Null 鎬х壒鎬?銆?[d:\Work\WellTool\src\WellTool.Core\WellTool.Core.csproj::TargetFramework=net6.0]
d:\Work\WellTool\src\WellTool.Core\IO\AppendableWriter.cs(57,30): warning CS8765: 鍙傛暟鈥渂uffer鈥濈被鍨嬬殑涓?Null 鎬т笌閲嶅啓鎴愬憳涓嶅尮閰?鍙兘鏄敱浜庝负 Null 鎬х壒鎬?銆?[d:\Work\WellTool\src\WellTool.Core\WellTool.Core.csproj::TargetFramework=net6.0]
d:\Work\WellTool\src\WellTool.Core\Collection\RandomAccessAvgPartition.cs(24,17): warning CS0108: 鈥淩andomAccessAvgPartition<T>.IsReadOnly鈥濋殣钘忕户鎵跨殑鎴愬憳鈥淧artition<T>.IsReadOnly鈥濄€傚鏋滄槸鏈夋剰闅愯棌锛岃浣跨敤鍏抽敭瀛?new銆?[d:\Work\WellTool\src\WellTool.Core\WellTool.Core.csproj::TargetFramework=net6.0]
d:\Work\WellTool\src\WellTool.Core\Collection\RandomAccessAvgPartition.cs(25,19): warning CS0108: 鈥淩andomAccessAvgPartition<T>.this[int]鈥濋殣钘忕户鎵跨殑鎴愬憳鈥淧artition<T>.this[int]鈥濄€傚鏋滄槸鏈夋剰闅愯棌锛岃浣跨敤鍏抽敭瀛?new銆?[d:\Work\WellTool\src\WellTool.Core\WellTool.Core.csproj::TargetFramework=net6.0]
d:\Work\WellTool\src\WellTool.Core\Collection\RandomAccessAvgPartition.cs(27,24): warning CS0108: 鈥淩andomAccessAvgPartition<T>.GetEnumerator()鈥濋殣钘忕户鎵跨殑鎴愬憳鈥淧artition<T>.GetEnumerator()鈥濄€傚鏋滄槸鏈夋剰闅愯棌锛岃浣跨敤鍏抽敭瀛?new銆?[d:\Work\WellTool\src\WellTool.Core\WellTool.Core.csproj::TargetFramework=net6.0]
d:\Work\WellTool\src\WellTool.Core\Collection\RandomAccessAvgPartition.cs(29,17): warning CS0108: 鈥淩andomAccessAvgPartition<T>.Clear()鈥濋殣钘忕户鎵跨殑鎴愬憳鈥淧artition<T>.Clear()鈥濄€傚鏋滄槸鏈夋剰闅愯棌锛岃浣跨敤鍏抽敭瀛?new銆?[d:\Work\WellTool\src\WellTool.Core\WellTool.Core.csproj::TargetFramework=net6.0]
d:\Work\WellTool\src\WellTool.Core\Collection\RandomAccessAvgPartition.cs(34,17): warning CS0108: 鈥淩andomAccessAvgPartition<T>.RemoveAt(int)鈥濋殣钘忕户鎵跨殑鎴愬憳鈥淧artition<T>.RemoveAt(int)鈥濄€傚鏋滄槸鏈夋剰闅愯棌锛岃浣跨敤鍏抽敭瀛?new銆?[d:\Work\WellTool\src\WellTool.Core\WellTool.Core.csproj::TargetFramework=net6.0]
d:\Work\WellTool\src\WellTool.Core\Collection\RandomAccessAvgPartition.cs(39,16): warning CS0108: 鈥淩andomAccessAvgPartition<T>.Count鈥濋殣钘忕户鎵跨殑鎴愬憳鈥淧artition<T>.Count鈥濄€傚鏋滄槸鏈夋剰闅愯棌锛岃浣跨敤鍏抽敭瀛?new銆?[d:\Work\WellTool\src\WellTool.Core\WellTool.Core.csproj::TargetFramework=net6.0]
d:\Work\WellTool\src\WellTool.Core\Collection\RandomAccessAvgPartition.cs(28,16): warning CS8767: 鈥渋nt RandomAccessAvgPartition<T>.Add(object value)鈥濈殑鍙傛暟鈥渧alue鈥濈被鍨嬩腑寮曠敤绫诲瀷鐨勪负 Null 鎬т笌闅愬紡瀹炵幇鐨勬垚鍛樷€渋nt IList.Add(object? value)鈥濅笉鍖归厤(鍙兘鏄敱浜庝负 Null 鎬х壒鎬?銆?[d:\Work\WellTool\src\WellTool.Core\WellTool.Core.csproj::TargetFramework=net6.0]
d:\Work\WellTool\src\WellTool.Core\Collection\RandomAccessAvgPartition.cs(30,17): warning CS8767: 鈥渂ool RandomAccessAvgPartition<T>.Contains(object value)鈥濈殑鍙傛暟鈥渧alue鈥濈被鍨嬩腑寮曠敤绫诲瀷鐨勪负 Null 鎬т笌闅愬紡瀹炵幇鐨勬垚鍛樷€渂ool IList.Contains(object? value)鈥濅笉鍖归厤(鍙兘鏄敱浜庝负 Null 鎬х壒鎬?銆?[d:\Work\WellTool\src\WellTool.Core\WellTool.Core.csproj::TargetFramework=net6.0]
d:\Work\WellTool\src\WellTool.Core\Collection\RandomAccessAvgPartition.cs(31,16): warning CS8767: 鈥渋nt RandomAccessAvgPartition<T>.IndexOf(object value)鈥濈殑鍙傛暟鈥渧alue鈥濈被鍨嬩腑寮曠敤绫诲瀷鐨勪负 Null 鎬т笌闅愬紡瀹炵幇鐨勬垚鍛樷€渋nt IList.IndexOf(object? value)鈥濅笉鍖归厤(鍙兘鏄敱浜庝负 Null 鎬х壒鎬?銆?[d:\Work\WellTool\src\WellTool.Core\WellTool.Core.csproj::TargetFramework=net6.0]
d:\Work\WellTool\src\WellTool.Core\Collection\RandomAccessAvgPartition.cs(32,17): warning CS8767: 鈥渧oid RandomAccessAvgPartition<T>.Insert(int index, object value)鈥濈殑鍙傛暟鈥渧alue鈥濈被鍨嬩腑寮曠敤绫诲瀷鐨勪负 Null 鎬т笌闅愬紡瀹炵幇鐨勬垚鍛樷€渧oid IList.Insert(int index, object? value)鈥濅笉鍖归厤(鍙兘鏄敱浜庝负 Null 鎬х壒鎬?銆?[d:\Work\WellTool\src\WellTool.Core\WellTool.Core.csproj::TargetFramework=net6.0]
d:\Work\WellTool\src\WellTool.Core\Collection\RandomAccessAvgPartition.cs(33,17): warning CS8767: 鈥渧oid RandomAccessAvgPartition<T>.Remove(object value)鈥濈殑鍙傛暟鈥渧alue鈥濈被鍨嬩腑寮曠敤绫诲瀷鐨勪负 Null 鎬т笌闅愬紡瀹炵幇鐨勬垚鍛樷€渧oid IList.Remove(object? value)鈥濅笉鍖归厤(鍙兘鏄敱浜庝负 Null 鎬х壒鎬?銆?[d:\Work\WellTool\src\WellTool.Core\WellTool.Core.csproj::TargetFramework=net6.0]
d:\Work\WellTool\src\WellTool.Core\Collection\RandomAccessAvgPartition.cs(25,67): warning CS8767: 鈥渧oid RandomAccessAvgPartition<T>.this[int index].set鈥濈殑鍙傛暟鈥渧alue鈥濈被鍨嬩腑寮曠敤绫诲瀷鐨勪负 Null 鎬т笌闅愬紡瀹炵幇鐨勬垚鍛樷€渧oid IList.this[int index].set鈥濅笉鍖归厤(鍙兘鏄敱浜庝负 Null 鎬х壒鎬?銆?[d:\Work\WellTool\src\WellTool.Core\WellTool.Core.csproj::TargetFramework=net6.0]
d:\Work\WellTool\src\WellTool.Core\Date\TimeZoneUtil.cs(55,83): warning CS8625: 鏃犳硶灏?null 瀛楅潰閲忚浆鎹负闈?null 鐨勫紩鐢ㄧ被鍨嬨€?[d:\Work\WellTool\src\WellTool.Core\WellTool.Core.csproj::TargetFramework=net6.0]
d:\Work\WellTool\src\WellTool.Core\Date\TimeZoneUtil.cs(67,88): warning CS8625: 鏃犳硶灏?null 瀛楅潰閲忚浆鎹负闈?null 鐨勫紩鐢ㄧ被鍨嬨€?[d:\Work\WellTool\src\WellTool.Core\WellTool.Core.csproj::TargetFramework=net6.0]
d:\Work\WellTool\src\WellTool.Core\Date\Format\AbstractDateBasic.cs(54,9): warning CS0618: 鈥淭imeZone鈥濆凡杩囨椂:鈥淪ystem.TimeZone has been deprecated. Investigate the use of System.TimeZoneInfo instead.鈥?[d:\Work\WellTool\src\WellTool.Core\WellTool.Core.csproj::TargetFramework=net6.0]
d:\Work\WellTool\src\WellTool.Core\Date\Format\DateBasic.cs(21,2): warning CS0618: 鈥淭imeZone鈥濆凡杩囨椂:鈥淪ystem.TimeZone has been deprecated. Investigate the use of System.TimeZoneInfo instead.鈥?[d:\Work\WellTool\src\WellTool.Core\WellTool.Core.csproj::TargetFramework=net6.0]
d:\Work\WellTool\src\WellTool.Core\Date\Format\AbstractDateBasic.cs(65,23): warning CS8765: 鍙傛暟鈥渙bj鈥濈被鍨嬬殑涓?Null 鎬т笌閲嶅啓鎴愬憳涓嶅尮閰?鍙兘鏄敱浜庝负 Null 鎬х壒鎬?銆?[d:\Work\WellTool\src\WellTool.Core\WellTool.Core.csproj::TargetFramework=net6.0]
d:\Work\WellTool\src\WellTool.Core\Date\Format\AbstractDateBasic.cs(24,21): warning CS0618: 鈥淭imeZone鈥濆凡杩囨椂:鈥淪ystem.TimeZone has been deprecated. Investigate the use of System.TimeZoneInfo instead.鈥?[d:\Work\WellTool\src\WellTool.Core\WellTool.Core.csproj::TargetFramework=net6.0]
d:\Work\WellTool\src\WellTool.Core\Date\Format\AbstractDateBasic.cs(37,46): warning CS0618: 鈥淭imeZone鈥濆凡杩囨椂:鈥淪ystem.TimeZone has been deprecated. Investigate the use of System.TimeZoneInfo instead.鈥?[d:\Work\WellTool\src\WellTool.Core\WellTool.Core.csproj::TargetFramework=net6.0]
d:\Work\WellTool\src\WellTool.Core\Map\CustomKeyMap.cs(8,14): warning CS8714: 绫诲瀷鈥淜鈥濅笉鑳界敤浣滄硾鍨嬬被鍨嬫垨鏂规硶鈥淒ictionary<TKey, TValue>鈥濅腑鐨勭被鍨嬪弬鏁扳€淭Key鈥濄€傜被鍨嬪弬鏁扳€淜鈥濈殑涓?Null 鎬т笌 "notnull" 绾︽潫涓嶅尮閰嶃€?[d:\Work\WellTool\src\WellTool.Core\WellTool.Core.csproj::TargetFramework=net6.0]
d:\Work\WellTool\src\WellTool.Core\Lang\ClassScanner.cs(27,82): warning CS8625: 鏃犳硶灏?null 瀛楅潰閲忚浆鎹负闈?null 鐨勫紩鐢ㄧ被鍨嬨€?[d:\Work\WellTool\src\WellTool.Core\WellTool.Core.csproj::TargetFramework=net6.0]
d:\Work\WellTool\src\WellTool.Core\Thread\AsyncUtil.cs(165,89): warning CS8601: 鍙兘鐨?null 寮曠敤璧嬪€笺€?[d:\Work\WellTool\src\WellTool.Core\WellTool.Core.csproj::TargetFramework=net6.0]
d:\Work\WellTool\src\WellTool.Core\Text\CharPool.cs(160,23): warning CS0108: 鈥淐harPool.Equals鈥濋殣钘忕户鎵跨殑鎴愬憳鈥渙bject.Equals(object?)鈥濄€傚鏋滄槸鏈夋剰闅愯棌锛岃浣跨敤鍏抽敭瀛?new銆?[d:\Work\WellTool\src\WellTool.Core\WellTool.Core.csproj::TargetFramework=net6.0]
d:\Work\WellTool\src\WellTool.Core\Collection\RandomAccessPartition.cs(24,17): warning CS0108: 鈥淩andomAccessPartition<T>.IsReadOnly鈥濋殣钘忕户鎵跨殑鎴愬憳鈥淧artition<T>.IsReadOnly鈥濄€傚鏋滄槸鏈夋剰闅愯棌锛岃浣跨敤鍏抽敭瀛?new銆?[d:\Work\WellTool\src\WellTool.Core\WellTool.Core.csproj::TargetFramework=net6.0]
d:\Work\WellTool\src\WellTool.Core\Collection\RandomAccessPartition.cs(25,19): warning CS0108: 鈥淩andomAccessPartition<T>.this[int]鈥濋殣钘忕户鎵跨殑鎴愬憳鈥淧artition<T>.this[int]鈥濄€傚鏋滄槸鏈夋剰闅愯棌锛岃浣跨敤鍏抽敭瀛?new銆?[d:\Work\WellTool\src\WellTool.Core\WellTool.Core.csproj::TargetFramework=net6.0]
d:\Work\WellTool\src\WellTool.Core\Collection\RandomAccessPartition.cs(27,24): warning CS0108: 鈥淩andomAccessPartition<T>.GetEnumerator()鈥濋殣钘忕户鎵跨殑鎴愬憳鈥淧artition<T>.GetEnumerator()鈥濄€傚鏋滄槸鏈夋剰闅愯棌锛岃浣跨敤鍏抽敭瀛?new銆?[d:\Work\WellTool\src\WellTool.Core\WellTool.Core.csproj::TargetFramework=net6.0]
d:\Work\WellTool\src\WellTool.Core\Collection\RandomAccessPartition.cs(29,17): warning CS0108: 鈥淩andomAccessPartition<T>.Clear()鈥濋殣钘忕户鎵跨殑鎴愬憳鈥淧artition<T>.Clear()鈥濄€傚鏋滄槸鏈夋剰闅愯棌锛岃浣跨敤鍏抽敭瀛?new銆?[d:\Work\WellTool\src\WellTool.Core\WellTool.Core.csproj::TargetFramework=net6.0]
d:\Work\WellTool\src\WellTool.Core\Collection\RandomAccessPartition.cs(34,17): warning CS0108: 鈥淩andomAccessPartition<T>.RemoveAt(int)鈥濋殣钘忕户鎵跨殑鎴愬憳鈥淧artition<T>.RemoveAt(int)鈥濄€傚鏋滄槸鏈夋剰闅愯棌锛岃浣跨敤鍏抽敭瀛?new銆?[d:\Work\WellTool\src\WellTool.Core\WellTool.Core.csproj::TargetFramework=net6.0]
d:\Work\WellTool\src\WellTool.Core\Collection\RandomAccessPartition.cs(28,16): warning CS8767: 鈥渋nt RandomAccessPartition<T>.Add(object value)鈥濈殑鍙傛暟鈥渧alue鈥濈被鍨嬩腑寮曠敤绫诲瀷鐨勪负 Null 鎬т笌闅愬紡瀹炵幇鐨勬垚鍛樷€渋nt IList.Add(object? value)鈥濅笉鍖归厤(鍙兘鏄敱浜庝负 Null 鎬х壒鎬?銆?[d:\Work\WellTool\src\WellTool.Core\WellTool.Core.csproj::TargetFramework=net6.0]
d:\Work\WellTool\src\WellTool.Core\Collection\RandomAccessPartition.cs(30,17): warning CS8767: 鈥渂ool RandomAccessPartition<T>.Contains(object value)鈥濈殑鍙傛暟鈥渧alue鈥濈被鍨嬩腑寮曠敤绫诲瀷鐨勪负 Null 鎬т笌闅愬紡瀹炵幇鐨勬垚鍛樷€渂ool IList.Contains(object? value)鈥濅笉鍖归厤(鍙兘鏄敱浜庝负 Null 鎬х壒鎬?銆?[d:\Work\WellTool\src\WellTool.Core\WellTool.Core.csproj::TargetFramework=net6.0]
d:\Work\WellTool\src\WellTool.Core\Collection\RandomAccessPartition.cs(31,16): warning CS8767: 鈥渋nt RandomAccessPartition<T>.IndexOf(object value)鈥濈殑鍙傛暟鈥渧alue鈥濈被鍨嬩腑寮曠敤绫诲瀷鐨勪负 Null 鎬т笌闅愬紡瀹炵幇鐨勬垚鍛樷€渋nt IList.IndexOf(object? value)鈥濅笉鍖归厤(鍙兘鏄敱浜庝负 Null 鎬х壒鎬?銆?[d:\Work\WellTool\src\WellTool.Core\WellTool.Core.csproj::TargetFramework=net6.0]
d:\Work\WellTool\src\WellTool.Core\Collection\RandomAccessPartition.cs(32,17): warning CS8767: 鈥渧oid RandomAccessPartition<T>.Insert(int index, object value)鈥濈殑鍙傛暟鈥渧alue鈥濈被鍨嬩腑寮曠敤绫诲瀷鐨勪负 Null 鎬т笌闅愬紡瀹炵幇鐨勬垚鍛樷€渧oid IList.Insert(int index, object? value)鈥濅笉鍖归厤(鍙兘鏄敱浜庝负 Null 鎬х壒鎬?銆?[d:\Work\WellTool\src\WellTool.Core\WellTool.Core.csproj::TargetFramework=net6.0]
d:\Work\WellTool\src\WellTool.Core\Collection\RandomAccessPartition.cs(33,17): warning CS8767: 鈥渧oid RandomAccessPartition<T>.Remove(object value)鈥濈殑鍙傛暟鈥渧alue鈥濈被鍨嬩腑寮曠敤绫诲瀷鐨勪负 Null 鎬т笌闅愬紡瀹炵幇鐨勬垚鍛樷€渧oid IList.Remove(object? value)鈥濅笉鍖归厤(鍙兘鏄敱浜庝负 Null 鎬х壒鎬?銆?[d:\Work\WellTool\src\WellTool.Core\WellTool.Core.csproj::TargetFramework=net6.0]
d:\Work\WellTool\src\WellTool.Core\Collection\RandomAccessPartition.cs(25,67): warning CS8767: 鈥渧oid RandomAccessPartition<T>.this[int index].set鈥濈殑鍙傛暟鈥渧alue鈥濈被鍨嬩腑寮曠敤绫诲瀷鐨勪负 Null 鎬т笌闅愬紡瀹炵幇鐨勬垚鍛樷€渧oid IList.this[int index].set鈥濅笉鍖归厤(鍙兘鏄敱浜庝负 Null 鎬х壒鎬?銆?[d:\Work\WellTool\src\WellTool.Core\WellTool.Core.csproj::TargetFramework=net6.0]
d:\Work\WellTool\src\WellTool.Core\Collection\UniqueKeySet.cs(13,39): warning CS8714: 绫诲瀷鈥淜鈥濅笉鑳界敤浣滄硾鍨嬬被鍨嬫垨鏂规硶鈥淒ictionary<TKey, TValue>鈥濅腑鐨勭被鍨嬪弬鏁扳€淭Key鈥濄€傜被鍨嬪弬鏁扳€淜鈥濈殑涓?Null 鎬т笌 "notnull" 绾︽潫涓嶅尮閰嶃€?[d:\Work\WellTool\src\WellTool.Core\WellTool.Core.csproj::TargetFramework=net6.0]
d:\Work\WellTool\src\WellTool.Core\Date\Format\FastDateFormat.cs(74,59): warning CS0618: 鈥淭imeZone鈥濆凡杩囨椂:鈥淪ystem.TimeZone has been deprecated. Investigate the use of System.TimeZoneInfo instead.鈥?[d:\Work\WellTool\src\WellTool.Core\WellTool.Core.csproj::TargetFramework=net6.0]
d:\Work\WellTool\src\WellTool.Core\Date\Format\FastDateFormat.cs(97,59): warning CS0618: 鈥淭imeZone鈥濆凡杩囨椂:鈥淪ystem.TimeZone has been deprecated. Investigate the use of System.TimeZoneInfo instead.鈥?[d:\Work\WellTool\src\WellTool.Core\WellTool.Core.csproj::TargetFramework=net6.0]
d:\Work\WellTool\src\WellTool.Core\Date\Format\FastDateFormat.cs(129,58): warning CS0618: 鈥淭imeZone鈥濆凡杩囨椂:鈥淪ystem.TimeZone has been deprecated. Investigate the use of System.TimeZoneInfo instead.鈥?[d:\Work\WellTool\src\WellTool.Core\WellTool.Core.csproj::TargetFramework=net6.0]
d:\Work\WellTool\src\WellTool.Core\Date\Format\FastDateFormat.cs(141,58): warning CS0618: 鈥淭imeZone鈥濆凡杩囨椂:鈥淪ystem.TimeZone has been deprecated. Investigate the use of System.TimeZoneInfo instead.鈥?[d:\Work\WellTool\src\WellTool.Core\WellTool.Core.csproj::TargetFramework=net6.0]
d:\Work\WellTool\src\WellTool.Core\Date\Format\FastDateFormat.cs(173,58): warning CS0618: 鈥淭imeZone鈥濆凡杩囨椂:鈥淪ystem.TimeZone has been deprecated. Investigate the use of System.TimeZoneInfo instead.鈥?[d:\Work\WellTool\src\WellTool.Core\WellTool.Core.csproj::TargetFramework=net6.0]
d:\Work\WellTool\src\WellTool.Core\Date\Format\FastDateFormat.cs(185,58): warning CS0618: 鈥淭imeZone鈥濆凡杩囨椂:鈥淪ystem.TimeZone has been deprecated. Investigate the use of System.TimeZoneInfo instead.鈥?[d:\Work\WellTool\src\WellTool.Core\WellTool.Core.csproj::TargetFramework=net6.0]
d:\Work\WellTool\src\WellTool.Core\Date\Format\FastDateFormat.cs(220,81): warning CS0618: 鈥淭imeZone鈥濆凡杩囨椂:鈥淪ystem.TimeZone has been deprecated. Investigate the use of System.TimeZoneInfo instead.鈥?[d:\Work\WellTool\src\WellTool.Core\WellTool.Core.csproj::TargetFramework=net6.0]
d:\Work\WellTool\src\WellTool.Core\Date\Format\FastDateFormat.cs(233,81): warning CS0618: 鈥淭imeZone鈥濆凡杩囨椂:鈥淪ystem.TimeZone has been deprecated. Investigate the use of System.TimeZoneInfo instead.鈥?[d:\Work\WellTool\src\WellTool.Core\WellTool.Core.csproj::TargetFramework=net6.0]
d:\Work\WellTool\src\WellTool.Core\Date\Format\FastDateFormat.cs(399,9): warning CS0618: 鈥淭imeZone鈥濆凡杩囨椂:鈥淪ystem.TimeZone has been deprecated. Investigate the use of System.TimeZoneInfo instead.鈥?[d:\Work\WellTool\src\WellTool.Core\WellTool.Core.csproj::TargetFramework=net6.0]
d:\Work\WellTool\src\WellTool.Core\Map\ForestMap.cs(13,46): warning CS8714: 绫诲瀷鈥淜鈥濅笉鑳界敤浣滄硾鍨嬬被鍨嬫垨鏂规硶鈥淒ictionary<TKey, TValue>鈥濅腑鐨勭被鍨嬪弬鏁扳€淭Key鈥濄€傜被鍨嬪弬鏁扳€淜鈥濈殑涓?Null 鎬т笌 "notnull" 绾︽潫涓嶅尮閰嶃€?[d:\Work\WellTool\src\WellTool.Core\WellTool.Core.csproj::TargetFramework=net6.0]
d:\Work\WellTool\src\WellTool.Core\Map\ForestMap.cs(77,55): warning CS8601: 鍙兘鐨?null 寮曠敤璧嬪€笺€?[d:\Work\WellTool\src\WellTool.Core\WellTool.Core.csproj::TargetFramework=net6.0]
d:\Work\WellTool\src\WellTool.Core\Date\Format\FastDateFormat.cs(394,16): warning CS0108: 鈥淔astDateFormat.GetPattern()鈥濋殣钘忕户鎵跨殑鎴愬憳鈥淎bstractDateBasic.GetPattern()鈥濄€傚鏋滄槸鏈夋剰闅愯棌锛岃浣跨敤鍏抽敭瀛?new銆?[d:\Work\WellTool\src\WellTool.Core\WellTool.Core.csproj::TargetFramework=net6.0]
d:\Work\WellTool\src\WellTool.Core\Date\Format\FastDateFormat.cs(399,24): warning CS0108: 鈥淔astDateFormat.GetTimeZone()鈥濋殣钘忕户鎵跨殑鎴愬憳鈥淎bstractDateBasic.GetTimeZone()鈥濄€傚鏋滄槸鏈夋剰闅愯棌锛岃浣跨敤鍏抽敭瀛?new銆?[d:\Work\WellTool\src\WellTool.Core\WellTool.Core.csproj::TargetFramework=net6.0]
d:\Work\WellTool\src\WellTool.Core\Date\Format\FastDateFormat.cs(404,21): warning CS0108: 鈥淔astDateFormat.GetLocale()鈥濋殣钘忕户鎵跨殑鎴愬憳鈥淎bstractDateBasic.GetLocale()鈥濄€傚鏋滄槸鏈夋剰闅愯棌锛岃浣跨敤鍏抽敭瀛?new銆?[d:\Work\WellTool\src\WellTool.Core\WellTool.Core.csproj::TargetFramework=net6.0]
d:\Work\WellTool\src\WellTool.Core\Map\ForestMap.cs(38,40): warning CS8714: 绫诲瀷鈥淜鈥濅笉鑳界敤浣滄硾鍨嬬被鍨嬫垨鏂规硶鈥淒ictionary<TKey, TValue>鈥濅腑鐨勭被鍨嬪弬鏁扳€淭Key鈥濄€傜被鍨嬪弬鏁扳€淜鈥濈殑涓?Null 鎬т笌 "notnull" 绾︽潫涓嶅尮閰嶃€?[d:\Work\WellTool\src\WellTool.Core\WellTool.Core.csproj::TargetFramework=net6.0]
d:\Work\WellTool\src\WellTool.Core\Date\Format\FastDateFormat.cs(244,46): warning CS0618: 鈥淭imeZone鈥濆凡杩囨椂:鈥淪ystem.TimeZone has been deprecated. Investigate the use of System.TimeZoneInfo instead.鈥?[d:\Work\WellTool\src\WellTool.Core\WellTool.Core.csproj::TargetFramework=net6.0]
d:\Work\WellTool\src\WellTool.Core\Map\FixedLinkedHashMap.cs(16,76): warning CS8714: 绫诲瀷鈥淜鈥濅笉鑳界敤浣滄硾鍨嬬被鍨嬫垨鏂规硶鈥淒ictionary<TKey, TValue>鈥濅腑鐨勭被鍨嬪弬鏁扳€淭Key鈥濄€傜被鍨嬪弬鏁扳€淜鈥濈殑涓?Null 鎬т笌 "notnull" 绾︽潫涓嶅尮閰嶃€?[d:\Work\WellTool\src\WellTool.Core\WellTool.Core.csproj::TargetFramework=net6.0]
d:\Work\WellTool\src\WellTool.Core\Date\Format\FormatCache.cs(24,54): warning CS0618: 鈥淭imeZone鈥濆凡杩囨椂:鈥淪ystem.TimeZone has been deprecated. Investigate the use of System.TimeZoneInfo instead.鈥?[d:\Work\WellTool\src\WellTool.Core\WellTool.Core.csproj::TargetFramework=net6.0]
d:\Work\WellTool\src\WellTool.Core\Date\Format\FastDateFormat.cs(40,68): warning CS0618: 鈥淭imeZone鈥濆凡杩囨椂:鈥淪ystem.TimeZone has been deprecated. Investigate the use of System.TimeZoneInfo instead.鈥?[d:\Work\WellTool\src\WellTool.Core\WellTool.Core.csproj::TargetFramework=net6.0]
d:\Work\WellTool\src\WellTool.Core\Map\LinkedForestMap.cs(98,68): warning CS8625: 鏃犳硶灏?null 瀛楅潰閲忚浆鎹负闈?null 鐨勫紩鐢ㄧ被鍨嬨€?[d:\Work\WellTool\src\WellTool.Core\WellTool.Core.csproj::TargetFramework=net6.0]
d:\Work\WellTool\src\WellTool.Core\Map\LinkedForestMap.cs(105,68): warning CS8625: 鏃犳硶灏?null 瀛楅潰閲忚浆鎹负闈?null 鐨勫紩鐢ㄧ被鍨嬨€?[d:\Work\WellTool\src\WellTool.Core\WellTool.Core.csproj::TargetFramework=net6.0]
d:\Work\WellTool\src\WellTool.Core\Date\Format\FastDateParser.cs(36,40): warning CS0618: 鈥淭imeZone鈥濆凡杩囨椂:鈥淪ystem.TimeZone has been deprecated. Investigate the use of System.TimeZoneInfo instead.鈥?[d:\Work\WellTool\src\WellTool.Core\WellTool.Core.csproj::TargetFramework=net6.0]
d:\Work\WellTool\src\WellTool.Core\Util\CollectionUtil.cs(143,48): warning CS8714: 绫诲瀷鈥淭Key鈥濅笉鑳界敤浣滄硾鍨嬬被鍨嬫垨鏂规硶鈥淒ictionary<TKey, TValue>鈥濅腑鐨勭被鍨嬪弬鏁扳€淭Key鈥濄€傜被鍨嬪弬鏁扳€淭Key鈥濈殑涓?Null 鎬т笌 "notnull" 绾︽潫涓嶅尮閰嶃€?[d:\Work\WellTool\src\WellTool.Core\WellTool.Core.csproj::TargetFramework=net6.0]
d:\Work\WellTool\src\WellTool.Core\Util\CollectionUtil.cs(162,48): warning CS8714: 绫诲瀷鈥淭Key鈥濅笉鑳界敤浣滄硾鍨嬬被鍨嬫垨鏂规硶鈥淒ictionary<TKey, TValue>鈥濅腑鐨勭被鍨嬪弬鏁扳€淭Key鈥濄€傜被鍨嬪弬鏁扳€淭Key鈥濈殑涓?Null 鎬т笌 "notnull" 绾︽潫涓嶅尮閰嶃€?[d:\Work\WellTool\src\WellTool.Core\WellTool.Core.csproj::TargetFramework=net6.0]
d:\Work\WellTool\src\WellTool.Core\Text\Csv\CsvReader.cs(20,64): warning CS8625: 鏃犳硶灏?null 瀛楅潰閲忚浆鎹负闈?null 鐨勫紩鐢ㄧ被鍨嬨€?[d:\Work\WellTool\src\WellTool.Core\WellTool.Core.csproj::TargetFramework=net6.0]
d:\Work\WellTool\src\WellTool.Core\Map\FuncMap.cs(13,49): warning CS8714: 绫诲瀷鈥淜鈥濅笉鑳界敤浣滄硾鍨嬬被鍨嬫垨鏂规硶鈥淐oncurrentDictionary<TKey, TValue>鈥濅腑鐨勭被鍨嬪弬鏁扳€淭Key鈥濄€傜被鍨嬪弬鏁扳€淜鈥濈殑涓?Null 鎬т笌 "notnull" 绾︽潫涓嶅尮閰嶃€?[d:\Work\WellTool\src\WellTool.Core\WellTool.Core.csproj::TargetFramework=net6.0]
d:\Work\WellTool\src\WellTool.Core\Map\MapBuilder.cs(181,40): warning CS8714: 绫诲瀷鈥淜鈥濅笉鑳界敤浣滄硾鍨嬬被鍨嬫垨鏂规硶鈥淢apBuilder<K, V>鈥濅腑鐨勭被鍨嬪弬鏁扳€淜鈥濄€傜被鍨嬪弬鏁扳€淜鈥濈殑涓?Null 鎬т笌 "notnull" 绾︽潫涓嶅尮閰嶃€?[d:\Work\WellTool\src\WellTool.Core\WellTool.Core.csproj::TargetFramework=net6.0]
d:\Work\WellTool\src\WellTool.Core\Date\Format\FastDatePrinter.cs(33,41): warning CS0618: 鈥淭imeZone鈥濆凡杩囨椂:鈥淪ystem.TimeZone has been deprecated. Investigate the use of System.TimeZoneInfo instead.鈥?[d:\Work\WellTool\src\WellTool.Core\WellTool.Core.csproj::TargetFramework=net6.0]
d:\Work\WellTool\src\WellTool.Core\Lang\Dict.cs(213,18): warning CS0109: 鎴愬憳鈥淒ict.ContainsKey(object)鈥濅笉浼氶殣钘忓彲璁块棶鎴愬憳銆備笉闇€瑕佸叧閿瓧 new銆?[d:\Work\WellTool\src\WellTool.Core\WellTool.Core.csproj::TargetFramework=net6.0]
d:\Work\WellTool\src\WellTool.Core\IO\FastStringWriter.cs(40,23): warning CS8765: 鍙傛暟鈥渧alue鈥濈被鍨嬬殑涓?Null 鎬т笌閲嶅啓鎴愬憳涓嶅尮閰?鍙兘鏄敱浜庝负 Null 鎬х壒鎬?銆?[d:\Work\WellTool\src\WellTool.Core\WellTool.Core.csproj::TargetFramework=net6.0]
d:\Work\WellTool\src\WellTool.Core\Text\Csv\CsvWriter.cs(19,64): warning CS8625: 鏃犳硶灏?null 瀛楅潰閲忚浆鎹负闈?null 鐨勫紩鐢ㄧ被鍨嬨€?[d:\Work\WellTool\src\WellTool.Core\WellTool.Core.csproj::TargetFramework=net6.0]
d:\Work\WellTool\src\WellTool.Core\Util\CollUtil.cs(26,77): warning CS8601: 鍙兘鐨?null 寮曠敤璧嬪€笺€?[d:\Work\WellTool\src\WellTool.Core\WellTool.Core.csproj::TargetFramework=net6.0]
d:\Work\WellTool\src\WellTool.Core\Date\Format\FastDatePrinter.cs(383,20): warning CS0618: 鈥淭imeZone鈥濆凡杩囨椂:鈥淪ystem.TimeZone has been deprecated. Investigate the use of System.TimeZoneInfo instead.鈥?[d:\Work\WellTool\src\WellTool.Core\WellTool.Core.csproj::TargetFramework=net6.0]
d:\Work\WellTool\src\WellTool.Core\Date\Format\FastDatePrinter.cs(385,23): warning CS0618: 鈥淭imeZone鈥濆凡杩囨椂:鈥淪ystem.TimeZone has been deprecated. Investigate the use of System.TimeZoneInfo instead.鈥?[d:\Work\WellTool\src\WellTool.Core\WellTool.Core.csproj::TargetFramework=net6.0]
d:\Work\WellTool\src\WellTool.Core\Date\Format\FormatCache.cs(51,39): warning CS0618: 鈥淭imeZone鈥濆凡杩囨椂:鈥淪ystem.TimeZone has been deprecated. Investigate the use of System.TimeZoneInfo instead.鈥?[d:\Work\WellTool\src\WellTool.Core\WellTool.Core.csproj::TargetFramework=net6.0]
d:\Work\WellTool\src\WellTool.Core\Date\Format\FormatCache.cs(74,39): warning CS0618: 鈥淭imeZone鈥濆凡杩囨椂:鈥淪ystem.TimeZone has been deprecated. Investigate the use of System.TimeZoneInfo instead.鈥?[d:\Work\WellTool\src\WellTool.Core\WellTool.Core.csproj::TargetFramework=net6.0]
d:\Work\WellTool\src\WellTool.Core\Date\Format\FormatCache.cs(110,38): warning CS0618: 鈥淭imeZone鈥濆凡杩囨椂:鈥淪ystem.TimeZone has been deprecated. Investigate the use of System.TimeZoneInfo instead.鈥?[d:\Work\WellTool\src\WellTool.Core\WellTool.Core.csproj::TargetFramework=net6.0]
d:\Work\WellTool\src\WellTool.Core\Date\Format\FormatCache.cs(122,38): warning CS0618: 鈥淭imeZone鈥濆凡杩囨椂:鈥淪ystem.TimeZone has been deprecated. Investigate the use of System.TimeZoneInfo instead.鈥?[d:\Work\WellTool\src\WellTool.Core\WellTool.Core.csproj::TargetFramework=net6.0]
d:\Work\WellTool\src\WellTool.Core\Date\Format\FormatCache.cs(154,38): warning CS0618: 鈥淭imeZone鈥濆凡杩囨椂:鈥淪ystem.TimeZone has been deprecated. Investigate the use of System.TimeZoneInfo instead.鈥?[d:\Work\WellTool\src\WellTool.Core\WellTool.Core.csproj::TargetFramework=net6.0]
d:\Work\WellTool\src\WellTool.Core\Date\Format\FormatCache.cs(166,38): warning CS0618: 鈥淭imeZone鈥濆凡杩囨椂:鈥淪ystem.TimeZone has been deprecated. Investigate the use of System.TimeZoneInfo instead.鈥?[d:\Work\WellTool\src\WellTool.Core\WellTool.Core.csproj::TargetFramework=net6.0]
d:\Work\WellTool\src\WellTool.Core\Date\Format\FormatCache.cs(201,61): warning CS0618: 鈥淭imeZone鈥濆凡杩囨椂:鈥淪ystem.TimeZone has been deprecated. Investigate the use of System.TimeZoneInfo instead.鈥?[d:\Work\WellTool\src\WellTool.Core\WellTool.Core.csproj::TargetFramework=net6.0]
d:\Work\WellTool\src\WellTool.Core\Date\Format\FormatCache.cs(214,61): warning CS0618: 鈥淭imeZone鈥濆凡杩囨椂:鈥淪ystem.TimeZone has been deprecated. Investigate the use of System.TimeZoneInfo instead.鈥?[d:\Work\WellTool\src\WellTool.Core\WellTool.Core.csproj::TargetFramework=net6.0]
d:\Work\WellTool\src\WellTool.Core\Thread\Lock\SegmentLock.cs(119,45): warning CS0693: 绫诲瀷鍙傛暟鈥淟鈥濅笌澶栭儴绫诲瀷鈥淪egmentLock<L>鈥濅腑鐨勭被鍨嬪弬鏁板悓鍚?[d:\Work\WellTool\src\WellTool.Core\WellTool.Core.csproj::TargetFramework=net6.0]
d:\Work\WellTool\src\WellTool.Core\Thread\Lock\SegmentLock.cs(127,54): warning CS0693: 绫诲瀷鍙傛暟鈥淟鈥濅笌澶栭儴绫诲瀷鈥淪egmentLock<L>鈥濅腑鐨勭被鍨嬪弬鏁板悓鍚?[d:\Work\WellTool\src\WellTool.Core\WellTool.Core.csproj::TargetFramework=net6.0]
d:\Work\WellTool\src\WellTool.Core\Thread\Lock\SegmentLock.cs(181,42): warning CS0693: 绫诲瀷鍙傛暟鈥淟鈥濅笌澶栭儴绫诲瀷鈥淪egmentLock<L>鈥濅腑鐨勭被鍨嬪弬鏁板悓鍚?[d:\Work\WellTool\src\WellTool.Core\WellTool.Core.csproj::TargetFramework=net6.0]
d:\Work\WellTool\src\WellTool.Core\Util\ObjUtil.cs(46,21): warning CS0108: 鈥淥bjUtil.Equals(object, object)鈥濋殣钘忕户鎵跨殑鎴愬憳鈥渙bject.Equals(object?, object?)鈥濄€傚鏋滄槸鏈夋剰闅愯棌锛岃浣跨敤鍏抽敭瀛?new銆?[d:\Work\WellTool\src\WellTool.Core\WellTool.Core.csproj::TargetFramework=net6.0]
d:\Work\WellTool\src\WellTool.Core\Thread\Lock\SegmentLock.cs(218,44): warning CS0693: 绫诲瀷鍙傛暟鈥淟鈥濅笌澶栭儴绫诲瀷鈥淪egmentLock<L>鈥濅腑鐨勭被鍨嬪弬鏁板悓鍚?[d:\Work\WellTool\src\WellTool.Core\WellTool.Core.csproj::TargetFramework=net6.0]
d:\Work\WellTool\src\WellTool.Core\IO\IoUtil.cs(37,76): warning CS8625: 鏃犳硶灏?null 瀛楅潰閲忚浆鎹负闈?null 鐨勫紩鐢ㄧ被鍨嬨€?[d:\Work\WellTool\src\WellTool.Core\WellTool.Core.csproj::TargetFramework=net6.0]
d:\Work\WellTool\src\WellTool.Core\IO\IoUtil.cs(62,87): warning CS8625: 鏃犳硶灏?null 瀛楅潰閲忚浆鎹负闈?null 鐨勫紩鐢ㄧ被鍨嬨€?[d:\Work\WellTool\src\WellTool.Core\WellTool.Core.csproj::TargetFramework=net6.0]
d:\Work\WellTool\src\WellTool.Core\Thread\Lock\SegmentLock.cs(253,44): warning CS0693: 绫诲瀷鍙傛暟鈥淟鈥濅笌澶栭儴绫诲瀷鈥淪egmentLock<L>鈥濅腑鐨勭被鍨嬪弬鏁板悓鍚?[d:\Work\WellTool\src\WellTool.Core\WellTool.Core.csproj::TargetFramework=net6.0]
d:\Work\WellTool\src\WellTool.Core\IO\FileUtil.cs(29,78): warning CS8625: 鏃犳硶灏?null 瀛楅潰閲忚浆鎹负闈?null 鐨勫紩鐢ㄧ被鍨嬨€?[d:\Work\WellTool\src\WellTool.Core\WellTool.Core.csproj::TargetFramework=net6.0]
d:\Work\WellTool\src\WellTool.Core\Stream\CollectorUtil.cs(57,46): warning CS8714: 绫诲瀷鈥淜鈥濅笉鑳界敤浣滄硾鍨嬬被鍨嬫垨鏂规硶鈥淒ictionary<TKey, TValue>鈥濅腑鐨勭被鍨嬪弬鏁扳€淭Key鈥濄€傜被鍨嬪弬鏁扳€淜鈥濈殑涓?Null 鎬т笌 "notnull" 绾︽潫涓嶅尮閰嶃€?[d:\Work\WellTool\src\WellTool.Core\WellTool.Core.csproj::TargetFramework=net6.0]
d:\Work\WellTool\src\WellTool.Core\Stream\CollectorUtil.cs(82,40): warning CS8714: 绫诲瀷鈥淜鈥濅笉鑳界敤浣滄硾鍨嬬被鍨嬫垨鏂规硶鈥淒ictionary<TKey, TValue>鈥濅腑鐨勭被鍨嬪弬鏁扳€淭Key鈥濄€傜被鍨嬪弬鏁扳€淜鈥濈殑涓?Null 鎬т笌 "notnull" 绾︽潫涓嶅尮閰嶃€?[d:\Work\WellTool\src\WellTool.Core\WellTool.Core.csproj::TargetFramework=net6.0]
d:\Work\WellTool\src\WellTool.Core\Stream\CollectorUtil.cs(98,40): warning CS8714: 绫诲瀷鈥淜鈥濅笉鑳界敤浣滄硾鍨嬬被鍨嬫垨鏂规硶鈥淒ictionary<TKey, TValue>鈥濅腑鐨勭被鍨嬪弬鏁扳€淭Key鈥濄€傜被鍨嬪弬鏁扳€淜鈥濈殑涓?Null 鎬т笌 "notnull" 绾︽潫涓嶅尮閰嶃€?[d:\Work\WellTool\src\WellTool.Core\WellTool.Core.csproj::TargetFramework=net6.0]
d:\Work\WellTool\src\WellTool.Core\IO\FileUtil.cs(51,89): warning CS8625: 鏃犳硶灏?null 瀛楅潰閲忚浆鎹负闈?null 鐨勫紩鐢ㄧ被鍨嬨€?[d:\Work\WellTool\src\WellTool.Core\WellTool.Core.csproj::TargetFramework=net6.0]
d:\Work\WellTool\src\WellTool.Core\IO\FileUtil.cs(63,90): warning CS8625: 鏃犳硶灏?null 瀛楅潰閲忚浆鎹负闈?null 鐨勫紩鐢ㄧ被鍨嬨€?[d:\Work\WellTool\src\WellTool.Core\WellTool.Core.csproj::TargetFramework=net6.0]
d:\Work\WellTool\src\WellTool.Core\Map\SafeConcurrentHashMap.cs(10,14): warning CS8714: 绫诲瀷鈥淜鈥濅笉鑳界敤浣滄硾鍨嬬被鍨嬫垨鏂规硶鈥淐oncurrentDictionary<TKey, TValue>鈥濅腑鐨勭被鍨嬪弬鏁扳€淭Key鈥濄€傜被鍨嬪弬鏁扳€淜鈥濈殑涓?Null 鎬т笌 "notnull" 绾︽潫涓嶅尮閰嶃€?[d:\Work\WellTool\src\WellTool.Core\WellTool.Core.csproj::TargetFramework=net6.0]
d:\Work\WellTool\src\WellTool.Core\Text\StrBuilder.cs(100,51): warning CS8625: 鏃犳硶灏?null 瀛楅潰閲忚浆鎹负闈?null 鐨勫紩鐢ㄧ被鍨嬨€?[d:\Work\WellTool\src\WellTool.Core\WellTool.Core.csproj::TargetFramework=net6.0]
d:\Work\WellTool\src\WellTool.Core\Map\SafeConcurrentHashMap.cs(41,18): warning CS0109: 鎴愬憳鈥淪afeConcurrentHashMap<K, V>.ComputeIfAbsent(K, Func<K, V>)鈥濅笉浼氶殣钘忓彲璁块棶鎴愬憳銆備笉闇€瑕佸叧閿瓧 new銆?[d:\Work\WellTool\src\WellTool.Core\WellTool.Core.csproj::TargetFramework=net6.0]
d:\Work\WellTool\src\WellTool.Core\Map\TolerantMap.cs(8,14): warning CS8714: 绫诲瀷鈥淜鈥濅笉鑳界敤浣滄硾鍨嬬被鍨嬫垨鏂规硶鈥淒ictionary<TKey, TValue>鈥濅腑鐨勭被鍨嬪弬鏁扳€淭Key鈥濄€傜被鍨嬪弬鏁扳€淜鈥濈殑涓?Null 鎬т笌 "notnull" 绾︽潫涓嶅尮閰嶃€?[d:\Work\WellTool\src\WellTool.Core\WellTool.Core.csproj::TargetFramework=net6.0]
d:\Work\WellTool\src\WellTool.Core\Map\TolerantMap.cs(44,18): warning CS0109: 鎴愬憳鈥淭olerantMap<K, V>.Get(K)鈥濅笉浼氶殣钘忓彲璁块棶鎴愬憳銆備笉闇€瑕佸叧閿瓧 new銆?[d:\Work\WellTool\src\WellTool.Core\WellTool.Core.csproj::TargetFramework=net6.0]
d:\Work\WellTool\src\WellTool.Core\Map\TransMap.cs(9,18): warning CS8714: 绫诲瀷鈥淭Key鈥濅笉鑳界敤浣滄硾鍨嬬被鍨嬫垨鏂规硶鈥淒ictionary<TKey, TValue>鈥濅腑鐨勭被鍨嬪弬鏁扳€淭Key鈥濄€傜被鍨嬪弬鏁扳€淭Key鈥濈殑涓?Null 鎬т笌 "notnull" 绾︽潫涓嶅尮閰嶃€?[d:\Work\WellTool\src\WellTool.Core\WellTool.Core.csproj::TargetFramework=net6.0]
d:\Work\WellTool\src\WellTool.Core\Util\IOUtil.cs(38,86): warning CS8625: 鏃犳硶灏?null 瀛楅潰閲忚浆鎹负闈?null 鐨勫紩鐢ㄧ被鍨嬨€?[d:\Work\WellTool\src\WellTool.Core\WellTool.Core.csproj::TargetFramework=net6.0]
d:\Work\WellTool\src\WellTool.Core\Util\IOUtil.cs(73,101): warning CS8625: 鏃犳硶灏?null 瀛楅潰閲忚浆鎹负闈?null 鐨勫紩鐢ㄧ被鍨嬨€?[d:\Work\WellTool\src\WellTool.Core\WellTool.Core.csproj::TargetFramework=net6.0]
d:\Work\WellTool\src\WellTool.Core\Util\IOUtil.cs(211,76): warning CS8625: 鏃犳硶灏?null 瀛楅潰閲忚浆鎹负闈?null 鐨勫紩鐢ㄧ被鍨嬨€?[d:\Work\WellTool\src\WellTool.Core\WellTool.Core.csproj::TargetFramework=net6.0]
d:\Work\WellTool\src\WellTool.Core\Util\IOUtil.cs(243,91): warning CS8625: 鏃犳硶灏?null 瀛楅潰閲忚浆鎹负闈?null 鐨勫紩鐢ㄧ被鍨嬨€?[d:\Work\WellTool\src\WellTool.Core\WellTool.Core.csproj::TargetFramework=net6.0]
d:\Work\WellTool\src\WellTool.Core\Util\IOUtil.cs(265,92): warning CS8625: 鏃犳硶灏?null 瀛楅潰閲忚浆鎹负闈?null 鐨勫紩鐢ㄧ被鍨嬨€?[d:\Work\WellTool\src\WellTool.Core\WellTool.Core.csproj::TargetFramework=net6.0]
d:\Work\WellTool\src\WellTool.Core\Util\ObjectUtil.cs(50,21): warning CS0108: 鈥淥bjectUtil.Equals(object, object)鈥濋殣钘忕户鎵跨殑鎴愬憳鈥渙bject.Equals(object?, object?)鈥濄€傚鏋滄槸鏈夋剰闅愯棌锛岃浣跨敤鍏抽敭瀛?new銆?[d:\Work\WellTool\src\WellTool.Core\WellTool.Core.csproj::TargetFramework=net6.0]
d:\Work\WellTool\src\WellTool.Core\Text\StrPool.cs(165,25): warning CS0108: 鈥淪trPool.Equals鈥濋殣钘忕户鎵跨殑鎴愬憳鈥渙bject.Equals(object?)鈥濄€傚鏋滄槸鏈夋剰闅愯棌锛岃浣跨敤鍏抽敭瀛?new銆?[d:\Work\WellTool\src\WellTool.Core\WellTool.Core.csproj::TargetFramework=net6.0]
d:\Work\WellTool\src\WellTool.Core\Util\IterUtil.cs(20,48): warning CS8714: 绫诲瀷鈥淭Key鈥濅笉鑳界敤浣滄硾鍨嬬被鍨嬫垨鏂规硶鈥淒ictionary<TKey, TValue>鈥濅腑鐨勭被鍨嬪弬鏁扳€淭Key鈥濄€傜被鍨嬪弬鏁扳€淭Key鈥濈殑涓?Null 鎬т笌 "notnull" 绾︽潫涓嶅尮閰嶃€?[d:\Work\WellTool\src\WellTool.Core\WellTool.Core.csproj::TargetFramework=net6.0]
d:\Work\WellTool\src\WellTool.Core\IO\Unit\DataSize.cs(298,30): warning CS8765: 鍙傛暟鈥渙bj鈥濈被鍨嬬殑涓?Null 鎬т笌閲嶅啓鎴愬憳涓嶅尮閰?鍙兘鏄敱浜庝负 Null 鎬х壒鎬?銆?[d:\Work\WellTool\src\WellTool.Core\WellTool.Core.csproj::TargetFramework=net6.0]
d:\Work\WellTool\src\WellTool.Core\IO\Unit\DataSize.cs(279,20): warning CS8767: 鈥渋nt DataSize.CompareTo(DataSize other)鈥濈殑鍙傛暟鈥渙ther鈥濈被鍨嬩腑寮曠敤绫诲瀷鐨勪负 Null 鎬т笌闅愬紡瀹炵幇鐨勬垚鍛樷€渋nt IComparable<DataSize>.CompareTo(DataSize? other)鈥濅笉鍖归厤(鍙兘鏄敱浜庝负 Null 鎬х壒鎬?銆?[d:\Work\WellTool\src\WellTool.Core\WellTool.Core.csproj::TargetFramework=net6.0]
d:\Work\WellTool\src\WellTool.Core\Map\Multi\AbsTable.cs(25,15): warning CS0114: 鈥淎bsTable<R, C, V>.Equals(object)鈥濋殣钘忕户鎵跨殑鎴愬憳鈥渙bject.Equals(object?)鈥濄€傝嫢瑕佷娇褰撳墠鎴愬憳閲嶅啓璇ュ疄鐜帮紝璇锋坊鍔犲叧閿瓧 override銆傚惁鍒欙紝娣诲姞鍏抽敭瀛?new銆?[d:\Work\WellTool\src\WellTool.Core\WellTool.Core.csproj::TargetFramework=net6.0]
d:\Work\WellTool\src\WellTool.Core\Map\Multi\AbsTable.cs(41,14): warning CS0114: 鈥淎bsTable<R, C, V>.GetHashCode()鈥濋殣钘忕户鎵跨殑鎴愬憳鈥渙bject.GetHashCode()鈥濄€傝嫢瑕佷娇褰撳墠鎴愬憳閲嶅啓璇ュ疄鐜帮紝璇锋坊鍔犲叧閿瓧 override銆傚惁鍒欙紝娣诲姞鍏抽敭瀛?new銆?[d:\Work\WellTool\src\WellTool.Core\WellTool.Core.csproj::TargetFramework=net6.0]
d:\Work\WellTool\src\WellTool.Core\Map\Multi\AbsTable.cs(46,17): warning CS0114: 鈥淎bsTable<R, C, V>.ToString()鈥濋殣钘忕户鎵跨殑鎴愬憳鈥渙bject.ToString()鈥濄€傝嫢瑕佷娇褰撳墠鎴愬憳閲嶅啓璇ュ疄鐜帮紝璇锋坊鍔犲叧閿瓧 override銆傚惁鍒欙紝娣诲姞鍏抽敭瀛?new銆?[d:\Work\WellTool\src\WellTool.Core\WellTool.Core.csproj::TargetFramework=net6.0]
d:\Work\WellTool\src\WellTool.Core\Map\TransMap.cs(37,70): warning CS8601: 鍙兘鐨?null 寮曠敤璧嬪€笺€?[d:\Work\WellTool\src\WellTool.Core\WellTool.Core.csproj::TargetFramework=net6.0]
d:\Work\WellTool\src\WellTool.Core\Lang\Func\Func.cs(416,85): warning CS8601: 鍙兘鐨?null 寮曠敤璧嬪€笺€?[d:\Work\WellTool\src\WellTool.Core\WellTool.Core.csproj::TargetFramework=net6.0]
d:\Work\WellTool\src\WellTool.Core\IO\NullOutputStream.cs(27,49): warning CS0108: 鈥淣ullOutputStream.Null鈥濋殣钘忕户鎵跨殑鎴愬憳鈥淪tream.Null鈥濄€傚鏋滄槸鏈夋剰闅愯棌锛岃浣跨敤鍏抽敭瀛?new銆?[d:\Work\WellTool\src\WellTool.Core\WellTool.Core.csproj::TargetFramework=net6.0]
d:\Work\WellTool\src\WellTool.Core\Text\Csv\CsvUtil.cs(36,74): warning CS8625: 鏃犳硶灏?null 瀛楅潰閲忚浆鎹负闈?null 鐨勫紩鐢ㄧ被鍨嬨€?[d:\Work\WellTool\src\WellTool.Core\WellTool.Core.csproj::TargetFramework=net6.0]
d:\Work\WellTool\src\WellTool.Core\Text\Csv\CsvUtil.cs(92,92): warning CS8625: 鏃犳硶灏?null 瀛楅潰閲忚浆鎹负闈?null 鐨勫紩鐢ㄧ被鍨嬨€?[d:\Work\WellTool\src\WellTool.Core\WellTool.Core.csproj::TargetFramework=net6.0]
d:\Work\WellTool\src\WellTool.Core\Map\Multi\AbsTable.cs(337,28): warning CS0693: 绫诲瀷鍙傛暟鈥淩鈥濅笌澶栭儴绫诲瀷鈥淎bsTable<R, C, V>鈥濅腑鐨勭被鍨嬪弬鏁板悓鍚?[d:\Work\WellTool\src\WellTool.Core\WellTool.Core.csproj::TargetFramework=net6.0]
d:\Work\WellTool\src\WellTool.Core\Map\Multi\AbsTable.cs(337,31): warning CS0693: 绫诲瀷鍙傛暟鈥淐鈥濅笌澶栭儴绫诲瀷鈥淎bsTable<R, C, V>鈥濅腑鐨勭被鍨嬪弬鏁板悓鍚?[d:\Work\WellTool\src\WellTool.Core\WellTool.Core.csproj::TargetFramework=net6.0]
d:\Work\WellTool\src\WellTool.Core\Map\Multi\AbsTable.cs(337,34): warning CS0693: 绫诲瀷鍙傛暟鈥淰鈥濅笌澶栭儴绫诲瀷鈥淎bsTable<R, C, V>鈥濅腑鐨勭被鍨嬪弬鏁板悓鍚?[d:\Work\WellTool\src\WellTool.Core\WellTool.Core.csproj::TargetFramework=net6.0]
d:\Work\WellTool\src\WellTool.Core\IO\File\PathUtil.cs(46,95): warning CS8625: 鏃犳硶灏?null 瀛楅潰閲忚浆鎹负闈?null 鐨勫紩鐢ㄧ被鍨嬨€?[d:\Work\WellTool\src\WellTool.Core\WellTool.Core.csproj::TargetFramework=net6.0]
d:\Work\WellTool\src\WellTool.Core\IO\File\PathUtil.cs(59,109): warning CS8625: 鏃犳硶灏?null 瀛楅潰閲忚浆鎹负闈?null 鐨勫紩鐢ㄧ被鍨嬨€?[d:\Work\WellTool\src\WellTool.Core\WellTool.Core.csproj::TargetFramework=net6.0]
d:\Work\WellTool\src\WellTool.Core\IO\File\PathUtil.cs(73,129): warning CS8625: 鏃犳硶灏?null 瀛楅潰閲忚浆鎹负闈?null 鐨勫紩鐢ㄧ被鍨嬨€?[d:\Work\WellTool\src\WellTool.Core\WellTool.Core.csproj::TargetFramework=net6.0]
d:\Work\WellTool\src\WellTool.Core\IO\File\PathUtil.cs(781,76): warning CS8625: 鏃犳硶灏?null 瀛楅潰閲忚浆鎹负闈?null 鐨勫紩鐢ㄧ被鍨嬨€?[d:\Work\WellTool\src\WellTool.Core\WellTool.Core.csproj::TargetFramework=net6.0]
d:\Work\WellTool\src\WellTool.Core\IO\File\PathUtil.cs(781,95): warning CS8625: 鏃犳硶灏?null 瀛楅潰閲忚浆鎹负闈?null 鐨勫紩鐢ㄧ被鍨嬨€?[d:\Work\WellTool\src\WellTool.Core\WellTool.Core.csproj::TargetFramework=net6.0]
d:\Work\WellTool\src\WellTool.Core\Lang\MutableByte.cs(37,23): warning CS8765: 鍙傛暟鈥渙bj鈥濈被鍨嬬殑涓?Null 鎬т笌閲嶅啓鎴愬憳涓嶅尮閰?鍙兘鏄敱浜庝负 Null 鎬х壒鎬?銆?[d:\Work\WellTool\src\WellTool.Core\WellTool.Core.csproj::TargetFramework=net6.0]
d:\Work\WellTool\src\WellTool.Core\Lang\MutableDouble.cs(37,23): warning CS8765: 鍙傛暟鈥渙bj鈥濈被鍨嬬殑涓?Null 鎬т笌閲嶅啓鎴愬憳涓嶅尮閰?鍙兘鏄敱浜庝负 Null 鎬х壒鎬?銆?[d:\Work\WellTool\src\WellTool.Core\WellTool.Core.csproj::TargetFramework=net6.0]
d:\Work\WellTool\src\WellTool.Core\Lang\MutableInt.cs(88,23): warning CS8765: 鍙傛暟鈥渙bj鈥濈被鍨嬬殑涓?Null 鎬т笌閲嶅啓鎴愬憳涓嶅尮閰?鍙兘鏄敱浜庝负 Null 鎬х壒鎬?銆?[d:\Work\WellTool\src\WellTool.Core\WellTool.Core.csproj::TargetFramework=net6.0]
d:\Work\WellTool\src\WellTool.Core\Lang\MutableLong.cs(70,23): warning CS8765: 鍙傛暟鈥渙bj鈥濈被鍨嬬殑涓?Null 鎬т笌閲嶅啓鎴愬憳涓嶅尮閰?鍙兘鏄敱浜庝负 Null 鎬х壒鎬?銆?[d:\Work\WellTool\src\WellTool.Core\WellTool.Core.csproj::TargetFramework=net6.0]
d:\Work\WellTool\src\WellTool.Core\Lang\MutableFloat.cs(37,23): warning CS8765: 鍙傛暟鈥渙bj鈥濈被鍨嬬殑涓?Null 鎬т笌閲嶅啓鎴愬憳涓嶅尮閰?鍙兘鏄敱浜庝负 Null 鎬х壒鎬?銆?[d:\Work\WellTool\src\WellTool.Core\WellTool.Core.csproj::TargetFramework=net6.0]
d:\Work\WellTool\src\WellTool.Core\Map\MapUtil.cs(1948,57): warning CS8714: 绫诲瀷鈥淜鈥濅笉鑳界敤浣滄硾鍨嬬被鍨嬫垨鏂规硶鈥淒ictionary<TKey, TValue>鈥濅腑鐨勭被鍨嬪弬鏁扳€淭Key鈥濄€傜被鍨嬪弬鏁扳€淜鈥濈殑涓?Null 鎬т笌 "notnull" 绾︽潫涓嶅尮閰嶃€?[d:\Work\WellTool\src\WellTool.Core\WellTool.Core.csproj::TargetFramework=net6.0]
d:\Work\WellTool\src\WellTool.Core\Map\Multi\AbsTable.cs(356,25): warning CS8765: 鍙傛暟鈥渙bj鈥濈被鍨嬬殑涓?Null 鎬т笌閲嶅啓鎴愬憳涓嶅尮閰?鍙兘鏄敱浜庝负 Null 鎬х壒鎬?銆?[d:\Work\WellTool\src\WellTool.Core\WellTool.Core.csproj::TargetFramework=net6.0]
d:\Work\WellTool\src\WellTool.Core\Lang\MutableObject.cs(45,23): warning CS8765: 鍙傛暟鈥渙bj鈥濈被鍨嬬殑涓?Null 鎬т笌閲嶅啓鎴愬憳涓嶅尮閰?鍙兘鏄敱浜庝负 Null 鎬х壒鎬?銆?[d:\Work\WellTool\src\WellTool.Core\WellTool.Core.csproj::TargetFramework=net6.0]
d:\Work\WellTool\src\WellTool.Core\Map\MapUtil.cs(1855,81): warning CS8601: 鍙兘鐨?null 寮曠敤璧嬪€笺€?[d:\Work\WellTool\src\WellTool.Core\WellTool.Core.csproj::TargetFramework=net6.0]
d:\Work\WellTool\src\WellTool.Core\Lang\ObjectId.cs(128,23): warning CS8765: 鍙傛暟鈥渙bj鈥濈被鍨嬬殑涓?Null 鎬т笌閲嶅啓鎴愬憳涓嶅尮閰?鍙兘鏄敱浜庝负 Null 鎬х壒鎬?銆?[d:\Work\WellTool\src\WellTool.Core\WellTool.Core.csproj::TargetFramework=net6.0]
d:\Work\WellTool\src\WellTool.Core\Lang\ObjectId.cs(114,13): warning CS8767: 鈥渋nt ObjectId.CompareTo(ObjectId other)鈥濈殑鍙傛暟鈥渙ther鈥濈被鍨嬩腑寮曠敤绫诲瀷鐨勪负 Null 鎬т笌闅愬紡瀹炵幇鐨勬垚鍛樷€渋nt IComparable<ObjectId>.CompareTo(ObjectId? other)鈥濅笉鍖归厤(鍙兘鏄敱浜庝负 Null 鎬х壒鎬?銆?[d:\Work\WellTool\src\WellTool.Core\WellTool.Core.csproj::TargetFramework=net6.0]
d:\Work\WellTool\src\WellTool.Core\Lang\MutableShort.cs(37,23): warning CS8765: 鍙傛暟鈥渙bj鈥濈被鍨嬬殑涓?Null 鎬т笌閲嶅啓鎴愬憳涓嶅尮閰?鍙兘鏄敱浜庝负 Null 鎬х壒鎬?銆?[d:\Work\WellTool\src\WellTool.Core\WellTool.Core.csproj::TargetFramework=net6.0]
d:\Work\WellTool\src\WellTool.Core\Map\MapUtil.cs(1404,47): warning CS8714: 绫诲瀷鈥淜鈥濅笉鑳界敤浣滄硾鍨嬬被鍨嬫垨鏂规硶鈥淒ictionary<TKey, TValue>鈥濅腑鐨勭被鍨嬪弬鏁扳€淭Key鈥濄€傜被鍨嬪弬鏁扳€淜鈥濈殑涓?Null 鎬т笌 "notnull" 绾︽潫涓嶅尮閰嶃€?[d:\Work\WellTool\src\WellTool.Core\WellTool.Core.csproj::TargetFramework=net6.0]
d:\Work\WellTool\src\WellTool.Core\Map\MapUtil.cs(1410,48): warning CS8714: 绫诲瀷鈥淜鈥濅笉鑳界敤浣滄硾鍨嬬被鍨嬫垨鏂规硶鈥淒ictionary<TKey, TValue>鈥濅腑鐨勭被鍨嬪弬鏁扳€淭Key鈥濄€傜被鍨嬪弬鏁扳€淜鈥濈殑涓?Null 鎬т笌 "notnull" 绾︽潫涓嶅尮閰嶃€?[d:\Work\WellTool\src\WellTool.Core\WellTool.Core.csproj::TargetFramework=net6.0]
d:\Work\WellTool\src\WellTool.Core\Map\MapUtil.cs(1431,37): warning CS8714: 绫诲瀷鈥淜鈥濅笉鑳界敤浣滄硾鍨嬬被鍨嬫垨鏂规硶鈥淒ictionary<TKey, TValue>鈥濅腑鐨勭被鍨嬪弬鏁扳€淭Key鈥濄€傜被鍨嬪弬鏁扳€淜鈥濈殑涓?Null 鎬т笌 "notnull" 绾︽潫涓嶅尮閰嶃€?[d:\Work\WellTool\src\WellTool.Core\WellTool.Core.csproj::TargetFramework=net6.0]
d:\Work\WellTool\src\WellTool.Core\Lang\Ref\Reference.cs(62,92): warning CS8625: 鏃犳硶灏?null 瀛楅潰閲忚浆鎹负闈?null 鐨勫紩鐢ㄧ被鍨嬨€?[d:\Work\WellTool\src\WellTool.Core\WellTool.Core.csproj::TargetFramework=net6.0]
d:\Work\WellTool\src\WellTool.Core\Lang\Triple.cs(58,23): warning CS8765: 鍙傛暟鈥渙bj鈥濈被鍨嬬殑涓?Null 鎬т笌閲嶅啓鎴愬憳涓嶅尮閰?鍙兘鏄敱浜庝负 Null 鎬х壒鎬?銆?[d:\Work\WellTool\src\WellTool.Core\WellTool.Core.csproj::TargetFramework=net6.0]
d:\Work\WellTool\src\WellTool.Core\Lang\Tuple.cs(131,23): warning CS8765: 鍙傛暟鈥渙bj鈥濈被鍨嬬殑涓?Null 鎬т笌閲嶅啓鎴愬憳涓嶅尮閰?鍙兘鏄敱浜庝负 Null 鎬х壒鎬?銆?[d:\Work\WellTool\src\WellTool.Core\WellTool.Core.csproj::TargetFramework=net6.0]
d:\Work\WellTool\src\WellTool.Core\Lang\Version.cs(168,23): warning CS8765: 鍙傛暟鈥渙b鈥濈被鍨嬬殑涓?Null 鎬т笌閲嶅啓鎴愬憳涓嶅尮閰?鍙兘鏄敱浜庝负 Null 鎬х壒鎬?銆?[d:\Work\WellTool\src\WellTool.Core\WellTool.Core.csproj::TargetFramework=net6.0]
d:\Work\WellTool\src\WellTool.Core\Lang\Version.cs(141,13): warning CS8767: 鈥渋nt Version.CompareTo(Version that)鈥濈殑鍙傛暟鈥渢hat鈥濈被鍨嬩腑寮曠敤绫诲瀷鐨勪负 Null 鎬т笌闅愬紡瀹炵幇鐨勬垚鍛樷€渋nt IComparable<Version>.CompareTo(Version? other)鈥濅笉鍖归厤(鍙兘鏄敱浜庝负 Null 鎬х壒鎬?銆?[d:\Work\WellTool\src\WellTool.Core\WellTool.Core.csproj::TargetFramework=net6.0]
d:\Work\WellTool\src\WellTool.Core\Lang\WeightRandom.cs(45,41): warning CS8714: 绫诲瀷鈥淭鈥濅笉鑳界敤浣滄硾鍨嬬被鍨嬫垨鏂规硶鈥淒ictionary<TKey, TValue>鈥濅腑鐨勭被鍨嬪弬鏁扳€淭Key鈥濄€傜被鍨嬪弬鏁扳€淭鈥濈殑涓?Null 鎬т笌 "notnull" 绾︽潫涓嶅尮閰嶃€?[d:\Work\WellTool\src\WellTool.Core\WellTool.Core.csproj::TargetFramework=net6.0]
d:\Work\WellTool\src\WellTool.Core\Lang\Mutable\MutablePair.cs(67,30): warning CS8765: 鍙傛暟鈥渙bj鈥濈被鍨嬬殑涓?Null 鎬т笌閲嶅啓鎴愬憳涓嶅尮閰?鍙兘鏄敱浜庝负 Null 鎬х壒鎬?銆?[d:\Work\WellTool\src\WellTool.Core\WellTool.Core.csproj::TargetFramework=net6.0]
d:\Work\WellTool\src\WellTool.Core\Lang\Mutable\MutableObj.cs(95,30): warning CS8765: 鍙傛暟鈥渙bj鈥濈被鍨嬬殑涓?Null 鎬т笌閲嶅啓鎴愬憳涓嶅尮閰?鍙兘鏄敱浜庝负 Null 鎬х壒鎬?銆?[d:\Work\WellTool\src\WellTool.Core\WellTool.Core.csproj::TargetFramework=net6.0]
d:\Work\WellTool\src\WellTool.Core\Lang\Pair.cs(63,23): warning CS8765: 鍙傛暟鈥渙bj鈥濈被鍨嬬殑涓?Null 鎬т笌閲嶅啓鎴愬憳涓嶅尮閰?鍙兘鏄敱浜庝负 Null 鎬х壒鎬?銆?[d:\Work\WellTool\src\WellTool.Core\WellTool.Core.csproj::TargetFramework=net6.0]
d:\Work\WellTool\src\WellTool.Core\Lang\Pair.cs(61,46): warning CS8601: 鍙兘鐨?null 寮曠敤璧嬪€笺€?[d:\Work\WellTool\src\WellTool.Core\WellTool.Core.csproj::TargetFramework=net6.0]
d:\Work\WellTool\src\WellTool.Core\Lang\UUID.cs(185,23): warning CS8765: 鍙傛暟鈥渙bj鈥濈被鍨嬬殑涓?Null 鎬т笌閲嶅啓鎴愬憳涓嶅尮閰?鍙兘鏄敱浜庝负 Null 鎬х壒鎬?銆?[d:\Work\WellTool\src\WellTool.Core\WellTool.Core.csproj::TargetFramework=net6.0]
d:\Work\WellTool\src\WellTool.Core\Lang\UUID.cs(198,13): warning CS8767: 鈥渋nt UUID.CompareTo(UUID val)鈥濈殑鍙傛暟鈥渧al鈥濈被鍨嬩腑寮曠敤绫诲瀷鐨勪负 Null 鎬т笌闅愬紡瀹炵幇鐨勬垚鍛樷€渋nt IComparable<UUID>.CompareTo(UUID? other)鈥濅笉鍖归厤(鍙兘鏄敱浜庝负 Null 鎬х壒鎬?銆?[d:\Work\WellTool\src\WellTool.Core\WellTool.Core.csproj::TargetFramework=net6.0]
d:\Work\WellTool\src\WellTool.Core\Convert\impl\CollectionConverter.cs(4,7): warning CS0105: 鈥淲ellTool.Core.Convert鈥濈殑 using 鎸囦护浠ュ墠鍦ㄦ鍛藉悕绌洪棿涓嚭鐜拌繃 [d:\Work\WellTool\src\WellTool.Core\WellTool.Core.csproj::TargetFramework=net8.0]
d:\Work\WellTool\src\WellTool.Core\Convert\impl\CollectionConverter.cs(6,7): warning CS0105: 鈥淲ellTool.Core.Convert鈥濈殑 using 鎸囦护浠ュ墠鍦ㄦ鍛藉悕绌洪棿涓嚭鐜拌繃 [d:\Work\WellTool\src\WellTool.Core\WellTool.Core.csproj::TargetFramework=net8.0]
d:\Work\WellTool\src\WellTool.Core\Convert\impl\CollectionConverter.cs(8,7): warning CS0105: 鈥淲ellTool.Core.Convert鈥濈殑 using 鎸囦护浠ュ墠鍦ㄦ鍛藉悕绌洪棿涓嚭鐜拌繃 [d:\Work\WellTool\src\WellTool.Core\WellTool.Core.csproj::TargetFramework=net8.0]
d:\Work\WellTool\src\WellTool.Core\Convert\impl\EnumConverter.cs(4,7): warning CS0105: 鈥淲ellTool.Core.Convert鈥濈殑 using 鎸囦护浠ュ墠鍦ㄦ鍛藉悕绌洪棿涓嚭鐜拌繃 [d:\Work\WellTool\src\WellTool.Core\WellTool.Core.csproj::TargetFramework=net8.0]
d:\Work\WellTool\src\WellTool.Core\Convert\impl\MapConverter.cs(4,7): warning CS0105: 鈥淲ellTool.Core.Convert鈥濈殑 using 鎸囦护浠ュ墠鍦ㄦ鍛藉悕绌洪棿涓嚭鐜拌繃 [d:\Work\WellTool\src\WellTool.Core\WellTool.Core.csproj::TargetFramework=net8.0]
d:\Work\WellTool\src\WellTool.Core\Convert\impl\MapConverter.cs(6,7): warning CS0105: 鈥淲ellTool.Core.Convert鈥濈殑 using 鎸囦护浠ュ墠鍦ㄦ鍛藉悕绌洪棿涓嚭鐜拌繃 [d:\Work\WellTool\src\WellTool.Core\WellTool.Core.csproj::TargetFramework=net8.0]
d:\Work\WellTool\src\WellTool.Core\Convert\impl\NumberConverter.cs(4,7): warning CS0105: 鈥淲ellTool.Core.Convert鈥濈殑 using 鎸囦护浠ュ墠鍦ㄦ鍛藉悕绌洪棿涓嚭鐜拌繃 [d:\Work\WellTool\src\WellTool.Core\WellTool.Core.csproj::TargetFramework=net8.0]
d:\Work\WellTool\src\WellTool.Core\Builder\GenericBuilder.cs(63,44): warning CS0693: 绫诲瀷鍙傛暟鈥淭鈥濅笌澶栭儴绫诲瀷鈥淕enericBuilder<T>鈥濅腑鐨勭被鍨嬪弬鏁板悓鍚?[d:\Work\WellTool\src\WellTool.Core\WellTool.Core.csproj::TargetFramework=net8.0]
d:\Work\WellTool\src\WellTool.Core\Builder\GenericBuilder.cs(76,44): warning CS0693: 绫诲瀷鍙傛暟鈥淭鈥濅笌澶栭儴绫诲瀷鈥淕enericBuilder<T>鈥濅腑鐨勭被鍨嬪弬鏁板悓鍚?[d:\Work\WellTool\src\WellTool.Core\WellTool.Core.csproj::TargetFramework=net8.0]
d:\Work\WellTool\src\WellTool.Core\Builder\GenericBuilder.cs(91,44): warning CS0693: 绫诲瀷鍙傛暟鈥淭鈥濅笌澶栭儴绫诲瀷鈥淕enericBuilder<T>鈥濅腑鐨勭被鍨嬪弬鏁板悓鍚?[d:\Work\WellTool\src\WellTool.Core\WellTool.Core.csproj::TargetFramework=net8.0]
d:\Work\WellTool\src\WellTool.Core\Builder\GenericBuilder.cs(108,44): warning CS0693: 绫诲瀷鍙傛暟鈥淭鈥濅笌澶栭儴绫诲瀷鈥淕enericBuilder<T>鈥濅腑鐨勭被鍨嬪弬鏁板悓鍚?[d:\Work\WellTool\src\WellTool.Core\WellTool.Core.csproj::TargetFramework=net8.0]
d:\Work\WellTool\src\WellTool.Core\Builder\GenericBuilder.cs(127,44): warning CS0693: 绫诲瀷鍙傛暟鈥淭鈥濅笌澶栭儴绫诲瀷鈥淕enericBuilder<T>鈥濅腑鐨勭被鍨嬪弬鏁板悓鍚?[d:\Work\WellTool\src\WellTool.Core\WellTool.Core.csproj::TargetFramework=net8.0]
d:\Work\WellTool\src\WellTool.Core\Builder\GenericBuilder.cs(148,44): warning CS0693: 绫诲瀷鍙傛暟鈥淭鈥濅笌澶栭儴绫诲瀷鈥淕enericBuilder<T>鈥濅腑鐨勭被鍨嬪弬鏁板悓鍚?[d:\Work\WellTool\src\WellTool.Core\WellTool.Core.csproj::TargetFramework=net8.0]
d:\Work\WellTool\src\WellTool.Core\Collection\Concurrent\ConcurrentUtil.cs(54,46): warning CS8714: 绫诲瀷鈥淜鈥濅笉鑳界敤浣滄硾鍨嬬被鍨嬫垨鏂规硶鈥淐oncurrentDictionary<TKey, TValue>鈥濅腑鐨勭被鍨嬪弬鏁扳€淭Key鈥濄€傜被鍨嬪弬鏁扳€淜鈥濈殑涓?Null 鎬т笌 "notnull" 绾︽潫涓嶅尮閰嶃€?[d:\Work\WellTool\src\WellTool.Core\WellTool.Core.csproj::TargetFramework=net8.0]
d:\Work\WellTool\src\WellTool.Core\Collection\Concurrent\ConcurrentUtil.cs(100,61): warning CS8714: 绫诲瀷鈥淜鈥濅笉鑳界敤浣滄硾鍨嬬被鍨嬫垨鏂规硶鈥淐oncurrentDictionary<TKey, TValue>鈥濅腑鐨勭被鍨嬪弬鏁扳€淭Key鈥濄€傜被鍨嬪弬鏁扳€淜鈥濈殑涓?Null 鎬т笌 "notnull" 绾︽潫涓嶅尮閰嶃€?[d:\Work\WellTool\src\WellTool.Core\WellTool.Core.csproj::TargetFramework=net8.0]
d:\Work\WellTool\src\WellTool.Core\Builder\IDKey.cs(44,30): warning CS8765: 鍙傛暟鈥渙ther鈥濈被鍨嬬殑涓?Null 鎬т笌閲嶅啓鎴愬憳涓嶅尮閰?鍙兘鏄敱浜庝负 Null 鎬х壒鎬?銆?[d:\Work\WellTool\src\WellTool.Core\WellTool.Core.csproj::TargetFramework=net8.0]
d:\Work\WellTool\src\WellTool.Core\Builder\IDKey.cs(54,21): warning CS8767: 鈥渂ool IDKey.Equals(IDKey other)鈥濈殑鍙傛暟鈥渙ther鈥濈被鍨嬩腑寮曠敤绫诲瀷鐨勪负 Null 鎬т笌闅愬紡瀹炵幇鐨勬垚鍛樷€渂ool IEquatable<IDKey>.Equals(IDKey? other)鈥濅笉鍖归厤(鍙兘鏄敱浜庝负 Null 鎬х壒鎬?銆?[d:\Work\WellTool\src\WellTool.Core\WellTool.Core.csproj::TargetFramework=net8.0]
d:\Work\WellTool\src\WellTool.Core\Comparator\BaseFieldComparator.cs(70,29): warning CS8767: 鈥渋nt BaseFieldComparator<T>.Compare(T x, T y)鈥濈殑鍙傛暟鈥渪鈥濈被鍨嬩腑寮曠敤绫诲瀷鐨勪负 Null 鎬т笌闅愬紡瀹炵幇鐨勬垚鍛樷€渋nt IComparer<T>.Compare(T? x, T? y)鈥濅笉鍖归厤(鍙兘鏄敱浜庝负 Null 鎬х壒鎬?銆?[d:\Work\WellTool\src\WellTool.Core\WellTool.Core.csproj::TargetFramework=net8.0]
d:\Work\WellTool\src\WellTool.Core\Comparator\BaseFieldComparator.cs(70,29): warning CS8767: 鈥渋nt BaseFieldComparator<T>.Compare(T x, T y)鈥濈殑鍙傛暟鈥測鈥濈被鍨嬩腑寮曠敤绫诲瀷鐨勪负 Null 鎬т笌闅愬紡瀹炵幇鐨勬垚鍛樷€渋nt IComparer<T>.Compare(T? x, T? y)鈥濅笉鍖归厤(鍙兘鏄敱浜庝负 Null 鎬х壒鎬?銆?[d:\Work\WellTool\src\WellTool.Core\WellTool.Core.csproj::TargetFramework=net8.0]
d:\Work\WellTool\src\WellTool.Core\Clone\CloneSupport.cs(31,26): warning CS0108: 鈥淐loneSupport<T>.MemberwiseClone()鈥濋殣钘忕户鎵跨殑鎴愬憳鈥渙bject.MemberwiseClone()鈥濄€傚鏋滄槸鏈夋剰闅愯棌锛岃浣跨敤鍏抽敭瀛?new銆?[d:\Work\WellTool\src\WellTool.Core\WellTool.Core.csproj::TargetFramework=net8.0]
d:\Work\WellTool\src\WellTool.Core\Comparator\ComparableComparator.cs(33,20): warning CS8767: 鈥渋nt ComparableComparator<E>.Compare(E x, E y)鈥濈殑鍙傛暟鈥渪鈥濈被鍨嬩腑寮曠敤绫诲瀷鐨勪负 Null 鎬т笌闅愬紡瀹炵幇鐨勬垚鍛樷€渋nt IComparer<E>.Compare(E? x, E? y)鈥濅笉鍖归厤(鍙兘鏄敱浜庝负 Null 鎬х壒鎬?銆?[d:\Work\WellTool\src\WellTool.Core\WellTool.Core.csproj::TargetFramework=net8.0]
d:\Work\WellTool\src\WellTool.Core\Comparator\ComparableComparator.cs(33,20): warning CS8767: 鈥渋nt ComparableComparator<E>.Compare(E x, E y)鈥濈殑鍙傛暟鈥測鈥濈被鍨嬩腑寮曠敤绫诲瀷鐨勪负 Null 鎬т笌闅愬紡瀹炵幇鐨勬垚鍛樷€渋nt IComparer<E>.Compare(E? x, E? y)鈥濅笉鍖归厤(鍙兘鏄敱浜庝负 Null 鎬х壒鎬?銆?[d:\Work\WellTool\src\WellTool.Core\WellTool.Core.csproj::TargetFramework=net8.0]
d:\Work\WellTool\src\WellTool.Core\Comparator\ComparatorChain.cs(101,20): warning CS8767: 鈥渋nt ComparatorChain<E>.Compare(E x, E y)鈥濈殑鍙傛暟鈥渪鈥濈被鍨嬩腑寮曠敤绫诲瀷鐨勪负 Null 鎬т笌闅愬紡瀹炵幇鐨勬垚鍛樷€渋nt IComparer<E>.Compare(E? x, E? y)鈥濅笉鍖归厤(鍙兘鏄敱浜庝负 Null 鎬х壒鎬?銆?[d:\Work\WellTool\src\WellTool.Core\WellTool.Core.csproj::TargetFramework=net8.0]
d:\Work\WellTool\src\WellTool.Core\Comparator\ComparatorChain.cs(101,20): warning CS8767: 鈥渋nt ComparatorChain<E>.Compare(E x, E y)鈥濈殑鍙傛暟鈥測鈥濈被鍨嬩腑寮曠敤绫诲瀷鐨勪负 Null 鎬т笌闅愬紡瀹炵幇鐨勬垚鍛樷€渋nt IComparer<E>.Compare(E? x, E? y)鈥濅笉鍖归厤(鍙兘鏄敱浜庝负 Null 鎬х壒鎬?銆?[d:\Work\WellTool\src\WellTool.Core\WellTool.Core.csproj::TargetFramework=net8.0]
d:\Work\WellTool\src\WellTool.Core\Comparator\FuncComparator.cs(44,20): warning CS8767: 鈥渋nt FuncComparator<T>.Compare(T a, T b)鈥濈殑鍙傛暟鈥渁鈥濈被鍨嬩腑寮曠敤绫诲瀷鐨勪负 Null 鎬т笌闅愬紡瀹炵幇鐨勬垚鍛樷€渋nt IComparer<T>.Compare(T? x, T? y)鈥濅笉鍖归厤(鍙兘鏄敱浜庝负 Null 鎬х壒鎬?銆?[d:\Work\WellTool\src\WellTool.Core\WellTool.Core.csproj::TargetFramework=net8.0]
d:\Work\WellTool\src\WellTool.Core\Comparator\FuncComparator.cs(44,20): warning CS8767: 鈥渋nt FuncComparator<T>.Compare(T a, T b)鈥濈殑鍙傛暟鈥渂鈥濈被鍨嬩腑寮曠敤绫诲瀷鐨勪负 Null 鎬т笌闅愬紡瀹炵幇鐨勬垚鍛樷€渋nt IComparer<T>.Compare(T? x, T? y)鈥濅笉鍖归厤(鍙兘鏄敱浜庝负 Null 鎬х壒鎬?銆?[d:\Work\WellTool\src\WellTool.Core\WellTool.Core.csproj::TargetFramework=net8.0]
d:\Work\WellTool\src\WellTool.Core\Getter\ArrayTypeGetter.cs(9,63): warning CS8625: 鏃犳硶灏?null 瀛楅潰閲忚浆鎹负闈?null 鐨勫紩鐢ㄧ被鍨嬨€?[d:\Work\WellTool\src\WellTool.Core\WellTool.Core.csproj::TargetFramework=net8.0]
d:\Work\WellTool\src\WellTool.Core\Getter\ArrayTypeGetter.cs(10,63): warning CS8625: 鏃犳硶灏?null 瀛楅潰閲忚浆鎹负闈?null 鐨勫紩鐢ㄧ被鍨嬨€?[d:\Work\WellTool\src\WellTool.Core\WellTool.Core.csproj::TargetFramework=net8.0]
d:\Work\WellTool\src\WellTool.Core\Getter\ArrayTypeGetter.cs(11,63): warning CS8625: 鏃犳硶灏?null 瀛楅潰閲忚浆鎹负闈?null 鐨勫紩鐢ㄧ被鍨嬨€?[d:\Work\WellTool\src\WellTool.Core\WellTool.Core.csproj::TargetFramework=net8.0]
d:\Work\WellTool\src\WellTool.Core\Getter\ArrayTypeGetter.cs(12,66): warning CS8625: 鏃犳硶灏?null 瀛楅潰閲忚浆鎹负闈?null 鐨勫紩鐢ㄧ被鍨嬨€?[d:\Work\WellTool\src\WellTool.Core\WellTool.Core.csproj::TargetFramework=net8.0]
d:\Work\WellTool\src\WellTool.Core\Getter\ArrayTypeGetter.cs(13,60): warning CS8625: 鏃犳硶灏?null 瀛楅潰閲忚浆鎹负闈?null 鐨勫紩鐢ㄧ被鍨嬨€?[d:\Work\WellTool\src\WellTool.Core\WellTool.Core.csproj::TargetFramework=net8.0]
d:\Work\WellTool\src\WellTool.Core\Getter\ArrayTypeGetter.cs(14,63): warning CS8625: 鏃犳硶灏?null 瀛楅潰閲忚浆鎹负闈?null 鐨勫紩鐢ㄧ被鍨嬨€?[d:\Work\WellTool\src\WellTool.Core\WellTool.Core.csproj::TargetFramework=net8.0]
d:\Work\WellTool\src\WellTool.Core\Getter\ArrayTypeGetter.cs(15,66): warning CS8625: 鏃犳硶灏?null 瀛楅潰閲忚浆鎹负闈?null 鐨勫紩鐢ㄧ被鍨嬨€?[d:\Work\WellTool\src\WellTool.Core\WellTool.Core.csproj::TargetFramework=net8.0]
d:\Work\WellTool\src\WellTool.Core\Getter\ArrayTypeGetter.cs(16,69): warning CS8625: 鏃犳硶灏?null 瀛楅潰閲忚浆鎹负闈?null 鐨勫紩鐢ㄧ被鍨嬨€?[d:\Work\WellTool\src\WellTool.Core\WellTool.Core.csproj::TargetFramework=net8.0]
d:\Work\WellTool\src\WellTool.Core\Getter\ArrayTypeGetter.cs(17,69): warning CS8625: 鏃犳硶灏?null 瀛楅潰閲忚浆鎹负闈?null 鐨勫紩鐢ㄧ被鍨嬨€?[d:\Work\WellTool\src\WellTool.Core\WellTool.Core.csproj::TargetFramework=net8.0]
d:\Work\WellTool\src\WellTool.Core\Getter\ArrayTypeGetter.cs(18,60): warning CS8625: 鏃犳硶灏?null 瀛楅潰閲忚浆鎹负闈?null 鐨勫紩鐢ㄧ被鍨嬨€?[d:\Work\WellTool\src\WellTool.Core\WellTool.Core.csproj::TargetFramework=net8.0]
d:\Work\WellTool\src\WellTool.Core\Comparator\FieldsComparator.cs(49,24): warning CS8767: 鈥渋nt FieldsComparer.Compare(T a, T b)鈥濈殑鍙傛暟鈥渁鈥濈被鍨嬩腑寮曠敤绫诲瀷鐨勪负 Null 鎬т笌闅愬紡瀹炵幇鐨勬垚鍛樷€渋nt IComparer<T>.Compare(T? x, T? y)鈥濅笉鍖归厤(鍙兘鏄敱浜庝负 Null 鎬х壒鎬?銆?[d:\Work\WellTool\src\WellTool.Core\WellTool.Core.csproj::TargetFramework=net8.0]
d:\Work\WellTool\src\WellTool.Core\Comparator\FieldsComparator.cs(49,24): warning CS8767: 鈥渋nt FieldsComparer.Compare(T a, T b)鈥濈殑鍙傛暟鈥渂鈥濈被鍨嬩腑寮曠敤绫诲瀷鐨勪负 Null 鎬т笌闅愬紡瀹炵幇鐨勬垚鍛樷€渋nt IComparer<T>.Compare(T? x, T? y)鈥濅笉鍖归厤(鍙兘鏄敱浜庝负 Null 鎬х壒鎬?銆?[d:\Work\WellTool\src\WellTool.Core\WellTool.Core.csproj::TargetFramework=net8.0]
d:\Work\WellTool\src\WellTool.Core\Comparator\IndexedComparator.cs(47,20): warning CS8767: 鈥渋nt IndexedComparator<T>.Compare(T x, T y)鈥濈殑鍙傛暟鈥渪鈥濈被鍨嬩腑寮曠敤绫诲瀷鐨勪负 Null 鎬т笌闅愬紡瀹炵幇鐨勬垚鍛樷€渋nt IComparer<T>.Compare(T? x, T? y)鈥濅笉鍖归厤(鍙兘鏄敱浜庝负 Null 鎬х壒鎬?銆?[d:\Work\WellTool\src\WellTool.Core\WellTool.Core.csproj::TargetFramework=net8.0]
d:\Work\WellTool\src\WellTool.Core\Comparator\IndexedComparator.cs(47,20): warning CS8767: 鈥渋nt IndexedComparator<T>.Compare(T x, T y)鈥濈殑鍙傛暟鈥測鈥濈被鍨嬩腑寮曠敤绫诲瀷鐨勪负 Null 鎬т笌闅愬紡瀹炵幇鐨勬垚鍛樷€渋nt IComparer<T>.Compare(T? x, T? y)鈥濅笉鍖归厤(鍙兘鏄敱浜庝负 Null 鎬х壒鎬?銆?[d:\Work\WellTool\src\WellTool.Core\WellTool.Core.csproj::TargetFramework=net8.0]
d:\Work\WellTool\src\WellTool.Core\Comparator\IndexedComparator.cs(14,45): warning CS8714: 绫诲瀷鈥淭鈥濅笉鑳界敤浣滄硾鍨嬬被鍨嬫垨鏂规硶鈥淒ictionary<TKey, TValue>鈥濅腑鐨勭被鍨嬪弬鏁扳€淭Key鈥濄€傜被鍨嬪弬鏁扳€淭鈥濈殑涓?Null 鎬т笌 "notnull" 绾︽潫涓嶅尮閰嶃€?[d:\Work\WellTool\src\WellTool.Core\WellTool.Core.csproj::TargetFramework=net8.0]
d:\Work\WellTool\src\WellTool.Core\Comparator\InstanceComparator.cs(43,20): warning CS8767: 鈥渋nt InstanceComparator<T>.Compare(T x, T y)鈥濈殑鍙傛暟鈥渪鈥濈被鍨嬩腑寮曠敤绫诲瀷鐨勪负 Null 鎬т笌闅愬紡瀹炵幇鐨勬垚鍛樷€渋nt IComparer<T>.Compare(T? x, T? y)鈥濅笉鍖归厤(鍙兘鏄敱浜庝负 Null 鎬х壒鎬?銆?[d:\Work\WellTool\src\WellTool.Core\WellTool.Core.csproj::TargetFramework=net8.0]
d:\Work\WellTool\src\WellTool.Core\Comparator\InstanceComparator.cs(43,20): warning CS8767: 鈥渋nt InstanceComparator<T>.Compare(T x, T y)鈥濈殑鍙傛暟鈥測鈥濈被鍨嬩腑寮曠敤绫诲瀷鐨勪负 Null 鎬т笌闅愬紡瀹炵幇鐨勬垚鍛樷€渋nt IComparer<T>.Compare(T? x, T? y)鈥濅笉鍖归厤(鍙兘鏄敱浜庝负 Null 鎬х壒鎬?銆?[d:\Work\WellTool\src\WellTool.Core\WellTool.Core.csproj::TargetFramework=net8.0]
d:\Work\WellTool\src\WellTool.Core\Comparator\LengthComparator.cs(19,20): warning CS8767: 鈥渋nt LengthComparator.Compare(string x, string y)鈥濈殑鍙傛暟鈥渪鈥濈被鍨嬩腑寮曠敤绫诲瀷鐨勪负 Null 鎬т笌闅愬紡瀹炵幇鐨勬垚鍛樷€渋nt IComparer<string>.Compare(string? x, string? y)鈥濅笉鍖归厤(鍙兘鏄敱浜庝负 Null 鎬х壒鎬?銆?[d:\Work\WellTool\src\WellTool.Core\WellTool.Core.csproj::TargetFramework=net8.0]
d:\Work\WellTool\src\WellTool.Core\Comparator\LengthComparator.cs(19,20): warning CS8767: 鈥渋nt LengthComparator.Compare(string x, string y)鈥濈殑鍙傛暟鈥測鈥濈被鍨嬩腑寮曠敤绫诲瀷鐨勪负 Null 鎬т笌闅愬紡瀹炵幇鐨勬垚鍛樷€渋nt IComparer<string>.Compare(string? x, string? y)鈥濅笉鍖归厤(鍙兘鏄敱浜庝负 Null 鎬х壒鎬?銆?[d:\Work\WellTool\src\WellTool.Core\WellTool.Core.csproj::TargetFramework=net8.0]
d:\Work\WellTool\src\WellTool.Core\Getter\ArrayTypeGetter.cs(25,70): warning CS8625: 鏃犳硶灏?null 瀛楅潰閲忚浆鎹负闈?null 鐨勫紩鐢ㄧ被鍨嬨€?[d:\Work\WellTool\src\WellTool.Core\WellTool.Core.csproj::TargetFramework=net8.0]
d:\Work\WellTool\src\WellTool.Core\Getter\ArrayTypeGetter.cs(30,70): warning CS8625: 鏃犳硶灏?null 瀛楅潰閲忚浆鎹负闈?null 鐨勫紩鐢ㄧ被鍨嬨€?[d:\Work\WellTool\src\WellTool.Core\WellTool.Core.csproj::TargetFramework=net8.0]
d:\Work\WellTool\src\WellTool.Core\Getter\ArrayTypeGetter.cs(35,70): warning CS8625: 鏃犳硶灏?null 瀛楅潰閲忚浆鎹负闈?null 鐨勫紩鐢ㄧ被鍨嬨€?[d:\Work\WellTool\src\WellTool.Core\WellTool.Core.csproj::TargetFramework=net8.0]
d:\Work\WellTool\src\WellTool.Core\Comparator\NullComparator.cs(34,20): warning CS8767: 鈥渋nt NullComparator<T>.Compare(T x, T y)鈥濈殑鍙傛暟鈥渪鈥濈被鍨嬩腑寮曠敤绫诲瀷鐨勪负 Null 鎬т笌闅愬紡瀹炵幇鐨勬垚鍛樷€渋nt IComparer<T>.Compare(T? x, T? y)鈥濅笉鍖归厤(鍙兘鏄敱浜庝负 Null 鎬х壒鎬?銆?[d:\Work\WellTool\src\WellTool.Core\WellTool.Core.csproj::TargetFramework=net8.0]
d:\Work\WellTool\src\WellTool.Core\Comparator\NullComparator.cs(34,20): warning CS8767: 鈥渋nt NullComparator<T>.Compare(T x, T y)鈥濈殑鍙傛暟鈥測鈥濈被鍨嬩腑寮曠敤绫诲瀷鐨勪负 Null 鎬т笌闅愬紡瀹炵幇鐨勬垚鍛樷€渋nt IComparer<T>.Compare(T? x, T? y)鈥濅笉鍖归厤(鍙兘鏄敱浜庝负 Null 鎬х壒鎬?銆?[d:\Work\WellTool\src\WellTool.Core\WellTool.Core.csproj::TargetFramework=net8.0]
d:\Work\WellTool\src\WellTool.Core\Getter\ArrayTypeGetter.cs(40,73): warning CS8625: 鏃犳硶灏?null 瀛楅潰閲忚浆鎹负闈?null 鐨勫紩鐢ㄧ被鍨嬨€?[d:\Work\WellTool\src\WellTool.Core\WellTool.Core.csproj::TargetFramework=net8.0]
d:\Work\WellTool\src\WellTool.Core\Getter\ArrayTypeGetter.cs(45,67): warning CS8625: 鏃犳硶灏?null 瀛楅潰閲忚浆鎹负闈?null 鐨勫紩鐢ㄧ被鍨嬨€?[d:\Work\WellTool\src\WellTool.Core\WellTool.Core.csproj::TargetFramework=net8.0]
d:\Work\WellTool\src\WellTool.Core\Getter\ArrayTypeGetter.cs(50,70): warning CS8625: 鏃犳硶灏?null 瀛楅潰閲忚浆鎹负闈?null 鐨勫紩鐢ㄧ被鍨嬨€?[d:\Work\WellTool\src\WellTool.Core\WellTool.Core.csproj::TargetFramework=net8.0]
d:\Work\WellTool\src\WellTool.Core\Getter\ArrayTypeGetter.cs(55,73): warning CS8625: 鏃犳硶灏?null 瀛楅潰閲忚浆鎹负闈?null 鐨勫紩鐢ㄧ被鍨嬨€?[d:\Work\WellTool\src\WellTool.Core\WellTool.Core.csproj::TargetFramework=net8.0]
d:\Work\WellTool\src\WellTool.Core\Getter\ArrayTypeGetter.cs(60,76): warning CS8625: 鏃犳硶灏?null 瀛楅潰閲忚浆鎹负闈?null 鐨勫紩鐢ㄧ被鍨嬨€?[d:\Work\WellTool\src\WellTool.Core\WellTool.Core.csproj::TargetFramework=net8.0]
d:\Work\WellTool\src\WellTool.Core\Getter\ArrayTypeGetter.cs(65,76): warning CS8625: 鏃犳硶灏?null 瀛楅潰閲忚浆鎹负闈?null 鐨勫紩鐢ㄧ被鍨嬨€?[d:\Work\WellTool\src\WellTool.Core\WellTool.Core.csproj::TargetFramework=net8.0]
d:\Work\WellTool\src\WellTool.Core\Getter\ArrayTypeGetter.cs(70,67): warning CS8625: 鏃犳硶灏?null 瀛楅潰閲忚浆鎹负闈?null 鐨勫紩鐢ㄧ被鍨嬨€?[d:\Work\WellTool\src\WellTool.Core\WellTool.Core.csproj::TargetFramework=net8.0]
d:\Work\WellTool\src\WellTool.Core\Getter\ArrayTypeGetter.cs(75,74): warning CS8625: 鏃犳硶灏?null 瀛楅潰閲忚浆鎹负闈?null 鐨勫紩鐢ㄧ被鍨嬨€?[d:\Work\WellTool\src\WellTool.Core\WellTool.Core.csproj::TargetFramework=net8.0]
d:\Work\WellTool\src\WellTool.Core\Comparator\PinyinComparator.cs(28,20): warning CS8767: 鈥渋nt PinyinComparator.Compare(string x, string y)鈥濈殑鍙傛暟鈥渪鈥濈被鍨嬩腑寮曠敤绫诲瀷鐨勪负 Null 鎬т笌闅愬紡瀹炵幇鐨勬垚鍛樷€渋nt IComparer<string>.Compare(string? x, string? y)鈥濅笉鍖归厤(鍙兘鏄敱浜庝负 Null 鎬х壒鎬?銆?[d:\Work\WellTool\src\WellTool.Core\WellTool.Core.csproj::TargetFramework=net8.0]
d:\Work\WellTool\src\WellTool.Core\Comparator\PinyinComparator.cs(28,20): warning CS8767: 鈥渋nt PinyinComparator.Compare(string x, string y)鈥濈殑鍙傛暟鈥測鈥濈被鍨嬩腑寮曠敤绫诲瀷鐨勪负 Null 鎬т笌闅愬紡瀹炵幇鐨勬垚鍛樷€渋nt IComparer<string>.Compare(string? x, string? y)鈥濅笉鍖归厤(鍙兘鏄敱浜庝负 Null 鎬х壒鎬?銆?[d:\Work\WellTool\src\WellTool.Core\WellTool.Core.csproj::TargetFramework=net8.0]
d:\Work\WellTool\src\WellTool.Core\Compress\ZipReader.cs(17,71): warning CS8625: 鏃犳硶灏?null 瀛楅潰閲忚浆鎹负闈?null 鐨勫紩鐢ㄧ被鍨嬨€?[d:\Work\WellTool\src\WellTool.Core\WellTool.Core.csproj::TargetFramework=net8.0]
d:\Work\WellTool\src\WellTool.Core\Compress\ZipReader.cs(22,70): warning CS8625: 鏃犳硶灏?null 瀛楅潰閲忚浆鎹负闈?null 鐨勫紩鐢ㄧ被鍨嬨€?[d:\Work\WellTool\src\WellTool.Core\WellTool.Core.csproj::TargetFramework=net8.0]
d:\Work\WellTool\src\WellTool.Core\Compress\ZipReader.cs(27,61): warning CS8625: 鏃犳硶灏?null 瀛楅潰閲忚浆鎹负闈?null 鐨勫紩鐢ㄧ被鍨嬨€?[d:\Work\WellTool\src\WellTool.Core\WellTool.Core.csproj::TargetFramework=net8.0]
d:\Work\WellTool\src\WellTool.Core\Compress\ZipReader.cs(33,60): warning CS8625: 鏃犳硶灏?null 瀛楅潰閲忚浆鎹负闈?null 鐨勫紩鐢ㄧ被鍨嬨€?[d:\Work\WellTool\src\WellTool.Core\WellTool.Core.csproj::TargetFramework=net8.0]
d:\Work\WellTool\src\WellTool.Core\Compress\ZipWriter.cs(15,71): warning CS8625: 鏃犳硶灏?null 瀛楅潰閲忚浆鎹负闈?null 鐨勫紩鐢ㄧ被鍨嬨€?[d:\Work\WellTool\src\WellTool.Core\WellTool.Core.csproj::TargetFramework=net8.0]
d:\Work\WellTool\src\WellTool.Core\Compress\ZipWriter.cs(20,70): warning CS8625: 鏃犳硶灏?null 瀛楅潰閲忚浆鎹负闈?null 鐨勫紩鐢ㄧ被鍨嬨€?[d:\Work\WellTool\src\WellTool.Core\WellTool.Core.csproj::TargetFramework=net8.0]
d:\Work\WellTool\src\WellTool.Core\Compress\ZipWriter.cs(25,61): warning CS8625: 鏃犳硶灏?null 瀛楅潰閲忚浆鎹负闈?null 鐨勫紩鐢ㄧ被鍨嬨€?[d:\Work\WellTool\src\WellTool.Core\WellTool.Core.csproj::TargetFramework=net8.0]
d:\Work\WellTool\src\WellTool.Core\Compress\ZipWriter.cs(32,60): warning CS8625: 鏃犳硶灏?null 瀛楅潰閲忚浆鎹负闈?null 鐨勫紩鐢ㄧ被鍨嬨€?[d:\Work\WellTool\src\WellTool.Core\WellTool.Core.csproj::TargetFramework=net8.0]
d:\Work\WellTool\src\WellTool.Core\Comparator\PropertyComparator.cs(34,20): warning CS8767: 鈥渋nt PropertyComparator<T>.Compare(T x, T y)鈥濈殑鍙傛暟鈥渪鈥濈被鍨嬩腑寮曠敤绫诲瀷鐨勪负 Null 鎬т笌闅愬紡瀹炵幇鐨勬垚鍛樷€渋nt IComparer<T>.Compare(T? x, T? y)鈥濅笉鍖归厤(鍙兘鏄敱浜庝负 Null 鎬х壒鎬?銆?[d:\Work\WellTool\src\WellTool.Core\WellTool.Core.csproj::TargetFramework=net8.0]
d:\Work\WellTool\src\WellTool.Core\Comparator\PropertyComparator.cs(34,20): warning CS8767: 鈥渋nt PropertyComparator<T>.Compare(T x, T y)鈥濈殑鍙傛暟鈥測鈥濈被鍨嬩腑寮曠敤绫诲瀷鐨勪负 Null 鎬т笌闅愬紡瀹炵幇鐨勬垚鍛樷€渋nt IComparer<T>.Compare(T? x, T? y)鈥濅笉鍖归厤(鍙兘鏄敱浜庝负 Null 鎬х壒鎬?銆?[d:\Work\WellTool\src\WellTool.Core\WellTool.Core.csproj::TargetFramework=net8.0]
d:\Work\WellTool\src\WellTool.Core\Getter\BasicTypeGetter.cs(15,60): warning CS8625: 鏃犳硶灏?null 瀛楅潰閲忚浆鎹负闈?null 鐨勫紩鐢ㄧ被鍨嬨€?[d:\Work\WellTool\src\WellTool.Core\WellTool.Core.csproj::TargetFramework=net8.0]
d:\Work\WellTool\src\WellTool.Core\Getter\BasicTypeGetter.cs(16,51): warning CS8601: 鍙兘鐨?null 寮曠敤璧嬪€笺€?[d:\Work\WellTool\src\WellTool.Core\WellTool.Core.csproj::TargetFramework=net8.0]
d:\Work\WellTool\src\WellTool.Core\Comparator\ReverseComparator.cs(29,20): warning CS8767: 鈥渋nt ReverseComparator<E>.Compare(E x, E y)鈥濈殑鍙傛暟鈥渪鈥濈被鍨嬩腑寮曠敤绫诲瀷鐨勪负 Null 鎬т笌闅愬紡瀹炵幇鐨勬垚鍛樷€渋nt IComparer<E>.Compare(E? x, E? y)鈥濅笉鍖归厤(鍙兘鏄敱浜庝负 Null 鎬х壒鎬?銆?[d:\Work\WellTool\src\WellTool.Core\WellTool.Core.csproj::TargetFramework=net8.0]
d:\Work\WellTool\src\WellTool.Core\Comparator\ReverseComparator.cs(29,20): warning CS8767: 鈥渋nt ReverseComparator<E>.Compare(E x, E y)鈥濈殑鍙傛暟鈥測鈥濈被鍨嬩腑寮曠敤绫诲瀷鐨勪负 Null 鎬т笌闅愬紡瀹炵幇鐨勬垚鍛樷€渋nt IComparer<E>.Compare(E? x, E? y)鈥濅笉鍖归厤(鍙兘鏄敱浜庝负 Null 鎬х壒鎬?銆?[d:\Work\WellTool\src\WellTool.Core\WellTool.Core.csproj::TargetFramework=net8.0]
d:\Work\WellTool\src\WellTool.Core\Annotation\Hierarchical.cs(49,7): warning CS0108: 鈥淗ierarchical.CompareTo(Hierarchical)鈥濋殣钘忕户鎵跨殑鎴愬憳鈥淚Comparable<Hierarchical>.CompareTo(Hierarchical?)鈥濄€傚鏋滄槸鏈夋剰闅愯棌锛岃浣跨敤鍏抽敭瀛?new銆?[d:\Work\WellTool\src\WellTool.Core\WellTool.Core.csproj::TargetFramework=net8.0]
d:\Work\WellTool\src\WellTool.Core\Comparator\VersionComparator.cs(19,20): warning CS8767: 鈥渋nt VersionComparator.Compare(string x, string y)鈥濈殑鍙傛暟鈥渪鈥濈被鍨嬩腑寮曠敤绫诲瀷鐨勪负 Null 鎬т笌闅愬紡瀹炵幇鐨勬垚鍛樷€渋nt IComparer<string>.Compare(string? x, string? y)鈥濅笉鍖归厤(鍙兘鏄敱浜庝负 Null 鎬х壒鎬?銆?[d:\Work\WellTool\src\WellTool.Core\WellTool.Core.csproj::TargetFramework=net8.0]
d:\Work\WellTool\src\WellTool.Core\Comparator\VersionComparator.cs(19,20): warning CS8767: 鈥渋nt VersionComparator.Compare(string x, string y)鈥濈殑鍙傛暟鈥測鈥濈被鍨嬩腑寮曠敤绫诲瀷鐨勪负 Null 鎬т笌闅愬紡瀹炵幇鐨勬垚鍛樷€渋nt IComparer<string>.Compare(string? x, string? y)鈥濅笉鍖归厤(鍙兘鏄敱浜庝负 Null 鎬х壒鎬?銆?[d:\Work\WellTool\src\WellTool.Core\WellTool.Core.csproj::TargetFramework=net8.0]
d:\Work\WellTool\src\WellTool.Core\Comparator\ReverseComparator.cs(39,24): warning CS8767: 鈥渋nt DefaultComparer<T>.Compare(T x, T y)鈥濈殑鍙傛暟鈥渪鈥濈被鍨嬩腑寮曠敤绫诲瀷鐨勪负 Null 鎬т笌闅愬紡瀹炵幇鐨勬垚鍛樷€渋nt IComparer<T>.Compare(T? x, T? y)鈥濅笉鍖归厤(鍙兘鏄敱浜庝负 Null 鎬х壒鎬?銆?[d:\Work\WellTool\src\WellTool.Core\WellTool.Core.csproj::TargetFramework=net8.0]
d:\Work\WellTool\src\WellTool.Core\Comparator\ReverseComparator.cs(39,24): warning CS8767: 鈥渋nt DefaultComparer<T>.Compare(T x, T y)鈥濈殑鍙傛暟鈥測鈥濈被鍨嬩腑寮曠敤绫诲瀷鐨勪负 Null 鎬т笌闅愬紡瀹炵幇鐨勬垚鍛樷€渋nt IComparer<T>.Compare(T? x, T? y)鈥濅笉鍖归厤(鍙兘鏄敱浜庝负 Null 鎬х壒鎬?銆?[d:\Work\WellTool\src\WellTool.Core\WellTool.Core.csproj::TargetFramework=net8.0]
d:\Work\WellTool\src\WellTool.Core\Convert\impl\DateConverter.cs(17,46): warning CS8625: 鏃犳硶灏?null 瀛楅潰閲忚浆鎹负闈?null 鐨勫紩鐢ㄧ被鍨嬨€?[d:\Work\WellTool\src\WellTool.Core\WellTool.Core.csproj::TargetFramework=net8.0]
d:\Work\WellTool\src\WellTool.Core\Comparator\WindowsExplorerStringComparator.cs(20,20): warning CS8767: 鈥渋nt WindowsExplorerStringComparator.Compare(string x, string y)鈥濈殑鍙傛暟鈥渪鈥濈被鍨嬩腑寮曠敤绫诲瀷鐨勪负 Null 鎬т笌闅愬紡瀹炵幇鐨勬垚鍛樷€渋nt IComparer<string>.Compare(string? x, string? y)鈥濅笉鍖归厤(鍙兘鏄敱浜庝负 Null 鎬х壒鎬?銆?[d:\Work\WellTool\src\WellTool.Core\WellTool.Core.csproj::TargetFramework=net8.0]
d:\Work\WellTool\src\WellTool.Core\Comparator\WindowsExplorerStringComparator.cs(20,20): warning CS8767: 鈥渋nt WindowsExplorerStringComparator.Compare(string x, string y)鈥濈殑鍙傛暟鈥測鈥濈被鍨嬩腑寮曠敤绫诲瀷鐨勪负 Null 鎬т笌闅愬紡瀹炵幇鐨勬垚鍛樷€渋nt IComparer<string>.Compare(string? x, string? y)鈥濅笉鍖归厤(鍙兘鏄敱浜庝负 Null 鎬х壒鎬?銆?[d:\Work\WellTool\src\WellTool.Core\WellTool.Core.csproj::TargetFramework=net8.0]
d:\Work\WellTool\src\WellTool.Core\Getter\ListTypeGetter.cs(9,70): warning CS8625: 鏃犳硶灏?null 瀛楅潰閲忚浆鎹负闈?null 鐨勫紩鐢ㄧ被鍨嬨€?[d:\Work\WellTool\src\WellTool.Core\WellTool.Core.csproj::TargetFramework=net8.0]
d:\Work\WellTool\src\WellTool.Core\Getter\ListTypeGetter.cs(10,70): warning CS8625: 鏃犳硶灏?null 瀛楅潰閲忚浆鎹负闈?null 鐨勫紩鐢ㄧ被鍨嬨€?[d:\Work\WellTool\src\WellTool.Core\WellTool.Core.csproj::TargetFramework=net8.0]
d:\Work\WellTool\src\WellTool.Core\Getter\ListTypeGetter.cs(11,70): warning CS8625: 鏃犳硶灏?null 瀛楅潰閲忚浆鎹负闈?null 鐨勫紩鐢ㄧ被鍨嬨€?[d:\Work\WellTool\src\WellTool.Core\WellTool.Core.csproj::TargetFramework=net8.0]
d:\Work\WellTool\src\WellTool.Core\Getter\BasicTypeGetter.cs(71,67): warning CS8625: 鏃犳硶灏?null 瀛楅潰閲忚浆鎹负闈?null 鐨勫紩鐢ㄧ被鍨嬨€?[d:\Work\WellTool\src\WellTool.Core\WellTool.Core.csproj::TargetFramework=net8.0]
d:\Work\WellTool\src\WellTool.Core\Getter\ListTypeGetter.cs(12,73): warning CS8625: 鏃犳硶灏?null 瀛楅潰閲忚浆鎹负闈?null 鐨勫紩鐢ㄧ被鍨嬨€?[d:\Work\WellTool\src\WellTool.Core\WellTool.Core.csproj::TargetFramework=net8.0]
d:\Work\WellTool\src\WellTool.Core\Getter\BasicTypeGetter.cs(77,58): warning CS8601: 鍙兘鐨?null 寮曠敤璧嬪€笺€?[d:\Work\WellTool\src\WellTool.Core\WellTool.Core.csproj::TargetFramework=net8.0]
d:\Work\WellTool\src\WellTool.Core\Getter\ListTypeGetter.cs(13,67): warning CS8625: 鏃犳硶灏?null 瀛楅潰閲忚浆鎹负闈?null 鐨勫紩鐢ㄧ被鍨嬨€?[d:\Work\WellTool\src\WellTool.Core\WellTool.Core.csproj::TargetFramework=net8.0]
d:\Work\WellTool\src\WellTool.Core\Getter\ListTypeGetter.cs(14,70): warning CS8625: 鏃犳硶灏?null 瀛楅潰閲忚浆鎹负闈?null 鐨勫紩鐢ㄧ被鍨嬨€?[d:\Work\WellTool\src\WellTool.Core\WellTool.Core.csproj::TargetFramework=net8.0]
d:\Work\WellTool\src\WellTool.Core\Getter\ListTypeGetter.cs(15,73): warning CS8625: 鏃犳硶灏?null 瀛楅潰閲忚浆鎹负闈?null 鐨勫紩鐢ㄧ被鍨嬨€?[d:\Work\WellTool\src\WellTool.Core\WellTool.Core.csproj::TargetFramework=net8.0]
d:\Work\WellTool\src\WellTool.Core\Getter\ListTypeGetter.cs(16,76): warning CS8625: 鏃犳硶灏?null 瀛楅潰閲忚浆鎹负闈?null 鐨勫紩鐢ㄧ被鍨嬨€?[d:\Work\WellTool\src\WellTool.Core\WellTool.Core.csproj::TargetFramework=net8.0]
d:\Work\WellTool\src\WellTool.Core\Getter\ListTypeGetter.cs(17,76): warning CS8625: 鏃犳硶灏?null 瀛楅潰閲忚浆鎹负闈?null 鐨勫紩鐢ㄧ被鍨嬨€?[d:\Work\WellTool\src\WellTool.Core\WellTool.Core.csproj::TargetFramework=net8.0]
d:\Work\WellTool\src\WellTool.Core\Getter\ListTypeGetter.cs(18,67): warning CS8625: 鏃犳硶灏?null 瀛楅潰閲忚浆鎹负闈?null 鐨勫紩鐢ㄧ被鍨嬨€?[d:\Work\WellTool\src\WellTool.Core\WellTool.Core.csproj::TargetFramework=net8.0]
d:\Work\WellTool\src\WellTool.Core\Lang\Map\ActualTypeMapperPool.cs(59,104): warning CS8714: 绫诲瀷鈥淭Key鈥濅笉鑳界敤浣滄硾鍨嬬被鍨嬫垨鏂规硶鈥淒ictionary<TKey, TValue>鈥濅腑鐨勭被鍨嬪弬鏁扳€淭Key鈥濄€傜被鍨嬪弬鏁扳€淭Key鈥濈殑涓?Null 鎬т笌 "notnull" 绾︽潫涓嶅尮閰嶃€?[d:\Work\WellTool\src\WellTool.Core\WellTool.Core.csproj::TargetFramework=net8.0]
d:\Work\WellTool\src\WellTool.Core\IO\AppendableWriter.cs(51,30): warning CS8765: 鍙傛暟鈥渧alue鈥濈被鍨嬬殑涓?Null 鎬т笌閲嶅啓鎴愬憳涓嶅尮閰?鍙兘鏄敱浜庝负 Null 鎬х壒鎬?銆?[d:\Work\WellTool\src\WellTool.Core\WellTool.Core.csproj::TargetFramework=net8.0]
d:\Work\WellTool\src\WellTool.Core\IO\AppendableWriter.cs(57,30): warning CS8765: 鍙傛暟鈥渂uffer鈥濈被鍨嬬殑涓?Null 鎬т笌閲嶅啓鎴愬憳涓嶅尮閰?鍙兘鏄敱浜庝负 Null 鎬х壒鎬?銆?[d:\Work\WellTool\src\WellTool.Core\WellTool.Core.csproj::TargetFramework=net8.0]
d:\Work\WellTool\src\WellTool.Core\Getter\ListTypeGetter.cs(25,77): warning CS8625: 鏃犳硶灏?null 瀛楅潰閲忚浆鎹负闈?null 鐨勫紩鐢ㄧ被鍨嬨€?[d:\Work\WellTool\src\WellTool.Core\WellTool.Core.csproj::TargetFramework=net8.0]
d:\Work\WellTool\src\WellTool.Core\Getter\ListTypeGetter.cs(30,77): warning CS8625: 鏃犳硶灏?null 瀛楅潰閲忚浆鎹负闈?null 鐨勫紩鐢ㄧ被鍨嬨€?[d:\Work\WellTool\src\WellTool.Core\WellTool.Core.csproj::TargetFramework=net8.0]
d:\Work\WellTool\src\WellTool.Core\Getter\ListTypeGetter.cs(35,77): warning CS8625: 鏃犳硶灏?null 瀛楅潰閲忚浆鎹负闈?null 鐨勫紩鐢ㄧ被鍨嬨€?[d:\Work\WellTool\src\WellTool.Core\WellTool.Core.csproj::TargetFramework=net8.0]
d:\Work\WellTool\src\WellTool.Core\Getter\ListTypeGetter.cs(40,80): warning CS8625: 鏃犳硶灏?null 瀛楅潰閲忚浆鎹负闈?null 鐨勫紩鐢ㄧ被鍨嬨€?[d:\Work\WellTool\src\WellTool.Core\WellTool.Core.csproj::TargetFramework=net8.0]
d:\Work\WellTool\src\WellTool.Core\Getter\ListTypeGetter.cs(45,74): warning CS8625: 鏃犳硶灏?null 瀛楅潰閲忚浆鎹负闈?null 鐨勫紩鐢ㄧ被鍨嬨€?[d:\Work\WellTool\src\WellTool.Core\WellTool.Core.csproj::TargetFramework=net8.0]
d:\Work\WellTool\src\WellTool.Core\Getter\ListTypeGetter.cs(50,77): warning CS8625: 鏃犳硶灏?null 瀛楅潰閲忚浆鎹负闈?null 鐨勫紩鐢ㄧ被鍨嬨€?[d:\Work\WellTool\src\WellTool.Core\WellTool.Core.csproj::TargetFramework=net8.0]
d:\Work\WellTool\src\WellTool.Core\Getter\ListTypeGetter.cs(55,80): warning CS8625: 鏃犳硶灏?null 瀛楅潰閲忚浆鎹负闈?null 鐨勫紩鐢ㄧ被鍨嬨€?[d:\Work\WellTool\src\WellTool.Core\WellTool.Core.csproj::TargetFramework=net8.0]
d:\Work\WellTool\src\WellTool.Core\Getter\ListTypeGetter.cs(60,83): warning CS8625: 鏃犳硶灏?null 瀛楅潰閲忚浆鎹负闈?null 鐨勫紩鐢ㄧ被鍨嬨€?[d:\Work\WellTool\src\WellTool.Core\WellTool.Core.csproj::TargetFramework=net8.0]
d:\Work\WellTool\src\WellTool.Core\Getter\ListTypeGetter.cs(65,83): warning CS8625: 鏃犳硶灏?null 瀛楅潰閲忚浆鎹负闈?null 鐨勫紩鐢ㄧ被鍨嬨€?[d:\Work\WellTool\src\WellTool.Core\WellTool.Core.csproj::TargetFramework=net8.0]
d:\Work\WellTool\src\WellTool.Core\Getter\ListTypeGetter.cs(70,74): warning CS8625: 鏃犳硶灏?null 瀛楅潰閲忚浆鎹负闈?null 鐨勫紩鐢ㄧ被鍨嬨€?[d:\Work\WellTool\src\WellTool.Core\WellTool.Core.csproj::TargetFramework=net8.0]
d:\Work\WellTool\src\WellTool.Core\Getter\ListTypeGetter.cs(75,81): warning CS8625: 鏃犳硶灏?null 瀛楅潰閲忚浆鎹负闈?null 鐨勫紩鐢ㄧ被鍨嬨€?[d:\Work\WellTool\src\WellTool.Core\WellTool.Core.csproj::TargetFramework=net8.0]
d:\Work\WellTool\src\WellTool.Core\Map\AbsEntry.cs(45,30): warning CS8765: 鍙傛暟鈥渙bj鈥濈被鍨嬬殑涓?Null 鎬т笌閲嶅啓鎴愬憳涓嶅尮閰?鍙兘鏄敱浜庝负 Null 鎬х壒鎬?銆?[d:\Work\WellTool\src\WellTool.Core\WellTool.Core.csproj::TargetFramework=net8.0]
d:\Work\WellTool\src\WellTool.Core\Getter\OptNullBasicTypeFromObjectGetter.cs(32,13): warning CS0108: 鈥淥ptNullBasicTypeFromObjectGetter<K>.GetStr(K, string?)鈥濋殣钘忕户鎵跨殑鎴愬憳鈥淥ptBasicTypeGetter<K>.GetStr(K, string?)鈥濄€傚鏋滄槸鏈夋剰闅愯棌锛岃浣跨敤鍏抽敭瀛?new銆?[d:\Work\WellTool\src\WellTool.Core\WellTool.Core.csproj::TargetFramework=net8.0]
d:\Work\WellTool\src\WellTool.Core\Getter\OptNullBasicTypeFromObjectGetter.cs(40,10): warning CS0108: 鈥淥ptNullBasicTypeFromObjectGetter<K>.GetInt(K, int?)鈥濋殣钘忕户鎵跨殑鎴愬憳鈥淥ptBasicTypeGetter<K>.GetInt(K, int?)鈥濄€傚鏋滄槸鏈夋剰闅愯棌锛岃浣跨敤鍏抽敭瀛?new銆?[d:\Work\WellTool\src\WellTool.Core\WellTool.Core.csproj::TargetFramework=net8.0]
d:\Work\WellTool\src\WellTool.Core\Getter\OptNullBasicTypeFromObjectGetter.cs(48,12): warning CS0108: 鈥淥ptNullBasicTypeFromObjectGetter<K>.GetShort(K, short?)鈥濋殣钘忕户鎵跨殑鎴愬憳鈥淥ptBasicTypeGetter<K>.GetShort(K, short?)鈥濄€傚鏋滄槸鏈夋剰闅愯棌锛岃浣跨敤鍏抽敭瀛?new銆?[d:\Work\WellTool\src\WellTool.Core\WellTool.Core.csproj::TargetFramework=net8.0]
d:\Work\WellTool\src\WellTool.Core\Getter\OptNullBasicTypeFromObjectGetter.cs(56,11): warning CS0108: 鈥淥ptNullBasicTypeFromObjectGetter<K>.GetBool(K, bool?)鈥濋殣钘忕户鎵跨殑鎴愬憳鈥淥ptBasicTypeGetter<K>.GetBool(K, bool?)鈥濄€傚鏋滄槸鏈夋剰闅愯棌锛岃浣跨敤鍏抽敭瀛?new銆?[d:\Work\WellTool\src\WellTool.Core\WellTool.Core.csproj::TargetFramework=net8.0]
d:\Work\WellTool\src\WellTool.Core\Getter\OptNullBasicTypeFromObjectGetter.cs(64,11): warning CS0108: 鈥淥ptNullBasicTypeFromObjectGetter<K>.GetLong(K, long?)鈥濋殣钘忕户鎵跨殑鎴愬憳鈥淥ptBasicTypeGetter<K>.GetLong(K, long?)鈥濄€傚鏋滄槸鏈夋剰闅愯棌锛岃浣跨敤鍏抽敭瀛?new銆?[d:\Work\WellTool\src\WellTool.Core\WellTool.Core.csproj::TargetFramework=net8.0]
d:\Work\WellTool\src\WellTool.Core\Getter\OptNullBasicTypeFromObjectGetter.cs(72,11): warning CS0108: 鈥淥ptNullBasicTypeFromObjectGetter<K>.GetChar(K, char?)鈥濋殣钘忕户鎵跨殑鎴愬憳鈥淥ptBasicTypeGetter<K>.GetChar(K, char?)鈥濄€傚鏋滄槸鏈夋剰闅愯棌锛岃浣跨敤鍏抽敭瀛?new銆?[d:\Work\WellTool\src\WellTool.Core\WellTool.Core.csproj::TargetFramework=net8.0]
d:\Work\WellTool\src\WellTool.Core\Getter\OptNullBasicTypeFromObjectGetter.cs(80,12): warning CS0108: 鈥淥ptNullBasicTypeFromObjectGetter<K>.GetFloat(K, float?)鈥濋殣钘忕户鎵跨殑鎴愬憳鈥淥ptBasicTypeGetter<K>.GetFloat(K, float?)鈥濄€傚鏋滄槸鏈夋剰闅愯棌锛岃浣跨敤鍏抽敭瀛?new銆?[d:\Work\WellTool\src\WellTool.Core\WellTool.Core.csproj::TargetFramework=net8.0]
d:\Work\WellTool\src\WellTool.Core\Getter\OptNullBasicTypeFromObjectGetter.cs(88,13): warning CS0108: 鈥淥ptNullBasicTypeFromObjectGetter<K>.GetDouble(K, double?)鈥濋殣钘忕户鎵跨殑鎴愬憳鈥淥ptBasicTypeGetter<K>.GetDouble(K, double?)鈥濄€傚鏋滄槸鏈夋剰闅愯棌锛岃浣跨敤鍏抽敭瀛?new銆?[d:\Work\WellTool\src\WellTool.Core\WellTool.Core.csproj::TargetFramework=net8.0]
d:\Work\WellTool\src\WellTool.Core\Getter\OptNullBasicTypeFromObjectGetter.cs(96,11): warning CS0108: 鈥淥ptNullBasicTypeFromObjectGetter<K>.GetByte(K, byte?)鈥濋殣钘忕户鎵跨殑鎴愬憳鈥淥ptBasicTypeGetter<K>.GetByte(K, byte?)鈥濄€傚鏋滄槸鏈夋剰闅愯棌锛岃浣跨敤鍏抽敭瀛?new銆?[d:\Work\WellTool\src\WellTool.Core\WellTool.Core.csproj::TargetFramework=net8.0]
d:\Work\WellTool\src\WellTool.Core\Getter\OptNullBasicTypeFromObjectGetter.cs(104,14): warning CS0108: 鈥淥ptNullBasicTypeFromObjectGetter<K>.GetBigDecimal(K, decimal?)鈥濋殣钘忕户鎵跨殑鎴愬憳鈥淥ptBasicTypeGetter<K>.GetBigDecimal(K, decimal?)鈥濄€傚鏋滄槸鏈夋剰闅愯棌锛岃浣跨敤鍏抽敭瀛?new銆?[d:\Work\WellTool\src\WellTool.Core\WellTool.Core.csproj::TargetFramework=net8.0]
d:\Work\WellTool\src\WellTool.Core\Getter\OptNullBasicTypeFromObjectGetter.cs(112,17): warning CS0108: 鈥淥ptNullBasicTypeFromObjectGetter<K>.GetBigInteger(K, BigInteger?)鈥濋殣钘忕户鎵跨殑鎴愬憳鈥淥ptBasicTypeGetter<K>.GetBigInteger(K, BigInteger?)鈥濄€傚鏋滄槸鏈夋剰闅愯棌锛岃浣跨敤鍏抽敭瀛?new銆?[d:\Work\WellTool\src\WellTool.Core\WellTool.Core.csproj::TargetFramework=net8.0]
d:\Work\WellTool\src\WellTool.Core\Getter\OptNullBasicTypeFromObjectGetter.cs(122,8): warning CS0108: 鈥淥ptNullBasicTypeFromObjectGetter<K>.GetEnum<E>(Type, K, E?)鈥濋殣钘忕户鎵跨殑鎴愬憳鈥淥ptBasicTypeGetter<K>.GetEnum<E>(Type, K, E?)鈥濄€傚鏋滄槸鏈夋剰闅愯棌锛岃浣跨敤鍏抽敭瀛?new銆?[d:\Work\WellTool\src\WellTool.Core\WellTool.Core.csproj::TargetFramework=net8.0]
d:\Work\WellTool\src\WellTool.Core\Getter\OptNullBasicTypeFromObjectGetter.cs(130,15): warning CS0108: 鈥淥ptNullBasicTypeFromObjectGetter<K>.GetDate(K, DateTime?)鈥濋殣钘忕户鎵跨殑鎴愬憳鈥淥ptBasicTypeGetter<K>.GetDate(K, DateTime?)鈥濄€傚鏋滄槸鏈夋剰闅愯棌锛岃浣跨敤鍏抽敭瀛?new銆?[d:\Work\WellTool\src\WellTool.Core\WellTool.Core.csproj::TargetFramework=net8.0]
d:\Work\WellTool\src\WellTool.Core\Getter\OptNullBasicTypeFromStringGetter.cs(31,13): warning CS0108: 鈥淥ptNullBasicTypeFromStringGetter<K>.GetObj(K, object?)鈥濋殣钘忕户鎵跨殑鎴愬憳鈥淥ptBasicTypeGetter<K>.GetObj(K, object?)鈥濄€傚鏋滄槸鏈夋剰闅愯棌锛岃浣跨敤鍏抽敭瀛?new銆?[d:\Work\WellTool\src\WellTool.Core\WellTool.Core.csproj::TargetFramework=net8.0]
d:\Work\WellTool\src\WellTool.Core\Getter\OptNullBasicTypeFromStringGetter.cs(39,10): warning CS0108: 鈥淥ptNullBasicTypeFromStringGetter<K>.GetInt(K, int?)鈥濋殣钘忕户鎵跨殑鎴愬憳鈥淥ptBasicTypeGetter<K>.GetInt(K, int?)鈥濄€傚鏋滄槸鏈夋剰闅愯棌锛岃浣跨敤鍏抽敭瀛?new銆?[d:\Work\WellTool\src\WellTool.Core\WellTool.Core.csproj::TargetFramework=net8.0]
d:\Work\WellTool\src\WellTool.Core\Getter\OptNullBasicTypeFromStringGetter.cs(47,12): warning CS0108: 鈥淥ptNullBasicTypeFromStringGetter<K>.GetShort(K, short?)鈥濋殣钘忕户鎵跨殑鎴愬憳鈥淥ptBasicTypeGetter<K>.GetShort(K, short?)鈥濄€傚鏋滄槸鏈夋剰闅愯棌锛岃浣跨敤鍏抽敭瀛?new銆?[d:\Work\WellTool\src\WellTool.Core\WellTool.Core.csproj::TargetFramework=net8.0]
d:\Work\WellTool\src\WellTool.Core\Getter\OptNullBasicTypeFromStringGetter.cs(55,11): warning CS0108: 鈥淥ptNullBasicTypeFromStringGetter<K>.GetBool(K, bool?)鈥濋殣钘忕户鎵跨殑鎴愬憳鈥淥ptBasicTypeGetter<K>.GetBool(K, bool?)鈥濄€傚鏋滄槸鏈夋剰闅愯棌锛岃浣跨敤鍏抽敭瀛?new銆?[d:\Work\WellTool\src\WellTool.Core\WellTool.Core.csproj::TargetFramework=net8.0]
d:\Work\WellTool\src\WellTool.Core\Getter\OptNullBasicTypeFromStringGetter.cs(63,11): warning CS0108: 鈥淥ptNullBasicTypeFromStringGetter<K>.GetLong(K, long?)鈥濋殣钘忕户鎵跨殑鎴愬憳鈥淥ptBasicTypeGetter<K>.GetLong(K, long?)鈥濄€傚鏋滄槸鏈夋剰闅愯棌锛岃浣跨敤鍏抽敭瀛?new銆?[d:\Work\WellTool\src\WellTool.Core\WellTool.Core.csproj::TargetFramework=net8.0]
d:\Work\WellTool\src\WellTool.Core\Getter\OptNullBasicTypeFromStringGetter.cs(71,11): warning CS0108: 鈥淥ptNullBasicTypeFromStringGetter<K>.GetChar(K, char?)鈥濋殣钘忕户鎵跨殑鎴愬憳鈥淥ptBasicTypeGetter<K>.GetChar(K, char?)鈥濄€傚鏋滄槸鏈夋剰闅愯棌锛岃浣跨敤鍏抽敭瀛?new銆?[d:\Work\WellTool\src\WellTool.Core\WellTool.Core.csproj::TargetFramework=net8.0]
d:\Work\WellTool\src\WellTool.Core\Getter\OptNullBasicTypeFromStringGetter.cs(79,12): warning CS0108: 鈥淥ptNullBasicTypeFromStringGetter<K>.GetFloat(K, float?)鈥濋殣钘忕户鎵跨殑鎴愬憳鈥淥ptBasicTypeGetter<K>.GetFloat(K, float?)鈥濄€傚鏋滄槸鏈夋剰闅愯棌锛岃浣跨敤鍏抽敭瀛?new銆?[d:\Work\WellTool\src\WellTool.Core\WellTool.Core.csproj::TargetFramework=net8.0]
d:\Work\WellTool\src\WellTool.Core\Getter\OptNullBasicTypeFromStringGetter.cs(87,13): warning CS0108: 鈥淥ptNullBasicTypeFromStringGetter<K>.GetDouble(K, double?)鈥濋殣钘忕户鎵跨殑鎴愬憳鈥淥ptBasicTypeGetter<K>.GetDouble(K, double?)鈥濄€傚鏋滄槸鏈夋剰闅愯棌锛岃浣跨敤鍏抽敭瀛?new銆?[d:\Work\WellTool\src\WellTool.Core\WellTool.Core.csproj::TargetFramework=net8.0]
d:\Work\WellTool\src\WellTool.Core\Getter\OptNullBasicTypeFromStringGetter.cs(95,11): warning CS0108: 鈥淥ptNullBasicTypeFromStringGetter<K>.GetByte(K, byte?)鈥濋殣钘忕户鎵跨殑鎴愬憳鈥淥ptBasicTypeGetter<K>.GetByte(K, byte?)鈥濄€傚鏋滄槸鏈夋剰闅愯棌锛岃浣跨敤鍏抽敭瀛?new銆?[d:\Work\WellTool\src\WellTool.Core\WellTool.Core.csproj::TargetFramework=net8.0]
d:\Work\WellTool\src\WellTool.Core\Getter\OptNullBasicTypeFromStringGetter.cs(103,14): warning CS0108: 鈥淥ptNullBasicTypeFromStringGetter<K>.GetBigDecimal(K, decimal?)鈥濋殣钘忕户鎵跨殑鎴愬憳鈥淥ptBasicTypeGetter<K>.GetBigDecimal(K, decimal?)鈥濄€傚鏋滄槸鏈夋剰闅愯棌锛岃浣跨敤鍏抽敭瀛?new銆?[d:\Work\WellTool\src\WellTool.Core\WellTool.Core.csproj::TargetFramework=net8.0]
d:\Work\WellTool\src\WellTool.Core\Getter\OptNullBasicTypeFromStringGetter.cs(111,17): warning CS0108: 鈥淥ptNullBasicTypeFromStringGetter<K>.GetBigInteger(K, BigInteger?)鈥濋殣钘忕户鎵跨殑鎴愬憳鈥淥ptBasicTypeGetter<K>.GetBigInteger(K, BigInteger?)鈥濄€傚鏋滄槸鏈夋剰闅愯棌锛岃浣跨敤鍏抽敭瀛?new銆?[d:\Work\WellTool\src\WellTool.Core\WellTool.Core.csproj::TargetFramework=net8.0]
d:\Work\WellTool\src\WellTool.Core\Getter\OptNullBasicTypeFromStringGetter.cs(121,8): warning CS0108: 鈥淥ptNullBasicTypeFromStringGetter<K>.GetEnum<E>(Type, K, E?)鈥濋殣钘忕户鎵跨殑鎴愬憳鈥淥ptBasicTypeGetter<K>.GetEnum<E>(Type, K, E?)鈥濄€傚鏋滄槸鏈夋剰闅愯棌锛岃浣跨敤鍏抽敭瀛?new銆?[d:\Work\WellTool\src\WellTool.Core\WellTool.Core.csproj::TargetFramework=net8.0]
d:\Work\WellTool\src\WellTool.Core\Getter\OptNullBasicTypeFromStringGetter.cs(129,15): warning CS0108: 鈥淥ptNullBasicTypeFromStringGetter<K>.GetDate(K, DateTime?)鈥濋殣钘忕户鎵跨殑鎴愬憳鈥淥ptBasicTypeGetter<K>.GetDate(K, DateTime?)鈥濄€傚鏋滄槸鏈夋剰闅愯棌锛岃浣跨敤鍏抽敭瀛?new銆?[d:\Work\WellTool\src\WellTool.Core\WellTool.Core.csproj::TargetFramework=net8.0]
d:\Work\WellTool\src\WellTool.Core\Stream\CollectorUtil.cs(57,46): warning CS8714: 绫诲瀷鈥淜鈥濅笉鑳界敤浣滄硾鍨嬬被鍨嬫垨鏂规硶鈥淒ictionary<TKey, TValue>鈥濅腑鐨勭被鍨嬪弬鏁扳€淭Key鈥濄€傜被鍨嬪弬鏁扳€淜鈥濈殑涓?Null 鎬т笌 "notnull" 绾︽潫涓嶅尮閰嶃€?[d:\Work\WellTool\src\WellTool.Core\WellTool.Core.csproj::TargetFramework=net8.0]
d:\Work\WellTool\src\WellTool.Core\Stream\CollectorUtil.cs(82,40): warning CS8714: 绫诲瀷鈥淜鈥濅笉鑳界敤浣滄硾鍨嬬被鍨嬫垨鏂规硶鈥淒ictionary<TKey, TValue>鈥濅腑鐨勭被鍨嬪弬鏁扳€淭Key鈥濄€傜被鍨嬪弬鏁扳€淜鈥濈殑涓?Null 鎬т笌 "notnull" 绾︽潫涓嶅尮閰嶃€?[d:\Work\WellTool\src\WellTool.Core\WellTool.Core.csproj::TargetFramework=net8.0]
d:\Work\WellTool\src\WellTool.Core\Stream\CollectorUtil.cs(98,40): warning CS8714: 绫诲瀷鈥淜鈥濅笉鑳界敤浣滄硾鍨嬬被鍨嬫垨鏂规硶鈥淒ictionary<TKey, TValue>鈥濅腑鐨勭被鍨嬪弬鏁扳€淭Key鈥濄€傜被鍨嬪弬鏁扳€淜鈥濈殑涓?Null 鎬т笌 "notnull" 绾︽潫涓嶅尮閰嶃€?[d:\Work\WellTool\src\WellTool.Core\WellTool.Core.csproj::TargetFramework=net8.0]
d:\Work\WellTool\src\WellTool.Core\Map\BiMap.cs(9,43): warning CS8714: 绫诲瀷鈥淜鈥濅笉鑳界敤浣滄硾鍨嬬被鍨嬫垨鏂规硶鈥淒ictionary<TKey, TValue>鈥濅腑鐨勭被鍨嬪弬鏁扳€淭Key鈥濄€傜被鍨嬪弬鏁扳€淜鈥濈殑涓?Null 鎬т笌 "notnull" 绾︽潫涓嶅尮閰嶃€?[d:\Work\WellTool\src\WellTool.Core\WellTool.Core.csproj::TargetFramework=net8.0]
d:\Work\WellTool\src\WellTool.Core\Map\BiMap.cs(10,43): warning CS8714: 绫诲瀷鈥淰鈥濅笉鑳界敤浣滄硾鍨嬬被鍨嬫垨鏂规硶鈥淒ictionary<TKey, TValue>鈥濅腑鐨勭被鍨嬪弬鏁扳€淭Key鈥濄€傜被鍨嬪弬鏁扳€淰鈥濈殑涓?Null 鎬т笌 "notnull" 绾︽潫涓嶅尮閰嶃€?[d:\Work\WellTool\src\WellTool.Core\WellTool.Core.csproj::TargetFramework=net8.0]
d:\Work\WellTool\src\WellTool.Core\Collection\ConcurrentHashSet.cs(14,56): warning CS8714: 绫诲瀷鈥淭鈥濅笉鑳界敤浣滄硾鍨嬬被鍨嬫垨鏂规硶鈥淐oncurrentDictionary<TKey, TValue>鈥濅腑鐨勭被鍨嬪弬鏁扳€淭Key鈥濄€傜被鍨嬪弬鏁扳€淭鈥濈殑涓?Null 鎬т笌 "notnull" 绾︽潫涓嶅尮閰嶃€?[d:\Work\WellTool\src\WellTool.Core\WellTool.Core.csproj::TargetFramework=net8.0]
d:\Work\WellTool\src\WellTool.Core\IO\FastStringWriter.cs(40,23): warning CS8765: 鍙傛暟鈥渧alue鈥濈被鍨嬬殑涓?Null 鎬т笌閲嶅啓鎴愬憳涓嶅尮閰?鍙兘鏄敱浜庝负 Null 鎬х壒鎬?銆?[d:\Work\WellTool\src\WellTool.Core\WellTool.Core.csproj::TargetFramework=net8.0]
d:\Work\WellTool\src\WellTool.Core\Thread\AsyncUtil.cs(165,89): warning CS8601: 鍙兘鐨?null 寮曠敤璧嬪€笺€?[d:\Work\WellTool\src\WellTool.Core\WellTool.Core.csproj::TargetFramework=net8.0]
d:\Work\WellTool\src\WellTool.Core\Text\CharPool.cs(160,23): warning CS0108: 鈥淐harPool.Equals鈥濋殣钘忕户鎵跨殑鎴愬憳鈥渙bject.Equals(object?)鈥濄€傚鏋滄槸鏈夋剰闅愯棌锛岃浣跨敤鍏抽敭瀛?new銆?[d:\Work\WellTool\src\WellTool.Core\WellTool.Core.csproj::TargetFramework=net8.0]
d:\Work\WellTool\src\WellTool.Core\IO\FileUtil.cs(29,78): warning CS8625: 鏃犳硶灏?null 瀛楅潰閲忚浆鎹负闈?null 鐨勫紩鐢ㄧ被鍨嬨€?[d:\Work\WellTool\src\WellTool.Core\WellTool.Core.csproj::TargetFramework=net8.0]
d:\Work\WellTool\src\WellTool.Core\IO\FileUtil.cs(51,89): warning CS8625: 鏃犳硶灏?null 瀛楅潰閲忚浆鎹负闈?null 鐨勫紩鐢ㄧ被鍨嬨€?[d:\Work\WellTool\src\WellTool.Core\WellTool.Core.csproj::TargetFramework=net8.0]
d:\Work\WellTool\src\WellTool.Core\IO\FileUtil.cs(63,90): warning CS8625: 鏃犳硶灏?null 瀛楅潰閲忚浆鎹负闈?null 鐨勫紩鐢ㄧ被鍨嬨€?[d:\Work\WellTool\src\WellTool.Core\WellTool.Core.csproj::TargetFramework=net8.0]
d:\Work\WellTool\src\WellTool.Core\Annotation\Scanner\MethodAnnotationScanner.cs(60,21): warning CS0108: 鈥淢ethodAnnotationScanner.Support(object)鈥濋殣钘忕户鎵跨殑鎴愬憳鈥淎bstractTypeAnnotationScanner<MethodAnnotationScanner>.Support(object)鈥濄€傚鏋滄槸鏈夋剰闅愯棌锛岃浣跨敤鍏抽敭瀛?new銆?[d:\Work\WellTool\src\WellTool.Core\WellTool.Core.csproj::TargetFramework=net8.0]
d:\Work\WellTool\src\WellTool.Core\Annotation\Scanner\MethodAnnotationScanner.cs(70,32): warning CS0108: 鈥淢ethodAnnotationScanner.GetAnnotations(object)鈥濋殣钘忕户鎵跨殑鎴愬憳鈥淎bstractTypeAnnotationScanner<MethodAnnotationScanner>.GetAnnotations(object)鈥濄€傚鏋滄槸鏈夋剰闅愯棌锛岃浣跨敤鍏抽敭瀛?new銆?[d:\Work\WellTool\src\WellTool.Core\WellTool.Core.csproj::TargetFramework=net8.0]
d:\Work\WellTool\src\WellTool.Core\Annotation\Scanner\MethodAnnotationScanner.cs(83,32): warning CS0108: 鈥淢ethodAnnotationScanner.GetAnnotationsIfSupport(object)鈥濋殣钘忕户鎵跨殑鎴愬憳鈥淎bstractTypeAnnotationScanner<MethodAnnotationScanner>.GetAnnotationsIfSupport(object)鈥濄€傚鏋滄槸鏈夋剰闅愯棌锛岃浣跨敤鍏抽敭瀛?new銆?[d:\Work\WellTool\src\WellTool.Core\WellTool.Core.csproj::TargetFramework=net8.0]
d:\Work\WellTool\src\WellTool.Core\Annotation\Scanner\MethodAnnotationScanner.cs(98,21): warning CS0108: 鈥淢ethodAnnotationScanner.ScanIfSupport(Action<int, Attribute>, object, Func<Attribute, bool>)鈥濋殣钘忕户鎵跨殑鎴愬憳鈥淎bstractTypeAnnotationScanner<MethodAnnotationScanner>.ScanIfSupport(Action<int, Attribute>, object, Func<Attribute, bool>)鈥濄€傚鏋滄槸鏈夋剰闅愯棌锛岃浣跨敤鍏抽敭瀛?new銆?[d:\Work\WellTool\src\WellTool.Core\WellTool.Core.csproj::TargetFramework=net8.0]
d:\Work\WellTool\src\WellTool.Core\Annotation\Scanner\TypeAnnotationScanner.cs(38,21): warning CS0108: 鈥淭ypeAnnotationScanner.Support(object)鈥濋殣钘忕户鎵跨殑鎴愬憳鈥淎bstractTypeAnnotationScanner<TypeAnnotationScanner>.Support(object)鈥濄€傚鏋滄槸鏈夋剰闅愯棌锛岃浣跨敤鍏抽敭瀛?new銆?[d:\Work\WellTool\src\WellTool.Core\WellTool.Core.csproj::TargetFramework=net8.0]
d:\Work\WellTool\src\WellTool.Core\Annotation\Scanner\TypeAnnotationScanner.cs(48,32): warning CS0108: 鈥淭ypeAnnotationScanner.GetAnnotations(object)鈥濋殣钘忕户鎵跨殑鎴愬憳鈥淎bstractTypeAnnotationScanner<TypeAnnotationScanner>.GetAnnotations(object)鈥濄€傚鏋滄槸鏈夋剰闅愯棌锛岃浣跨敤鍏抽敭瀛?new銆?[d:\Work\WellTool\src\WellTool.Core\WellTool.Core.csproj::TargetFramework=net8.0]
d:\Work\WellTool\src\WellTool.Core\Annotation\Scanner\TypeAnnotationScanner.cs(61,32): warning CS0108: 鈥淭ypeAnnotationScanner.GetAnnotationsIfSupport(object)鈥濋殣钘忕户鎵跨殑鎴愬憳鈥淎bstractTypeAnnotationScanner<TypeAnnotationScanner>.GetAnnotationsIfSupport(object)鈥濄€傚鏋滄槸鏈夋剰闅愯棌锛岃浣跨敤鍏抽敭瀛?new銆?[d:\Work\WellTool\src\WellTool.Core\WellTool.Core.csproj::TargetFramework=net8.0]
d:\Work\WellTool\src\WellTool.Core\Annotation\Scanner\TypeAnnotationScanner.cs(76,21): warning CS0108: 鈥淭ypeAnnotationScanner.ScanIfSupport(Action<int, Attribute>, object, Func<Attribute, bool>)鈥濋殣钘忕户鎵跨殑鎴愬憳鈥淎bstractTypeAnnotationScanner<TypeAnnotationScanner>.ScanIfSupport(Action<int, Attribute>, object, Func<Attribute, bool>)鈥濄€傚鏋滄槸鏈夋剰闅愯棌锛岃浣跨敤鍏抽敭瀛?new銆?[d:\Work\WellTool\src\WellTool.Core\WellTool.Core.csproj::TargetFramework=net8.0]
d:\Work\WellTool\src\WellTool.Core\Annotation\Scanner\TypeAnnotationScanner.cs(129,47): warning CS0108: 鈥淭ypeAnnotationScanner.JdkProxyClassConverter鈥濋殣钘忕户鎵跨殑鎴愬憳鈥淎bstractTypeAnnotationScanner<TypeAnnotationScanner>.JdkProxyClassConverter鈥濄€傚鏋滄槸鏈夋剰闅愯棌锛岃浣跨敤鍏抽敭瀛?new銆?[d:\Work\WellTool\src\WellTool.Core\WellTool.Core.csproj::TargetFramework=net8.0]
d:\Work\WellTool\src\WellTool.Core\IO\NullOutputStream.cs(27,49): warning CS0108: 鈥淣ullOutputStream.Null鈥濋殣钘忕户鎵跨殑鎴愬憳鈥淪tream.Null鈥濄€傚鏋滄槸鏈夋剰闅愯棌锛岃浣跨敤鍏抽敭瀛?new銆?[d:\Work\WellTool\src\WellTool.Core\WellTool.Core.csproj::TargetFramework=net8.0]
d:\Work\WellTool\src\WellTool.Core\Lang\ClassScanner.cs(27,82): warning CS8625: 鏃犳硶灏?null 瀛楅潰閲忚浆鎹负闈?null 鐨勫紩鐢ㄧ被鍨嬨€?[d:\Work\WellTool\src\WellTool.Core\WellTool.Core.csproj::TargetFramework=net8.0]
d:\Work\WellTool\src\WellTool.Core\Map\CustomKeyMap.cs(8,14): warning CS8714: 绫诲瀷鈥淜鈥濅笉鑳界敤浣滄硾鍨嬬被鍨嬫垨鏂规硶鈥淒ictionary<TKey, TValue>鈥濅腑鐨勭被鍨嬪弬鏁扳€淭Key鈥濄€傜被鍨嬪弬鏁扳€淜鈥濈殑涓?Null 鎬т笌 "notnull" 绾︽潫涓嶅尮閰嶃€?[d:\Work\WellTool\src\WellTool.Core\WellTool.Core.csproj::TargetFramework=net8.0]
d:\Work\WellTool\src\WellTool.Core\Date\Format\AbstractDateBasic.cs(54,9): warning CS0618: 鈥淭imeZone鈥濆凡杩囨椂:鈥淪ystem.TimeZone has been deprecated. Investigate the use of System.TimeZoneInfo instead.鈥?[d:\Work\WellTool\src\WellTool.Core\WellTool.Core.csproj::TargetFramework=net8.0]
d:\Work\WellTool\src\WellTool.Core\Date\Format\DateBasic.cs(21,2): warning CS0618: 鈥淭imeZone鈥濆凡杩囨椂:鈥淪ystem.TimeZone has been deprecated. Investigate the use of System.TimeZoneInfo instead.鈥?[d:\Work\WellTool\src\WellTool.Core\WellTool.Core.csproj::TargetFramework=net8.0]
d:\Work\WellTool\src\WellTool.Core\Date\Format\AbstractDateBasic.cs(65,23): warning CS8765: 鍙傛暟鈥渙bj鈥濈被鍨嬬殑涓?Null 鎬т笌閲嶅啓鎴愬憳涓嶅尮閰?鍙兘鏄敱浜庝负 Null 鎬х壒鎬?銆?[d:\Work\WellTool\src\WellTool.Core\WellTool.Core.csproj::TargetFramework=net8.0]
d:\Work\WellTool\src\WellTool.Core\Date\Format\AbstractDateBasic.cs(24,21): warning CS0618: 鈥淭imeZone鈥濆凡杩囨椂:鈥淪ystem.TimeZone has been deprecated. Investigate the use of System.TimeZoneInfo instead.鈥?[d:\Work\WellTool\src\WellTool.Core\WellTool.Core.csproj::TargetFramework=net8.0]
d:\Work\WellTool\src\WellTool.Core\Date\Format\AbstractDateBasic.cs(37,46): warning CS0618: 鈥淭imeZone鈥濆凡杩囨椂:鈥淪ystem.TimeZone has been deprecated. Investigate the use of System.TimeZoneInfo instead.鈥?[d:\Work\WellTool\src\WellTool.Core\WellTool.Core.csproj::TargetFramework=net8.0]
d:\Work\WellTool\src\WellTool.Core\Bean\DynaBean.cs(200,30): warning CS8765: 鍙傛暟鈥渙bj鈥濈被鍨嬬殑涓?Null 鎬т笌閲嶅啓鎴愬憳涓嶅尮閰?鍙兘鏄敱浜庝负 Null 鎬х壒鎬?銆?[d:\Work\WellTool\src\WellTool.Core\WellTool.Core.csproj::TargetFramework=net8.0]
d:\Work\WellTool\src\WellTool.Core\Text\Csv\CsvReader.cs(20,64): warning CS8625: 鏃犳硶灏?null 瀛楅潰閲忚浆鎹负闈?null 鐨勫紩鐢ㄧ被鍨嬨€?[d:\Work\WellTool\src\WellTool.Core\WellTool.Core.csproj::TargetFramework=net8.0]
d:\Work\WellTool\src\WellTool.Core\IO\IoUtil.cs(37,76): warning CS8625: 鏃犳硶灏?null 瀛楅潰閲忚浆鎹负闈?null 鐨勫紩鐢ㄧ被鍨嬨€?[d:\Work\WellTool\src\WellTool.Core\WellTool.Core.csproj::TargetFramework=net8.0]
d:\Work\WellTool\src\WellTool.Core\IO\IoUtil.cs(62,87): warning CS8625: 鏃犳硶灏?null 瀛楅潰閲忚浆鎹负闈?null 鐨勫紩鐢ㄧ被鍨嬨€?[d:\Work\WellTool\src\WellTool.Core\WellTool.Core.csproj::TargetFramework=net8.0]
d:\Work\WellTool\src\WellTool.Core\Date\Format\FastDateFormat.cs(74,59): warning CS0618: 鈥淭imeZone鈥濆凡杩囨椂:鈥淪ystem.TimeZone has been deprecated. Investigate the use of System.TimeZoneInfo instead.鈥?[d:\Work\WellTool\src\WellTool.Core\WellTool.Core.csproj::TargetFramework=net8.0]
d:\Work\WellTool\src\WellTool.Core\Date\Format\FastDateFormat.cs(97,59): warning CS0618: 鈥淭imeZone鈥濆凡杩囨椂:鈥淪ystem.TimeZone has been deprecated. Investigate the use of System.TimeZoneInfo instead.鈥?[d:\Work\WellTool\src\WellTool.Core\WellTool.Core.csproj::TargetFramework=net8.0]
d:\Work\WellTool\src\WellTool.Core\Date\Format\FastDateFormat.cs(129,58): warning CS0618: 鈥淭imeZone鈥濆凡杩囨椂:鈥淪ystem.TimeZone has been deprecated. Investigate the use of System.TimeZoneInfo instead.鈥?[d:\Work\WellTool\src\WellTool.Core\WellTool.Core.csproj::TargetFramework=net8.0]
d:\Work\WellTool\src\WellTool.Core\Date\Format\FastDateFormat.cs(141,58): warning CS0618: 鈥淭imeZone鈥濆凡杩囨椂:鈥淪ystem.TimeZone has been deprecated. Investigate the use of System.TimeZoneInfo instead.鈥?[d:\Work\WellTool\src\WellTool.Core\WellTool.Core.csproj::TargetFramework=net8.0]
d:\Work\WellTool\src\WellTool.Core\Thread\Lock\SegmentLock.cs(119,45): warning CS0693: 绫诲瀷鍙傛暟鈥淟鈥濅笌澶栭儴绫诲瀷鈥淪egmentLock<L>鈥濅腑鐨勭被鍨嬪弬鏁板悓鍚?[d:\Work\WellTool\src\WellTool.Core\WellTool.Core.csproj::TargetFramework=net8.0]
d:\Work\WellTool\src\WellTool.Core\Date\Format\FastDateFormat.cs(173,58): warning CS0618: 鈥淭imeZone鈥濆凡杩囨椂:鈥淪ystem.TimeZone has been deprecated. Investigate the use of System.TimeZoneInfo instead.鈥?[d:\Work\WellTool\src\WellTool.Core\WellTool.Core.csproj::TargetFramework=net8.0]
d:\Work\WellTool\src\WellTool.Core\Date\Format\FastDateFormat.cs(185,58): warning CS0618: 鈥淭imeZone鈥濆凡杩囨椂:鈥淪ystem.TimeZone has been deprecated. Investigate the use of System.TimeZoneInfo instead.鈥?[d:\Work\WellTool\src\WellTool.Core\WellTool.Core.csproj::TargetFramework=net8.0]
d:\Work\WellTool\src\WellTool.Core\Date\Format\FastDateFormat.cs(220,81): warning CS0618: 鈥淭imeZone鈥濆凡杩囨椂:鈥淪ystem.TimeZone has been deprecated. Investigate the use of System.TimeZoneInfo instead.鈥?[d:\Work\WellTool\src\WellTool.Core\WellTool.Core.csproj::TargetFramework=net8.0]
d:\Work\WellTool\src\WellTool.Core\Date\Format\FastDateFormat.cs(233,81): warning CS0618: 鈥淭imeZone鈥濆凡杩囨椂:鈥淪ystem.TimeZone has been deprecated. Investigate the use of System.TimeZoneInfo instead.鈥?[d:\Work\WellTool\src\WellTool.Core\WellTool.Core.csproj::TargetFramework=net8.0]
d:\Work\WellTool\src\WellTool.Core\Thread\Lock\SegmentLock.cs(127,54): warning CS0693: 绫诲瀷鍙傛暟鈥淟鈥濅笌澶栭儴绫诲瀷鈥淪egmentLock<L>鈥濅腑鐨勭被鍨嬪弬鏁板悓鍚?[d:\Work\WellTool\src\WellTool.Core\WellTool.Core.csproj::TargetFramework=net8.0]
d:\Work\WellTool\src\WellTool.Core\Date\Format\FastDateFormat.cs(399,9): warning CS0618: 鈥淭imeZone鈥濆凡杩囨椂:鈥淪ystem.TimeZone has been deprecated. Investigate the use of System.TimeZoneInfo instead.鈥?[d:\Work\WellTool\src\WellTool.Core\WellTool.Core.csproj::TargetFramework=net8.0]
d:\Work\WellTool\src\WellTool.Core\Thread\Lock\SegmentLock.cs(181,42): warning CS0693: 绫诲瀷鍙傛暟鈥淟鈥濅笌澶栭儴绫诲瀷鈥淪egmentLock<L>鈥濅腑鐨勭被鍨嬪弬鏁板悓鍚?[d:\Work\WellTool\src\WellTool.Core\WellTool.Core.csproj::TargetFramework=net8.0]
d:\Work\WellTool\src\WellTool.Core\Date\Format\FastDateFormat.cs(394,16): warning CS0108: 鈥淔astDateFormat.GetPattern()鈥濋殣钘忕户鎵跨殑鎴愬憳鈥淎bstractDateBasic.GetPattern()鈥濄€傚鏋滄槸鏈夋剰闅愯棌锛岃浣跨敤鍏抽敭瀛?new銆?[d:\Work\WellTool\src\WellTool.Core\WellTool.Core.csproj::TargetFramework=net8.0]
d:\Work\WellTool\src\WellTool.Core\Date\Format\FastDateFormat.cs(399,24): warning CS0108: 鈥淔astDateFormat.GetTimeZone()鈥濋殣钘忕户鎵跨殑鎴愬憳鈥淎bstractDateBasic.GetTimeZone()鈥濄€傚鏋滄槸鏈夋剰闅愯棌锛岃浣跨敤鍏抽敭瀛?new銆?[d:\Work\WellTool\src\WellTool.Core\WellTool.Core.csproj::TargetFramework=net8.0]
d:\Work\WellTool\src\WellTool.Core\Date\Format\FastDateFormat.cs(404,21): warning CS0108: 鈥淔astDateFormat.GetLocale()鈥濋殣钘忕户鎵跨殑鎴愬憳鈥淎bstractDateBasic.GetLocale()鈥濄€傚鏋滄槸鏈夋剰闅愯棌锛岃浣跨敤鍏抽敭瀛?new銆?[d:\Work\WellTool\src\WellTool.Core\WellTool.Core.csproj::TargetFramework=net8.0]
d:\Work\WellTool\src\WellTool.Core\Thread\Lock\SegmentLock.cs(218,44): warning CS0693: 绫诲瀷鍙傛暟鈥淟鈥濅笌澶栭儴绫诲瀷鈥淪egmentLock<L>鈥濅腑鐨勭被鍨嬪弬鏁板悓鍚?[d:\Work\WellTool\src\WellTool.Core\WellTool.Core.csproj::TargetFramework=net8.0]
d:\Work\WellTool\src\WellTool.Core\Map\FixedLinkedHashMap.cs(16,76): warning CS8714: 绫诲瀷鈥淜鈥濅笉鑳界敤浣滄硾鍨嬬被鍨嬫垨鏂规硶鈥淒ictionary<TKey, TValue>鈥濅腑鐨勭被鍨嬪弬鏁扳€淭Key鈥濄€傜被鍨嬪弬鏁扳€淜鈥濈殑涓?Null 鎬т笌 "notnull" 绾︽潫涓嶅尮閰嶃€?[d:\Work\WellTool\src\WellTool.Core\WellTool.Core.csproj::TargetFramework=net8.0]
d:\Work\WellTool\src\WellTool.Core\Date\Format\FastDateFormat.cs(244,46): warning CS0618: 鈥淭imeZone鈥濆凡杩囨椂:鈥淪ystem.TimeZone has been deprecated. Investigate the use of System.TimeZoneInfo instead.鈥?[d:\Work\WellTool\src\WellTool.Core\WellTool.Core.csproj::TargetFramework=net8.0]
d:\Work\WellTool\src\WellTool.Core\IO\Unit\DataSize.cs(298,30): warning CS8765: 鍙傛暟鈥渙bj鈥濈被鍨嬬殑涓?Null 鎬т笌閲嶅啓鎴愬憳涓嶅尮閰?鍙兘鏄敱浜庝负 Null 鎬х壒鎬?銆?[d:\Work\WellTool\src\WellTool.Core\WellTool.Core.csproj::TargetFramework=net8.0]
d:\Work\WellTool\src\WellTool.Core\IO\Unit\DataSize.cs(279,20): warning CS8767: 鈥渋nt DataSize.CompareTo(DataSize other)鈥濈殑鍙傛暟鈥渙ther鈥濈被鍨嬩腑寮曠敤绫诲瀷鐨勪负 Null 鎬т笌闅愬紡瀹炵幇鐨勬垚鍛樷€渋nt IComparable<DataSize>.CompareTo(DataSize? other)鈥濅笉鍖归厤(鍙兘鏄敱浜庝负 Null 鎬х壒鎬?銆?[d:\Work\WellTool\src\WellTool.Core\WellTool.Core.csproj::TargetFramework=net8.0]
d:\Work\WellTool\src\WellTool.Core\Text\Csv\CsvWriter.cs(19,64): warning CS8625: 鏃犳硶灏?null 瀛楅潰閲忚浆鎹负闈?null 鐨勫紩鐢ㄧ被鍨嬨€?[d:\Work\WellTool\src\WellTool.Core\WellTool.Core.csproj::TargetFramework=net8.0]
d:\Work\WellTool\src\WellTool.Core\Date\Format\FormatCache.cs(24,54): warning CS0618: 鈥淭imeZone鈥濆凡杩囨椂:鈥淪ystem.TimeZone has been deprecated. Investigate the use of System.TimeZoneInfo instead.鈥?[d:\Work\WellTool\src\WellTool.Core\WellTool.Core.csproj::TargetFramework=net8.0]
d:\Work\WellTool\src\WellTool.Core\Date\Format\FastDateFormat.cs(40,68): warning CS0618: 鈥淭imeZone鈥濆凡杩囨椂:鈥淪ystem.TimeZone has been deprecated. Investigate the use of System.TimeZoneInfo instead.鈥?[d:\Work\WellTool\src\WellTool.Core\WellTool.Core.csproj::TargetFramework=net8.0]
d:\Work\WellTool\src\WellTool.Core\Thread\Lock\SegmentLock.cs(253,44): warning CS0693: 绫诲瀷鍙傛暟鈥淟鈥濅笌澶栭儴绫诲瀷鈥淪egmentLock<L>鈥濅腑鐨勭被鍨嬪弬鏁板悓鍚?[d:\Work\WellTool\src\WellTool.Core\WellTool.Core.csproj::TargetFramework=net8.0]
d:\Work\WellTool\src\WellTool.Core\IO\File\PathUtil.cs(46,95): warning CS8625: 鏃犳硶灏?null 瀛楅潰閲忚浆鎹负闈?null 鐨勫紩鐢ㄧ被鍨嬨€?[d:\Work\WellTool\src\WellTool.Core\WellTool.Core.csproj::TargetFramework=net8.0]
d:\Work\WellTool\src\WellTool.Core\IO\File\PathUtil.cs(59,109): warning CS8625: 鏃犳硶灏?null 瀛楅潰閲忚浆鎹负闈?null 鐨勫紩鐢ㄧ被鍨嬨€?[d:\Work\WellTool\src\WellTool.Core\WellTool.Core.csproj::TargetFramework=net8.0]
d:\Work\WellTool\src\WellTool.Core\IO\File\PathUtil.cs(73,129): warning CS8625: 鏃犳硶灏?null 瀛楅潰閲忚浆鎹负闈?null 鐨勫紩鐢ㄧ被鍨嬨€?[d:\Work\WellTool\src\WellTool.Core\WellTool.Core.csproj::TargetFramework=net8.0]
d:\Work\WellTool\src\WellTool.Core\Date\TimeZoneUtil.cs(55,83): warning CS8625: 鏃犳硶灏?null 瀛楅潰閲忚浆鎹负闈?null 鐨勫紩鐢ㄧ被鍨嬨€?[d:\Work\WellTool\src\WellTool.Core\WellTool.Core.csproj::TargetFramework=net8.0]
d:\Work\WellTool\src\WellTool.Core\IO\File\PathUtil.cs(781,76): warning CS8625: 鏃犳硶灏?null 瀛楅潰閲忚浆鎹负闈?null 鐨勫紩鐢ㄧ被鍨嬨€?[d:\Work\WellTool\src\WellTool.Core\WellTool.Core.csproj::TargetFramework=net8.0]
d:\Work\WellTool\src\WellTool.Core\IO\File\PathUtil.cs(781,95): warning CS8625: 鏃犳硶灏?null 瀛楅潰閲忚浆鎹负闈?null 鐨勫紩鐢ㄧ被鍨嬨€?[d:\Work\WellTool\src\WellTool.Core\WellTool.Core.csproj::TargetFramework=net8.0]
d:\Work\WellTool\src\WellTool.Core\Date\TimeZoneUtil.cs(67,88): warning CS8625: 鏃犳硶灏?null 瀛楅潰閲忚浆鎹负闈?null 鐨勫紩鐢ㄧ被鍨嬨€?[d:\Work\WellTool\src\WellTool.Core\WellTool.Core.csproj::TargetFramework=net8.0]
d:\Work\WellTool\src\WellTool.Core\Map\ForestMap.cs(13,46): warning CS8714: 绫诲瀷鈥淜鈥濅笉鑳界敤浣滄硾鍨嬬被鍨嬫垨鏂规硶鈥淒ictionary<TKey, TValue>鈥濅腑鐨勭被鍨嬪弬鏁扳€淭Key鈥濄€傜被鍨嬪弬鏁扳€淜鈥濈殑涓?Null 鎬т笌 "notnull" 绾︽潫涓嶅尮閰嶃€?[d:\Work\WellTool\src\WellTool.Core\WellTool.Core.csproj::TargetFramework=net8.0]
d:\Work\WellTool\src\WellTool.Core\Map\ForestMap.cs(77,55): warning CS8601: 鍙兘鐨?null 寮曠敤璧嬪€笺€?[d:\Work\WellTool\src\WellTool.Core\WellTool.Core.csproj::TargetFramework=net8.0]
d:\Work\WellTool\src\WellTool.Core\Date\Format\FastDateParser.cs(36,40): warning CS0618: 鈥淭imeZone鈥濆凡杩囨椂:鈥淪ystem.TimeZone has been deprecated. Investigate the use of System.TimeZoneInfo instead.鈥?[d:\Work\WellTool\src\WellTool.Core\WellTool.Core.csproj::TargetFramework=net8.0]
d:\Work\WellTool\src\WellTool.Core\Map\ForestMap.cs(38,40): warning CS8714: 绫诲瀷鈥淜鈥濅笉鑳界敤浣滄硾鍨嬬被鍨嬫垨鏂规硶鈥淒ictionary<TKey, TValue>鈥濅腑鐨勭被鍨嬪弬鏁扳€淭Key鈥濄€傜被鍨嬪弬鏁扳€淜鈥濈殑涓?Null 鎬т笌 "notnull" 绾︽潫涓嶅尮閰嶃€?[d:\Work\WellTool\src\WellTool.Core\WellTool.Core.csproj::TargetFramework=net8.0]
d:\Work\WellTool\src\WellTool.Core\Date\Format\FastDatePrinter.cs(33,41): warning CS0618: 鈥淭imeZone鈥濆凡杩囨椂:鈥淪ystem.TimeZone has been deprecated. Investigate the use of System.TimeZoneInfo instead.鈥?[d:\Work\WellTool\src\WellTool.Core\WellTool.Core.csproj::TargetFramework=net8.0]
d:\Work\WellTool\src\WellTool.Core\Lang\Dict.cs(213,18): warning CS0109: 鎴愬憳鈥淒ict.ContainsKey(object)鈥濅笉浼氶殣钘忓彲璁块棶鎴愬憳銆備笉闇€瑕佸叧閿瓧 new銆?[d:\Work\WellTool\src\WellTool.Core\WellTool.Core.csproj::TargetFramework=net8.0]
d:\Work\WellTool\src\WellTool.Core\Date\Format\FastDatePrinter.cs(383,20): warning CS0618: 鈥淭imeZone鈥濆凡杩囨椂:鈥淪ystem.TimeZone has been deprecated. Investigate the use of System.TimeZoneInfo instead.鈥?[d:\Work\WellTool\src\WellTool.Core\WellTool.Core.csproj::TargetFramework=net8.0]
d:\Work\WellTool\src\WellTool.Core\Date\Format\FastDatePrinter.cs(385,23): warning CS0618: 鈥淭imeZone鈥濆凡杩囨椂:鈥淪ystem.TimeZone has been deprecated. Investigate the use of System.TimeZoneInfo instead.鈥?[d:\Work\WellTool\src\WellTool.Core\WellTool.Core.csproj::TargetFramework=net8.0]
d:\Work\WellTool\src\WellTool.Core\Text\StrBuilder.cs(100,51): warning CS8625: 鏃犳硶灏?null 瀛楅潰閲忚浆鎹负闈?null 鐨勫紩鐢ㄧ被鍨嬨€?[d:\Work\WellTool\src\WellTool.Core\WellTool.Core.csproj::TargetFramework=net8.0]
d:\Work\WellTool\src\WellTool.Core\Map\FuncMap.cs(13,49): warning CS8714: 绫诲瀷鈥淜鈥濅笉鑳界敤浣滄硾鍨嬬被鍨嬫垨鏂规硶鈥淐oncurrentDictionary<TKey, TValue>鈥濅腑鐨勭被鍨嬪弬鏁扳€淭Key鈥濄€傜被鍨嬪弬鏁扳€淜鈥濈殑涓?Null 鎬т笌 "notnull" 绾︽潫涓嶅尮閰嶃€?[d:\Work\WellTool\src\WellTool.Core\WellTool.Core.csproj::TargetFramework=net8.0]
d:\Work\WellTool\src\WellTool.Core\Date\Format\FormatCache.cs(51,39): warning CS0618: 鈥淭imeZone鈥濆凡杩囨椂:鈥淪ystem.TimeZone has been deprecated. Investigate the use of System.TimeZoneInfo instead.鈥?[d:\Work\WellTool\src\WellTool.Core\WellTool.Core.csproj::TargetFramework=net8.0]
d:\Work\WellTool\src\WellTool.Core\Date\Format\FormatCache.cs(74,39): warning CS0618: 鈥淭imeZone鈥濆凡杩囨椂:鈥淪ystem.TimeZone has been deprecated. Investigate the use of System.TimeZoneInfo instead.鈥?[d:\Work\WellTool\src\WellTool.Core\WellTool.Core.csproj::TargetFramework=net8.0]
d:\Work\WellTool\src\WellTool.Core\Date\Format\FormatCache.cs(110,38): warning CS0618: 鈥淭imeZone鈥濆凡杩囨椂:鈥淪ystem.TimeZone has been deprecated. Investigate the use of System.TimeZoneInfo instead.鈥?[d:\Work\WellTool\src\WellTool.Core\WellTool.Core.csproj::TargetFramework=net8.0]
d:\Work\WellTool\src\WellTool.Core\Date\Format\FormatCache.cs(122,38): warning CS0618: 鈥淭imeZone鈥濆凡杩囨椂:鈥淪ystem.TimeZone has been deprecated. Investigate the use of System.TimeZoneInfo instead.鈥?[d:\Work\WellTool\src\WellTool.Core\WellTool.Core.csproj::TargetFramework=net8.0]
d:\Work\WellTool\src\WellTool.Core\Date\Format\FormatCache.cs(154,38): warning CS0618: 鈥淭imeZone鈥濆凡杩囨椂:鈥淪ystem.TimeZone has been deprecated. Investigate the use of System.TimeZoneInfo instead.鈥?[d:\Work\WellTool\src\WellTool.Core\WellTool.Core.csproj::TargetFramework=net8.0]
d:\Work\WellTool\src\WellTool.Core\Date\Format\FormatCache.cs(166,38): warning CS0618: 鈥淭imeZone鈥濆凡杩囨椂:鈥淪ystem.TimeZone has been deprecated. Investigate the use of System.TimeZoneInfo instead.鈥?[d:\Work\WellTool\src\WellTool.Core\WellTool.Core.csproj::TargetFramework=net8.0]
d:\Work\WellTool\src\WellTool.Core\Date\Format\FormatCache.cs(201,61): warning CS0618: 鈥淭imeZone鈥濆凡杩囨椂:鈥淪ystem.TimeZone has been deprecated. Investigate the use of System.TimeZoneInfo instead.鈥?[d:\Work\WellTool\src\WellTool.Core\WellTool.Core.csproj::TargetFramework=net8.0]
d:\Work\WellTool\src\WellTool.Core\Date\Format\FormatCache.cs(214,61): warning CS0618: 鈥淭imeZone鈥濆凡杩囨椂:鈥淪ystem.TimeZone has been deprecated. Investigate the use of System.TimeZoneInfo instead.鈥?[d:\Work\WellTool\src\WellTool.Core\WellTool.Core.csproj::TargetFramework=net8.0]
d:\Work\WellTool\src\WellTool.Core\Text\StrPool.cs(165,25): warning CS0108: 鈥淪trPool.Equals鈥濋殣钘忕户鎵跨殑鎴愬憳鈥渙bject.Equals(object?)鈥濄€傚鏋滄槸鏈夋剰闅愯棌锛岃浣跨敤鍏抽敭瀛?new銆?[d:\Work\WellTool\src\WellTool.Core\WellTool.Core.csproj::TargetFramework=net8.0]
d:\Work\WellTool\src\WellTool.Core\Map\LinkedForestMap.cs(98,68): warning CS8625: 鏃犳硶灏?null 瀛楅潰閲忚浆鎹负闈?null 鐨勫紩鐢ㄧ被鍨嬨€?[d:\Work\WellTool\src\WellTool.Core\WellTool.Core.csproj::TargetFramework=net8.0]
d:\Work\WellTool\src\WellTool.Core\Map\LinkedForestMap.cs(105,68): warning CS8625: 鏃犳硶灏?null 瀛楅潰閲忚浆鎹负闈?null 鐨勫紩鐢ㄧ被鍨嬨€?[d:\Work\WellTool\src\WellTool.Core\WellTool.Core.csproj::TargetFramework=net8.0]
d:\Work\WellTool\src\WellTool.Core\Map\MapBuilder.cs(181,40): warning CS8714: 绫诲瀷鈥淜鈥濅笉鑳界敤浣滄硾鍨嬬被鍨嬫垨鏂规硶鈥淢apBuilder<K, V>鈥濅腑鐨勭被鍨嬪弬鏁扳€淜鈥濄€傜被鍨嬪弬鏁扳€淜鈥濈殑涓?Null 鎬т笌 "notnull" 绾︽潫涓嶅尮閰嶃€?[d:\Work\WellTool\src\WellTool.Core\WellTool.Core.csproj::TargetFramework=net8.0]
d:\Work\WellTool\src\WellTool.Core\Collection\RandomAccessAvgPartition.cs(24,17): warning CS0108: 鈥淩andomAccessAvgPartition<T>.IsReadOnly鈥濋殣钘忕户鎵跨殑鎴愬憳鈥淧artition<T>.IsReadOnly鈥濄€傚鏋滄槸鏈夋剰闅愯棌锛岃浣跨敤鍏抽敭瀛?new銆?[d:\Work\WellTool\src\WellTool.Core\WellTool.Core.csproj::TargetFramework=net8.0]
d:\Work\WellTool\src\WellTool.Core\Collection\RandomAccessAvgPartition.cs(25,19): warning CS0108: 鈥淩andomAccessAvgPartition<T>.this[int]鈥濋殣钘忕户鎵跨殑鎴愬憳鈥淧artition<T>.this[int]鈥濄€傚鏋滄槸鏈夋剰闅愯棌锛岃浣跨敤鍏抽敭瀛?new銆?[d:\Work\WellTool\src\WellTool.Core\WellTool.Core.csproj::TargetFramework=net8.0]
d:\Work\WellTool\src\WellTool.Core\Collection\RandomAccessAvgPartition.cs(27,24): warning CS0108: 鈥淩andomAccessAvgPartition<T>.GetEnumerator()鈥濋殣钘忕户鎵跨殑鎴愬憳鈥淧artition<T>.GetEnumerator()鈥濄€傚鏋滄槸鏈夋剰闅愯棌锛岃浣跨敤鍏抽敭瀛?new銆?[d:\Work\WellTool\src\WellTool.Core\WellTool.Core.csproj::TargetFramework=net8.0]
d:\Work\WellTool\src\WellTool.Core\Collection\RandomAccessAvgPartition.cs(29,17): warning CS0108: 鈥淩andomAccessAvgPartition<T>.Clear()鈥濋殣钘忕户鎵跨殑鎴愬憳鈥淧artition<T>.Clear()鈥濄€傚鏋滄槸鏈夋剰闅愯棌锛岃浣跨敤鍏抽敭瀛?new銆?[d:\Work\WellTool\src\WellTool.Core\WellTool.Core.csproj::TargetFramework=net8.0]
d:\Work\WellTool\src\WellTool.Core\Collection\RandomAccessAvgPartition.cs(34,17): warning CS0108: 鈥淩andomAccessAvgPartition<T>.RemoveAt(int)鈥濋殣钘忕户鎵跨殑鎴愬憳鈥淧artition<T>.RemoveAt(int)鈥濄€傚鏋滄槸鏈夋剰闅愯棌锛岃浣跨敤鍏抽敭瀛?new銆?[d:\Work\WellTool\src\WellTool.Core\WellTool.Core.csproj::TargetFramework=net8.0]
d:\Work\WellTool\src\WellTool.Core\Collection\RandomAccessAvgPartition.cs(39,16): warning CS0108: 鈥淩andomAccessAvgPartition<T>.Count鈥濋殣钘忕户鎵跨殑鎴愬憳鈥淧artition<T>.Count鈥濄€傚鏋滄槸鏈夋剰闅愯棌锛岃浣跨敤鍏抽敭瀛?new銆?[d:\Work\WellTool\src\WellTool.Core\WellTool.Core.csproj::TargetFramework=net8.0]
d:\Work\WellTool\src\WellTool.Core\Collection\RandomAccessAvgPartition.cs(28,16): warning CS8767: 鈥渋nt RandomAccessAvgPartition<T>.Add(object value)鈥濈殑鍙傛暟鈥渧alue鈥濈被鍨嬩腑寮曠敤绫诲瀷鐨勪负 Null 鎬т笌闅愬紡瀹炵幇鐨勬垚鍛樷€渋nt IList.Add(object? value)鈥濅笉鍖归厤(鍙兘鏄敱浜庝负 Null 鎬х壒鎬?銆?[d:\Work\WellTool\src\WellTool.Core\WellTool.Core.csproj::TargetFramework=net8.0]
d:\Work\WellTool\src\WellTool.Core\Collection\RandomAccessAvgPartition.cs(30,17): warning CS8767: 鈥渂ool RandomAccessAvgPartition<T>.Contains(object value)鈥濈殑鍙傛暟鈥渧alue鈥濈被鍨嬩腑寮曠敤绫诲瀷鐨勪负 Null 鎬т笌闅愬紡瀹炵幇鐨勬垚鍛樷€渂ool IList.Contains(object? value)鈥濅笉鍖归厤(鍙兘鏄敱浜庝负 Null 鎬х壒鎬?銆?[d:\Work\WellTool\src\WellTool.Core\WellTool.Core.csproj::TargetFramework=net8.0]
d:\Work\WellTool\src\WellTool.Core\Collection\RandomAccessAvgPartition.cs(31,16): warning CS8767: 鈥渋nt RandomAccessAvgPartition<T>.IndexOf(object value)鈥濈殑鍙傛暟鈥渧alue鈥濈被鍨嬩腑寮曠敤绫诲瀷鐨勪负 Null 鎬т笌闅愬紡瀹炵幇鐨勬垚鍛樷€渋nt IList.IndexOf(object? value)鈥濅笉鍖归厤(鍙兘鏄敱浜庝负 Null 鎬х壒鎬?銆?[d:\Work\WellTool\src\WellTool.Core\WellTool.Core.csproj::TargetFramework=net8.0]
d:\Work\WellTool\src\WellTool.Core\Collection\RandomAccessAvgPartition.cs(32,17): warning CS8767: 鈥渧oid RandomAccessAvgPartition<T>.Insert(int index, object value)鈥濈殑鍙傛暟鈥渧alue鈥濈被鍨嬩腑寮曠敤绫诲瀷鐨勪负 Null 鎬т笌闅愬紡瀹炵幇鐨勬垚鍛樷€渧oid IList.Insert(int index, object? value)鈥濅笉鍖归厤(鍙兘鏄敱浜庝负 Null 鎬х壒鎬?銆?[d:\Work\WellTool\src\WellTool.Core\WellTool.Core.csproj::TargetFramework=net8.0]
d:\Work\WellTool\src\WellTool.Core\Collection\RandomAccessAvgPartition.cs(33,17): warning CS8767: 鈥渧oid RandomAccessAvgPartition<T>.Remove(object value)鈥濈殑鍙傛暟鈥渧alue鈥濈被鍨嬩腑寮曠敤绫诲瀷鐨勪负 Null 鎬т笌闅愬紡瀹炵幇鐨勬垚鍛樷€渧oid IList.Remove(object? value)鈥濅笉鍖归厤(鍙兘鏄敱浜庝负 Null 鎬х壒鎬?銆?[d:\Work\WellTool\src\WellTool.Core\WellTool.Core.csproj::TargetFramework=net8.0]
d:\Work\WellTool\src\WellTool.Core\Collection\RandomAccessAvgPartition.cs(25,67): warning CS8767: 鈥渧oid RandomAccessAvgPartition<T>.this[int index].set鈥濈殑鍙傛暟鈥渧alue鈥濈被鍨嬩腑寮曠敤绫诲瀷鐨勪负 Null 鎬т笌闅愬紡瀹炵幇鐨勬垚鍛樷€渧oid IList.this[int index].set鈥濅笉鍖归厤(鍙兘鏄敱浜庝负 Null 鎬х壒鎬?銆?[d:\Work\WellTool\src\WellTool.Core\WellTool.Core.csproj::TargetFramework=net8.0]
d:\Work\WellTool\src\WellTool.Core\Text\Csv\CsvUtil.cs(36,74): warning CS8625: 鏃犳硶灏?null 瀛楅潰閲忚浆鎹负闈?null 鐨勫紩鐢ㄧ被鍨嬨€?[d:\Work\WellTool\src\WellTool.Core\WellTool.Core.csproj::TargetFramework=net8.0]
d:\Work\WellTool\src\WellTool.Core\Text\Csv\CsvUtil.cs(92,92): warning CS8625: 鏃犳硶灏?null 瀛楅潰閲忚浆鎹负闈?null 鐨勫紩鐢ㄧ被鍨嬨€?[d:\Work\WellTool\src\WellTool.Core\WellTool.Core.csproj::TargetFramework=net8.0]
d:\Work\WellTool\src\WellTool.Core\Collection\RandomAccessPartition.cs(24,17): warning CS0108: 鈥淩andomAccessPartition<T>.IsReadOnly鈥濋殣钘忕户鎵跨殑鎴愬憳鈥淧artition<T>.IsReadOnly鈥濄€傚鏋滄槸鏈夋剰闅愯棌锛岃浣跨敤鍏抽敭瀛?new銆?[d:\Work\WellTool\src\WellTool.Core\WellTool.Core.csproj::TargetFramework=net8.0]
d:\Work\WellTool\src\WellTool.Core\Collection\RandomAccessPartition.cs(25,19): warning CS0108: 鈥淩andomAccessPartition<T>.this[int]鈥濋殣钘忕户鎵跨殑鎴愬憳鈥淧artition<T>.this[int]鈥濄€傚鏋滄槸鏈夋剰闅愯棌锛岃浣跨敤鍏抽敭瀛?new銆?[d:\Work\WellTool\src\WellTool.Core\WellTool.Core.csproj::TargetFramework=net8.0]
d:\Work\WellTool\src\WellTool.Core\Collection\RandomAccessPartition.cs(27,24): warning CS0108: 鈥淩andomAccessPartition<T>.GetEnumerator()鈥濋殣钘忕户鎵跨殑鎴愬憳鈥淧artition<T>.GetEnumerator()鈥濄€傚鏋滄槸鏈夋剰闅愯棌锛岃浣跨敤鍏抽敭瀛?new銆?[d:\Work\WellTool\src\WellTool.Core\WellTool.Core.csproj::TargetFramework=net8.0]
d:\Work\WellTool\src\WellTool.Core\Collection\RandomAccessPartition.cs(29,17): warning CS0108: 鈥淩andomAccessPartition<T>.Clear()鈥濋殣钘忕户鎵跨殑鎴愬憳鈥淧artition<T>.Clear()鈥濄€傚鏋滄槸鏈夋剰闅愯棌锛岃浣跨敤鍏抽敭瀛?new銆?[d:\Work\WellTool\src\WellTool.Core\WellTool.Core.csproj::TargetFramework=net8.0]
d:\Work\WellTool\src\WellTool.Core\Collection\RandomAccessPartition.cs(34,17): warning CS0108: 鈥淩andomAccessPartition<T>.RemoveAt(int)鈥濋殣钘忕户鎵跨殑鎴愬憳鈥淧artition<T>.RemoveAt(int)鈥濄€傚鏋滄槸鏈夋剰闅愯棌锛岃浣跨敤鍏抽敭瀛?new銆?[d:\Work\WellTool\src\WellTool.Core\WellTool.Core.csproj::TargetFramework=net8.0]
d:\Work\WellTool\src\WellTool.Core\Collection\RandomAccessPartition.cs(28,16): warning CS8767: 鈥渋nt RandomAccessPartition<T>.Add(object value)鈥濈殑鍙傛暟鈥渧alue鈥濈被鍨嬩腑寮曠敤绫诲瀷鐨勪负 Null 鎬т笌闅愬紡瀹炵幇鐨勬垚鍛樷€渋nt IList.Add(object? value)鈥濅笉鍖归厤(鍙兘鏄敱浜庝负 Null 鎬х壒鎬?銆?[d:\Work\WellTool\src\WellTool.Core\WellTool.Core.csproj::TargetFramework=net8.0]
d:\Work\WellTool\src\WellTool.Core\Collection\RandomAccessPartition.cs(30,17): warning CS8767: 鈥渂ool RandomAccessPartition<T>.Contains(object value)鈥濈殑鍙傛暟鈥渧alue鈥濈被鍨嬩腑寮曠敤绫诲瀷鐨勪负 Null 鎬т笌闅愬紡瀹炵幇鐨勬垚鍛樷€渂ool IList.Contains(object? value)鈥濅笉鍖归厤(鍙兘鏄敱浜庝负 Null 鎬х壒鎬?銆?[d:\Work\WellTool\src\WellTool.Core\WellTool.Core.csproj::TargetFramework=net8.0]
d:\Work\WellTool\src\WellTool.Core\Collection\RandomAccessPartition.cs(31,16): warning CS8767: 鈥渋nt RandomAccessPartition<T>.IndexOf(object value)鈥濈殑鍙傛暟鈥渧alue鈥濈被鍨嬩腑寮曠敤绫诲瀷鐨勪负 Null 鎬т笌闅愬紡瀹炵幇鐨勬垚鍛樷€渋nt IList.IndexOf(object? value)鈥濅笉鍖归厤(鍙兘鏄敱浜庝负 Null 鎬х壒鎬?銆?[d:\Work\WellTool\src\WellTool.Core\WellTool.Core.csproj::TargetFramework=net8.0]
d:\Work\WellTool\src\WellTool.Core\Collection\RandomAccessPartition.cs(32,17): warning CS8767: 鈥渧oid RandomAccessPartition<T>.Insert(int index, object value)鈥濈殑鍙傛暟鈥渧alue鈥濈被鍨嬩腑寮曠敤绫诲瀷鐨勪负 Null 鎬т笌闅愬紡瀹炵幇鐨勬垚鍛樷€渧oid IList.Insert(int index, object? value)鈥濅笉鍖归厤(鍙兘鏄敱浜庝负 Null 鎬х壒鎬?銆?[d:\Work\WellTool\src\WellTool.Core\WellTool.Core.csproj::TargetFramework=net8.0]
d:\Work\WellTool\src\WellTool.Core\Collection\RandomAccessPartition.cs(33,17): warning CS8767: 鈥渧oid RandomAccessPartition<T>.Remove(object value)鈥濈殑鍙傛暟鈥渧alue鈥濈被鍨嬩腑寮曠敤绫诲瀷鐨勪负 Null 鎬т笌闅愬紡瀹炵幇鐨勬垚鍛樷€渧oid IList.Remove(object? value)鈥濅笉鍖归厤(鍙兘鏄敱浜庝负 Null 鎬х壒鎬?銆?[d:\Work\WellTool\src\WellTool.Core\WellTool.Core.csproj::TargetFramework=net8.0]
d:\Work\WellTool\src\WellTool.Core\Collection\RandomAccessPartition.cs(25,67): warning CS8767: 鈥渧oid RandomAccessPartition<T>.this[int index].set鈥濈殑鍙傛暟鈥渧alue鈥濈被鍨嬩腑寮曠敤绫诲瀷鐨勪负 Null 鎬т笌闅愬紡瀹炵幇鐨勬垚鍛樷€渧oid IList.this[int index].set鈥濅笉鍖归厤(鍙兘鏄敱浜庝负 Null 鎬х壒鎬?銆?[d:\Work\WellTool\src\WellTool.Core\WellTool.Core.csproj::TargetFramework=net8.0]
d:\Work\WellTool\src\WellTool.Core\Map\SafeConcurrentHashMap.cs(10,14): warning CS8714: 绫诲瀷鈥淜鈥濅笉鑳界敤浣滄硾鍨嬬被鍨嬫垨鏂规硶鈥淐oncurrentDictionary<TKey, TValue>鈥濅腑鐨勭被鍨嬪弬鏁扳€淭Key鈥濄€傜被鍨嬪弬鏁扳€淜鈥濈殑涓?Null 鎬т笌 "notnull" 绾︽潫涓嶅尮閰嶃€?[d:\Work\WellTool\src\WellTool.Core\WellTool.Core.csproj::TargetFramework=net8.0]
d:\Work\WellTool\src\WellTool.Core\Map\SafeConcurrentHashMap.cs(41,18): warning CS0109: 鎴愬憳鈥淪afeConcurrentHashMap<K, V>.ComputeIfAbsent(K, Func<K, V>)鈥濅笉浼氶殣钘忓彲璁块棶鎴愬憳銆備笉闇€瑕佸叧閿瓧 new銆?[d:\Work\WellTool\src\WellTool.Core\WellTool.Core.csproj::TargetFramework=net8.0]
d:\Work\WellTool\src\WellTool.Core\Map\Multi\AbsTable.cs(25,15): warning CS0114: 鈥淎bsTable<R, C, V>.Equals(object)鈥濋殣钘忕户鎵跨殑鎴愬憳鈥渙bject.Equals(object?)鈥濄€傝嫢瑕佷娇褰撳墠鎴愬憳閲嶅啓璇ュ疄鐜帮紝璇锋坊鍔犲叧閿瓧 override銆傚惁鍒欙紝娣诲姞鍏抽敭瀛?new銆?[d:\Work\WellTool\src\WellTool.Core\WellTool.Core.csproj::TargetFramework=net8.0]
d:\Work\WellTool\src\WellTool.Core\Map\Multi\AbsTable.cs(41,14): warning CS0114: 鈥淎bsTable<R, C, V>.GetHashCode()鈥濋殣钘忕户鎵跨殑鎴愬憳鈥渙bject.GetHashCode()鈥濄€傝嫢瑕佷娇褰撳墠鎴愬憳閲嶅啓璇ュ疄鐜帮紝璇锋坊鍔犲叧閿瓧 override銆傚惁鍒欙紝娣诲姞鍏抽敭瀛?new銆?[d:\Work\WellTool\src\WellTool.Core\WellTool.Core.csproj::TargetFramework=net8.0]
d:\Work\WellTool\src\WellTool.Core\Map\Multi\AbsTable.cs(46,17): warning CS0114: 鈥淎bsTable<R, C, V>.ToString()鈥濋殣钘忕户鎵跨殑鎴愬憳鈥渙bject.ToString()鈥濄€傝嫢瑕佷娇褰撳墠鎴愬憳閲嶅啓璇ュ疄鐜帮紝璇锋坊鍔犲叧閿瓧 override銆傚惁鍒欙紝娣诲姞鍏抽敭瀛?new銆?[d:\Work\WellTool\src\WellTool.Core\WellTool.Core.csproj::TargetFramework=net8.0]
d:\Work\WellTool\src\WellTool.Core\Map\TolerantMap.cs(8,14): warning CS8714: 绫诲瀷鈥淜鈥濅笉鑳界敤浣滄硾鍨嬬被鍨嬫垨鏂规硶鈥淒ictionary<TKey, TValue>鈥濅腑鐨勭被鍨嬪弬鏁扳€淭Key鈥濄€傜被鍨嬪弬鏁扳€淜鈥濈殑涓?Null 鎬т笌 "notnull" 绾︽潫涓嶅尮閰嶃€?[d:\Work\WellTool\src\WellTool.Core\WellTool.Core.csproj::TargetFramework=net8.0]
d:\Work\WellTool\src\WellTool.Core\Map\TolerantMap.cs(44,18): warning CS0109: 鎴愬憳鈥淭olerantMap<K, V>.Get(K)鈥濅笉浼氶殣钘忓彲璁块棶鎴愬憳銆備笉闇€瑕佸叧閿瓧 new銆?[d:\Work\WellTool\src\WellTool.Core\WellTool.Core.csproj::TargetFramework=net8.0]
d:\Work\WellTool\src\WellTool.Core\Util\CollectionUtil.cs(143,48): warning CS8714: 绫诲瀷鈥淭Key鈥濅笉鑳界敤浣滄硾鍨嬬被鍨嬫垨鏂规硶鈥淒ictionary<TKey, TValue>鈥濅腑鐨勭被鍨嬪弬鏁扳€淭Key鈥濄€傜被鍨嬪弬鏁扳€淭Key鈥濈殑涓?Null 鎬т笌 "notnull" 绾︽潫涓嶅尮閰嶃€?[d:\Work\WellTool\src\WellTool.Core\WellTool.Core.csproj::TargetFramework=net8.0]
d:\Work\WellTool\src\WellTool.Core\Util\CollectionUtil.cs(162,48): warning CS8714: 绫诲瀷鈥淭Key鈥濅笉鑳界敤浣滄硾鍨嬬被鍨嬫垨鏂规硶鈥淒ictionary<TKey, TValue>鈥濅腑鐨勭被鍨嬪弬鏁扳€淭Key鈥濄€傜被鍨嬪弬鏁扳€淭Key鈥濈殑涓?Null 鎬т笌 "notnull" 绾︽潫涓嶅尮閰嶃€?[d:\Work\WellTool\src\WellTool.Core\WellTool.Core.csproj::TargetFramework=net8.0]
d:\Work\WellTool\src\WellTool.Core\Collection\UniqueKeySet.cs(13,39): warning CS8714: 绫诲瀷鈥淜鈥濅笉鑳界敤浣滄硾鍨嬬被鍨嬫垨鏂规硶鈥淒ictionary<TKey, TValue>鈥濅腑鐨勭被鍨嬪弬鏁扳€淭Key鈥濄€傜被鍨嬪弬鏁扳€淜鈥濈殑涓?Null 鎬т笌 "notnull" 绾︽潫涓嶅尮閰嶃€?[d:\Work\WellTool\src\WellTool.Core\WellTool.Core.csproj::TargetFramework=net8.0]
d:\Work\WellTool\src\WellTool.Core\Map\TransMap.cs(9,18): warning CS8714: 绫诲瀷鈥淭Key鈥濅笉鑳界敤浣滄硾鍨嬬被鍨嬫垨鏂规硶鈥淒ictionary<TKey, TValue>鈥濅腑鐨勭被鍨嬪弬鏁扳€淭Key鈥濄€傜被鍨嬪弬鏁扳€淭Key鈥濈殑涓?Null 鎬т笌 "notnull" 绾︽潫涓嶅尮閰嶃€?[d:\Work\WellTool\src\WellTool.Core\WellTool.Core.csproj::TargetFramework=net8.0]
d:\Work\WellTool\src\WellTool.Core\Lang\MutableByte.cs(37,23): warning CS8765: 鍙傛暟鈥渙bj鈥濈被鍨嬬殑涓?Null 鎬т笌閲嶅啓鎴愬憳涓嶅尮閰?鍙兘鏄敱浜庝负 Null 鎬х壒鎬?銆?[d:\Work\WellTool\src\WellTool.Core\WellTool.Core.csproj::TargetFramework=net8.0]
d:\Work\WellTool\src\WellTool.Core\Map\TransMap.cs(37,70): warning CS8601: 鍙兘鐨?null 寮曠敤璧嬪€笺€?[d:\Work\WellTool\src\WellTool.Core\WellTool.Core.csproj::TargetFramework=net8.0]
d:\Work\WellTool\src\WellTool.Core\Lang\MutableLong.cs(70,23): warning CS8765: 鍙傛暟鈥渙bj鈥濈被鍨嬬殑涓?Null 鎬т笌閲嶅啓鎴愬憳涓嶅尮閰?鍙兘鏄敱浜庝负 Null 鎬х壒鎬?銆?[d:\Work\WellTool\src\WellTool.Core\WellTool.Core.csproj::TargetFramework=net8.0]
d:\Work\WellTool\src\WellTool.Core\Lang\MutableDouble.cs(37,23): warning CS8765: 鍙傛暟鈥渙bj鈥濈被鍨嬬殑涓?Null 鎬т笌閲嶅啓鎴愬憳涓嶅尮閰?鍙兘鏄敱浜庝负 Null 鎬х壒鎬?銆?[d:\Work\WellTool\src\WellTool.Core\WellTool.Core.csproj::TargetFramework=net8.0]
d:\Work\WellTool\src\WellTool.Core\Lang\Func\Func.cs(416,85): warning CS8601: 鍙兘鐨?null 寮曠敤璧嬪€笺€?[d:\Work\WellTool\src\WellTool.Core\WellTool.Core.csproj::TargetFramework=net8.0]
d:\Work\WellTool\src\WellTool.Core\Util\CollUtil.cs(26,77): warning CS8601: 鍙兘鐨?null 寮曠敤璧嬪€笺€?[d:\Work\WellTool\src\WellTool.Core\WellTool.Core.csproj::TargetFramework=net8.0]
d:\Work\WellTool\src\WellTool.Core\Lang\MutableObject.cs(45,23): warning CS8765: 鍙傛暟鈥渙bj鈥濈被鍨嬬殑涓?Null 鎬т笌閲嶅啓鎴愬憳涓嶅尮閰?鍙兘鏄敱浜庝负 Null 鎬х壒鎬?銆?[d:\Work\WellTool\src\WellTool.Core\WellTool.Core.csproj::TargetFramework=net8.0]
d:\Work\WellTool\src\WellTool.Core\Map\Multi\AbsTable.cs(337,28): warning CS0693: 绫诲瀷鍙傛暟鈥淩鈥濅笌澶栭儴绫诲瀷鈥淎bsTable<R, C, V>鈥濅腑鐨勭被鍨嬪弬鏁板悓鍚?[d:\Work\WellTool\src\WellTool.Core\WellTool.Core.csproj::TargetFramework=net8.0]
d:\Work\WellTool\src\WellTool.Core\Map\Multi\AbsTable.cs(337,31): warning CS0693: 绫诲瀷鍙傛暟鈥淐鈥濅笌澶栭儴绫诲瀷鈥淎bsTable<R, C, V>鈥濅腑鐨勭被鍨嬪弬鏁板悓鍚?[d:\Work\WellTool\src\WellTool.Core\WellTool.Core.csproj::TargetFramework=net8.0]
d:\Work\WellTool\src\WellTool.Core\Map\Multi\AbsTable.cs(337,34): warning CS0693: 绫诲瀷鍙傛暟鈥淰鈥濅笌澶栭儴绫诲瀷鈥淎bsTable<R, C, V>鈥濅腑鐨勭被鍨嬪弬鏁板悓鍚?[d:\Work\WellTool\src\WellTool.Core\WellTool.Core.csproj::TargetFramework=net8.0]
d:\Work\WellTool\src\WellTool.Core\Lang\MutableFloat.cs(37,23): warning CS8765: 鍙傛暟鈥渙bj鈥濈被鍨嬬殑涓?Null 鎬т笌閲嶅啓鎴愬憳涓嶅尮閰?鍙兘鏄敱浜庝负 Null 鎬х壒鎬?銆?[d:\Work\WellTool\src\WellTool.Core\WellTool.Core.csproj::TargetFramework=net8.0]
d:\Work\WellTool\src\WellTool.Core\Lang\MutableShort.cs(37,23): warning CS8765: 鍙傛暟鈥渙bj鈥濈被鍨嬬殑涓?Null 鎬т笌閲嶅啓鎴愬憳涓嶅尮閰?鍙兘鏄敱浜庝负 Null 鎬х壒鎬?銆?[d:\Work\WellTool\src\WellTool.Core\WellTool.Core.csproj::TargetFramework=net8.0]
d:\Work\WellTool\src\WellTool.Core\Lang\MutableInt.cs(88,23): warning CS8765: 鍙傛暟鈥渙bj鈥濈被鍨嬬殑涓?Null 鎬т笌閲嶅啓鎴愬憳涓嶅尮閰?鍙兘鏄敱浜庝负 Null 鎬х壒鎬?銆?[d:\Work\WellTool\src\WellTool.Core\WellTool.Core.csproj::TargetFramework=net8.0]
d:\Work\WellTool\src\WellTool.Core\Lang\ObjectId.cs(128,23): warning CS8765: 鍙傛暟鈥渙bj鈥濈被鍨嬬殑涓?Null 鎬т笌閲嶅啓鎴愬憳涓嶅尮閰?鍙兘鏄敱浜庝负 Null 鎬х壒鎬?銆?[d:\Work\WellTool\src\WellTool.Core\WellTool.Core.csproj::TargetFramework=net8.0]
d:\Work\WellTool\src\WellTool.Core\Lang\ObjectId.cs(114,13): warning CS8767: 鈥渋nt ObjectId.CompareTo(ObjectId other)鈥濈殑鍙傛暟鈥渙ther鈥濈被鍨嬩腑寮曠敤绫诲瀷鐨勪负 Null 鎬т笌闅愬紡瀹炵幇鐨勬垚鍛樷€渋nt IComparable<ObjectId>.CompareTo(ObjectId? other)鈥濅笉鍖归厤(鍙兘鏄敱浜庝负 Null 鎬х壒鎬?銆?[d:\Work\WellTool\src\WellTool.Core\WellTool.Core.csproj::TargetFramework=net8.0]
d:\Work\WellTool\src\WellTool.Core\Lang\Pair.cs(63,23): warning CS8765: 鍙傛暟鈥渙bj鈥濈被鍨嬬殑涓?Null 鎬т笌閲嶅啓鎴愬憳涓嶅尮閰?鍙兘鏄敱浜庝负 Null 鎬х壒鎬?銆?[d:\Work\WellTool\src\WellTool.Core\WellTool.Core.csproj::TargetFramework=net8.0]
d:\Work\WellTool\src\WellTool.Core\Util\ObjUtil.cs(46,21): warning CS0108: 鈥淥bjUtil.Equals(object, object)鈥濋殣钘忕户鎵跨殑鎴愬憳鈥渙bject.Equals(object?, object?)鈥濄€傚鏋滄槸鏈夋剰闅愯棌锛岃浣跨敤鍏抽敭瀛?new銆?[d:\Work\WellTool\src\WellTool.Core\WellTool.Core.csproj::TargetFramework=net8.0]
d:\Work\WellTool\src\WellTool.Core\Lang\Pair.cs(61,46): warning CS8601: 鍙兘鐨?null 寮曠敤璧嬪€笺€?[d:\Work\WellTool\src\WellTool.Core\WellTool.Core.csproj::TargetFramework=net8.0]
d:\Work\WellTool\src\WellTool.Core\Lang\Ref\Reference.cs(62,92): warning CS8625: 鏃犳硶灏?null 瀛楅潰閲忚浆鎹负闈?null 鐨勫紩鐢ㄧ被鍨嬨€?[d:\Work\WellTool\src\WellTool.Core\WellTool.Core.csproj::TargetFramework=net8.0]
d:\Work\WellTool\src\WellTool.Core\Map\Multi\AbsTable.cs(356,25): warning CS8765: 鍙傛暟鈥渙bj鈥濈被鍨嬬殑涓?Null 鎬т笌閲嶅啓鎴愬憳涓嶅尮閰?鍙兘鏄敱浜庝负 Null 鎬х壒鎬?銆?[d:\Work\WellTool\src\WellTool.Core\WellTool.Core.csproj::TargetFramework=net8.0]
d:\Work\WellTool\src\WellTool.Core\Util\IOUtil.cs(38,86): warning CS8625: 鏃犳硶灏?null 瀛楅潰閲忚浆鎹负闈?null 鐨勫紩鐢ㄧ被鍨嬨€?[d:\Work\WellTool\src\WellTool.Core\WellTool.Core.csproj::TargetFramework=net8.0]
d:\Work\WellTool\src\WellTool.Core\Util\IOUtil.cs(73,101): warning CS8625: 鏃犳硶灏?null 瀛楅潰閲忚浆鎹负闈?null 鐨勫紩鐢ㄧ被鍨嬨€?[d:\Work\WellTool\src\WellTool.Core\WellTool.Core.csproj::TargetFramework=net8.0]
d:\Work\WellTool\src\WellTool.Core\Util\IOUtil.cs(211,76): warning CS8625: 鏃犳硶灏?null 瀛楅潰閲忚浆鎹负闈?null 鐨勫紩鐢ㄧ被鍨嬨€?[d:\Work\WellTool\src\WellTool.Core\WellTool.Core.csproj::TargetFramework=net8.0]
d:\Work\WellTool\src\WellTool.Core\Util\IOUtil.cs(243,91): warning CS8625: 鏃犳硶灏?null 瀛楅潰閲忚浆鎹负闈?null 鐨勫紩鐢ㄧ被鍨嬨€?[d:\Work\WellTool\src\WellTool.Core\WellTool.Core.csproj::TargetFramework=net8.0]
d:\Work\WellTool\src\WellTool.Core\Util\IOUtil.cs(265,92): warning CS8625: 鏃犳硶灏?null 瀛楅潰閲忚浆鎹负闈?null 鐨勫紩鐢ㄧ被鍨嬨€?[d:\Work\WellTool\src\WellTool.Core\WellTool.Core.csproj::TargetFramework=net8.0]
d:\Work\WellTool\src\WellTool.Core\Util\ObjectUtil.cs(50,21): warning CS0108: 鈥淥bjectUtil.Equals(object, object)鈥濋殣钘忕户鎵跨殑鎴愬憳鈥渙bject.Equals(object?, object?)鈥濄€傚鏋滄槸鏈夋剰闅愯棌锛岃浣跨敤鍏抽敭瀛?new銆?[d:\Work\WellTool\src\WellTool.Core\WellTool.Core.csproj::TargetFramework=net8.0]
d:\Work\WellTool\src\WellTool.Core\Util\IterUtil.cs(20,48): warning CS8714: 绫诲瀷鈥淭Key鈥濅笉鑳界敤浣滄硾鍨嬬被鍨嬫垨鏂规硶鈥淒ictionary<TKey, TValue>鈥濅腑鐨勭被鍨嬪弬鏁扳€淭Key鈥濄€傜被鍨嬪弬鏁扳€淭Key鈥濈殑涓?Null 鎬т笌 "notnull" 绾︽潫涓嶅尮閰嶃€?[d:\Work\WellTool\src\WellTool.Core\WellTool.Core.csproj::TargetFramework=net8.0]
d:\Work\WellTool\src\WellTool.Core\Lang\Triple.cs(58,23): warning CS8765: 鍙傛暟鈥渙bj鈥濈被鍨嬬殑涓?Null 鎬т笌閲嶅啓鎴愬憳涓嶅尮閰?鍙兘鏄敱浜庝负 Null 鎬х壒鎬?銆?[d:\Work\WellTool\src\WellTool.Core\WellTool.Core.csproj::TargetFramework=net8.0]
d:\Work\WellTool\src\WellTool.Core\Lang\Mutable\MutableObj.cs(95,30): warning CS8765: 鍙傛暟鈥渙bj鈥濈被鍨嬬殑涓?Null 鎬т笌閲嶅啓鎴愬憳涓嶅尮閰?鍙兘鏄敱浜庝负 Null 鎬х壒鎬?銆?[d:\Work\WellTool\src\WellTool.Core\WellTool.Core.csproj::TargetFramework=net8.0]
d:\Work\WellTool\src\WellTool.Core\Lang\Mutable\MutablePair.cs(67,30): warning CS8765: 鍙傛暟鈥渙bj鈥濈被鍨嬬殑涓?Null 鎬т笌閲嶅啓鎴愬憳涓嶅尮閰?鍙兘鏄敱浜庝负 Null 鎬х壒鎬?銆?[d:\Work\WellTool\src\WellTool.Core\WellTool.Core.csproj::TargetFramework=net8.0]
d:\Work\WellTool\src\WellTool.Core\Lang\WeightRandom.cs(45,41): warning CS8714: 绫诲瀷鈥淭鈥濅笉鑳界敤浣滄硾鍨嬬被鍨嬫垨鏂规硶鈥淒ictionary<TKey, TValue>鈥濅腑鐨勭被鍨嬪弬鏁扳€淭Key鈥濄€傜被鍨嬪弬鏁扳€淭鈥濈殑涓?Null 鎬т笌 "notnull" 绾︽潫涓嶅尮閰嶃€?[d:\Work\WellTool\src\WellTool.Core\WellTool.Core.csproj::TargetFramework=net8.0]
d:\Work\WellTool\src\WellTool.Core\Lang\UUID.cs(185,23): warning CS8765: 鍙傛暟鈥渙bj鈥濈被鍨嬬殑涓?Null 鎬т笌閲嶅啓鎴愬憳涓嶅尮閰?鍙兘鏄敱浜庝负 Null 鎬х壒鎬?銆?[d:\Work\WellTool\src\WellTool.Core\WellTool.Core.csproj::TargetFramework=net8.0]
d:\Work\WellTool\src\WellTool.Core\Lang\UUID.cs(198,13): warning CS8767: 鈥渋nt UUID.CompareTo(UUID val)鈥濈殑鍙傛暟鈥渧al鈥濈被鍨嬩腑寮曠敤绫诲瀷鐨勪负 Null 鎬т笌闅愬紡瀹炵幇鐨勬垚鍛樷€渋nt IComparable<UUID>.CompareTo(UUID? other)鈥濅笉鍖归厤(鍙兘鏄敱浜庝负 Null 鎬х壒鎬?銆?[d:\Work\WellTool\src\WellTool.Core\WellTool.Core.csproj::TargetFramework=net8.0]
d:\Work\WellTool\src\WellTool.Core\Lang\Version.cs(168,23): warning CS8765: 鍙傛暟鈥渙b鈥濈被鍨嬬殑涓?Null 鎬т笌閲嶅啓鎴愬憳涓嶅尮閰?鍙兘鏄敱浜庝负 Null 鎬х壒鎬?銆?[d:\Work\WellTool\src\WellTool.Core\WellTool.Core.csproj::TargetFramework=net8.0]
d:\Work\WellTool\src\WellTool.Core\Lang\Version.cs(141,13): warning CS8767: 鈥渋nt Version.CompareTo(Version that)鈥濈殑鍙傛暟鈥渢hat鈥濈被鍨嬩腑寮曠敤绫诲瀷鐨勪负 Null 鎬т笌闅愬紡瀹炵幇鐨勬垚鍛樷€渋nt IComparable<Version>.CompareTo(Version? other)鈥濅笉鍖归厤(鍙兘鏄敱浜庝负 Null 鎬х壒鎬?銆?[d:\Work\WellTool\src\WellTool.Core\WellTool.Core.csproj::TargetFramework=net8.0]
d:\Work\WellTool\src\WellTool.Core\Lang\Tuple.cs(131,23): warning CS8765: 鍙傛暟鈥渙bj鈥濈被鍨嬬殑涓?Null 鎬т笌閲嶅啓鎴愬憳涓嶅尮閰?鍙兘鏄敱浜庝负 Null 鎬х壒鎬?銆?[d:\Work\WellTool\src\WellTool.Core\WellTool.Core.csproj::TargetFramework=net8.0]
d:\Work\WellTool\src\WellTool.Core\Map\MapUtil.cs(1948,57): warning CS8714: 绫诲瀷鈥淜鈥濅笉鑳界敤浣滄硾鍨嬬被鍨嬫垨鏂规硶鈥淒ictionary<TKey, TValue>鈥濅腑鐨勭被鍨嬪弬鏁扳€淭Key鈥濄€傜被鍨嬪弬鏁扳€淜鈥濈殑涓?Null 鎬т笌 "notnull" 绾︽潫涓嶅尮閰嶃€?[d:\Work\WellTool\src\WellTool.Core\WellTool.Core.csproj::TargetFramework=net8.0]
d:\Work\WellTool\src\WellTool.Core\Map\MapUtil.cs(1855,81): warning CS8601: 鍙兘鐨?null 寮曠敤璧嬪€笺€?[d:\Work\WellTool\src\WellTool.Core\WellTool.Core.csproj::TargetFramework=net8.0]
d:\Work\WellTool\src\WellTool.Core\Map\MapUtil.cs(1404,47): warning CS8714: 绫诲瀷鈥淜鈥濅笉鑳界敤浣滄硾鍨嬬被鍨嬫垨鏂规硶鈥淒ictionary<TKey, TValue>鈥濅腑鐨勭被鍨嬪弬鏁扳€淭Key鈥濄€傜被鍨嬪弬鏁扳€淜鈥濈殑涓?Null 鎬т笌 "notnull" 绾︽潫涓嶅尮閰嶃€?[d:\Work\WellTool\src\WellTool.Core\WellTool.Core.csproj::TargetFramework=net8.0]
d:\Work\WellTool\src\WellTool.Core\Map\MapUtil.cs(1410,48): warning CS8714: 绫诲瀷鈥淜鈥濅笉鑳界敤浣滄硾鍨嬬被鍨嬫垨鏂规硶鈥淒ictionary<TKey, TValue>鈥濅腑鐨勭被鍨嬪弬鏁扳€淭Key鈥濄€傜被鍨嬪弬鏁扳€淜鈥濈殑涓?Null 鎬т笌 "notnull" 绾︽潫涓嶅尮閰嶃€?[d:\Work\WellTool\src\WellTool.Core\WellTool.Core.csproj::TargetFramework=net8.0]
d:\Work\WellTool\src\WellTool.Core\Map\MapUtil.cs(1431,37): warning CS8714: 绫诲瀷鈥淜鈥濅笉鑳界敤浣滄硾鍨嬬被鍨嬫垨鏂规硶鈥淒ictionary<TKey, TValue>鈥濅腑鐨勭被鍨嬪弬鏁扳€淭Key鈥濄€傜被鍨嬪弬鏁扳€淜鈥濈殑涓?Null 鎬т笌 "notnull" 绾︽潫涓嶅尮閰嶃€?[d:\Work\WellTool\src\WellTool.Core\WellTool.Core.csproj::TargetFramework=net8.0]
d:\Work\WellTool\src\WellTool.Core\Lang\Func\Func.cs(460,69): error CS0305: 浣跨敤娉涘瀷 绫诲瀷鈥淪upplier3<T1, T2, T3>鈥濋渶瑕?3 涓被鍨嬪弬鏁?[d:\Work\WellTool\src\WellTool.Core\WellTool.Core.csproj::TargetFramework=netstandard2.1]
d:\Work\WellTool\src\WellTool.Core\Lang\Func\Func.cs(488,77): error CS0305: 浣跨敤娉涘瀷 绫诲瀷鈥淪upplier5<T1, T2, T3, T4, T5>鈥濋渶瑕?5 涓被鍨嬪弬鏁?[d:\Work\WellTool\src\WellTool.Core\WellTool.Core.csproj::TargetFramework=netstandard2.1]
d:\Work\WellTool\src\WellTool.Core\Lang\Func\Func.cs(474,73): error CS0305: 浣跨敤娉涘瀷 绫诲瀷鈥淪upplier4<T1, T2, T3, T4>鈥濋渶瑕?4 涓被鍨嬪弬鏁?[d:\Work\WellTool\src\WellTool.Core\WellTool.Core.csproj::TargetFramework=netstandard2.1]
d:\Work\WellTool\src\WellTool.Core\Lang\Func\Func.cs(460,69): error CS0305: 浣跨敤娉涘瀷 绫诲瀷鈥淪upplier3<T1, T2, T3>鈥濋渶瑕?3 涓被鍨嬪弬鏁?[d:\Work\WellTool\src\WellTool.Core\WellTool.Core.csproj::TargetFramework=net6.0]
d:\Work\WellTool\src\WellTool.Core\Lang\Func\Func.cs(474,73): error CS0305: 浣跨敤娉涘瀷 绫诲瀷鈥淪upplier4<T1, T2, T3, T4>鈥濋渶瑕?4 涓被鍨嬪弬鏁?[d:\Work\WellTool\src\WellTool.Core\WellTool.Core.csproj::TargetFramework=net6.0]
d:\Work\WellTool\src\WellTool.Core\Lang\Func\Func.cs(488,77): error CS0305: 浣跨敤娉涘瀷 绫诲瀷鈥淪upplier5<T1, T2, T3, T4, T5>鈥濋渶瑕?5 涓被鍨嬪弬鏁?[d:\Work\WellTool\src\WellTool.Core\WellTool.Core.csproj::TargetFramework=net6.0]
d:\Work\WellTool\src\WellTool.Core\Lang\Func\Func.cs(460,69): error CS0305: 浣跨敤娉涘瀷 绫诲瀷鈥淪upplier3<T1, T2, T3>鈥濋渶瑕?3 涓被鍨嬪弬鏁?[d:\Work\WellTool\src\WellTool.Core\WellTool.Core.csproj::TargetFramework=net8.0]
d:\Work\WellTool\src\WellTool.Core\Lang\Func\Func.cs(488,77): error CS0305: 浣跨敤娉涘瀷 绫诲瀷鈥淪upplier5<T1, T2, T3, T4, T5>鈥濋渶瑕?5 涓被鍨嬪弬鏁?[d:\Work\WellTool\src\WellTool.Core\WellTool.Core.csproj::TargetFramework=net8.0]
d:\Work\WellTool\src\WellTool.Core\Lang\Func\Func.cs(474,73): error CS0305: 浣跨敤娉涘瀷 绫诲瀷鈥淪upplier4<T1, T2, T3, T4>鈥濋渶瑕?4 涓被鍨嬪弬鏁?[d:\Work\WellTool\src\WellTool.Core\WellTool.Core.csproj::TargetFramework=net8.0]
    796 涓鍛?
    9 涓敊璇?

宸茬敤鏃堕棿 00:00:02.07
